<html>
<body>
<pre>
<h1>礦ision Build Log</h1>
<h2>Project:</h2>
C:\Users\Administrator\Desktop\STM32F103VCVET6系列 2.3版启光\3.5版 库函数 程序部分9325+9341系列\2 按键实验\USER\template.uvproj
Project File Date:  10/12/2017

<h2>Output:</h2>
Rebuild target 'Target 1'
compiling main.c...
compiling stm32f10x_it.c...
compiling system_stm32f10x.c...
compiling misc.c...
compiling stm32f10x_gpio.c...
compiling stm32f10x_rcc.c...
compiling stm32f10x_usart.c...
compiling core_cm3.c...
assembling startup_stm32f10x_hd.s...
compiling delay.c...
compiling led.c...
compiling key.c...
linking...
Program Size: Code=3220 RO-data=336 RW-data=44 ZI-data=1636  
FromELF: creating hex file...
"..\OBJ\template.axf" - 0 Error(s), 0 Warning(s).
