../Drivers/STM32H7xx_HAL_Driver/Src/stm32h7xx_ll_sdmmc.c:201:19:SDMMC_Init	24	static
../Drivers/STM32H7xx_HAL_Driver/Src/stm32h7xx_ll_sdmmc.c:252:10:SDMMC_ReadFIFO	16	static
../Drivers/STM32H7xx_HAL_Driver/Src/stm32h7xx_ll_sdmmc.c:264:19:SDMMC_WriteFIFO	16	static
../Drivers/STM32H7xx_HAL_Driver/Src/stm32h7xx_ll_sdmmc.c:296:19:SDMMC_PowerState_ON	16	static
../Drivers/STM32H7xx_HAL_Driver/Src/stm32h7xx_ll_sdmmc.c:309:19:SDMMC_PowerState_Cycle	16	static
../Drivers/STM32H7xx_HAL_Driver/Src/stm32h7xx_ll_sdmmc.c:322:19:SDMMC_PowerState_OFF	16	static
../Drivers/STM32H7xx_HAL_Driver/Src/stm32h7xx_ll_sdmmc.c:339:10:SDMMC_GetPowerState	16	static
../Drivers/STM32H7xx_HAL_Driver/Src/stm32h7xx_ll_sdmmc.c:352:19:SDMMC_SendCommand	24	static
../Drivers/STM32H7xx_HAL_Driver/Src/stm32h7xx_ll_sdmmc.c:382:9:SDMMC_GetCommandResponse	16	static
../Drivers/STM32H7xx_HAL_Driver/Src/stm32h7xx_ll_sdmmc.c:399:10:SDMMC_GetResponse	24	static
../Drivers/STM32H7xx_HAL_Driver/Src/stm32h7xx_ll_sdmmc.c:420:19:SDMMC_ConfigData	24	static
../Drivers/STM32H7xx_HAL_Driver/Src/stm32h7xx_ll_sdmmc.c:455:10:SDMMC_GetDataCounter	16	static
../Drivers/STM32H7xx_HAL_Driver/Src/stm32h7xx_ll_sdmmc.c:465:10:SDMMC_GetFIFOCount	16	static
../Drivers/STM32H7xx_HAL_Driver/Src/stm32h7xx_ll_sdmmc.c:479:19:SDMMC_SetSDMMCReadWaitMode	16	static
../Drivers/STM32H7xx_HAL_Driver/Src/stm32h7xx_ll_sdmmc.c:514:10:SDMMC_CmdBlockLength	40	static
../Drivers/STM32H7xx_HAL_Driver/Src/stm32h7xx_ll_sdmmc.c:538:10:SDMMC_CmdBlockCount	40	static
../Drivers/STM32H7xx_HAL_Driver/Src/stm32h7xx_ll_sdmmc.c:562:10:SDMMC_CmdReadSingleBlock	40	static
../Drivers/STM32H7xx_HAL_Driver/Src/stm32h7xx_ll_sdmmc.c:586:10:SDMMC_CmdReadMultiBlock	40	static
../Drivers/STM32H7xx_HAL_Driver/Src/stm32h7xx_ll_sdmmc.c:610:10:SDMMC_CmdWriteSingleBlock	40	static
../Drivers/STM32H7xx_HAL_Driver/Src/stm32h7xx_ll_sdmmc.c:634:10:SDMMC_CmdWriteMultiBlock	40	static
../Drivers/STM32H7xx_HAL_Driver/Src/stm32h7xx_ll_sdmmc.c:658:10:SDMMC_CmdSDEraseStartAdd	40	static
../Drivers/STM32H7xx_HAL_Driver/Src/stm32h7xx_ll_sdmmc.c:682:10:SDMMC_CmdSDEraseEndAdd	40	static
../Drivers/STM32H7xx_HAL_Driver/Src/stm32h7xx_ll_sdmmc.c:706:10:SDMMC_CmdEraseStartAdd	40	static
../Drivers/STM32H7xx_HAL_Driver/Src/stm32h7xx_ll_sdmmc.c:730:10:SDMMC_CmdEraseEndAdd	40	static
../Drivers/STM32H7xx_HAL_Driver/Src/stm32h7xx_ll_sdmmc.c:755:10:SDMMC_CmdErase	40	static
../Drivers/STM32H7xx_HAL_Driver/Src/stm32h7xx_ll_sdmmc.c:779:10:SDMMC_CmdStopTransfer	40	static
../Drivers/STM32H7xx_HAL_Driver/Src/stm32h7xx_ll_sdmmc.c:816:10:SDMMC_CmdSelDesel	40	static
../Drivers/STM32H7xx_HAL_Driver/Src/stm32h7xx_ll_sdmmc.c:840:10:SDMMC_CmdGoIdleState	40	static
../Drivers/STM32H7xx_HAL_Driver/Src/stm32h7xx_ll_sdmmc.c:863:10:SDMMC_CmdOperCond	40	static
../Drivers/STM32H7xx_HAL_Driver/Src/stm32h7xx_ll_sdmmc.c:894:10:SDMMC_CmdAppCommand	40	static
../Drivers/STM32H7xx_HAL_Driver/Src/stm32h7xx_ll_sdmmc.c:922:10:SDMMC_CmdAppOperCommand	40	static
../Drivers/STM32H7xx_HAL_Driver/Src/stm32h7xx_ll_sdmmc.c:946:10:SDMMC_CmdBusWidth	40	static
../Drivers/STM32H7xx_HAL_Driver/Src/stm32h7xx_ll_sdmmc.c:969:10:SDMMC_CmdSendSCR	40	static
../Drivers/STM32H7xx_HAL_Driver/Src/stm32h7xx_ll_sdmmc.c:993:10:SDMMC_CmdSendCID	40	static
../Drivers/STM32H7xx_HAL_Driver/Src/stm32h7xx_ll_sdmmc.c:1018:10:SDMMC_CmdSendCSD	40	static
../Drivers/STM32H7xx_HAL_Driver/Src/stm32h7xx_ll_sdmmc.c:1043:10:SDMMC_CmdSetRelAdd	40	static
../Drivers/STM32H7xx_HAL_Driver/Src/stm32h7xx_ll_sdmmc.c:1068:10:SDMMC_CmdSetRelAddMmc	40	static
../Drivers/STM32H7xx_HAL_Driver/Src/stm32h7xx_ll_sdmmc.c:1093:10:SDMMC_CmdSleepMmc	40	static
../Drivers/STM32H7xx_HAL_Driver/Src/stm32h7xx_ll_sdmmc.c:1118:10:SDMMC_CmdSendStatus	40	static
../Drivers/STM32H7xx_HAL_Driver/Src/stm32h7xx_ll_sdmmc.c:1141:10:SDMMC_CmdStatusRegister	40	static
../Drivers/STM32H7xx_HAL_Driver/Src/stm32h7xx_ll_sdmmc.c:1166:10:SDMMC_CmdOpCondition	40	static
../Drivers/STM32H7xx_HAL_Driver/Src/stm32h7xx_ll_sdmmc.c:1190:10:SDMMC_CmdSwitch	40	static
../Drivers/STM32H7xx_HAL_Driver/Src/stm32h7xx_ll_sdmmc.c:1216:10:SDMMC_CmdVoltageSwitch	40	static
../Drivers/STM32H7xx_HAL_Driver/Src/stm32h7xx_ll_sdmmc.c:1240:10:SDMMC_CmdSendEXTCSD	40	static
../Drivers/STM32H7xx_HAL_Driver/Src/stm32h7xx_ll_sdmmc.c:1266:10:SDMMC_SDIO_CmdReadWriteDirect	48	static
../Drivers/STM32H7xx_HAL_Driver/Src/stm32h7xx_ll_sdmmc.c:1290:10:SDMMC_SDIO_CmdReadWriteExtended	40	static
../Drivers/STM32H7xx_HAL_Driver/Src/stm32h7xx_ll_sdmmc.c:1314:10:SDMMC_CmdSendOperationcondition	48	static
../Drivers/STM32H7xx_HAL_Driver/Src/stm32h7xx_ll_sdmmc.c:1355:10:SDMMC_GetCmdResp1	40	static
../Drivers/STM32H7xx_HAL_Driver/Src/stm32h7xx_ll_sdmmc.c:1490:10:SDMMC_GetCmdResp2	24	static
../Drivers/STM32H7xx_HAL_Driver/Src/stm32h7xx_ll_sdmmc.c:1534:10:SDMMC_GetCmdResp3	24	static
../Drivers/STM32H7xx_HAL_Driver/Src/stm32h7xx_ll_sdmmc.c:1572:10:SDMMC_GetCmdResp4	24	static
../Drivers/STM32H7xx_HAL_Driver/Src/stm32h7xx_ll_sdmmc.c:1618:10:SDMMC_GetCmdResp5	40	static
../Drivers/STM32H7xx_HAL_Driver/Src/stm32h7xx_ll_sdmmc.c:1706:10:SDMMC_GetCmdResp6	40	static
../Drivers/STM32H7xx_HAL_Driver/Src/stm32h7xx_ll_sdmmc.c:1780:10:SDMMC_GetCmdResp7	24	static
../Drivers/STM32H7xx_HAL_Driver/Src/stm32h7xx_ll_sdmmc.c:1841:17:SDMMC_GetCmdError	24	static
