../Drivers/STM32H7xx_HAL_Driver/Src/stm32h7xx_hal_rtc_ex.c:164:19:HAL_RTCEx_SetTimeStamp	32	static
../Drivers/STM32H7xx_HAL_Driver/Src/stm32h7xx_hal_rtc_ex.c:223:19:HAL_RTCEx_SetTimeStamp_IT	32	static
../Drivers/STM32H7xx_HAL_Driver/Src/stm32h7xx_hal_rtc_ex.c:287:19:HAL_RTCEx_DeactivateTimeStamp	24	static
../Drivers/STM32H7xx_HAL_Driver/Src/stm32h7xx_hal_rtc_ex.c:325:19:HAL_RTCEx_SetInternalTimeStamp	16	static
../Drivers/STM32H7xx_HAL_Driver/Src/stm32h7xx_hal_rtc_ex.c:355:19:HAL_RTCEx_DeactivateInternalTimeStamp	16	static
../Drivers/STM32H7xx_HAL_Driver/Src/stm32h7xx_hal_rtc_ex.c:390:19:HAL_RTCEx_GetTimeStamp	32	static
../Drivers/STM32H7xx_HAL_Driver/Src/stm32h7xx_hal_rtc_ex.c:542:19:HAL_RTCEx_SetTamper	24	static
../Drivers/STM32H7xx_HAL_Driver/Src/stm32h7xx_hal_rtc_ex.c:757:19:HAL_RTCEx_SetTamper_IT	24	static
../Drivers/STM32H7xx_HAL_Driver/Src/stm32h7xx_hal_rtc_ex.c:951:19:HAL_RTCEx_DeactivateTamper	16	static
../Drivers/STM32H7xx_HAL_Driver/Src/stm32h7xx_hal_rtc_ex.c:1430:6:HAL_RTCEx_TamperTimeStampIRQHandler	16	static
../Drivers/STM32H7xx_HAL_Driver/Src/stm32h7xx_hal_rtc_ex.c:1542:13:HAL_RTCEx_TimeStampEventCallback	16	static
../Drivers/STM32H7xx_HAL_Driver/Src/stm32h7xx_hal_rtc_ex.c:1567:13:HAL_RTCEx_Tamper1EventCallback	16	static
../Drivers/STM32H7xx_HAL_Driver/Src/stm32h7xx_hal_rtc_ex.c:1583:13:HAL_RTCEx_Tamper2EventCallback	16	static
../Drivers/STM32H7xx_HAL_Driver/Src/stm32h7xx_hal_rtc_ex.c:1599:13:HAL_RTCEx_Tamper3EventCallback	16	static
../Drivers/STM32H7xx_HAL_Driver/Src/stm32h7xx_hal_rtc_ex.c:1732:19:HAL_RTCEx_PollForTimeStampEvent	24	static
../Drivers/STM32H7xx_HAL_Driver/Src/stm32h7xx_hal_rtc_ex.c:1781:19:HAL_RTCEx_PollForTamper1Event	24	static
../Drivers/STM32H7xx_HAL_Driver/Src/stm32h7xx_hal_rtc_ex.c:1814:19:HAL_RTCEx_PollForTamper2Event	24	static
../Drivers/STM32H7xx_HAL_Driver/Src/stm32h7xx_hal_rtc_ex.c:1847:19:HAL_RTCEx_PollForTamper3Event	24	static
../Drivers/STM32H7xx_HAL_Driver/Src/stm32h7xx_hal_rtc_ex.c:1933:19:HAL_RTCEx_SetWakeUpTimer	32	static
../Drivers/STM32H7xx_HAL_Driver/Src/stm32h7xx_hal_rtc_ex.c:2014:19:HAL_RTCEx_SetWakeUpTimer_IT	32	static
../Drivers/STM32H7xx_HAL_Driver/Src/stm32h7xx_hal_rtc_ex.c:2114:19:HAL_RTCEx_DeactivateWakeUpTimer	24	static
../Drivers/STM32H7xx_HAL_Driver/Src/stm32h7xx_hal_rtc_ex.c:2170:10:HAL_RTCEx_GetWakeUpTimer	16	static
../Drivers/STM32H7xx_HAL_Driver/Src/stm32h7xx_hal_rtc_ex.c:2181:6:HAL_RTCEx_WakeUpTimerIRQHandler	16	static
../Drivers/STM32H7xx_HAL_Driver/Src/stm32h7xx_hal_rtc_ex.c:2238:13:HAL_RTCEx_WakeUpTimerEventCallback	16	static
../Drivers/STM32H7xx_HAL_Driver/Src/stm32h7xx_hal_rtc_ex.c:2255:19:HAL_RTCEx_PollForWakeUpTimerEvent	24	static
../Drivers/STM32H7xx_HAL_Driver/Src/stm32h7xx_hal_rtc_ex.c:2314:6:HAL_RTCEx_BKUPWrite	32	static
../Drivers/STM32H7xx_HAL_Driver/Src/stm32h7xx_hal_rtc_ex.c:2343:10:HAL_RTCEx_BKUPRead	24	static
../Drivers/STM32H7xx_HAL_Driver/Src/stm32h7xx_hal_rtc_ex.c:2414:19:HAL_RTCEx_SetSmoothCalib	32	static
../Drivers/STM32H7xx_HAL_Driver/Src/stm32h7xx_hal_rtc_ex.c:2492:19:HAL_RTCEx_SetSynchroShift	32	static
../Drivers/STM32H7xx_HAL_Driver/Src/stm32h7xx_hal_rtc_ex.c:2589:19:HAL_RTCEx_SetCalibrationOutPut	16	static
../Drivers/STM32H7xx_HAL_Driver/Src/stm32h7xx_hal_rtc_ex.c:2627:19:HAL_RTCEx_DeactivateCalibrationOutPut	16	static
../Drivers/STM32H7xx_HAL_Driver/Src/stm32h7xx_hal_rtc_ex.c:2656:19:HAL_RTCEx_SetRefClock	24	static
../Drivers/STM32H7xx_HAL_Driver/Src/stm32h7xx_hal_rtc_ex.c:2695:19:HAL_RTCEx_DeactivateRefClock	24	static
../Drivers/STM32H7xx_HAL_Driver/Src/stm32h7xx_hal_rtc_ex.c:2739:19:HAL_RTCEx_EnableBypassShadow	16	static
../Drivers/STM32H7xx_HAL_Driver/Src/stm32h7xx_hal_rtc_ex.c:2771:19:HAL_RTCEx_DisableBypassShadow	16	static
../Drivers/STM32H7xx_HAL_Driver/Src/stm32h7xx_hal_rtc_ex.c:2861:13:HAL_RTCEx_AlarmBEventCallback	16	static
../Drivers/STM32H7xx_HAL_Driver/Src/stm32h7xx_hal_rtc_ex.c:2877:19:HAL_RTCEx_PollForAlarmBEvent	24	static
