Archive member included to satisfy reference by file (symbol)

c:/users/roboter/documents/github/embeetle2/beetle_tools/windows/gnu_arm_toolchain_10.3.1_20210824_32b/bin/../lib/gcc/arm-none-eabi/10.3.1/../../../../arm-none-eabi/lib/thumb/v7e-m+fp/hard\libg_nano.a(lib_a-exit.o)
                              c:/users/roboter/documents/github/embeetle2/beetle_tools/windows/gnu_arm_toolchain_10.3.1_20210824_32b/bin/../lib/gcc/arm-none-eabi/10.3.1/../../../../arm-none-eabi/lib/thumb/v7e-m+fp/hard/crt0.o (exit)
c:/users/roboter/documents/github/embeetle2/beetle_tools/windows/gnu_arm_toolchain_10.3.1_20210824_32b/bin/../lib/gcc/arm-none-eabi/10.3.1/../../../../arm-none-eabi/lib/thumb/v7e-m+fp/hard\libg_nano.a(lib_a-impure.o)
                              c:/users/roboter/documents/github/embeetle2/beetle_tools/windows/gnu_arm_toolchain_10.3.1_20210824_32b/bin/../lib/gcc/arm-none-eabi/10.3.1/../../../../arm-none-eabi/lib/thumb/v7e-m+fp/hard\libg_nano.a(lib_a-exit.o) (_global_impure_ptr)
c:/users/roboter/documents/github/embeetle2/beetle_tools/windows/gnu_arm_toolchain_10.3.1_20210824_32b/bin/../lib/gcc/arm-none-eabi/10.3.1/../../../../arm-none-eabi/lib/thumb/v7e-m+fp/hard\libg_nano.a(lib_a-init.o)
                              c:/users/roboter/documents/github/embeetle2/beetle_tools/windows/gnu_arm_toolchain_10.3.1_20210824_32b/bin/../lib/gcc/arm-none-eabi/10.3.1/../../../../arm-none-eabi/lib/thumb/v7e-m+fp/hard/crt0.o (__libc_init_array)
c:/users/roboter/documents/github/embeetle2/beetle_tools/windows/gnu_arm_toolchain_10.3.1_20210824_32b/bin/../lib/gcc/arm-none-eabi/10.3.1/../../../../arm-none-eabi/lib/thumb/v7e-m+fp/hard\libg_nano.a(lib_a-memset.o)
                              c:/users/roboter/documents/github/embeetle2/beetle_tools/windows/gnu_arm_toolchain_10.3.1_20210824_32b/bin/../lib/gcc/arm-none-eabi/10.3.1/../../../../arm-none-eabi/lib/thumb/v7e-m+fp/hard/crt0.o (memset)
c:/users/roboter/documents/github/embeetle2/beetle_tools/windows/gnu_arm_toolchain_10.3.1_20210824_32b/bin/../lib/gcc/arm-none-eabi/10.3.1/../../../../arm-none-eabi/lib/thumb/v7e-m+fp/hard\libg_nano.a(lib_a-strlen.o)
                              project/source/Core/Src/main.c.o (strlen)
c:/users/roboter/documents/github/embeetle2/beetle_tools/windows/gnu_arm_toolchain_10.3.1_20210824_32b/bin/../lib/gcc/arm-none-eabi/10.3.1/../../../../arm-none-eabi/lib/thumb/v7e-m+fp/hard\libnosys.a(_exit.o)
                              c:/users/roboter/documents/github/embeetle2/beetle_tools/windows/gnu_arm_toolchain_10.3.1_20210824_32b/bin/../lib/gcc/arm-none-eabi/10.3.1/../../../../arm-none-eabi/lib/thumb/v7e-m+fp/hard\libg_nano.a(lib_a-exit.o) (_exit)

Discarded input sections

 .text          0x00000000        0x0 c:/users/roboter/documents/github/embeetle2/beetle_tools/windows/gnu_arm_toolchain_10.3.1_20210824_32b/bin/../lib/gcc/arm-none-eabi/10.3.1/thumb/v7e-m+fp/hard/crti.o
 .data          0x00000000        0x0 c:/users/roboter/documents/github/embeetle2/beetle_tools/windows/gnu_arm_toolchain_10.3.1_20210824_32b/bin/../lib/gcc/arm-none-eabi/10.3.1/thumb/v7e-m+fp/hard/crti.o
 .bss           0x00000000        0x0 c:/users/roboter/documents/github/embeetle2/beetle_tools/windows/gnu_arm_toolchain_10.3.1_20210824_32b/bin/../lib/gcc/arm-none-eabi/10.3.1/thumb/v7e-m+fp/hard/crti.o
 .data          0x00000000        0x4 c:/users/roboter/documents/github/embeetle2/beetle_tools/windows/gnu_arm_toolchain_10.3.1_20210824_32b/bin/../lib/gcc/arm-none-eabi/10.3.1/thumb/v7e-m+fp/hard/crtbegin.o
 .rodata        0x00000000       0x24 c:/users/roboter/documents/github/embeetle2/beetle_tools/windows/gnu_arm_toolchain_10.3.1_20210824_32b/bin/../lib/gcc/arm-none-eabi/10.3.1/thumb/v7e-m+fp/hard/crtbegin.o
 .text          0x00000000       0x7c c:/users/roboter/documents/github/embeetle2/beetle_tools/windows/gnu_arm_toolchain_10.3.1_20210824_32b/bin/../lib/gcc/arm-none-eabi/10.3.1/../../../../arm-none-eabi/lib/thumb/v7e-m+fp/hard/crt0.o
 .data          0x00000000        0x0 c:/users/roboter/documents/github/embeetle2/beetle_tools/windows/gnu_arm_toolchain_10.3.1_20210824_32b/bin/../lib/gcc/arm-none-eabi/10.3.1/../../../../arm-none-eabi/lib/thumb/v7e-m+fp/hard/crt0.o
 .bss           0x00000000        0x0 c:/users/roboter/documents/github/embeetle2/beetle_tools/windows/gnu_arm_toolchain_10.3.1_20210824_32b/bin/../lib/gcc/arm-none-eabi/10.3.1/../../../../arm-none-eabi/lib/thumb/v7e-m+fp/hard/crt0.o
 .ARM.extab     0x00000000        0x0 c:/users/roboter/documents/github/embeetle2/beetle_tools/windows/gnu_arm_toolchain_10.3.1_20210824_32b/bin/../lib/gcc/arm-none-eabi/10.3.1/../../../../arm-none-eabi/lib/thumb/v7e-m+fp/hard/crt0.o
 .ARM.exidx     0x00000000       0x10 c:/users/roboter/documents/github/embeetle2/beetle_tools/windows/gnu_arm_toolchain_10.3.1_20210824_32b/bin/../lib/gcc/arm-none-eabi/10.3.1/../../../../arm-none-eabi/lib/thumb/v7e-m+fp/hard/crt0.o
 .ARM.attributes
[...]
Memory Configuration

Name             Origin             Length             Attributes
FLASH            0x08000000         0x00010000         xr
RAM              0x20000000         0x00003000         xrw
CCMRAM           0x10000000         0x00001000         rw
*default*        0x00000000         0xffffffff

Linker script and memory map

LOAD c:/users/roboter/documents/github/embeetle2/beetle_tools/windows/gnu_arm_toolchain_10.3.1_20210824_32b/bin/../lib/gcc/arm-none-eabi/10.3.1/thumb/v7e-m+fp/hard/crti.o
LOAD c:/users/roboter/documents/github/embeetle2/beetle_tools/windows/gnu_arm_toolchain_10.3.1_20210824_32b/bin/../lib/gcc/arm-none-eabi/10.3.1/thumb/v7e-m+fp/hard/crtbegin.o
LOAD c:/users/roboter/documents/github/embeetle2/beetle_tools/windows/gnu_arm_toolchain_10.3.1_20210824_32b/bin/../lib/gcc/arm-none-eabi/10.3.1/../../../../arm-none-eabi/lib/thumb/v7e-m+fp/hard/crt0.o
LOAD project/source/Core/Src/fonts.c.o
LOAD project/source/Core/Src/gpio.c.o
LOAD project/source/Core/Src/i2c.c.o
LOAD project/source/Core/Src/main.c.o
LOAD project/source/Core/Src/ssd1306.c.o
LOAD project/source/Core/Src/stm32f3xx_hal_msp.c.o
LOAD project/source/Core/Src/stm32f3xx_it.c.o
LOAD project/source/Core/Src/system_stm32f3xx.c.o
LOAD project/source/Core/Src/usart.c.o
LOAD project/source/Drivers/STM32F3xx_HAL_Driver/Src/stm32f3xx_hal.c.o
LOAD project/source/Drivers/STM32F3xx_HAL_Driver/Src/stm32f3xx_hal_cortex.c.o
LOAD project/source/Drivers/STM32F3xx_HAL_Driver/Src/stm32f3xx_hal_dma.c.o
LOAD project/source/Drivers/STM32F3xx_HAL_Driver/Src/stm32f3xx_hal_gpio.c.o
LOAD project/source/Drivers/STM32F3xx_HAL_Driver/Src/stm32f3xx_hal_i2c.c.o
LOAD project/source/Drivers/STM32F3xx_HAL_Driver/Src/stm32f3xx_hal_i2c_ex.c.o
LOAD project/source/Drivers/STM32F3xx_HAL_Driver/Src/stm32f3xx_hal_rcc.c.o
LOAD project/source/Drivers/STM32F3xx_HAL_Driver/Src/stm32f3xx_hal_rcc_ex.c.o
LOAD project/source/Drivers/STM32F3xx_HAL_Driver/Src/stm32f3xx_hal_uart.c.o
LOAD project/source/Drivers/STM32F3xx_HAL_Driver/Src/stm32f3xx_hal_uart_ex.c.o
LOAD project/source/Core/Startup/startup_stm32f303k8tx.s.o
LOAD c:/users/roboter/documents/github/embeetle2/beetle_tools/windows/gnu_arm_toolchain_10.3.1_20210824_32b/bin/../lib/gcc/arm-none-eabi/10.3.1/../../../../arm-none-eabi/lib/thumb/v7e-m+fp/hard\libm.a
START GROUP
LOAD c:/users/roboter/documents/github/embeetle2/beetle_tools/windows/gnu_arm_toolchain_10.3.1_20210824_32b/bin/../lib/gcc/arm-none-eabi/10.3.1/thumb/v7e-m+fp/hard\libgcc.a
LOAD c:/users/roboter/documents/github/embeetle2/beetle_tools/windows/gnu_arm_toolchain_10.3.1_20210824_32b/bin/../lib/gcc/arm-none-eabi/10.3.1/../../../../arm-none-eabi/lib/thumb/v7e-m+fp/hard\libg_nano.a
LOAD c:/users/roboter/documents/github/embeetle2/beetle_tools/windows/gnu_arm_toolchain_10.3.1_20210824_32b/bin/../lib/gcc/arm-none-eabi/10.3.1/../../../../arm-none-eabi/lib/thumb/v7e-m+fp/hard\libc_nano.a
END GROUP
START GROUP
LOAD c:/users/roboter/documents/github/embeetle2/beetle_tools/windows/gnu_arm_toolchain_10.3.1_20210824_32b/bin/../lib/gcc/arm-none-eabi/10.3.1/thumb/v7e-m+fp/hard\libgcc.a
LOAD c:/users/roboter/documents/github/embeetle2/beetle_tools/windows/gnu_arm_toolchain_10.3.1_20210824_32b/bin/../lib/gcc/arm-none-eabi/10.3.1/../../../../arm-none-eabi/lib/thumb/v7e-m+fp/hard\libc_nano.a
LOAD c:/users/roboter/documents/github/embeetle2/beetle_tools/windows/gnu_arm_toolchain_10.3.1_20210824_32b/bin/../lib/gcc/arm-none-eabi/10.3.1/../../../../arm-none-eabi/lib/thumb/v7e-m+fp/hard\libnosys.a
END GROUP
START GROUP
LOAD c:/users/roboter/documents/github/embeetle2/beetle_tools/windows/gnu_arm_toolchain_10.3.1_20210824_32b/bin/../lib/gcc/arm-none-eabi/10.3.1/thumb/v7e-m+fp/hard\libgcc.a
LOAD c:/users/roboter/documents/github/embeetle2/beetle_tools/windows/gnu_arm_toolchain_10.3.1_20210824_32b/bin/../lib/gcc/arm-none-eabi/10.3.1/../../../../arm-none-eabi/lib/thumb/v7e-m+fp/hard\libc_nano.a
LOAD c:/users/roboter/documents/github/embeetle2/beetle_tools/windows/gnu_arm_toolchain_10.3.1_20210824_32b/bin/../lib/gcc/arm-none-eabi/10.3.1/../../../../arm-none-eabi/lib/thumb/v7e-m+fp/hard\libnosys.a
END GROUP
LOAD c:/users/roboter/documents/github/embeetle2/beetle_tools/windows/gnu_arm_toolchain_10.3.1_20210824_32b/bin/../lib/gcc/arm-none-eabi/10.3.1/thumb/v7e-m+fp/hard/crtend.o
LOAD c:/users/roboter/documents/github/embeetle2/beetle_tools/windows/gnu_arm_toolchain_10.3.1_20210824_32b/bin/../lib/gcc/arm-none-eabi/10.3.1/thumb/v7e-m+fp/hard/crtn.o
                0x20003000                _estack = 0x20003000
                0x00000200                _Min_Heap_Size = 0x200
                0x00000400                _Min_Stack_Size = 0x400

.isr_vector     0x08000000      0x188
                0x08000000                . = ALIGN (0x8)
 *(.isr_vector)
 .isr_vector    0x08000000      0x188 project/source/Core/Startup/startup_stm32f303k8tx.s.o
                0x08000000                g_pfnVectors
                0x08000188                . = ALIGN (0x8)

.text           0x08000188     0x2228
                0x08000188                . = ALIGN (0x8)
 *(.text)
 .text          0x08000188       0x40 c:/users/roboter/documents/github/embeetle2/beetle_tools/windows/gnu_arm_toolchain_10.3.1_20210824_32b/bin/../lib/gcc/arm-none-eabi/10.3.1/thumb/v7e-m+fp/hard/crtbegin.o
 .text          0x080001c8       0x10 c:/users/roboter/documents/github/embeetle2/beetle_tools/windows/gnu_arm_toolchain_10.3.1_20210824_32b/bin/../lib/gcc/arm-none-eabi/10.3.1/../../../../arm-none-eabi/lib/thumb/v7e-m+fp/hard\libg_nano.a(lib_a-strlen.o)
                0x080001c8                strlen
 *(.text*)
 .text.MX_GPIO_Init
                0x080001d8       0x74 project/source/Core/Src/gpio.c.o
                0x080001d8                MX_GPIO_Init
 .text.MX_I2C1_Init
                0x0800024c       0x58 project/source/Core/Src/i2c.c.o
                0x0800024c                MX_I2C1_Init
 .text.HAL_I2C_MspInit
                0x080002a4       0x68 project/source/Core/Src/i2c.c.o
                0x080002a4                HAL_I2C_MspInit
 .text.Error_Handler
                0x0800030c        0x4 project/source/Core/Src/main.c.o
                0x0800030c                Error_Handler
 .text.SystemClock_Config
                0x08000310       0x72 project/source/Core/Src/main.c.o
                0x08000310                SystemClock_Config
 *fill*         0x08000382        0x2 
 .text.main     0x08000384      0x120 project/source/Core/Src/main.c.o
                0x08000384                main
 .text.ssd1306_WriteCommand
                0x080004a4       0x24 project/source/Core/Src/ssd1306.c.o
 .text.ssd1306_Fill
                0x080004c8       0x20 project/source/Core/Src/ssd1306.c.o
                0x080004c8                ssd1306_Fill
 .text.ssd1306_UpdateScreen
                0x080004e8       0x54 project/source/Core/Src/ssd1306.c.o
                0x080004e8                ssd1306_UpdateScreen
 .text.ssd1306_Init
                0x0800053c      0x148 project/source/Core/Src/ssd1306.c.o
                0x0800053c                ssd1306_Init
 .text.ssd1306_DrawPixel
                0x08000684       0x54 project/source/Core/Src/ssd1306.c.o
                0x08000684                ssd1306_DrawPixel
 .text.ssd1306_WriteChar
                0x080006d8       0xa4 project/source/Core/Src/ssd1306.c.o
                0x080006d8                ssd1306_WriteChar
 .text.ssd1306_WriteString
                0x0800077c       0x2e project/source/Core/Src/ssd1306.c.o
                0x0800077c                ssd1306_WriteString
 *fill*         0x080007aa        0x2 
 .text.ssd1306_SetCursor
                0x080007ac        0xc project/source/Core/Src/ssd1306.c.o
                0x080007ac                ssd1306_SetCursor
 .text.HAL_MspInit
                0x080007b8       0x30 project/source/Core/Src/stm32f3xx_hal_msp.c.o
                0x080007b8                HAL_MspInit
 .text.NMI_Handler
                0x080007e8        0x2 project/source/Core/Src/stm32f3xx_it.c.o
                0x080007e8                NMI_Handler
 .text.HardFault_Handler
                0x080007ea        0x2 project/source/Core/Src/stm32f3xx_it.c.o
                0x080007ea                HardFault_Handler
 .text.MemManage_Handler
                0x080007ec        0x2 project/source/Core/Src/stm32f3xx_it.c.o
                0x080007ec                MemManage_Handler
 .text.BusFault_Handler
                0x080007ee        0x2 project/source/Core/Src/stm32f3xx_it.c.o
                0x080007ee                BusFault_Handler
 .text.UsageFault_Handler
                0x080007f0        0x2 project/source/Core/Src/stm32f3xx_it.c.o
                0x080007f0                UsageFault_Handler
 .text.SVC_Handler
                0x080007f2        0x2 project/source/Core/Src/stm32f3xx_it.c.o
                0x080007f2                SVC_Handler
 .text.DebugMon_Handler
                0x080007f4        0x2 project/source/Core/Src/stm32f3xx_it.c.o
                0x080007f4                DebugMon_Handler
 .text.PendSV_Handler
                0x080007f6        0x2 project/source/Core/Src/stm32f3xx_it.c.o
                0x080007f6                PendSV_Handler
 .text.SysTick_Handler
                0x080007f8        0x8 project/source/Core/Src/stm32f3xx_it.c.o
                0x080007f8                SysTick_Handler
 .text.SystemInit
                0x08000800       0x14 project/source/Core/Src/system_stm32f3xx.c.o
                0x08000800                SystemInit
 .text.MX_USART2_UART_Init
                0x08000814       0x38 project/source/Core/Src/usart.c.o
                0x08000814                MX_USART2_UART_Init
 .text.HAL_UART_MspInit
                0x0800084c       0x68 project/source/Core/Src/usart.c.o
                0x0800084c                HAL_UART_MspInit
 .text.HAL_InitTick
                0x080008b4       0x4c project/source/Drivers/STM32F3xx_HAL_Driver/Src/stm32f3xx_hal.c.o
                0x080008b4                HAL_InitTick
 .text.HAL_Init
                0x08000900       0x24 project/source/Drivers/STM32F3xx_HAL_Driver/Src/stm32f3xx_hal.c.o
                0x08000900                HAL_Init
 .text.HAL_IncTick
                0x08000924       0x18 project/source/Drivers/STM32F3xx_HAL_Driver/Src/stm32f3xx_hal.c.o
                0x08000924                HAL_IncTick
 .text.HAL_GetTick
                0x0800093c        0xc project/source/Drivers/STM32F3xx_HAL_Driver/Src/stm32f3xx_hal.c.o
                0x0800093c                HAL_GetTick
 .text.HAL_Delay
                0x08000948       0x28 project/source/Drivers/STM32F3xx_HAL_Driver/Src/stm32f3xx_hal.c.o
                0x08000948                HAL_Delay
 .text.HAL_NVIC_SetPriorityGrouping
                0x08000970       0x24 project/source/Drivers/STM32F3xx_HAL_Driver/Src/stm32f3xx_hal_cortex.c.o
                0x08000970                HAL_NVIC_SetPriorityGrouping
 .text.HAL_NVIC_SetPriority
                0x08000994       0x70 project/source/Drivers/STM32F3xx_HAL_Driver/Src/stm32f3xx_hal_cortex.c.o
                0x08000994                HAL_NVIC_SetPriority
 .text.HAL_SYSTICK_Config
                0x08000a04       0x28 project/source/Drivers/STM32F3xx_HAL_Driver/Src/stm32f3xx_hal_cortex.c.o
                0x08000a04                HAL_SYSTICK_Config
 .text.HAL_GPIO_Init
                0x08000a2c      0x1bc project/source/Drivers/STM32F3xx_HAL_Driver/Src/stm32f3xx_hal_gpio.c.o
                0x08000a2c                HAL_GPIO_Init
 .text.HAL_GPIO_WritePin
                0x08000be8        0xa project/source/Drivers/STM32F3xx_HAL_Driver/Src/stm32f3xx_hal_gpio.c.o
                0x08000be8                HAL_GPIO_WritePin
 .text.I2C_Flush_TXDR
                0x08000bf2       0x22 project/source/Drivers/STM32F3xx_HAL_Driver/Src/stm32f3xx_hal_i2c.c.o
 .text.I2C_TransferConfig
                0x08000c14       0x3c project/source/Drivers/STM32F3xx_HAL_Driver/Src/stm32f3xx_hal_i2c.c.o
 .text.I2C_IsErrorOccurred
                0x08000c50      0x114 project/source/Drivers/STM32F3xx_HAL_Driver/Src/stm32f3xx_hal_i2c.c.o
 .text.I2C_WaitOnTXISFlagUntilTimeout
                0x08000d64       0x60 project/source/Drivers/STM32F3xx_HAL_Driver/Src/stm32f3xx_hal_i2c.c.o
 .text.I2C_WaitOnFlagUntilTimeout
                0x08000dc4       0x6e project/source/Drivers/STM32F3xx_HAL_Driver/Src/stm32f3xx_hal_i2c.c.o
 *fill*         0x08000e32        0x2 
 .text.I2C_RequestMemoryWrite
                0x08000e34       0x7c project/source/Drivers/STM32F3xx_HAL_Driver/Src/stm32f3xx_hal_i2c.c.o
 .text.I2C_WaitOnSTOPFlagUntilTimeout
                0x08000eb0       0x5e project/source/Drivers/STM32F3xx_HAL_Driver/Src/stm32f3xx_hal_i2c.c.o
 .text.HAL_I2C_Init
                0x08000f0e       0xbc project/source/Drivers/STM32F3xx_HAL_Driver/Src/stm32f3xx_hal_i2c.c.o
                0x08000f0e                HAL_I2C_Init
 *fill*         0x08000fca        0x2 
 .text.HAL_I2C_Master_Transmit
                0x08000fcc      0x17c project/source/Drivers/STM32F3xx_HAL_Driver/Src/stm32f3xx_hal_i2c.c.o
                0x08000fcc                HAL_I2C_Master_Transmit
 .text.HAL_I2C_Mem_Write
                0x08001148      0x1a8 project/source/Drivers/STM32F3xx_HAL_Driver/Src/stm32f3xx_hal_i2c.c.o
                0x08001148                HAL_I2C_Mem_Write
 .text.HAL_I2CEx_ConfigAnalogFilter
                0x080012f0       0x5c project/source/Drivers/STM32F3xx_HAL_Driver/Src/stm32f3xx_hal_i2c_ex.c.o
                0x080012f0                HAL_I2CEx_ConfigAnalogFilter
 .text.HAL_I2CEx_ConfigDigitalFilter
                0x0800134c       0x58 project/source/Drivers/STM32F3xx_HAL_Driver/Src/stm32f3xx_hal_i2c_ex.c.o
                0x0800134c                HAL_I2CEx_ConfigDigitalFilter
 .text.HAL_RCC_OscConfig
                0x080013a4      0x634 project/source/Drivers/STM32F3xx_HAL_Driver/Src/stm32f3xx_hal_rcc.c.o
                0x080013a4                HAL_RCC_OscConfig
 .text.HAL_RCC_GetSysClockFreq
                0x080019d8       0x70 project/source/Drivers/STM32F3xx_HAL_Driver/Src/stm32f3xx_hal_rcc.c.o
                0x080019d8                HAL_RCC_GetSysClockFreq
 .text.HAL_RCC_ClockConfig
                0x08001a48      0x1a8 project/source/Drivers/STM32F3xx_HAL_Driver/Src/stm32f3xx_hal_rcc.c.o
                0x08001a48                HAL_RCC_ClockConfig
 .text.HAL_RCC_GetHCLKFreq
                0x08001bf0        0xc project/source/Drivers/STM32F3xx_HAL_Driver/Src/stm32f3xx_hal_rcc.c.o
                0x08001bf0                HAL_RCC_GetHCLKFreq
 .text.HAL_RCC_GetPCLK1Freq
                0x08001bfc       0x2c project/source/Drivers/STM32F3xx_HAL_Driver/Src/stm32f3xx_hal_rcc.c.o
                0x08001bfc                HAL_RCC_GetPCLK1Freq
 .text.HAL_RCC_GetPCLK2Freq
                0x08001c28       0x2c project/source/Drivers/STM32F3xx_HAL_Driver/Src/stm32f3xx_hal_rcc.c.o
                0x08001c28                HAL_RCC_GetPCLK2Freq
 .text.HAL_RCCEx_PeriphCLKConfig
                0x08001c54      0x18c project/source/Drivers/STM32F3xx_HAL_Driver/Src/stm32f3xx_hal_rcc_ex.c.o
                0x08001c54                HAL_RCCEx_PeriphCLKConfig
 .text.UART_EndRxTransfer
                0x08001de0       0x52 project/source/Drivers/STM32F3xx_HAL_Driver/Src/stm32f3xx_hal_uart.c.o
 *fill*         0x08001e32        0x2 
 .text.UART_SetConfig
                0x08001e34      0x164 project/source/Drivers/STM32F3xx_HAL_Driver/Src/stm32f3xx_hal_uart.c.o
                0x08001e34                UART_SetConfig
 .text.UART_AdvFeatureConfig
                0x08001f98       0xca project/source/Drivers/STM32F3xx_HAL_Driver/Src/stm32f3xx_hal_uart.c.o
                0x08001f98                UART_AdvFeatureConfig
 .text.UART_WaitOnFlagUntilTimeout
                0x08002062       0x9a project/source/Drivers/STM32F3xx_HAL_Driver/Src/stm32f3xx_hal_uart.c.o
                0x08002062                UART_WaitOnFlagUntilTimeout
 .text.HAL_UART_Transmit
                0x080020fc       0xc8 project/source/Drivers/STM32F3xx_HAL_Driver/Src/stm32f3xx_hal_uart.c.o
                0x080020fc                HAL_UART_Transmit
 .text.UART_CheckIdleState
                0x080021c4       0xc6 project/source/Drivers/STM32F3xx_HAL_Driver/Src/stm32f3xx_hal_uart.c.o
                0x080021c4                UART_CheckIdleState
 .text.HAL_UART_Init
                0x0800228a       0x62 project/source/Drivers/STM32F3xx_HAL_Driver/Src/stm32f3xx_hal_uart.c.o
                0x0800228a                HAL_UART_Init
 .text.Reset_Handler
                0x080022ec       0x50 project/source/Core/Startup/startup_stm32f303k8tx.s.o
                0x080022ec                Reset_Handler
 .text.Default_Handler
                0x0800233c        0x2 project/source/Core/Startup/startup_stm32f303k8tx.s.o
                0x0800233c                RTC_Alarm_IRQHandler
                0x0800233c                TIM1_CC_IRQHandler
                0x0800233c                PVD_IRQHandler
                0x0800233c                TAMP_STAMP_IRQHandler
                0x0800233c                EXTI3_IRQHandler
                0x0800233c                EXTI0_IRQHandler
                0x0800233c                FPU_IRQHandler
                0x0800233c                CAN_TX_IRQHandler
                0x0800233c                TIM1_UP_TIM16_IRQHandler
                0x0800233c                ADC1_2_IRQHandler
                0x0800233c                SPI1_IRQHandler
                0x0800233c                CAN_SCE_IRQHandler
                0x0800233c                DMA1_Channel4_IRQHandler
                0x0800233c                USART3_IRQHandler
                0x0800233c                DMA1_Channel7_IRQHandler
                0x0800233c                TIM7_DAC2_IRQHandler
                0x0800233c                CAN_RX1_IRQHandler
                0x0800233c                I2C1_EV_IRQHandler
                0x0800233c                DMA1_Channel6_IRQHandler
                0x0800233c                TIM3_IRQHandler
                0x0800233c                RCC_IRQHandler
                0x0800233c                DMA1_Channel1_IRQHandler
                0x0800233c                Default_Handler
                0x0800233c                EXTI15_10_IRQHandler
                0x0800233c                COMP2_IRQHandler
                0x0800233c                TIM6_DAC1_IRQHandler
                0x0800233c                EXTI9_5_IRQHandler
                0x0800233c                RTC_WKUP_IRQHandler
                0x0800233c                DMA1_Channel5_IRQHandler
                0x0800233c                EXTI4_IRQHandler
                0x0800233c                TIM1_TRG_COM_TIM17_IRQHandler
                0x0800233c                DMA1_Channel3_IRQHandler
                0x0800233c                WWDG_IRQHandler
                0x0800233c                TIM2_IRQHandler
                0x0800233c                EXTI1_IRQHandler
                0x0800233c                COMP4_6_IRQHandler
                0x0800233c                USART2_IRQHandler
                0x0800233c                DMA1_Channel2_IRQHandler
                0x0800233c                FLASH_IRQHandler
                0x0800233c                USART1_IRQHandler
                0x0800233c                CAN_RX0_IRQHandler
                0x0800233c                I2C1_ER_IRQHandler
                0x0800233c                EXTI2_TSC_IRQHandler
                0x0800233c                TIM1_BRK_TIM15_IRQHandler
 *fill*         0x0800233e        0x2 
 .text.__libc_init_array
                0x08002340       0x48 c:/users/roboter/documents/github/embeetle2/beetle_tools/windows/gnu_arm_toolchain_10.3.1_20210824_32b/bin/../lib/gcc/arm-none-eabi/10.3.1/../../../../arm-none-eabi/lib/thumb/v7e-m+fp/hard\libg_nano.a(lib_a-init.o)
                0x08002340                __libc_init_array
 .text.memset   0x08002388       0x10 c:/users/roboter/documents/github/embeetle2/beetle_tools/windows/gnu_arm_toolchain_10.3.1_20210824_32b/bin/../lib/gcc/arm-none-eabi/10.3.1/../../../../arm-none-eabi/lib/thumb/v7e-m+fp/hard\libg_nano.a(lib_a-memset.o)
                0x08002388                memset
 *(.glue_7)
 .glue_7        0x08002398        0x0 linker stubs
 *(.glue_7t)
 .glue_7t       0x08002398        0x0 linker stubs
 *(.eh_frame)
 .eh_frame      0x08002398        0x0 c:/users/roboter/documents/github/embeetle2/beetle_tools/windows/gnu_arm_toolchain_10.3.1_20210824_32b/bin/../lib/gcc/arm-none-eabi/10.3.1/thumb/v7e-m+fp/hard/crtbegin.o
 *(.init)
 .init          0x08002398        0x4 c:/users/roboter/documents/github/embeetle2/beetle_tools/windows/gnu_arm_toolchain_10.3.1_20210824_32b/bin/../lib/gcc/arm-none-eabi/10.3.1/thumb/v7e-m+fp/hard/crti.o
                0x08002398                _init
 .init          0x0800239c        0x8 c:/users/roboter/documents/github/embeetle2/beetle_tools/windows/gnu_arm_toolchain_10.3.1_20210824_32b/bin/../lib/gcc/arm-none-eabi/10.3.1/thumb/v7e-m+fp/hard/crtn.o
 *(.fini)
 .fini          0x080023a4        0x4 c:/users/roboter/documents/github/embeetle2/beetle_tools/windows/gnu_arm_toolchain_10.3.1_20210824_32b/bin/../lib/gcc/arm-none-eabi/10.3.1/thumb/v7e-m+fp/hard/crti.o
                0x080023a4                _fini
 .fini          0x080023a8        0x8 c:/users/roboter/documents/github/embeetle2/beetle_tools/windows/gnu_arm_toolchain_10.3.1_20210824_32b/bin/../lib/gcc/arm-none-eabi/10.3.1/thumb/v7e-m+fp/hard/crtn.o
                0x080023b0                . = ALIGN (0x8)
                0x080023b0                _etext = .

.vfp11_veneer   0x080023b0        0x0
 .vfp11_veneer  0x080023b0        0x0 linker stubs

.v4_bx          0x080023b0        0x0
 .v4_bx         0x080023b0        0x0 linker stubs

.iplt           0x080023b0        0x0
 .iplt          0x080023b0        0x0 c:/users/roboter/documents/github/embeetle2/beetle_tools/windows/gnu_arm_toolchain_10.3.1_20210824_32b/bin/../lib/gcc/arm-none-eabi/10.3.1/thumb/v7e-m+fp/hard/crtbegin.o

.rodata         0x080023b0      0xdc0
                0x080023b0                . = ALIGN (0x8)
 *(.rodata)
 *(.rodata*)
 .rodata.Font11x18
                0x080023b0      0xd5c project/source/Core/Src/fonts.c.o
 .rodata.main.str1.4
                0x0800310c       0x26 project/source/Core/Src/main.c.o
 *fill*         0x08003132        0x2 
 .rodata.AHBPrescTable
                0x08003134       0x10 project/source/Core/Src/system_stm32f3xx.c.o
                0x08003134                AHBPrescTable
 .rodata.APBPrescTable
                0x08003144        0x8 project/source/Core/Src/system_stm32f3xx.c.o
                0x08003144                APBPrescTable
 .rodata.aPLLMULFactorTable
                0x0800314c       0x10 project/source/Drivers/STM32F3xx_HAL_Driver/Src/stm32f3xx_hal_rcc.c.o
 .rodata.aPredivFactorTable
                0x0800315c       0x10 project/source/Drivers/STM32F3xx_HAL_Driver/Src/stm32f3xx_hal_rcc.c.o
                0x08003170                . = ALIGN (0x8)
 *fill*         0x0800316c        0x4 

.rel.dyn        0x08003170        0x0
 .rel.iplt      0x08003170        0x0 c:/users/roboter/documents/github/embeetle2/beetle_tools/windows/gnu_arm_toolchain_10.3.1_20210824_32b/bin/../lib/gcc/arm-none-eabi/10.3.1/thumb/v7e-m+fp/hard/crtbegin.o

.ARM.extab      0x08003170        0x0
                0x08003170                . = ALIGN (0x8)
 *(.ARM.extab* .gnu.linkonce.armextab.*)
                0x08003170                . = ALIGN (0x8)

.ARM            0x08003170        0x0
                0x08003170                . = ALIGN (0x8)
                0x08003170                __exidx_start = .
 *(.ARM.exidx*)
                0x08003170                __exidx_end = .
                0x08003170                . = ALIGN (0x8)

.preinit_array  0x08003170        0x0
                0x08003170                . = ALIGN (0x8)
                0x08003170                PROVIDE (__preinit_array_start = .)
 *(.preinit_array*)
                0x08003170                PROVIDE (__preinit_array_end = .)
                0x08003170                . = ALIGN (0x8)

.init_array     0x08003170        0x8
                0x08003170                . = ALIGN (0x8)
                0x08003170                PROVIDE (__init_array_start = .)
 *(SORT_BY_NAME(.init_array.*))
 *(.init_array*)
 .init_array    0x08003170        0x4 c:/users/roboter/documents/github/embeetle2/beetle_tools/windows/gnu_arm_toolchain_10.3.1_20210824_32b/bin/../lib/gcc/arm-none-eabi/10.3.1/thumb/v7e-m+fp/hard/crtbegin.o
                0x08003174                PROVIDE (__init_array_end = .)
                0x08003178                . = ALIGN (0x8)
 *fill*         0x08003174        0x4 

.fini_array     0x08003178        0x8
                0x08003178                . = ALIGN (0x8)
                [!provide]                PROVIDE (__fini_array_start = .)
 *(SORT_BY_NAME(.fini_array.*))
 *(.fini_array*)
 .fini_array    0x08003178        0x4 c:/users/roboter/documents/github/embeetle2/beetle_tools/windows/gnu_arm_toolchain_10.3.1_20210824_32b/bin/../lib/gcc/arm-none-eabi/10.3.1/thumb/v7e-m+fp/hard/crtbegin.o
                [!provide]                PROVIDE (__fini_array_end = .)
                0x08003180                . = ALIGN (0x8)
 *fill*         0x0800317c        0x4 
                0x08003180                _sidata = LOADADDR (.data)

.data           0x20000000       0x18 load address 0x08003180
                0x20000000                . = ALIGN (0x8)
                0x20000000                _sdata = .
 *(.data)
 *(.data*)
 .data.Font_11x18
                0x20000000        0x8 project/source/Core/Src/fonts.c.o
                0x20000000                Font_11x18
 .data.SystemCoreClock
                0x20000008        0x4 project/source/Core/Src/system_stm32f3xx.c.o
                0x20000008                SystemCoreClock
 .data.uwTickFreq
                0x2000000c        0x1 project/source/Drivers/STM32F3xx_HAL_Driver/Src/stm32f3xx_hal.c.o
                0x2000000c                uwTickFreq
 *fill*         0x2000000d        0x3 
 .data.uwTickPrio
                0x20000010        0x4 project/source/Drivers/STM32F3xx_HAL_Driver/Src/stm32f3xx_hal.c.o
                0x20000010                uwTickPrio
                0x20000018                . = ALIGN (0x8)
 *fill*         0x20000014        0x4 
                0x20000018                _edata = .
                0x08003198                _siccmram = LOADADDR (.ccmram)

.igot.plt       0x20000018        0x0 load address 0x08003198
 .igot.plt      0x20000018        0x0 c:/users/roboter/documents/github/embeetle2/beetle_tools/windows/gnu_arm_toolchain_10.3.1_20210824_32b/bin/../lib/gcc/arm-none-eabi/10.3.1/thumb/v7e-m+fp/hard/crtbegin.o

.ccmram         0x10000000        0x0 load address 0x08003198
                0x10000000                . = ALIGN (0x4)
                0x10000000                _sccmram = .
 *(.ccmram)
 *(.ccmram*)
                0x10000000                . = ALIGN (0x4)
                0x10000000                _eccmram = .
                0x10000000                . = ALIGN (0x8)

.bss            0x20000018      0x508
                0x20000018                _sbss = .
                0x20000018                __bss_start__ = _sbss
 *(.bss)
 .bss           0x20000018       0x1c c:/users/roboter/documents/github/embeetle2/beetle_tools/windows/gnu_arm_toolchain_10.3.1_20210824_32b/bin/../lib/gcc/arm-none-eabi/10.3.1/thumb/v7e-m+fp/hard/crtbegin.o
 *(.bss*)
 .bss.hi2c1     0x20000034       0x54 project/source/Core/Src/i2c.c.o
                0x20000034                hi2c1
 .bss.SSD1306   0x20000088        0x6 project/source/Core/Src/ssd1306.c.o
 *fill*         0x2000008e        0x2 
 .bss.SSD1306_Buffer
                0x20000090      0x400 project/source/Core/Src/ssd1306.c.o
 .bss.huart2    0x20000490       0x88 project/source/Core/Src/usart.c.o
                0x20000490                huart2
 .bss.uwTick    0x20000518        0x4 project/source/Drivers/STM32F3xx_HAL_Driver/Src/stm32f3xx_hal.c.o
                0x20000518                uwTick
 *(COMMON)
                0x20000520                . = ALIGN (0x8)
 *fill*         0x2000051c        0x4 
                0x20000520                _ebss = .
                0x20000520                __bss_end__ = _ebss

._user_heap_stack
                0x20000520      0x600
                0x20000520                . = ALIGN (0x8)
                [!provide]                PROVIDE (end = .)
                [!provide]                PROVIDE (_end = .)
                0x20000720                . = (. + _Min_Heap_Size)
 *fill*         0x20000520      0x200 
                0x20000b20                . = (. + _Min_Stack_Size)
 *fill*         0x20000720      0x400 
                0x20000b20                . = ALIGN (0x8)

/DISCARD/
 libc.a(*)
 libm.a(*)
 libgcc.a(*)

.ARM.attributes
                0x00000000       0x30
 *(.ARM.attributes)
 .ARM.attributes
                0x00000000       0x1e c:/users/roboter/documents/github/embeetle2/beetle_tools/windows/gnu_arm_toolchain_10.3.1_20210824_32b/bin/../lib/gcc/arm-none-eabi/10.3.1/thumb/v7e-m+fp/hard/crti.o
 .ARM.attributes
                0x0000001e       0x34 c:/users/roboter/documents/github/embeetle2/beetle_tools/windows/gnu_arm_toolchain_10.3.1_20210824_32b/bin/../lib/gcc/arm-none-eabi/10.3.1/thumb/v7e-m+fp/hard/crtbegin.o
 .ARM.attributes
                0x00000052       0x34 project/source/Core/Src/fonts.c.o
 .ARM.attributes
                0x00000086       0x34 project/source/Core/Src/gpio.c.o
 .ARM.attributes
                0x000000ba       0x34 project/source/Core/Src/i2c.c.o
 .ARM.attributes
                0x000000ee       0x34 project/source/Core/Src/main.c.o
 .ARM.attributes
                0x00000122       0x34 project/source/Core/Src/ssd1306.c.o
 .ARM.attributes
                0x00000156       0x34 project/source/Core/Src/stm32f3xx_hal_msp.c.o
 .ARM.attributes
                0x0000018a       0x34 project/source/Core/Src/stm32f3xx_it.c.o
 .ARM.attributes
                0x000001be       0x34 project/source/Core/Src/system_stm32f3xx.c.o
 .ARM.attributes
                0x000001f2       0x34 project/source/Core/Src/usart.c.o
 .ARM.attributes
                0x00000226       0x34 project/source/Drivers/STM32F3xx_HAL_Driver/Src/stm32f3xx_hal.c.o
 .ARM.attributes
                0x0000025a       0x34 project/source/Drivers/STM32F3xx_HAL_Driver/Src/stm32f3xx_hal_cortex.c.o
 .ARM.attributes
                0x0000028e       0x34 project/source/Drivers/STM32F3xx_HAL_Driver/Src/stm32f3xx_hal_gpio.c.o
 .ARM.attributes
                0x000002c2       0x34 project/source/Drivers/STM32F3xx_HAL_Driver/Src/stm32f3xx_hal_i2c.c.o
 .ARM.attributes
                0x000002f6       0x34 project/source/Drivers/STM32F3xx_HAL_Driver/Src/stm32f3xx_hal_i2c_ex.c.o
 .ARM.attributes
                0x0000032a       0x34 project/source/Drivers/STM32F3xx_HAL_Driver/Src/stm32f3xx_hal_rcc.c.o
 .ARM.attributes
                0x0000035e       0x34 project/source/Drivers/STM32F3xx_HAL_Driver/Src/stm32f3xx_hal_rcc_ex.c.o
 .ARM.attributes
                0x00000392       0x34 project/source/Drivers/STM32F3xx_HAL_Driver/Src/stm32f3xx_hal_uart.c.o
 .ARM.attributes
                0x000003c6       0x21 project/source/Core/Startup/startup_stm32f303k8tx.s.o
 .ARM.attributes
                0x000003e7       0x34 c:/users/roboter/documents/github/embeetle2/beetle_tools/windows/gnu_arm_toolchain_10.3.1_20210824_32b/bin/../lib/gcc/arm-none-eabi/10.3.1/../../../../arm-none-eabi/lib/thumb/v7e-m+fp/hard\libg_nano.a(lib_a-init.o)
 .ARM.attributes
                0x0000041b       0x34 c:/users/roboter/documents/github/embeetle2/beetle_tools/windows/gnu_arm_toolchain_10.3.1_20210824_32b/bin/../lib/gcc/arm-none-eabi/10.3.1/../../../../arm-none-eabi/lib/thumb/v7e-m+fp/hard\libg_nano.a(lib_a-memset.o)
 .ARM.attributes
                0x0000044f       0x17 c:/users/roboter/documents/github/embeetle2/beetle_tools/windows/gnu_arm_toolchain_10.3.1_20210824_32b/bin/../lib/gcc/arm-none-eabi/10.3.1/../../../../arm-none-eabi/lib/thumb/v7e-m+fp/hard\libg_nano.a(lib_a-strlen.o)
 .ARM.attributes
                0x00000466       0x1e c:/users/roboter/documents/github/embeetle2/beetle_tools/windows/gnu_arm_toolchain_10.3.1_20210824_32b/bin/../lib/gcc/arm-none-eabi/10.3.1/thumb/v7e-m+fp/hard/crtn.o
OUTPUT(application.elf elf32-littlearm)
LOAD linker stubs
LOAD c:/users/roboter/documents/github/embeetle2/beetle_tools/windows/gnu_arm_toolchain_10.3.1_20210824_32b/bin/../lib/gcc/arm-none-eabi/10.3.1/../../../../arm-none-eabi/lib/thumb/v7e-m+fp/hard\libc.a
LOAD c:/users/roboter/documents/github/embeetle2/beetle_tools/windows/gnu_arm_toolchain_10.3.1_20210824_32b/bin/../lib/gcc/arm-none-eabi/10.3.1/../../../../arm-none-eabi/lib/thumb/v7e-m+fp/hard\libm.a
LOAD c:/users/roboter/documents/github/embeetle2/beetle_tools/windows/gnu_arm_toolchain_10.3.1_20210824_32b/bin/../lib/gcc/arm-none-eabi/10.3.1/thumb/v7e-m+fp/hard\libgcc.a

.debug_info     0x00000000    0x1143f
 .debug_info    0x00000000      0x1ae project/source/Core/Src/fonts.c.o
 .debug_info    0x000001ae      0x370 project/source/Core/Src/gpio.c.o
 .debug_info    0x0000051e      0x9cf project/source/Core/Src/i2c.c.o
 .debug_info    0x00000eed     0x10c2 project/source/Core/Src/main.c.o
 .debug_info    0x00001faf      0xda4 project/source/Core/Src/ssd1306.c.o
 .debug_info    0x00002d53      0x1aa project/source/Core/Src/stm32f3xx_hal_msp.c.o
 .debug_info    0x00002efd      0x134 project/source/Core/Src/stm32f3xx_it.c.o
 .debug_info    0x00003031      0x42a project/source/Core/Src/system_stm32f3xx.c.o
 .debug_info    0x0000345b      0x9b9 project/source/Core/Src/usart.c.o
 .debug_info    0x00003e14      0x7f5 project/source/Drivers/STM32F3xx_HAL_Driver/Src/stm32f3xx_hal.c.o
 .debug_info    0x00004609      0xd8f project/source/Drivers/STM32F3xx_HAL_Driver/Src/stm32f3xx_hal_cortex.c.o
 .debug_info    0x00005398      0x788 project/source/Drivers/STM32F3xx_HAL_Driver/Src/stm32f3xx_hal_gpio.c.o
 .debug_info    0x00005b20     0x4226 project/source/Drivers/STM32F3xx_HAL_Driver/Src/stm32f3xx_hal_i2c.c.o
 .debug_info    0x00009d46      0x990 project/source/Drivers/STM32F3xx_HAL_Driver/Src/stm32f3xx_hal_i2c_ex.c.o
 .debug_info    0x0000a6d6     0x161f project/source/Drivers/STM32F3xx_HAL_Driver/Src/stm32f3xx_hal_rcc.c.o
 .debug_info    0x0000bcf5      0x660 project/source/Drivers/STM32F3xx_HAL_Driver/Src/stm32f3xx_hal_rcc_ex.c.o
 .debug_info    0x0000c355     0x50c8 project/source/Drivers/STM32F3xx_HAL_Driver/Src/stm32f3xx_hal_uart.c.o
 .debug_info    0x0001141d       0x22 project/source/Core/Startup/startup_stm32f303k8tx.s.o

.debug_abbrev   0x00000000     0x2050
 .debug_abbrev  0x00000000       0xad project/source/Core/Src/fonts.c.o
 .debug_abbrev  0x000000ad      0x151 project/source/Core/Src/gpio.c.o
 .debug_abbrev  0x000001fe      0x1e1 project/source/Core/Src/i2c.c.o
 .debug_abbrev  0x000003df      0x267 project/source/Core/Src/main.c.o
 .debug_abbrev  0x00000646      0x23e project/source/Core/Src/ssd1306.c.o
 .debug_abbrev  0x00000884       0xc2 project/source/Core/Src/stm32f3xx_hal_msp.c.o
 .debug_abbrev  0x00000946       0x81 project/source/Core/Src/stm32f3xx_it.c.o
 .debug_abbrev  0x000009c7      0x11c project/source/Core/Src/system_stm32f3xx.c.o
 .debug_abbrev  0x00000ae3      0x1dd project/source/Core/Src/usart.c.o
 .debug_abbrev  0x00000cc0      0x20a project/source/Drivers/STM32F3xx_HAL_Driver/Src/stm32f3xx_hal.c.o
 .debug_abbrev  0x00000eca      0x344 project/source/Drivers/STM32F3xx_HAL_Driver/Src/stm32f3xx_hal_cortex.c.o
 .debug_abbrev  0x0000120e      0x1e9 project/source/Drivers/STM32F3xx_HAL_Driver/Src/stm32f3xx_hal_gpio.c.o
 .debug_abbrev  0x000013f7      0x25c project/source/Drivers/STM32F3xx_HAL_Driver/Src/stm32f3xx_hal_i2c.c.o
 .debug_abbrev  0x00001653      0x1b6 project/source/Drivers/STM32F3xx_HAL_Driver/Src/stm32f3xx_hal_i2c_ex.c.o
 .debug_abbrev  0x00001809      0x2e7 project/source/Drivers/STM32F3xx_HAL_Driver/Src/stm32f3xx_hal_rcc.c.o
 .debug_abbrev  0x00001af0      0x27f project/source/Drivers/STM32F3xx_HAL_Driver/Src/stm32f3xx_hal_rcc_ex.c.o
 .debug_abbrev  0x00001d6f      0x2cf project/source/Drivers/STM32F3xx_HAL_Driver/Src/stm32f3xx_hal_uart.c.o
 .debug_abbrev  0x0000203e       0x12 project/source/Core/Startup/startup_stm32f303k8tx.s.o

.debug_aranges  0x00000000      0x990
 .debug_aranges
                0x00000000       0x18 project/source/Core/Src/fonts.c.o
 .debug_aranges
                0x00000018       0x20 project/source/Core/Src/gpio.c.o
 .debug_aranges
                0x00000038       0x30 project/source/Core/Src/i2c.c.o
 .debug_aranges
                0x00000068       0x30 project/source/Core/Src/main.c.o
 .debug_aranges
                0x00000098       0x60 project/source/Core/Src/ssd1306.c.o
 .debug_aranges
                0x000000f8       0x20 project/source/Core/Src/stm32f3xx_hal_msp.c.o
 .debug_aranges
                0x00000118       0x60 project/source/Core/Src/stm32f3xx_it.c.o
 .debug_aranges
                0x00000178       0x28 project/source/Core/Src/system_stm32f3xx.c.o
 .debug_aranges
                0x000001a0       0x30 project/source/Core/Src/usart.c.o
 .debug_aranges
                0x000001d0       0xe0 project/source/Drivers/STM32F3xx_HAL_Driver/Src/stm32f3xx_hal.c.o
 .debug_aranges
                0x000002b0       0x90 project/source/Drivers/STM32F3xx_HAL_Driver/Src/stm32f3xx_hal_cortex.c.o
 .debug_aranges
                0x00000340       0x58 project/source/Drivers/STM32F3xx_HAL_Driver/Src/stm32f3xx_hal_gpio.c.o
 .debug_aranges
                0x00000398      0x2a0 project/source/Drivers/STM32F3xx_HAL_Driver/Src/stm32f3xx_hal_i2c.c.o
 .debug_aranges
                0x00000638       0x48 project/source/Drivers/STM32F3xx_HAL_Driver/Src/stm32f3xx_hal_i2c_ex.c.o
 .debug_aranges
                0x00000680       0x88 project/source/Drivers/STM32F3xx_HAL_Driver/Src/stm32f3xx_hal_rcc.c.o
 .debug_aranges
                0x00000708       0x38 project/source/Drivers/STM32F3xx_HAL_Driver/Src/stm32f3xx_hal_rcc_ex.c.o
 .debug_aranges
                0x00000740      0x228 project/source/Drivers/STM32F3xx_HAL_Driver/Src/stm32f3xx_hal_uart.c.o
 .debug_aranges
                0x00000968       0x28 project/source/Core/Startup/startup_stm32f303k8tx.s.o

.debug_macro    0x00000000    0x1ac22
 .debug_macro   0x00000000       0x6d project/source/Core/Src/fonts.c.o
 .debug_macro   0x0000006d      0xa84 project/source/Core/Src/fonts.c.o
 .debug_macro   0x00000af1       0x22 project/source/Core/Src/fonts.c.o
 .debug_macro   0x00000b13       0x8e project/source/Core/Src/fonts.c.o
 .debug_macro   0x00000ba1       0x51 project/source/Core/Src/fonts.c.o
 .debug_macro   0x00000bf2      0x103 project/source/Core/Src/fonts.c.o
 .debug_macro   0x00000cf5       0x6a project/source/Core/Src/fonts.c.o
 .debug_macro   0x00000d5f      0x1df project/source/Core/Src/fonts.c.o
 .debug_macro   0x00000f3e      0x1ca project/source/Core/Src/gpio.c.o
 .debug_macro   0x00001108      0x151 project/source/Core/Src/gpio.c.o
 .debug_macro   0x00001259       0x2e project/source/Core/Src/gpio.c.o
 .debug_macro   0x00001287       0x28 project/source/Core/Src/gpio.c.o
 .debug_macro   0x000012af       0x1c project/source/Core/Src/gpio.c.o
 .debug_macro   0x000012cb       0x22 project/source/Core/Src/gpio.c.o
 .debug_macro   0x000012ed       0xd9 project/source/Core/Src/gpio.c.o
 .debug_macro   0x000013c6      0xf07 project/source/Core/Src/gpio.c.o
 .debug_macro   0x000022cd    0x10be0 project/source/Core/Src/gpio.c.o
 .debug_macro   0x00012ead       0x6d project/source/Core/Src/gpio.c.o
 .debug_macro   0x00012f1a     0x3558 project/source/Core/Src/gpio.c.o
 .debug_macro   0x00016472      0x174 project/source/Core/Src/gpio.c.o
 .debug_macro   0x000165e6       0x49 project/source/Core/Src/gpio.c.o
 .debug_macro   0x0001662f      0x8f8 project/source/Core/Src/gpio.c.o
 .debug_macro   0x00016f27      0x304 project/source/Core/Src/gpio.c.o
 .debug_macro   0x0001722b      0x1b5 project/source/Core/Src/gpio.c.o
 .debug_macro   0x000173e0      0x11b project/source/Core/Src/gpio.c.o
 .debug_macro   0x000174fb      0x1d5 project/source/Core/Src/gpio.c.o
 .debug_macro   0x000176d0      0x1bc project/source/Core/Src/gpio.c.o
 .debug_macro   0x0001788c       0x34 project/source/Core/Src/gpio.c.o
 .debug_macro   0x000178c0       0x3c project/source/Core/Src/gpio.c.o
 .debug_macro   0x000178fc       0x57 project/source/Core/Src/gpio.c.o
 .debug_macro   0x00017953       0xc5 project/source/Core/Src/gpio.c.o
 .debug_macro   0x00017a18      0x19f project/source/Core/Src/gpio.c.o
 .debug_macro   0x00017bb7      0x22c project/source/Core/Src/gpio.c.o
 .debug_macro   0x00017de3       0x5b project/source/Core/Src/gpio.c.o
 .debug_macro   0x00017e3e       0xa5 project/source/Core/Src/gpio.c.o
 .debug_macro   0x00017ee3       0x81 project/source/Core/Src/gpio.c.o
 .debug_macro   0x00017f64       0xd3 project/source/Core/Src/gpio.c.o
 .debug_macro   0x00018037      0x5ba project/source/Core/Src/gpio.c.o
 .debug_macro   0x000185f1       0x44 project/source/Core/Src/gpio.c.o
 .debug_macro   0x00018635      0x285 project/source/Core/Src/gpio.c.o
 .debug_macro   0x000188ba       0x4c project/source/Core/Src/gpio.c.o
 .debug_macro   0x00018906      0x1ca project/source/Core/Src/i2c.c.o
 .debug_macro   0x00018ad0      0x2b9 project/source/Core/Src/main.c.o
 .debug_macro   0x00018d89       0x64 project/source/Core/Src/main.c.o
 .debug_macro   0x00018ded       0x1e project/source/Core/Src/main.c.o
 .debug_macro   0x00018e0b       0x35 project/source/Core/Src/main.c.o
 .debug_macro   0x00018e40       0x34 project/source/Core/Src/main.c.o
 .debug_macro   0x00018e74       0x16 project/source/Core/Src/main.c.o
 .debug_macro   0x00018e8a       0x43 project/source/Core/Src/main.c.o
 .debug_macro   0x00018ecd       0x34 project/source/Core/Src/main.c.o
 .debug_macro   0x00018f01       0x10 project/source/Core/Src/main.c.o
 .debug_macro   0x00018f11       0x58 project/source/Core/Src/main.c.o
 .debug_macro   0x00018f69      0x182 project/source/Core/Src/main.c.o
 .debug_macro   0x000190eb      0x341 project/source/Core/Src/main.c.o
 .debug_macro   0x0001942c       0x10 project/source/Core/Src/main.c.o
 .debug_macro   0x0001943c       0x35 project/source/Core/Src/main.c.o
 .debug_macro   0x00019471       0x22 project/source/Core/Src/main.c.o
 .debug_macro   0x00019493      0x1ca project/source/Core/Src/ssd1306.c.o
 .debug_macro   0x0001965d      0x1c0 project/source/Core/Src/stm32f3xx_hal_msp.c.o
 .debug_macro   0x0001981d      0x1ca project/source/Core/Src/stm32f3xx_it.c.o
 .debug_macro   0x000199e7      0x1b1 project/source/Core/Src/system_stm32f3xx.c.o
 .debug_macro   0x00019b98      0x1ca project/source/Core/Src/usart.c.o
 .debug_macro   0x00019d62      0x1d5 project/source/Drivers/STM32F3xx_HAL_Driver/Src/stm32f3xx_hal.c.o
 .debug_macro   0x00019f37      0x1b1 project/source/Drivers/STM32F3xx_HAL_Driver/Src/stm32f3xx_hal_cortex.c.o
 .debug_macro   0x0001a0e8      0x1b8 project/source/Drivers/STM32F3xx_HAL_Driver/Src/stm32f3xx_hal_gpio.c.o
 .debug_macro   0x0001a2a0      0x27d project/source/Drivers/STM32F3xx_HAL_Driver/Src/stm32f3xx_hal_i2c.c.o
 .debug_macro   0x0001a51d      0x1b1 project/source/Drivers/STM32F3xx_HAL_Driver/Src/stm32f3xx_hal_i2c_ex.c.o
 .debug_macro   0x0001a6ce      0x1d5 project/source/Drivers/STM32F3xx_HAL_Driver/Src/stm32f3xx_hal_rcc.c.o
 .debug_macro   0x0001a8a3      0x1b1 project/source/Drivers/STM32F3xx_HAL_Driver/Src/stm32f3xx_hal_rcc_ex.c.o
 .debug_macro   0x0001aa54      0x1ce project/source/Drivers/STM32F3xx_HAL_Driver/Src/stm32f3xx_hal_uart.c.o

.debug_line     0x00000000    0x12de0
 .debug_line    0x00000000      0x2d1 project/source/Core/Src/fonts.c.o
 .debug_line    0x000002d1      0x64c project/source/Core/Src/gpio.c.o
 .debug_line    0x0000091d      0x713 project/source/Core/Src/i2c.c.o
 .debug_line    0x00001030      0x877 project/source/Core/Src/main.c.o
 .debug_line    0x000018a7      0xa24 project/source/Core/Src/ssd1306.c.o
 .debug_line    0x000022cb      0x61f project/source/Core/Src/stm32f3xx_hal_msp.c.o
 .debug_line    0x000028ea      0x714 project/source/Core/Src/stm32f3xx_it.c.o
 .debug_line    0x00002ffe      0x6bc project/source/Core/Src/system_stm32f3xx.c.o
 .debug_line    0x000036ba      0x708 project/source/Core/Src/usart.c.o
 .debug_line    0x00003dc2      0x934 project/source/Drivers/STM32F3xx_HAL_Driver/Src/stm32f3xx_hal.c.o
 .debug_line    0x000046f6      0xaa1 project/source/Drivers/STM32F3xx_HAL_Driver/Src/stm32f3xx_hal_cortex.c.o
 .debug_line    0x00005197      0xac7 project/source/Drivers/STM32F3xx_HAL_Driver/Src/stm32f3xx_hal_gpio.c.o
 .debug_line    0x00005c5e     0x533a project/source/Drivers/STM32F3xx_HAL_Driver/Src/stm32f3xx_hal_i2c.c.o
 .debug_line    0x0000af98      0x90a project/source/Drivers/STM32F3xx_HAL_Driver/Src/stm32f3xx_hal_i2c_ex.c.o
 .debug_line    0x0000b8a2     0x15aa project/source/Drivers/STM32F3xx_HAL_Driver/Src/stm32f3xx_hal_rcc.c.o
 .debug_line    0x0000ce4c      0xad6 project/source/Drivers/STM32F3xx_HAL_Driver/Src/stm32f3xx_hal_rcc_ex.c.o
 .debug_line    0x0000d922     0x542f project/source/Drivers/STM32F3xx_HAL_Driver/Src/stm32f3xx_hal_uart.c.o
 .debug_line    0x00012d51       0x8f project/source/Core/Startup/startup_stm32f303k8tx.s.o

.debug_str      0x00000000    0x9a7cb
 .debug_str     0x00000000     0x3b3b project/source/Core/Src/fonts.c.o
                               0x3cb1 (size before relaxing)
 .debug_str     0x00003b3b    0x911ae project/source/Core/Src/gpio.c.o
                              0x94edf (size before relaxing)
 .debug_str     0x00094ce9      0x4b2 project/source/Core/Src/i2c.c.o
                              0x95414 (size before relaxing)
 .debug_str     0x0009519b     0x2dcf project/source/Core/Src/main.c.o
                              0x98136 (size before relaxing)
 .debug_str     0x00097f6a       0xd9 project/source/Core/Src/ssd1306.c.o
                              0x9537b (size before relaxing)
 .debug_str     0x00098043       0x33 project/source/Core/Src/stm32f3xx_hal_msp.c.o
                              0x94e22 (size before relaxing)
 .debug_str     0x00098076       0xd0 project/source/Core/Src/stm32f3xx_it.c.o
                              0x94e51 (size before relaxing)
 .debug_str     0x00098146       0xf0 project/source/Core/Src/system_stm32f3xx.c.o
                              0x94ddf (size before relaxing)
 .debug_str     0x00098236       0x58 project/source/Core/Src/usart.c.o
                              0x95363 (size before relaxing)
 .debug_str     0x0009828e      0x5f0 project/source/Drivers/STM32F3xx_HAL_Driver/Src/stm32f3xx_hal.c.o
                              0x954c5 (size before relaxing)
 .debug_str     0x0009887e      0x26e project/source/Drivers/STM32F3xx_HAL_Driver/Src/stm32f3xx_hal_cortex.c.o
                              0x953f4 (size before relaxing)
 .debug_str     0x00098aec      0x194 project/source/Drivers/STM32F3xx_HAL_Driver/Src/stm32f3xx_hal_gpio.c.o
                              0x94fbe (size before relaxing)
 .debug_str     0x00098c80      0xe3d project/source/Drivers/STM32F3xx_HAL_Driver/Src/stm32f3xx_hal_i2c.c.o
                              0x960e2 (size before relaxing)
 .debug_str     0x00099abd       0xbf project/source/Drivers/STM32F3xx_HAL_Driver/Src/stm32f3xx_hal_i2c_ex.c.o
                              0x95386 (size before relaxing)
 .debug_str     0x00099b7c      0x2cd project/source/Drivers/STM32F3xx_HAL_Driver/Src/stm32f3xx_hal_rcc.c.o
                              0x9527f (size before relaxing)
 .debug_str     0x00099e49       0xc5 project/source/Drivers/STM32F3xx_HAL_Driver/Src/stm32f3xx_hal_rcc_ex.c.o
                              0x94f7e (size before relaxing)
 .debug_str     0x00099f0e      0x880 project/source/Drivers/STM32F3xx_HAL_Driver/Src/stm32f3xx_hal_uart.c.o
                              0x95b02 (size before relaxing)
 .debug_str     0x0009a78e       0x3d project/source/Core/Startup/startup_stm32f303k8tx.s.o
                                 0x62 (size before relaxing)

.comment        0x00000000       0x49
 .comment       0x00000000       0x49 project/source/Core/Src/fonts.c.o
                                 0x4a (size before relaxing)
 .comment       0x00000049       0x4a project/source/Core/Src/gpio.c.o
 .comment       0x00000049       0x4a project/source/Core/Src/i2c.c.o
 .comment       0x00000049       0x4a project/source/Core/Src/main.c.o
 .comment       0x00000049       0x4a project/source/Core/Src/ssd1306.c.o
 .comment       0x00000049       0x4a project/source/Core/Src/stm32f3xx_hal_msp.c.o
 .comment       0x00000049       0x4a project/source/Core/Src/stm32f3xx_it.c.o
 .comment       0x00000049       0x4a project/source/Core/Src/system_stm32f3xx.c.o
 .comment       0x00000049       0x4a project/source/Core/Src/usart.c.o
 .comment       0x00000049       0x4a project/source/Drivers/STM32F3xx_HAL_Driver/Src/stm32f3xx_hal.c.o
 .comment       0x00000049       0x4a project/source/Drivers/STM32F3xx_HAL_Driver/Src/stm32f3xx_hal_cortex.c.o
 .comment       0x00000049       0x4a project/source/Drivers/STM32F3xx_HAL_Driver/Src/stm32f3xx_hal_gpio.c.o
 .comment       0x00000049       0x4a project/source/Drivers/STM32F3xx_HAL_Driver/Src/stm32f3xx_hal_i2c.c.o
 .comment       0x00000049       0x4a project/source/Drivers/STM32F3xx_HAL_Driver/Src/stm32f3xx_hal_i2c_ex.c.o
 .comment       0x00000049       0x4a project/source/Drivers/STM32F3xx_HAL_Driver/Src/stm32f3xx_hal_rcc.c.o
 .comment       0x00000049       0x4a project/source/Drivers/STM32F3xx_HAL_Driver/Src/stm32f3xx_hal_rcc_ex.c.o
 .comment       0x00000049       0x4a project/source/Drivers/STM32F3xx_HAL_Driver/Src/stm32f3xx_hal_uart.c.o

.debug_ranges   0x00000000      0x920
 .debug_ranges  0x00000000       0x10 project/source/Core/Src/gpio.c.o
 .debug_ranges  0x00000010       0x20 project/source/Core/Src/i2c.c.o
 .debug_ranges  0x00000030       0x38 project/source/Core/Src/main.c.o
 .debug_ranges  0x00000068       0x50 project/source/Core/Src/ssd1306.c.o
 .debug_ranges  0x000000b8       0x10 project/source/Core/Src/stm32f3xx_hal_msp.c.o
 .debug_ranges  0x000000c8       0x50 project/source/Core/Src/stm32f3xx_it.c.o
 .debug_ranges  0x00000118       0x18 project/source/Core/Src/system_stm32f3xx.c.o
 .debug_ranges  0x00000130       0x20 project/source/Core/Src/usart.c.o
 .debug_ranges  0x00000150       0xd0 project/source/Drivers/STM32F3xx_HAL_Driver/Src/stm32f3xx_hal.c.o
 .debug_ranges  0x00000220       0xe0 project/source/Drivers/STM32F3xx_HAL_Driver/Src/stm32f3xx_hal_cortex.c.o
 .debug_ranges  0x00000300       0x48 project/source/Drivers/STM32F3xx_HAL_Driver/Src/stm32f3xx_hal_gpio.c.o
 .debug_ranges  0x00000348      0x290 project/source/Drivers/STM32F3xx_HAL_Driver/Src/stm32f3xx_hal_i2c.c.o
 .debug_ranges  0x000005d8       0x38 project/source/Drivers/STM32F3xx_HAL_Driver/Src/stm32f3xx_hal_i2c_ex.c.o
 .debug_ranges  0x00000610       0x98 project/source/Drivers/STM32F3xx_HAL_Driver/Src/stm32f3xx_hal_rcc.c.o
 .debug_ranges  0x000006a8       0x28 project/source/Drivers/STM32F3xx_HAL_Driver/Src/stm32f3xx_hal_rcc_ex.c.o
 .debug_ranges  0x000006d0      0x230 project/source/Drivers/STM32F3xx_HAL_Driver/Src/stm32f3xx_hal_uart.c.o
 .debug_ranges  0x00000900       0x20 project/source/Core/Startup/startup_stm32f303k8tx.s.o

.debug_frame    0x00000000     0x1930
 .debug_frame   0x00000000       0x30 project/source/Core/Src/gpio.c.o
 .debug_frame   0x00000030       0x60 project/source/Core/Src/i2c.c.o
 .debug_frame   0x00000090       0x60 project/source/Core/Src/main.c.o
 .debug_frame   0x000000f0       0xf8 project/source/Core/Src/ssd1306.c.o
 .debug_frame   0x000001e8       0x28 project/source/Core/Src/stm32f3xx_hal_msp.c.o
 .debug_frame   0x00000210       0xa8 project/source/Core/Src/stm32f3xx_it.c.o
 .debug_frame   0x000002b8       0x30 project/source/Core/Src/system_stm32f3xx.c.o
 .debug_frame   0x000002e8       0x60 project/source/Core/Src/usart.c.o
 .debug_frame   0x00000348      0x1cc project/source/Drivers/STM32F3xx_HAL_Driver/Src/stm32f3xx_hal.c.o
 .debug_frame   0x00000514      0x118 project/source/Drivers/STM32F3xx_HAL_Driver/Src/stm32f3xx_hal_cortex.c.o
 .debug_frame   0x0000062c       0xd0 project/source/Drivers/STM32F3xx_HAL_Driver/Src/stm32f3xx_hal_gpio.c.o
 .debug_frame   0x000006fc      0x98c project/source/Drivers/STM32F3xx_HAL_Driver/Src/stm32f3xx_hal_i2c.c.o
 .debug_frame   0x00001088       0x80 project/source/Drivers/STM32F3xx_HAL_Driver/Src/stm32f3xx_hal_i2c_ex.c.o
 .debug_frame   0x00001108      0x170 project/source/Drivers/STM32F3xx_HAL_Driver/Src/stm32f3xx_hal_rcc.c.o
 .debug_frame   0x00001278       0x6c project/source/Drivers/STM32F3xx_HAL_Driver/Src/stm32f3xx_hal_rcc_ex.c.o
 .debug_frame   0x000012e4      0x600 project/source/Drivers/STM32F3xx_HAL_Driver/Src/stm32f3xx_hal_uart.c.o
 .debug_frame   0x000018e4       0x2c c:/users/roboter/documents/github/embeetle2/beetle_tools/windows/gnu_arm_toolchain_10.3.1_20210824_32b/bin/../lib/gcc/arm-none-eabi/10.3.1/../../../../arm-none-eabi/lib/thumb/v7e-m+fp/hard\libg_nano.a(lib_a-init.o)
 .debug_frame   0x00001910       0x20 c:/users/roboter/documents/github/embeetle2/beetle_tools/windows/gnu_arm_toolchain_10.3.1_20210824_32b/bin/../lib/gcc/arm-none-eabi/10.3.1/../../../../arm-none-eabi/lib/thumb/v7e-m+fp/hard\libg_nano.a(lib_a-memset.o)

.debug_loc      0x00000000     0xbffb
 .debug_loc     0x00000000       0x67 project/source/Core/Src/i2c.c.o
 .debug_loc     0x00000067       0x74 project/source/Core/Src/main.c.o
 .debug_loc     0x000000db      0x2f2 project/source/Core/Src/ssd1306.c.o
 .debug_loc     0x000003cd      0x123 project/source/Core/Src/system_stm32f3xx.c.o
 .debug_loc     0x000004f0       0x84 project/source/Core/Src/usart.c.o
 .debug_loc     0x00000574      0x141 project/source/Drivers/STM32F3xx_HAL_Driver/Src/stm32f3xx_hal.c.o
 .debug_loc     0x000006b5      0x71f project/source/Drivers/STM32F3xx_HAL_Driver/Src/stm32f3xx_hal_cortex.c.o
 .debug_loc     0x00000dd4      0x3b3 project/source/Drivers/STM32F3xx_HAL_Driver/Src/stm32f3xx_hal_gpio.c.o
 .debug_loc     0x00001187     0x4c76 project/source/Drivers/STM32F3xx_HAL_Driver/Src/stm32f3xx_hal_i2c.c.o
 .debug_loc     0x00005dfd      0x202 project/source/Drivers/STM32F3xx_HAL_Driver/Src/stm32f3xx_hal_i2c_ex.c.o
 .debug_loc     0x00005fff      0xe0d project/source/Drivers/STM32F3xx_HAL_Driver/Src/stm32f3xx_hal_rcc.c.o
 .debug_loc     0x00006e0c      0x776 project/source/Drivers/STM32F3xx_HAL_Driver/Src/stm32f3xx_hal_rcc_ex.c.o
 .debug_loc     0x00007582     0x4a79 project/source/Drivers/STM32F3xx_HAL_Driver/Src/stm32f3xx_hal_uart.c.o
