../Drivers/CMSIS/Include/core_cm4.h:2064:26:ITM_SendChar	16	static,ignoring_inline_asm
../Core/Src/main.c:66:6:GPIO_Init	40	static
../Core/Src/main.c:91:6:EXTI_Init	8	static
../Core/Src/main.c:97:6:EXTI0_IRQHandler	8	static
../Core/Src/main.c:101:6:HAL_GPIO_EXTI_Callback	24	static
../Core/Src/main.c:126:5:main	8	static
../Core/Src/main.c:174:6:SystemClock_Config	88	static
../Core/Src/main.c:224:13:MX_GPIO_Init	24	static
../Core/Src/main.c:243:5:_write	32	static
../Core/Src/main.c:258:6:Error_Handler	8	static,ignoring_inline_asm
