C:/Users/roboter/Documents/GitHub/HardwareModules/STM32/STM32F429-Discovery/STM32F429I-Discovery_FW_V1.0.3/Libraries/STM32_USB_HOST_Library/Class/MSC/src/usbh_msc_scsi.c:131:9:USBH_MSC_TestUnitReady	8	static
C:/Users/roboter/Documents/GitHub/HardwareModules/STM32/STM32F429-Discovery/STM32F429I-Discovery_FW_V1.0.3/Libraries/STM32_USB_HOST_Library/Class/MSC/src/usbh_msc_scsi.c:203:9:USBH_MSC_ReadCapacity10	16	static
C:/Users/roboter/Documents/GitHub/HardwareModules/STM32/STM32F429-Discovery/STM32F429I-Discovery_FW_V1.0.3/Libraries/STM32_USB_HOST_Library/Class/MSC/src/usbh_msc_scsi.c:289:9:USBH_MSC_ModeSense6	8	static
C:/Users/roboter/Documents/GitHub/HardwareModules/STM32/STM32F429-Discovery/STM32F429I-Discovery_FW_V1.0.3/Libraries/STM32_USB_HOST_Library/Class/MSC/src/usbh_msc_scsi.c:381:9:USBH_MSC_RequestSense	8	static
C:/Users/roboter/Documents/GitHub/HardwareModules/STM32/STM32F429-Discovery/STM32F429I-Discovery_FW_V1.0.3/Libraries/STM32_USB_HOST_Library/Class/MSC/src/usbh_msc_scsi.c:477:9:USBH_MSC_Write10	16	static
C:/Users/roboter/Documents/GitHub/HardwareModules/STM32/STM32F429-Discovery/STM32F429I-Discovery_FW_V1.0.3/Libraries/STM32_USB_HOST_Library/Class/MSC/src/usbh_msc_scsi.c:565:9:USBH_MSC_Read10	32	static
