C:/Users/roboter/Documents/GitHub/HardwareModules/STM32/STM32F429-Discovery/STM32F429I-Discovery_FW_V1.0.3/Libraries/STM32_USB_HOST_Library/Class/MSC/src/usbh_msc_core.c:266:20:USBH_MSC_ClassRequest	0	static
C:/Users/roboter/Documents/GitHub/HardwareModules/STM32/STM32F429-Discovery/STM32F429I-Discovery_FW_V1.0.3/Libraries/STM32_USB_HOST_Library/Class/MSC/src/usbh_msc_core.c:240:6:USBH_MSC_InterfaceDeInit	16	static
C:/Users/roboter/Documents/GitHub/HardwareModules/STM32/STM32F429-Discovery/STM32F429I-Discovery_FW_V1.0.3/Libraries/STM32_USB_HOST_Library/Class/MSC/src/usbh_msc_core.c:171:20:USBH_MSC_InterfaceInit	32	static
C:/Users/roboter/Documents/GitHub/HardwareModules/STM32/STM32F429-Discovery/STM32F429I-Discovery_FW_V1.0.3/Libraries/STM32_USB_HOST_Library/Class/MSC/src/usbh_msc_core.c:285:20:USBH_MSC_Handle	32	static
C:/Users/roboter/Documents/GitHub/HardwareModules/STM32/STM32F429-Discovery/STM32F429I-Discovery_FW_V1.0.3/Libraries/STM32_USB_HOST_Library/Class/MSC/src/usbh_msc_core.c:518:6:USBH_MSC_ErrorHandle	0	static
