BL51 BANKED LINKER/LOCATER V5.03                                                        07/12/2012  10:58:32  PAGE 1


BL51 BANKED LINKER/LOCATER V5.03, INVOKED BY:
E:\KEIL\C51\BIN\BL51.EXE recive.obj TO recive


MEMORY MODEL: SMALL


INPUT MODULES INCLUDED:
  recive.obj (RECIVE)
  E:\KEIL\C51\LIB\C51S.LIB (?C_STARTUP)
  E:\KEIL\C51\LIB\C51S.LIB (?C?CLDOPTR)
  E:\KEIL\C51\LIB\C51S.LIB (?C?CSTOPTR)
  E:\KEIL\C51\LIB\C51S.LIB (?C_INIT)


LINK MAP OF MODULE:  recive (RECIVE)


            TYPE    BASE      LENGTH    RELOCATION   SEGMENT NAME
            -----------------------------------------------------

            * * * * * * *   D A T A   M E M O R Y   * * * * * * *
            REG     0000H     0008H     ABSOLUTE     "REG BANK 0"
            DATA    0008H     0006H     UNIT         _DATA_GROUP_
                    000EH     0012H                  *** GAP ***
            DATA    0020H     0001H     BIT_ADDR     ?BA?RECIVE
            DATA    0021H     0033H     UNIT         ?DT?RECIVE
            IDATA   0054H     0001H     UNIT         ?STACK

            * * * * * * *   C O D E   M E M O R Y   * * * * * * *
            CODE    0000H     0003H     ABSOLUTE     
            CODE    0003H     008CH     UNIT         ?C_C51STARTUP
            CODE    008FH     006FH     UNIT         ?PR?MAIN?RECIVE
            CODE    00FEH     004FH     UNIT         ?C?LIB_CODE
            CODE    014DH     003BH     UNIT         ?PR?RX_MODE?RECIVE
            CODE    0188H     0031H     UNIT         ?PR?_SPI_READ_BUF?RECIVE
            CODE    01B9H     002FH     UNIT         ?PR?_SPI_WRITE_BUF?RECIVE
            CODE    01E8H     0026H     UNIT         ?PR?_DELAY?RECIVE
            CODE    020EH     0024H     UNIT         ?PR?INIT?RECIVE
            CODE    0232H     0019H     UNIT         ?PR?_SPI_RW?RECIVE
            CODE    024BH     0018H     UNIT         ?PR?_WRITE_COMMAND?RECIVE
            CODE    0263H     0014H     UNIT         ?C_INITSEG
            CODE    0277H     0013H     UNIT         ?PR?_DELAY_MS?RECIVE
            CODE    028AH     0011H     UNIT         ?PR?_SPI_RW_REG?RECIVE
            CODE    029BH     000FH     UNIT         ?PR?_WRITE_DATA?RECIVE
            CODE    02AAH     000DH     UNIT         ?PR?_SPI_READ?RECIVE
            CODE    02B7H     0009H     UNIT         ?PR?INIT_IO?RECIVE
            CODE    02C0H     0005H     UNIT         ?CO?RECIVE



OVERLAY MAP OF MODULE:   recive (RECIVE)


SEGMENT                             DATA_GROUP 
  +--> CALLED SEGMENT             START    LENGTH
-------------------------------------------------
?C_C51STARTUP                     -----    -----
BL51 BANKED LINKER/LOCATER V5.03                                                      07/12/2012  10:58:32  PAGE 2


  +--> ?PR?MAIN?RECIVE
  +--> ?C_INITSEG

?PR?MAIN?RECIVE                   0008H    0001H
  +--> ?PR?INIT_IO?RECIVE
  +--> ?PR?INIT?RECIVE
  +--> ?PR?RX_MODE?RECIVE
  +--> ?PR?_SPI_READ?RECIVE
  +--> ?PR?_SPI_READ_BUF?RECIVE
  +--> ?PR?_SPI_RW_REG?RECIVE
  +--> ?PR?_WRITE_COMMAND?RECIVE
  +--> ?PR?_WRITE_DATA?RECIVE
  +--> ?PR?_DELAY_MS?RECIVE

?PR?INIT?RECIVE                   -----    -----
  +--> ?PR?_WRITE_COMMAND?RECIVE

?PR?_WRITE_COMMAND?RECIVE         -----    -----
  +--> ?PR?_DELAY?RECIVE

?PR?RX_MODE?RECIVE                -----    -----
  +--> ?CO?RECIVE
  +--> ?PR?_SPI_WRITE_BUF?RECIVE
  +--> ?PR?_SPI_RW_REG?RECIVE

?PR?_SPI_WRITE_BUF?RECIVE         0009H    0005H
  +--> ?PR?_SPI_RW?RECIVE

?PR?_SPI_RW_REG?RECIVE            -----    -----
  +--> ?PR?_SPI_RW?RECIVE

?PR?_SPI_READ?RECIVE              -----    -----
  +--> ?PR?_SPI_RW?RECIVE

?PR?_SPI_READ_BUF?RECIVE          0009H    0005H
  +--> ?PR?_SPI_RW?RECIVE

?PR?_WRITE_DATA?RECIVE            -----    -----
  +--> ?PR?_DELAY?RECIVE



SYMBOL TABLE OF MODULE:  recive (RECIVE)

  VALUE           TYPE          NAME
  ----------------------------------

  -------         MODULE        RECIVE
  C:0000H         SYMBOL        _ICE_DUMMY_
  D:0080H         PUBLIC        P0
  D:0090H         PUBLIC        P1
  D:00A0H         PUBLIC        P2
  B:0090H.0       PUBLIC        CE
  C:014DH         PUBLIC        RX_Mode
  C:0254H         PUBLIC        _Write_Command
  C:02C0H         PUBLIC        TX_ADDRESS
  D:0021H         PUBLIC        string
BL51 BANKED LINKER/LOCATER V5.03                                                      07/12/2012  10:58:32  PAGE 3


  D:0032H         PUBLIC        flag
  B:0020H.6       PUBLIC        RX_DR
  B:0020H.5       PUBLIC        TX_DS
  B:00A0H.0       PUBLIC        RS
  C:008FH         PUBLIC        main
  B:00A0H.1       PUBLIC        RW
  C:0188H         PUBLIC        _SPI_Read_Buf
  C:02AAH         PUBLIC        _SPI_Read
  C:0277H         PUBLIC        _delay_ms
  C:020EH         PUBLIC        init
  B:0090H.4       PUBLIC        MISO
  B:0090H.3       PUBLIC        MOSI
  C:01B9H         PUBLIC        _SPI_Write_Buf
  B:00A0H.2       PUBLIC        E
  D:0020H         PUBLIC        sta
  C:029BH         PUBLIC        _Write_Data
  C:028AH         PUBLIC        _SPI_RW_Reg
  C:0232H         PUBLIC        _SPI_RW
  B:0090H.2       PUBLIC        SCK
  B:0090H.1       PUBLIC        CSN
  D:0033H         PUBLIC        RX_BUF
  D:0043H         PUBLIC        k
  D:0044H         PUBLIC        TX_BUF
  B:0090H.5       PUBLIC        IRQ
  B:0020H.4       PUBLIC        MAX_RT
  C:02B7H         PUBLIC        init_io
  C:01EEH         PUBLIC        _delay
  -------         PROC          L?0050
  -------         ENDPROC       L?0050
  -------         PROC          _DELAY
  D:0006H         SYMBOL        x
  -------         DO            
  D:0004H         SYMBOL        i
  D:0002H         SYMBOL        j
  -------         ENDDO         
  C:01EEH         LINE#         85
  C:01EEH         LINE#         86
  C:01EEH         LINE#         88
  C:01F8H         LINE#         89
  C:020DH         LINE#         90
  -------         ENDPROC       _DELAY
  C:024DH         SYMBOL        L?0049
  -------         PROC          L?0048
  -------         ENDPROC       L?0048
  C:024DH         SYMBOL        L?0049
  -------         PROC          _WRITE_COMMAND
  D:0007H         SYMBOL        command
  C:0254H         LINE#         98
  C:0254H         LINE#         99
  C:0254H         LINE#         100
  C:0256H         LINE#         101
  C:0258H         LINE#         102
  C:025AH         LINE#         103
  C:025CH         LINE#         104
  C:025DH         LINE#         105
  C:025DH         LINE#         106
  C:0260H         LINE#         107
BL51 BANKED LINKER/LOCATER V5.03                                                      07/12/2012  10:58:32  PAGE 4


  C:0262H         LINE#         108
  -------         ENDPROC       _WRITE_COMMAND
  -------         PROC          _WRITE_DATA
  D:0007H         SYMBOL        dat
  C:029BH         LINE#         115
  C:029BH         LINE#         116
  C:029BH         LINE#         117
  C:029DH         LINE#         118
  C:029FH         LINE#         119
  C:02A1H         LINE#         120
  C:02A3H         LINE#         121
  C:02A4H         LINE#         122
  C:02A4H         LINE#         123
  C:02A7H         LINE#         124
  C:02A9H         LINE#         125
  -------         ENDPROC       _WRITE_DATA
  -------         PROC          INIT
  C:020EH         LINE#         132
  C:020EH         LINE#         133
  C:020EH         LINE#         134
  C:0210H         LINE#         135
  C:0213H         LINE#         136
  C:0213H         LINE#         137
  C:0216H         LINE#         138
  C:0216H         LINE#         139
  C:0219H         LINE#         140
  C:021EH         LINE#         141
  C:0223H         LINE#         142
  C:0228H         LINE#         143
  C:022DH         LINE#         144
  -------         ENDPROC       INIT
  -------         PROC          INIT_IO
  C:02B7H         LINE#         152
  C:02B7H         LINE#         153
  C:02B7H         LINE#         154
  C:02B9H         LINE#         155
  C:02BBH         LINE#         156
  C:02BDH         LINE#         157
  C:02BFH         LINE#         159
  -------         ENDPROC       INIT_IO
  -------         PROC          _DELAY_MS
  D:0007H         SYMBOL        x
  -------         DO            
  D:0006H         SYMBOL        i
  D:0005H         SYMBOL        j
  -------         ENDDO         
  C:0277H         LINE#         168
  C:0277H         LINE#         169
  C:0277H         LINE#         171
  C:0279H         LINE#         172
  C:027EH         LINE#         173
  C:027EH         LINE#         174
  C:0280H         LINE#         175
  C:0282H         LINE#         176
  C:0284H         LINE#         177
  C:0286H         LINE#         178
  C:0289H         LINE#         179
BL51 BANKED LINKER/LOCATER V5.03                                                      07/12/2012  10:58:32  PAGE 5


  -------         ENDPROC       _DELAY_MS
  -------         PROC          _SPI_RW
  D:0007H         SYMBOL        byte
  -------         DO            
  D:0006H         SYMBOL        i
  -------         ENDDO         
  C:0232H         LINE#         189
  C:0232H         LINE#         190
  C:0232H         LINE#         192
  C:0234H         LINE#         193
  C:0234H         LINE#         194
  C:0238H         LINE#         195
  C:023CH         LINE#         196
  C:023EH         LINE#         197
  C:0244H         LINE#         198
  C:0246H         LINE#         199
  C:024AH         LINE#         200
  C:024AH         LINE#         201
  -------         ENDPROC       _SPI_RW
  -------         PROC          _SPI_RW_REG
  D:0007H         SYMBOL        reg
  D:0005H         SYMBOL        value
  -------         DO            
  D:0004H         SYMBOL        status
  -------         ENDDO         
  C:028AH         LINE#         210
  C:028AH         LINE#         211
  C:028AH         LINE#         213
  C:028CH         LINE#         214
  C:0291H         LINE#         215
  C:0296H         LINE#         216
  C:0298H         LINE#         217
  C:029AH         LINE#         218
  -------         ENDPROC       _SPI_RW_REG
  -------         PROC          _SPI_READ
  D:0007H         SYMBOL        reg
  -------         DO            
  D:0007H         SYMBOL        reg_val
  -------         ENDDO         
  C:02AAH         LINE#         227
  C:02AAH         LINE#         228
  C:02AAH         LINE#         230
  C:02ACH         LINE#         231
  C:02AFH         LINE#         232
  C:02B4H         LINE#         233
  C:02B6H         LINE#         234
  C:02B6H         LINE#         235
  -------         ENDPROC       _SPI_READ
  -------         PROC          _SPI_READ_BUF
  D:0007H         SYMBOL        reg
  D:000AH         SYMBOL        pBuf
  D:000DH         SYMBOL        bytes
  -------         DO            
  D:0005H         SYMBOL        status
  D:0004H         SYMBOL        i
  -------         ENDDO         
  C:0188H         LINE#         245
BL51 BANKED LINKER/LOCATER V5.03                                                      07/12/2012  10:58:32  PAGE 6


  C:018EH         LINE#         246
  C:018EH         LINE#         248
  C:0190H         LINE#         249
  C:0195H         LINE#         250
  C:019DH         LINE#         251
  C:01B4H         LINE#         252
  C:01B6H         LINE#         253
  C:01B8H         LINE#         254
  -------         ENDPROC       _SPI_READ_BUF
  -------         PROC          _SPI_WRITE_BUF
  D:0007H         SYMBOL        reg
  D:000AH         SYMBOL        pBuf
  D:000DH         SYMBOL        bytes
  -------         DO            
  D:0005H         SYMBOL        status
  D:0004H         SYMBOL        i
  -------         ENDDO         
  C:01B9H         LINE#         264
  C:01BFH         LINE#         265
  C:01BFH         LINE#         267
  C:01C1H         LINE#         268
  C:01C6H         LINE#         269
  C:01CEH         LINE#         270
  C:01E3H         LINE#         271
  C:01E5H         LINE#         272
  C:01E7H         LINE#         273
  -------         ENDPROC       _SPI_WRITE_BUF
  -------         PROC          RX_MODE
  C:014DH         LINE#         282
  C:014DH         LINE#         283
  C:014DH         LINE#         284
  C:014FH         LINE#         285
  C:015DH         LINE#         286
  C:0164H         LINE#         287
  C:0169H         LINE#         288
  C:0170H         LINE#         289
  C:0177H         LINE#         290
  C:017EH         LINE#         291
  C:0185H         LINE#         292
  C:0187H         LINE#         293
  -------         ENDPROC       RX_MODE
  -------         PROC          MAIN
  -------         DO            
  D:0008H         SYMBOL        i
  -------         ENDDO         
  C:008FH         LINE#         325
  C:008FH         LINE#         326
  C:008FH         LINE#         327
  C:0092H         LINE#         328
  C:0095H         LINE#         330
  C:0095H         LINE#         331
  C:0095H         LINE#         332
  C:0098H         LINE#         333
  C:009FH         LINE#         334
  C:00A2H         LINE#         335
  C:00A2H         LINE#         336
  C:00B0H         LINE#         337
BL51 BANKED LINKER/LOCATER V5.03                                                      07/12/2012  10:58:32  PAGE 7


  C:00B3H         LINE#         338
  C:00B3H         LINE#         339
  C:00BAH         LINE#         340
  C:00BEH         LINE#         341
  C:00BEH         LINE#         343
  C:00C1H         LINE#         344
  C:00C6H         LINE#         345
  C:00C9H         LINE#         346
  C:00C9H         LINE#         347
  C:00D3H         LINE#         349
  C:00DCH         LINE#         351
  C:00E1H         LINE#         352
  C:00E4H         LINE#         353
  C:00E4H         LINE#         354
  C:00EEH         LINE#         356
  C:00F7H         LINE#         357
  C:00FCH         LINE#         363
  C:00FCH         LINE#         364
  -------         ENDPROC       MAIN
  -------         ENDMOD        RECIVE

  -------         MODULE        ?C?CLDOPTR
  C:00FEH         PUBLIC        ?C?CLDOPTR
  -------         ENDMOD        ?C?CLDOPTR

  -------         MODULE        ?C?CSTOPTR
  C:012BH         PUBLIC        ?C?CSTOPTR
  -------         ENDMOD        ?C?CSTOPTR

Program Size: data=67.0 xdata=0 code=709
LINK/LOCATE RUN COMPLETE.  0 WARNING(S),  0 ERROR(S)
