C:/Users/roboter/Documents/GitHub/HardwareModules/STM32/STM32F429-Discovery/STM32F429I-Discovery_FW_V1.0.3/Utilities/STM32F429I-Discovery/stm32f429i_discovery_lcd.c:114:6:LCD_DeInit	24	static
C:/Users/roboter/Documents/GitHub/HardwareModules/STM32/STM32F429-Discovery/STM32F429I-Discovery_FW_V1.0.3/Utilities/STM32F429I-Discovery/stm32f429i_discovery_lcd.c:316:6:LCD_LayerInit	80	static
C:/Users/roboter/Documents/GitHub/HardwareModules/STM32/STM32F429-Discovery/STM32F429I-Discovery_FW_V1.0.3/Utilities/STM32F429I-Discovery/stm32f429i_discovery_lcd.c:397:6:LCD_ChipSelect	0	static
C:/Users/roboter/Documents/GitHub/HardwareModules/STM32/STM32F429-Discovery/STM32F429I-Discovery_FW_V1.0.3/Utilities/STM32F429I-Discovery/stm32f429i_discovery_lcd.c:414:6:LCD_SetLayer	4	static
C:/Users/roboter/Documents/GitHub/HardwareModules/STM32/STM32F429-Discovery/STM32F429I-Discovery_FW_V1.0.3/Utilities/STM32F429I-Discovery/stm32f429i_discovery_lcd.c:434:6:LCD_SetColors	0	static
C:/Users/roboter/Documents/GitHub/HardwareModules/STM32/STM32F429-Discovery/STM32F429I-Discovery_FW_V1.0.3/Utilities/STM32F429I-Discovery/stm32f429i_discovery_lcd.c:448:6:LCD_GetColors	0	static
C:/Users/roboter/Documents/GitHub/HardwareModules/STM32/STM32F429-Discovery/STM32F429I-Discovery_FW_V1.0.3/Utilities/STM32F429I-Discovery/stm32f429i_discovery_lcd.c:459:6:LCD_SetTextColor	0	static
C:/Users/roboter/Documents/GitHub/HardwareModules/STM32/STM32F429-Discovery/STM32F429I-Discovery_FW_V1.0.3/Utilities/STM32F429I-Discovery/stm32f429i_discovery_lcd.c:469:6:LCD_SetBackColor	0	static
C:/Users/roboter/Documents/GitHub/HardwareModules/STM32/STM32F429-Discovery/STM32F429I-Discovery_FW_V1.0.3/Utilities/STM32F429I-Discovery/stm32f429i_discovery_lcd.c:479:6:LCD_SetFont	0	static
C:/Users/roboter/Documents/GitHub/HardwareModules/STM32/STM32F429-Discovery/STM32F429I-Discovery_FW_V1.0.3/Utilities/STM32F429I-Discovery/stm32f429i_discovery_lcd.c:490:6:LCD_SetTransparency	8	static
C:/Users/roboter/Documents/GitHub/HardwareModules/STM32/STM32F429-Discovery/STM32F429I-Discovery_FW_V1.0.3/Utilities/STM32F429I-Discovery/stm32f429i_discovery_lcd.c:508:8:LCD_GetFont	0	static
C:/Users/roboter/Documents/GitHub/HardwareModules/STM32/STM32F429-Discovery/STM32F429I-Discovery_FW_V1.0.3/Utilities/STM32F429I-Discovery/stm32f429i_discovery_lcd.c:540:6:LCD_Clear	0	static
C:/Users/roboter/Documents/GitHub/HardwareModules/STM32/STM32F429-Discovery/STM32F429I-Discovery_FW_V1.0.3/Utilities/STM32F429I-Discovery/stm32f429i_discovery_lcd.c:557:10:LCD_SetCursor	0	static
C:/Users/roboter/Documents/GitHub/HardwareModules/STM32/STM32F429-Discovery/STM32F429I-Discovery_FW_V1.0.3/Utilities/STM32F429I-Discovery/stm32f429i_discovery_lcd.c:567:6:LCD_SetColorKeying	24	static
C:/Users/roboter/Documents/GitHub/HardwareModules/STM32/STM32F429-Discovery/STM32F429I-Discovery_FW_V1.0.3/Utilities/STM32F429I-Discovery/stm32f429i_discovery_lcd.c:595:6:LCD_ReSetColorKeying	24	static
C:/Users/roboter/Documents/GitHub/HardwareModules/STM32/STM32F429-Discovery/STM32F429I-Discovery_FW_V1.0.3/Utilities/STM32F429I-Discovery/stm32f429i_discovery_lcd.c:620:6:LCD_DrawChar	48	static
C:/Users/roboter/Documents/GitHub/HardwareModules/STM32/STM32F429-Discovery/STM32F429I-Discovery_FW_V1.0.3/Utilities/STM32F429I-Discovery/stm32f429i_discovery_lcd.c:522:6:LCD_ClearLine	16	static
C:/Users/roboter/Documents/GitHub/HardwareModules/STM32/STM32F429-Discovery/STM32F429I-Discovery_FW_V1.0.3/Utilities/STM32F429I-Discovery/stm32f429i_discovery_lcd.c:660:6:LCD_DisplayChar	0	static
C:/Users/roboter/Documents/GitHub/HardwareModules/STM32/STM32F429-Discovery/STM32F429I-Discovery_FW_V1.0.3/Utilities/STM32F429I-Discovery/stm32f429i_discovery_lcd.c:675:6:LCD_DisplayStringLine	24	static
C:/Users/roboter/Documents/GitHub/HardwareModules/STM32/STM32F429-Discovery/STM32F429I-Discovery_FW_V1.0.3/Utilities/STM32F429I-Discovery/stm32f429i_discovery_lcd.c:698:6:LCD_SetDisplayWindow	16	static
C:/Users/roboter/Documents/GitHub/HardwareModules/STM32/STM32F429-Discovery/STM32F429I-Discovery_FW_V1.0.3/Utilities/STM32F429I-Discovery/stm32f429i_discovery_lcd.c:728:6:LCD_WindowModeDisable	8	static
C:/Users/roboter/Documents/GitHub/HardwareModules/STM32/STM32F429-Discovery/STM32F429I-Discovery_FW_V1.0.3/Utilities/STM32F429I-Discovery/stm32f429i_discovery_lcd.c:742:6:LCD_DrawLine	64	static
C:/Users/roboter/Documents/GitHub/HardwareModules/STM32/STM32F429-Discovery/STM32F429I-Discovery_FW_V1.0.3/Utilities/STM32F429I-Discovery/stm32f429i_discovery_lcd.c:796:6:LCD_DrawRect	88	static
C:/Users/roboter/Documents/GitHub/HardwareModules/STM32/STM32F429-Discovery/STM32F429I-Discovery_FW_V1.0.3/Utilities/STM32F429I-Discovery/stm32f429i_discovery_lcd.c:814:6:LCD_DrawCircle	32	static
C:/Users/roboter/Documents/GitHub/HardwareModules/STM32/STM32F429-Discovery/STM32F429I-Discovery_FW_V1.0.3/Utilities/STM32F429I-Discovery/stm32f429i_discovery_lcd.c:841:6:LCD_DrawFullEllipse	112	static
C:/Users/roboter/Documents/GitHub/HardwareModules/STM32/STM32F429-Discovery/STM32F429I-Discovery_FW_V1.0.3/Utilities/STM32F429I-Discovery/stm32f429i_discovery_lcd.c:898:6:LCD_DrawEllipse	32	static
C:/Users/roboter/Documents/GitHub/HardwareModules/STM32/STM32F429-Discovery/STM32F429I-Discovery_FW_V1.0.3/Utilities/STM32F429I-Discovery/stm32f429i_discovery_lcd.c:951:6:LCD_DrawMonoPict	20	static
C:/Users/roboter/Documents/GitHub/HardwareModules/STM32/STM32F429-Discovery/STM32F429I-Discovery_FW_V1.0.3/Utilities/STM32F429I-Discovery/stm32f429i_discovery_lcd.c:977:6:LCD_WriteBMP	40	static
C:/Users/roboter/Documents/GitHub/HardwareModules/STM32/STM32F429-Discovery/STM32F429I-Discovery_FW_V1.0.3/Utilities/STM32F429I-Discovery/stm32f429i_discovery_lcd.c:1089:6:LCD_DrawFullRect	64	static
C:/Users/roboter/Documents/GitHub/HardwareModules/STM32/STM32F429-Discovery/STM32F429I-Discovery_FW_V1.0.3/Utilities/STM32F429I-Discovery/stm32f429i_discovery_lcd.c:1134:6:LCD_DrawFullCircle	96	static
C:/Users/roboter/Documents/GitHub/HardwareModules/STM32/STM32F429-Discovery/STM32F429I-Discovery_FW_V1.0.3/Utilities/STM32F429I-Discovery/stm32f429i_discovery_lcd.c:1181:6:LCD_DrawUniLine	96	static
C:/Users/roboter/Documents/GitHub/HardwareModules/STM32/STM32F429-Discovery/STM32F429I-Discovery_FW_V1.0.3/Utilities/STM32F429I-Discovery/stm32f429i_discovery_lcd.c:1253:6:LCD_Triangle	8	static
C:/Users/roboter/Documents/GitHub/HardwareModules/STM32/STM32F429-Discovery/STM32F429I-Discovery_FW_V1.0.3/Utilities/STM32F429I-Discovery/stm32f429i_discovery_lcd.c:1279:6:LCD_FillTriangle	144	static
C:/Users/roboter/Documents/GitHub/HardwareModules/STM32/STM32F429-Discovery/STM32F429I-Discovery_FW_V1.0.3/Utilities/STM32F429I-Discovery/stm32f429i_discovery_lcd.c:1355:6:LCD_PolyLine	104	static
C:/Users/roboter/Documents/GitHub/HardwareModules/STM32/STM32F429-Discovery/STM32F429I-Discovery_FW_V1.0.3/Utilities/STM32F429I-Discovery/stm32f429i_discovery_lcd.c:1411:6:LCD_ClosedPolyLine	24	static
C:/Users/roboter/Documents/GitHub/HardwareModules/STM32/STM32F429-Discovery/STM32F429I-Discovery_FW_V1.0.3/Utilities/STM32F429I-Discovery/stm32f429i_discovery_lcd.c:1423:6:LCD_PolyLineRelative	112	static
C:/Users/roboter/Documents/GitHub/HardwareModules/STM32/STM32F429-Discovery/STM32F429I-Discovery_FW_V1.0.3/Utilities/STM32F429I-Discovery/stm32f429i_discovery_lcd.c:1434:6:LCD_ClosedPolyLineRelative	24	static
C:/Users/roboter/Documents/GitHub/HardwareModules/STM32/STM32F429-Discovery/STM32F429I-Discovery_FW_V1.0.3/Utilities/STM32F429I-Discovery/stm32f429i_discovery_lcd.c:1445:6:LCD_FillPolyLine	56	static
C:/Users/roboter/Documents/GitHub/HardwareModules/STM32/STM32F429-Discovery/STM32F429I-Discovery_FW_V1.0.3/Utilities/STM32F429I-Discovery/stm32f429i_discovery_lcd.c:1511:6:LCD_WriteCommand	8	static
C:/Users/roboter/Documents/GitHub/HardwareModules/STM32/STM32F429-Discovery/STM32F429I-Discovery_FW_V1.0.3/Utilities/STM32F429I-Discovery/stm32f429i_discovery_lcd.c:1535:6:LCD_WriteData	8	static
C:/Users/roboter/Documents/GitHub/HardwareModules/STM32/STM32F429-Discovery/STM32F429I-Discovery_FW_V1.0.3/Utilities/STM32F429I-Discovery/stm32f429i_discovery_lcd.c:1558:6:LCD_PowerOn	24	static
C:/Users/roboter/Documents/GitHub/HardwareModules/STM32/STM32F429-Discovery/STM32F429I-Discovery_FW_V1.0.3/Utilities/STM32F429I-Discovery/stm32f429i_discovery_lcd.c:1683:6:LCD_DisplayOn	8	static
C:/Users/roboter/Documents/GitHub/HardwareModules/STM32/STM32F429-Discovery/STM32F429I-Discovery_FW_V1.0.3/Utilities/STM32F429I-Discovery/stm32f429i_discovery_lcd.c:1693:6:LCD_DisplayOff	8	static
C:/Users/roboter/Documents/GitHub/HardwareModules/STM32/STM32F429-Discovery/STM32F429I-Discovery_FW_V1.0.3/Utilities/STM32F429I-Discovery/stm32f429i_discovery_lcd.c:1706:6:LCD_CtrlLinesConfig	24	static
C:/Users/roboter/Documents/GitHub/HardwareModules/STM32/STM32F429-Discovery/STM32F429I-Discovery_FW_V1.0.3/Utilities/STM32F429I-Discovery/stm32f429i_discovery_lcd.c:1743:6:LCD_CtrlLinesWrite	0	static
C:/Users/roboter/Documents/GitHub/HardwareModules/STM32/STM32F429-Discovery/STM32F429I-Discovery_FW_V1.0.3/Utilities/STM32F429I-Discovery/stm32f429i_discovery_lcd.c:1754:6:LCD_SPIConfig	40	static
C:/Users/roboter/Documents/GitHub/HardwareModules/STM32/STM32F429-Discovery/STM32F429I-Discovery_FW_V1.0.3/Utilities/STM32F429I-Discovery/stm32f429i_discovery_lcd.c:231:6:LCD_Init	72	static
