C:/Users/roboter/Documents/GitHub/HardwareModules/STM32/STM32F429-Discovery/STM32F429I-Discovery_FW_V1.0.3/Libraries/STM32_USB_HOST_Library/Core/src/usbh_ioreq.c:105:13:USBH_CtlReq	0	static
C:/Users/roboter/Documents/GitHub/HardwareModules/STM32/STM32F429-Discovery/STM32F429I-Discovery_FW_V1.0.3/Libraries/STM32_USB_HOST_Library/Core/src/usbh_ioreq.c:158:13:USBH_CtlSendSetup	8	static
C:/Users/roboter/Documents/GitHub/HardwareModules/STM32/STM32F429-Discovery/STM32F429I-Discovery_FW_V1.0.3/Libraries/STM32_USB_HOST_Library/Core/src/usbh_ioreq.c:179:13:USBH_CtlSendData	16	static
C:/Users/roboter/Documents/GitHub/HardwareModules/STM32/STM32F429-Discovery/STM32F429I-Discovery_FW_V1.0.3/Libraries/STM32_USB_HOST_Library/Core/src/usbh_ioreq.c:218:13:USBH_CtlReceiveData	8	static
C:/Users/roboter/Documents/GitHub/HardwareModules/STM32/STM32F429-Discovery/STM32F429I-Discovery_FW_V1.0.3/Libraries/STM32_USB_HOST_Library/Core/src/usbh_ioreq.c:245:13:USBH_BulkSendData	16	static
C:/Users/roboter/Documents/GitHub/HardwareModules/STM32/STM32F429-Discovery/STM32F429I-Discovery_FW_V1.0.3/Libraries/STM32_USB_HOST_Library/Core/src/usbh_ioreq.c:278:13:USBH_BulkReceiveData	16	static
C:/Users/roboter/Documents/GitHub/HardwareModules/STM32/STM32F429-Discovery/STM32F429I-Discovery_FW_V1.0.3/Libraries/STM32_USB_HOST_Library/Core/src/usbh_ioreq.c:311:13:USBH_InterruptReceiveData	16	static
C:/Users/roboter/Documents/GitHub/HardwareModules/STM32/STM32F429-Discovery/STM32F429I-Discovery_FW_V1.0.3/Libraries/STM32_USB_HOST_Library/Core/src/usbh_ioreq.c:349:13:USBH_InterruptSendData	16	static
C:/Users/roboter/Documents/GitHub/HardwareModules/STM32/STM32F429-Discovery/STM32F429I-Discovery_FW_V1.0.3/Libraries/STM32_USB_HOST_Library/Core/src/usbh_ioreq.c:413:13:USBH_IsocReceiveData	16	static
C:/Users/roboter/Documents/GitHub/HardwareModules/STM32/STM32F429-Discovery/STM32F429I-Discovery_FW_V1.0.3/Libraries/STM32_USB_HOST_Library/Core/src/usbh_ioreq.c:439:13:USBH_IsocSendData	16	static
