C:/Users/roboter/Documents/GitHub/HardwareModules/STM32/STM32F429-Discovery/STM32F429I-Discovery_FW_V1.0.3/Libraries/STemWinLibrary522_4x9i/Config/GUIDRV_stm32f429i_discovery.c:469:18:_DMA_MixColors	24	static,ignoring_inline_asm
C:/Users/roboter/Documents/GitHub/HardwareModules/STM32/STM32F429-Discovery/STM32F429I-Discovery_FW_V1.0.3/Libraries/STemWinLibrary522_4x9i/Config/GUIDRV_stm32f429i_discovery.c:716:13:_LCD_MixColorsBulk	88	static
C:/Users/roboter/Documents/GitHub/HardwareModules/STM32/STM32F429-Discovery/STM32F429I-Discovery_FW_V1.0.3/Libraries/STemWinLibrary522_4x9i/Config/GUIDRV_stm32f429i_discovery.c:654:13:_DMA_AlphaBlending	32	static
C:/Users/roboter/Documents/GitHub/HardwareModules/STM32/STM32F429-Discovery/STM32F429I-Discovery_FW_V1.0.3/Libraries/STemWinLibrary522_4x9i/Config/GUIDRV_stm32f429i_discovery.c:295:1:_Index2ColorBulk_M1555I_DMA2D	8	static
C:/Users/roboter/Documents/GitHub/HardwareModules/STM32/STM32F429-Discovery/STM32F429I-Discovery_FW_V1.0.3/Libraries/STemWinLibrary522_4x9i/Config/GUIDRV_stm32f429i_discovery.c:565:25:_LCD_GetpPalConvTable	24	static
C:/Users/roboter/Documents/GitHub/HardwareModules/STM32/STM32F429-Discovery/STM32F429I-Discovery_FW_V1.0.3/Libraries/STemWinLibrary522_4x9i/Config/GUIDRV_stm32f429i_discovery.c:293:1:_Color2IndexBulk_M888_DMA2D	16	static
C:/Users/roboter/Documents/GitHub/HardwareModules/STM32/STM32F429-Discovery/STM32F429I-Discovery_FW_V1.0.3/Libraries/STemWinLibrary522_4x9i/Config/GUIDRV_stm32f429i_discovery.c:292:1:_Index2ColorBulk_M8888I_DMA2D	12	static
C:/Users/roboter/Documents/GitHub/HardwareModules/STM32/STM32F429-Discovery/STM32F429I-Discovery_FW_V1.0.3/Libraries/STemWinLibrary522_4x9i/Config/GUIDRV_stm32f429i_discovery.c:293:1:_Index2ColorBulk_M888_DMA2D	12	static
C:/Users/roboter/Documents/GitHub/HardwareModules/STM32/STM32F429-Discovery/STM32F429I-Discovery_FW_V1.0.3/Libraries/STemWinLibrary522_4x9i/Config/GUIDRV_stm32f429i_discovery.c:292:1:_Color2IndexBulk_M8888I_DMA2D	16	static
C:/Users/roboter/Documents/GitHub/HardwareModules/STM32/STM32F429-Discovery/STM32F429I-Discovery_FW_V1.0.3/Libraries/STemWinLibrary522_4x9i/Config/GUIDRV_stm32f429i_discovery.c:296:1:_Color2IndexBulk_M4444I_DMA2D	16	static
C:/Users/roboter/Documents/GitHub/HardwareModules/STM32/STM32F429-Discovery/STM32F429I-Discovery_FW_V1.0.3/Libraries/STemWinLibrary522_4x9i/Config/GUIDRV_stm32f429i_discovery.c:296:1:_Index2ColorBulk_M4444I_DMA2D	8	static
C:/Users/roboter/Documents/GitHub/HardwareModules/STM32/STM32F429-Discovery/STM32F429I-Discovery_FW_V1.0.3/Libraries/STemWinLibrary522_4x9i/Config/GUIDRV_stm32f429i_discovery.c:294:1:_Color2IndexBulk_M565_DMA2D	16	static
C:/Users/roboter/Documents/GitHub/HardwareModules/STM32/STM32F429-Discovery/STM32F429I-Discovery_FW_V1.0.3/Libraries/STemWinLibrary522_4x9i/Config/GUIDRV_stm32f429i_discovery.c:294:1:_Index2ColorBulk_M565_DMA2D	8	static
C:/Users/roboter/Documents/GitHub/HardwareModules/STM32/STM32F429-Discovery/STM32F429I-Discovery_FW_V1.0.3/Libraries/STemWinLibrary522_4x9i/Config/GUIDRV_stm32f429i_discovery.c:295:1:_Color2IndexBulk_M1555I_DMA2D	16	static
C:/Users/roboter/Documents/GitHub/HardwareModules/STM32/STM32F429-Discovery/STM32F429I-Discovery_FW_V1.0.3/Libraries/STemWinLibrary522_4x9i/Config/GUIDRV_stm32f429i_discovery.c:1048:13:_LCD_CopyBuffer	12	static
C:/Users/roboter/Documents/GitHub/HardwareModules/STM32/STM32F429-Discovery/STM32F429I-Discovery_FW_V1.0.3/Libraries/STemWinLibrary522_4x9i/Config/GUIDRV_stm32f429i_discovery.c:1095:13:_LCD_DrawBitmap16bpp	16	static
C:/Users/roboter/Documents/GitHub/HardwareModules/STM32/STM32F429-Discovery/STM32F429I-Discovery_FW_V1.0.3/Libraries/STemWinLibrary522_4x9i/Config/GUIDRV_stm32f429i_discovery.c:1111:13:_LCD_DrawBitmap8bpp	16	static
C:/Users/roboter/Documents/GitHub/HardwareModules/STM32/STM32F429-Discovery/STM32F429I-Discovery_FW_V1.0.3/Libraries/STemWinLibrary522_4x9i/Config/GUIDRV_stm32f429i_discovery.c:1061:13:_LCD_CopyRect	20	static
C:/Users/roboter/Documents/GitHub/HardwareModules/STM32/STM32F429-Discovery/STM32F429I-Discovery_FW_V1.0.3/Libraries/STemWinLibrary522_4x9i/Config/GUIDRV_stm32f429i_discovery.c:1074:13:_LCD_FillRect	32	static
C:/Users/roboter/Documents/GitHub/HardwareModules/STM32/STM32F429-Discovery/STM32F429I-Discovery_FW_V1.0.3/Libraries/STemWinLibrary522_4x9i/Config/GUIDRV_stm32f429i_discovery.c:1136:6:DMA2D_ISR_Handler	0	static
C:/Users/roboter/Documents/GitHub/HardwareModules/STM32/STM32F429-Discovery/STM32F429I-Discovery_FW_V1.0.3/Libraries/STemWinLibrary522_4x9i/Config/GUIDRV_stm32f429i_discovery.c:1147:6:LTDC_ISR_Handler	16	static
C:/Users/roboter/Documents/GitHub/HardwareModules/STM32/STM32F429-Discovery/STM32F429I-Discovery_FW_V1.0.3/Libraries/STemWinLibrary522_4x9i/Config/GUIDRV_stm32f429i_discovery.c:1201:5:LCD_X_DisplayDriver	96	static
C:/Users/roboter/Documents/GitHub/HardwareModules/STM32/STM32F429-Discovery/STM32F429I-Discovery_FW_V1.0.3/Libraries/STemWinLibrary522_4x9i/Config/GUIDRV_stm32f429i_discovery.c:1342:6:LCD_X_Config	40	static
