C:/PROJECTS/Hardware/STM32/32F746GDISCOVERY/CubeIde/LTDC_PicturesFromSDCard/Drivers/BSP/STM32746G-Discovery/stm32746g_discovery.c:536:13:I2Cx_Init	56	static
C:/PROJECTS/Hardware/STM32/32F746GDISCOVERY/CubeIde/LTDC_PicturesFromSDCard/Drivers/BSP/STM32746G-Discovery/stm32746g_discovery.c:604:26:I2Cx_WriteMultiple	32	static
C:/PROJECTS/Hardware/STM32/32F746GDISCOVERY/CubeIde/LTDC_PicturesFromSDCard/Drivers/BSP/STM32746G-Discovery/stm32746g_discovery.c:574:26:I2Cx_ReadMultiple	32	static
C:/PROJECTS/Hardware/STM32/32F746GDISCOVERY/CubeIde/LTDC_PicturesFromSDCard/Drivers/BSP/STM32746G-Discovery/stm32746g_discovery.c:161:10:BSP_GetVersion	0	static
C:/PROJECTS/Hardware/STM32/32F746GDISCOVERY/CubeIde/LTDC_PicturesFromSDCard/Drivers/BSP/STM32746G-Discovery/stm32746g_discovery.c:173:6:BSP_LED_Init	40	static
C:/PROJECTS/Hardware/STM32/32F746GDISCOVERY/CubeIde/LTDC_PicturesFromSDCard/Drivers/BSP/STM32746G-Discovery/stm32746g_discovery.c:205:6:BSP_LED_DeInit	8	static
C:/PROJECTS/Hardware/STM32/32F746GDISCOVERY/CubeIde/LTDC_PicturesFromSDCard/Drivers/BSP/STM32746G-Discovery/stm32746g_discovery.c:228:6:BSP_LED_On	0	static
C:/PROJECTS/Hardware/STM32/32F746GDISCOVERY/CubeIde/LTDC_PicturesFromSDCard/Drivers/BSP/STM32746G-Discovery/stm32746g_discovery.c:246:6:BSP_LED_Off	0	static
C:/PROJECTS/Hardware/STM32/32F746GDISCOVERY/CubeIde/LTDC_PicturesFromSDCard/Drivers/BSP/STM32746G-Discovery/stm32746g_discovery.c:264:6:BSP_LED_Toggle	0	static
C:/PROJECTS/Hardware/STM32/32F746GDISCOVERY/CubeIde/LTDC_PicturesFromSDCard/Drivers/BSP/STM32746G-Discovery/stm32746g_discovery.c:292:6:BSP_PB_Init	48	static
C:/PROJECTS/Hardware/STM32/32F746GDISCOVERY/CubeIde/LTDC_PicturesFromSDCard/Drivers/BSP/STM32746G-Discovery/stm32746g_discovery.c:346:6:BSP_PB_DeInit	16	static
C:/PROJECTS/Hardware/STM32/32F746GDISCOVERY/CubeIde/LTDC_PicturesFromSDCard/Drivers/BSP/STM32746G-Discovery/stm32746g_discovery.c:368:10:BSP_PB_GetState	8	static
C:/PROJECTS/Hardware/STM32/32F746GDISCOVERY/CubeIde/LTDC_PicturesFromSDCard/Drivers/BSP/STM32746G-Discovery/stm32746g_discovery.c:383:6:BSP_COM_Init	56	static
C:/PROJECTS/Hardware/STM32/32F746GDISCOVERY/CubeIde/LTDC_PicturesFromSDCard/Drivers/BSP/STM32746G-Discovery/stm32746g_discovery.c:423:6:BSP_COM_DeInit	8	static
C:/PROJECTS/Hardware/STM32/32F746GDISCOVERY/CubeIde/LTDC_PicturesFromSDCard/Drivers/BSP/STM32746G-Discovery/stm32746g_discovery.c:662:6:AUDIO_IO_Init	0	static
C:/PROJECTS/Hardware/STM32/32F746GDISCOVERY/CubeIde/LTDC_PicturesFromSDCard/Drivers/BSP/STM32746G-Discovery/stm32746g_discovery.c:671:6:AUDIO_IO_DeInit	0	static
C:/PROJECTS/Hardware/STM32/32F746GDISCOVERY/CubeIde/LTDC_PicturesFromSDCard/Drivers/BSP/STM32746G-Discovery/stm32746g_discovery.c:682:6:AUDIO_IO_Write	24	static
C:/PROJECTS/Hardware/STM32/32F746GDISCOVERY/CubeIde/LTDC_PicturesFromSDCard/Drivers/BSP/STM32746G-Discovery/stm32746g_discovery.c:699:10:AUDIO_IO_Read	24	static
C:/PROJECTS/Hardware/STM32/32F746GDISCOVERY/CubeIde/LTDC_PicturesFromSDCard/Drivers/BSP/STM32746G-Discovery/stm32746g_discovery.c:719:6:AUDIO_IO_Delay	0	static
C:/PROJECTS/Hardware/STM32/32F746GDISCOVERY/CubeIde/LTDC_PicturesFromSDCard/Drivers/BSP/STM32746G-Discovery/stm32746g_discovery.c:730:6:CAMERA_IO_Init	0	static
C:/PROJECTS/Hardware/STM32/32F746GDISCOVERY/CubeIde/LTDC_PicturesFromSDCard/Drivers/BSP/STM32746G-Discovery/stm32746g_discovery.c:742:6:CAMERA_IO_Write	24	static
C:/PROJECTS/Hardware/STM32/32F746GDISCOVERY/CubeIde/LTDC_PicturesFromSDCard/Drivers/BSP/STM32746G-Discovery/stm32746g_discovery.c:753:9:CAMERA_IO_Read	24	static
C:/PROJECTS/Hardware/STM32/32F746GDISCOVERY/CubeIde/LTDC_PicturesFromSDCard/Drivers/BSP/STM32746G-Discovery/stm32746g_discovery.c:767:6:CAMERA_Delay	0	static
C:/PROJECTS/Hardware/STM32/32F746GDISCOVERY/CubeIde/LTDC_PicturesFromSDCard/Drivers/BSP/STM32746G-Discovery/stm32746g_discovery.c:778:6:EEPROM_IO_Init	0	static
C:/PROJECTS/Hardware/STM32/32F746GDISCOVERY/CubeIde/LTDC_PicturesFromSDCard/Drivers/BSP/STM32746G-Discovery/stm32746g_discovery.c:791:19:EEPROM_IO_WriteData	16	static
C:/PROJECTS/Hardware/STM32/32F746GDISCOVERY/CubeIde/LTDC_PicturesFromSDCard/Drivers/BSP/STM32746G-Discovery/stm32746g_discovery.c:804:19:EEPROM_IO_ReadData	16	static
C:/PROJECTS/Hardware/STM32/32F746GDISCOVERY/CubeIde/LTDC_PicturesFromSDCard/Drivers/BSP/STM32746G-Discovery/stm32746g_discovery.c:816:19:EEPROM_IO_IsDeviceReady	0	static
C:/PROJECTS/Hardware/STM32/32F746GDISCOVERY/CubeIde/LTDC_PicturesFromSDCard/Drivers/BSP/STM32746G-Discovery/stm32746g_discovery.c:827:6:TS_IO_Init	0	static
C:/PROJECTS/Hardware/STM32/32F746GDISCOVERY/CubeIde/LTDC_PicturesFromSDCard/Drivers/BSP/STM32746G-Discovery/stm32746g_discovery.c:839:6:TS_IO_Write	24	static
C:/PROJECTS/Hardware/STM32/32F746GDISCOVERY/CubeIde/LTDC_PicturesFromSDCard/Drivers/BSP/STM32746G-Discovery/stm32746g_discovery.c:850:9:TS_IO_Read	24	static
C:/PROJECTS/Hardware/STM32/32F746GDISCOVERY/CubeIde/LTDC_PicturesFromSDCard/Drivers/BSP/STM32746G-Discovery/stm32746g_discovery.c:864:6:TS_IO_Delay	0	static
