C:/Users/robby/STM32CubeIDE/workspace_1.18.0/LTDC_PicturesFromSDCard/Drivers/BSP/STM32746G-Discovery/stm32746g_discovery_sd.c:206:9:BSP_SD_ITConfig	32	static
C:/Users/robby/STM32CubeIDE/workspace_1.18.0/LTDC_PicturesFromSDCard/Drivers/BSP/STM32746G-Discovery/stm32746g_discovery_sd.c:228:9:BSP_SD_IsDetected	16	static
C:/Users/robby/STM32CubeIDE/workspace_1.18.0/LTDC_PicturesFromSDCard/Drivers/BSP/STM32746G-Discovery/stm32746g_discovery_sd.c:249:9:BSP_SD_ReadBlocks	16	static
C:/Users/robby/STM32CubeIDE/workspace_1.18.0/LTDC_PicturesFromSDCard/Drivers/BSP/STM32746G-Discovery/stm32746g_discovery_sd.c:269:9:BSP_SD_WriteBlocks	16	static
C:/Users/robby/STM32CubeIDE/workspace_1.18.0/LTDC_PicturesFromSDCard/Drivers/BSP/STM32746G-Discovery/stm32746g_discovery_sd.c:288:9:BSP_SD_ReadBlocks_DMA	8	static
C:/Users/robby/STM32CubeIDE/workspace_1.18.0/LTDC_PicturesFromSDCard/Drivers/BSP/STM32746G-Discovery/stm32746g_discovery_sd.c:308:9:BSP_SD_WriteBlocks_DMA	8	static
C:/Users/robby/STM32CubeIDE/workspace_1.18.0/LTDC_PicturesFromSDCard/Drivers/BSP/STM32746G-Discovery/stm32746g_discovery_sd.c:327:9:BSP_SD_Erase	8	static
C:/Users/robby/STM32CubeIDE/workspace_1.18.0/LTDC_PicturesFromSDCard/Drivers/BSP/STM32746G-Discovery/stm32746g_discovery_sd.c:345:13:BSP_SD_MspInit	80	static
C:/Users/robby/STM32CubeIDE/workspace_1.18.0/LTDC_PicturesFromSDCard/Drivers/BSP/STM32746G-Discovery/stm32746g_discovery_sd.c:444:13:BSP_SD_Detect_MspInit	32	static
C:/Users/robby/STM32CubeIDE/workspace_1.18.0/LTDC_PicturesFromSDCard/Drivers/BSP/STM32746G-Discovery/stm32746g_discovery_sd.c:132:9:BSP_SD_Init	16	static
C:/Users/robby/STM32CubeIDE/workspace_1.18.0/LTDC_PicturesFromSDCard/Drivers/BSP/STM32746G-Discovery/stm32746g_discovery_sd.c:464:13:BSP_SD_MspDeInit	8	static
C:/Users/robby/STM32CubeIDE/workspace_1.18.0/LTDC_PicturesFromSDCard/Drivers/BSP/STM32746G-Discovery/stm32746g_discovery_sd.c:183:9:BSP_SD_DeInit	16	static
C:/Users/robby/STM32CubeIDE/workspace_1.18.0/LTDC_PicturesFromSDCard/Drivers/BSP/STM32746G-Discovery/stm32746g_discovery_sd.c:501:9:BSP_SD_GetCardState	8	static
C:/Users/robby/STM32CubeIDE/workspace_1.18.0/LTDC_PicturesFromSDCard/Drivers/BSP/STM32746G-Discovery/stm32746g_discovery_sd.c:512:6:BSP_SD_GetCardInfo	0	static
C:/Users/robby/STM32CubeIDE/workspace_1.18.0/LTDC_PicturesFromSDCard/Drivers/BSP/STM32746G-Discovery/stm32746g_discovery_sd.c:552:13:BSP_SD_AbortCallback	0	static
C:/Users/robby/STM32CubeIDE/workspace_1.18.0/LTDC_PicturesFromSDCard/Drivers/BSP/STM32746G-Discovery/stm32746g_discovery_sd.c:523:6:HAL_SD_AbortCallback	8	static
C:/Users/robby/STM32CubeIDE/workspace_1.18.0/LTDC_PicturesFromSDCard/Drivers/BSP/STM32746G-Discovery/stm32746g_discovery_sd.c:561:13:BSP_SD_WriteCpltCallback	0	static
C:/Users/robby/STM32CubeIDE/workspace_1.18.0/LTDC_PicturesFromSDCard/Drivers/BSP/STM32746G-Discovery/stm32746g_discovery_sd.c:533:6:HAL_SD_TxCpltCallback	8	static
C:/Users/robby/STM32CubeIDE/workspace_1.18.0/LTDC_PicturesFromSDCard/Drivers/BSP/STM32746G-Discovery/stm32746g_discovery_sd.c:570:13:BSP_SD_ReadCpltCallback	0	static
C:/Users/robby/STM32CubeIDE/workspace_1.18.0/LTDC_PicturesFromSDCard/Drivers/BSP/STM32746G-Discovery/stm32746g_discovery_sd.c:543:6:HAL_SD_RxCpltCallback	8	static
