C:/Users/roboter/Documents/GitHub/HardwareModules/STM32/STM32F429-Discovery/STM32F429I-Discovery_FW_V1.0.3/Libraries/STemWinLibrary522_4x9i/OS/GUI_X_FreeRTOS.c:82:5:GUI_X_GetTime	0	static
C:/Users/roboter/Documents/GitHub/HardwareModules/STM32/STM32F429-Discovery/STM32F429I-Discovery_FW_V1.0.3/Libraries/STemWinLibrary522_4x9i/OS/GUI_X_FreeRTOS.c:87:6:GUI_X_Delay	0	static
C:/Users/roboter/Documents/GitHub/HardwareModules/STM32/STM32F429-Discovery/STM32F429I-Discovery_FW_V1.0.3/Libraries/STemWinLibrary522_4x9i/OS/GUI_X_FreeRTOS.c:102:6:GUI_X_Init	0	static
C:/Users/roboter/Documents/GitHub/HardwareModules/STM32/STM32F429-Discovery/STM32F429I-Discovery_FW_V1.0.3/Libraries/STemWinLibrary522_4x9i/OS/GUI_X_FreeRTOS.c:114:6:GUI_X_ExecIdle	0	static
C:/Users/roboter/Documents/GitHub/HardwareModules/STM32/STM32F429-Discovery/STM32F429I-Discovery_FW_V1.0.3/Libraries/STemWinLibrary522_4x9i/OS/GUI_X_FreeRTOS.c:135:6:GUI_X_InitOS	8	static
C:/Users/roboter/Documents/GitHub/HardwareModules/STM32/STM32F429-Discovery/STM32F429I-Discovery_FW_V1.0.3/Libraries/STemWinLibrary522_4x9i/OS/GUI_X_FreeRTOS.c:146:6:GUI_X_Unlock	0	static
C:/Users/roboter/Documents/GitHub/HardwareModules/STM32/STM32F429-Discovery/STM32F429I-Discovery_FW_V1.0.3/Libraries/STemWinLibrary522_4x9i/OS/GUI_X_FreeRTOS.c:151:6:GUI_X_Lock	16	static
C:/Users/roboter/Documents/GitHub/HardwareModules/STM32/STM32F429-Discovery/STM32F429I-Discovery_FW_V1.0.3/Libraries/STemWinLibrary522_4x9i/OS/GUI_X_FreeRTOS.c:162:5:GUI_X_GetTaskId	0	static
C:/Users/roboter/Documents/GitHub/HardwareModules/STM32/STM32F429-Discovery/STM32F429I-Discovery_FW_V1.0.3/Libraries/STemWinLibrary522_4x9i/OS/GUI_X_FreeRTOS.c:167:6:GUI_X_WaitEvent	8	static
C:/Users/roboter/Documents/GitHub/HardwareModules/STM32/STM32F429-Discovery/STM32F429I-Discovery_FW_V1.0.3/Libraries/STemWinLibrary522_4x9i/OS/GUI_X_FreeRTOS.c:173:6:GUI_X_SignalEvent	0	static
C:/Users/roboter/Documents/GitHub/HardwareModules/STM32/STM32F429-Discovery/STM32F429I-Discovery_FW_V1.0.3/Libraries/STemWinLibrary522_4x9i/OS/GUI_X_FreeRTOS.c:192:6:GUI_X_Log	0	static
C:/Users/roboter/Documents/GitHub/HardwareModules/STM32/STM32F429-Discovery/STM32F429I-Discovery_FW_V1.0.3/Libraries/STemWinLibrary522_4x9i/OS/GUI_X_FreeRTOS.c:193:6:GUI_X_Warn	0	static
C:/Users/roboter/Documents/GitHub/HardwareModules/STM32/STM32F429-Discovery/STM32F429I-Discovery_FW_V1.0.3/Libraries/STemWinLibrary522_4x9i/OS/GUI_X_FreeRTOS.c:194:6:GUI_X_ErrorOut	0	static
