<html>
<body>
<pre>
<h1>µVision Build Log</h1>
<h2>Tool Versions:</h2>
IDE-Version: µVision V5.38.0.0
Copyright (C) 2022 ARM Ltd and ARM Germany GmbH. All rights reserved.
License Information: waa fff, ddd, LIC=----
 
Tool Versions:
Toolchain:       MDK-Lite  Version: 5.38.0.0
Toolchain Path:  C:\Keil_v5\ARM\ARMCLANG\Bin
C Compiler:      ArmClang.exe V6.19
Assembler:       Armasm.exe V6.19
Linker/Locator:  ArmLink.exe V6.19
Library Manager: ArmAr.exe V6.19
Hex Converter:   FromElf.exe V6.19
CPU DLL:         SARMCM3.DLL V5.38.0.0
Dialog DLL:      DARMCM1.DLL V1.19.6.0
Target DLL:      STLink\ST-LINKIII-KEIL_SWO.dll V3.1.0.0
Dialog DLL:      TARMCM1.DLL V1.14.6.0
 
<h2>Project:</h2>
C:\Users\roboter\Documents\GitHub\HARDWARE\Hardware\Geehy\APM32F072VB\APM32F0xx_SDK_v1.6\Examples\GPIO\GPIO_Toggle\Project\MDK\GPIO_Toggle.uvprojx
Project File Date:  07/02/2023

<h2>Output:</h2>
*** Using Compiler 'V6.19', folder: 'C:\Keil_v5\ARM\ARMCLANG\Bin'
Rebuild target 'APM32F030'
assembling startup_apm32f030.s...
creating preprocessor file for system_apm32f0xx.c...
creating preprocessor file for apm32f0xx_eint.c...
creating preprocessor file for apm32f0xx_gpio.c...
../../../../../Library/Device/Geehy/APM32F0xx/Source/system_apm32f0xx.c(26): warning: In file included from...
../../../../../Library/Device/Geehy/APM32F0xx/Include\apm32f0xx.h(320): warning: In file included from...
../../../../../Library/CMSIS/Include\core_cm0plus.h(117): warning: "Compiler generates FPU instructions for a device without an FPU (check __FPU_PRESENT)" [-W#warnings]
    #warning "Compiler generates FPU instructions for a device without an FPU (check __FPU_PRESENT)"
     ^
1 warning generated.
compiling system_apm32f0xx.c...
../../../../../Library/APM32F0xx_StdPeriphDriver/src/apm32f0xx_eint.c(26): warning: In file included from...
../../../../../Library/APM32F0xx_StdPeriphDriver/inc\apm32f0xx_eint.h(33): warning: In file included from...
../../../../../Library/Device/Geehy/APM32F0xx/Include\apm32f0xx.h(320): warning: In file included from...
../../../../../Library/CMSIS/Include\core_cm0plus.h(117): warning: "Compiler generates FPU instructions for a device without an FPU (check __FPU_PRESENT)" [-W#warnings]
    #warning "Compiler generates FPU instructions for a device without an FPU (check __FPU_PRESENT)"
     ^
1 warning generated.
compiling apm32f0xx_eint.c...
../../../../../Library/APM32F0xx_StdPeriphDriver/src/apm32f0xx_gpio.c(26): warning: In file included from...
../../../../../Library/APM32F0xx_StdPeriphDriver/inc\apm32f0xx_gpio.h(33): warning: In file included from...
../../../../../Library/Device/Geehy/APM32F0xx/Include\apm32f0xx.h(320): warning: In file included from...
../../../../../Library/CMSIS/Include\core_cm0plus.h(117): warning: "Compiler generates FPU instructions for a device without an FPU (check __FPU_PRESENT)" [-W#warnings]
    #warning "Compiler generates FPU instructions for a device without an FPU (check __FPU_PRESENT)"
     ^
1 warning generated.
compiling apm32f0xx_gpio.c...
creating preprocessor file for apm32f0xx_rcm.c...
creating preprocessor file for apm32f0xx_usart.c...
creating preprocessor file for apm32f0xx_misc.c...
../../../../../Library/APM32F0xx_StdPeriphDriver/src/apm32f0xx_misc.c(26): warning: In file included from...
../../../../../Library/APM32F0xx_StdPeriphDriver/inc\apm32f0xx_misc.h(34): warning: In file included from...
../../../../../Library/Device/Geehy/APM32F0xx/Include\apm32f0xx.h(320): warning: In file included from...
../../../../../Library/CMSIS/Include\core_cm0plus.h(117): warning: "Compiler generates FPU instructions for a device without an FPU (check __FPU_PRESENT)" [-W#warnings]
    #warning "Compiler generates FPU instructions for a device without an FPU (check __FPU_PRESENT)"
     ^
1 warning generated.
compiling apm32f0xx_misc.c...
creating preprocessor file for Board.c...
creating preprocessor file for main.c...
../../../../../Library/APM32F0xx_StdPeriphDriver/src/apm32f0xx_rcm.c(26): warning: In file included from...
../../../../../Library/APM32F0xx_StdPeriphDriver/inc\apm32f0xx_rcm.h(33): warning: In file included from...
../../../../../Library/Device/Geehy/APM32F0xx/Include\apm32f0xx.h(320): warning: In file included from...
../../../../../Library/CMSIS/Include\core_cm0plus.h(117): warning: "Compiler generates FPU instructions for a device without an FPU (check __FPU_PRESENT)" [-W#warnings]
    #warning "Compiler generates FPU instructions for a device without an FPU (check __FPU_PRESENT)"
     ^
1 warning generated.
compiling apm32f0xx_rcm.c...
../../../../../Board/Board.c(26): warning: In file included from...
../../../../../Board/Board.h(34): warning: In file included from...
../../../../../Board/Board_APM32F030_MINI/Board_APM32F030_MINI.h(33): warning: In file included from...
../../../../../Library/Device/Geehy/APM32F0xx/Include\apm32f0xx.h(320): warning: In file included from...
../../../../../Library/CMSIS/Include\core_cm0plus.h(117): warning: "Compiler generates FPU instructions for a device without an FPU (check __FPU_PRESENT)" [-W#warnings]
    #warning "Compiler generates FPU instructions for a device without an FPU (check __FPU_PRESENT)"
     ^
1 warning generated.
compiling Board.c...
../../../../../Library/APM32F0xx_StdPeriphDriver/src/apm32f0xx_usart.c(26): warning: In file included from...
../../../../../Library/APM32F0xx_StdPeriphDriver/inc\apm32f0xx_usart.h(33): warning: In file included from...
../../../../../Library/Device/Geehy/APM32F0xx/Include\apm32f0xx.h(320): warning: In file included from...
../../../../../Library/CMSIS/Include\core_cm0plus.h(117): warning: "Compiler generates FPU instructions for a device without an FPU (check __FPU_PRESENT)" [-W#warnings]
    #warning "Compiler generates FPU instructions for a device without an FPU (check __FPU_PRESENT)"
     ^
1 warning generated.
compiling apm32f0xx_usart.c...
../../Source/main.c(26): warning: In file included from...
../../../../../Board\Board.h(34): warning: In file included from...
../../../../../Board/Board_APM32F030_MINI/Board_APM32F030_MINI.h(33): warning: In file included from...
../../../../../Library/Device/Geehy/APM32F0xx/Include\apm32f0xx.h(320): warning: In file included from...
../../../../../Library/CMSIS/Include\core_cm0plus.h(117): warning: "Compiler generates FPU instructions for a device without an FPU (check __FPU_PRESENT)" [-W#warnings]
    #warning "Compiler generates FPU instructions for a device without an FPU (check __FPU_PRESENT)"
     ^
1 warning generated.
compiling main.c...
creating preprocessor file for apm32f0xx_int.c...
../../Source/apm32f0xx_int.c(26): warning: In file included from...
../../Include\apm32f0xx_int.h(33): warning: In file included from...
../../../../../Library/Device/Geehy/APM32F0xx/Include\apm32f0xx.h(320): warning: In file included from...
../../../../../Library/CMSIS/Include\core_cm0plus.h(117): warning: "Compiler generates FPU instructions for a device without an FPU (check __FPU_PRESENT)" [-W#warnings]
    #warning "Compiler generates FPU instructions for a device without an FPU (check __FPU_PRESENT)"
     ^
1 warning generated.
compiling apm32f0xx_int.c...
linking...
Program Size: Code=622 RO-data=222 RW-data=8 ZI-data=1024  
FromELF: creating hex file...
".\Out\APM32F030\GPIO_Toggle.axf" - 0 Error(s), 9 Warning(s).

<h2>Software Packages used:</h2>

Package Vendor: Geehy
                https://www.geehy.com/uploads/tool/Geehy.APM32F0xx_DFP.1.0.9.pack
                Geehy.APM32F0xx_DFP.1.0.9
                Geehy Semiconductor APM32F0xx Series Device Support

<h2>Collection of Component include folders:</h2>
  C:/Users/roboter/AppData/Local/Arm/Packs/Geehy/APM32F0xx_DFP/1.0.9/Device/Device/Geehy/APM32F0xx/Include

<h2>Collection of Component Files used:</h2>
Build Time Elapsed:  00:00:01
</pre>
</body>
</html>
