C:/Users/roboter/Documents/GitHub/HardwareModules/STM32/STM32F429-Discovery/STM32F429I-Discovery_FW_V1.0.3/Projects/Demonstration/Core/User/main.c:126:13:Background_Task	32	static
C:/Users/roboter/Documents/GitHub/HardwareModules/STM32/STM32F429-Discovery/STM32F429I-Discovery_FW_V1.0.3/Projects/Demonstration/Core/User/main.c:211:13:vTimerCallback	0	static
C:/Users/roboter/Documents/GitHub/HardwareModules/STM32/STM32F429-Discovery/STM32F429I-Discovery_FW_V1.0.3/Projects/Demonstration/Core/User/main.c:181:13:Demo_Task	8	static
C:/Users/roboter/Documents/GitHub/HardwareModules/STM32/STM32F429-Discovery/STM32F429I-Discovery_FW_V1.0.3/Projects/Demonstration/Core/User/main.c:66:5:main	40	static
C:/Users/roboter/Documents/GitHub/HardwareModules/STM32/STM32F429-Discovery/STM32F429I-Discovery_FW_V1.0.3/Projects/Demonstration/Core/User/main.c:221:6:vApplicationMallocFailedHook	0	static
