C:/Users/roboter/Documents/GitHub/HardwareModules/STM32/STM32F429-Discovery/STM32F429I-Discovery_FW_V1.0.3/Libraries/STM32F4xx_StdPeriph_Driver/src/stm32f4xx_i2c.c:137:6:I2C_DeInit	8	static
C:/Users/roboter/Documents/GitHub/HardwareModules/STM32/STM32F429-Discovery/STM32F429I-Discovery_FW_V1.0.3/Libraries/STM32F4xx_StdPeriph_Driver/src/stm32f4xx_i2c.c:180:6:I2C_Init	32	static
C:/Users/roboter/Documents/GitHub/HardwareModules/STM32/STM32F429-Discovery/STM32F429I-Discovery_FW_V1.0.3/Libraries/STM32F4xx_StdPeriph_Driver/src/stm32f4xx_i2c.c:289:6:I2C_StructInit	4	static
C:/Users/roboter/Documents/GitHub/HardwareModules/STM32/STM32F429-Discovery/STM32F429I-Discovery_FW_V1.0.3/Libraries/STM32F4xx_StdPeriph_Driver/src/stm32f4xx_i2c.c:313:6:I2C_Cmd	0	static
C:/Users/roboter/Documents/GitHub/HardwareModules/STM32/STM32F429-Discovery/STM32F429I-Discovery_FW_V1.0.3/Libraries/STM32F4xx_StdPeriph_Driver/src/stm32f4xx_i2c.c:342:6:I2C_AnalogFilterCmd	0	static
C:/Users/roboter/Documents/GitHub/HardwareModules/STM32/STM32F429-Discovery/STM32F429I-Discovery_FW_V1.0.3/Libraries/STM32F4xx_StdPeriph_Driver/src/stm32f4xx_i2c.c:371:6:I2C_DigitalFilterConfig	0	static
C:/Users/roboter/Documents/GitHub/HardwareModules/STM32/STM32F429-Discovery/STM32F429I-Discovery_FW_V1.0.3/Libraries/STM32F4xx_StdPeriph_Driver/src/stm32f4xx_i2c.c:399:6:I2C_GenerateSTART	0	static
C:/Users/roboter/Documents/GitHub/HardwareModules/STM32/STM32F429-Discovery/STM32F429I-Discovery_FW_V1.0.3/Libraries/STM32F4xx_StdPeriph_Driver/src/stm32f4xx_i2c.c:423:6:I2C_GenerateSTOP	0	static
C:/Users/roboter/Documents/GitHub/HardwareModules/STM32/STM32F429-Discovery/STM32F429I-Discovery_FW_V1.0.3/Libraries/STM32F4xx_StdPeriph_Driver/src/stm32f4xx_i2c.c:451:6:I2C_Send7bitAddress	0	static
C:/Users/roboter/Documents/GitHub/HardwareModules/STM32/STM32F429-Discovery/STM32F429I-Discovery_FW_V1.0.3/Libraries/STM32F4xx_StdPeriph_Driver/src/stm32f4xx_i2c.c:478:6:I2C_AcknowledgeConfig	0	static
C:/Users/roboter/Documents/GitHub/HardwareModules/STM32/STM32F429-Discovery/STM32F429I-Discovery_FW_V1.0.3/Libraries/STM32F4xx_StdPeriph_Driver/src/stm32f4xx_i2c.c:501:6:I2C_OwnAddress2Config	0	static
C:/Users/roboter/Documents/GitHub/HardwareModules/STM32/STM32F429-Discovery/STM32F429I-Discovery_FW_V1.0.3/Libraries/STM32F4xx_StdPeriph_Driver/src/stm32f4xx_i2c.c:528:6:I2C_DualAddressCmd	0	static
C:/Users/roboter/Documents/GitHub/HardwareModules/STM32/STM32F429-Discovery/STM32F429I-Discovery_FW_V1.0.3/Libraries/STM32F4xx_StdPeriph_Driver/src/stm32f4xx_i2c.c:552:6:I2C_GeneralCallCmd	0	static
C:/Users/roboter/Documents/GitHub/HardwareModules/STM32/STM32F429-Discovery/STM32F429I-Discovery_FW_V1.0.3/Libraries/STM32F4xx_StdPeriph_Driver/src/stm32f4xx_i2c.c:578:6:I2C_SoftwareResetCmd	0	static
C:/Users/roboter/Documents/GitHub/HardwareModules/STM32/STM32F429-Discovery/STM32F429I-Discovery_FW_V1.0.3/Libraries/STM32F4xx_StdPeriph_Driver/src/stm32f4xx_i2c.c:602:6:I2C_StretchClockCmd	0	static
C:/Users/roboter/Documents/GitHub/HardwareModules/STM32/STM32F429-Discovery/STM32F429I-Discovery_FW_V1.0.3/Libraries/STM32F4xx_StdPeriph_Driver/src/stm32f4xx_i2c.c:628:6:I2C_FastModeDutyCycleConfig	0	static
C:/Users/roboter/Documents/GitHub/HardwareModules/STM32/STM32F429-Discovery/STM32F429I-Discovery_FW_V1.0.3/Libraries/STM32F4xx_StdPeriph_Driver/src/stm32f4xx_i2c.c:666:6:I2C_NACKPositionConfig	0	static
C:/Users/roboter/Documents/GitHub/HardwareModules/STM32/STM32F429-Discovery/STM32F429I-Discovery_FW_V1.0.3/Libraries/STM32F4xx_StdPeriph_Driver/src/stm32f4xx_i2c.c:694:6:I2C_SMBusAlertConfig	0	static
C:/Users/roboter/Documents/GitHub/HardwareModules/STM32/STM32F429-Discovery/STM32F429I-Discovery_FW_V1.0.3/Libraries/STM32F4xx_StdPeriph_Driver/src/stm32f4xx_i2c.c:718:6:I2C_ARPCmd	0	static
C:/Users/roboter/Documents/GitHub/HardwareModules/STM32/STM32F429-Discovery/STM32F429I-Discovery_FW_V1.0.3/Libraries/STM32F4xx_StdPeriph_Driver/src/stm32f4xx_i2c.c:756:6:I2C_SendData	0	static
C:/Users/roboter/Documents/GitHub/HardwareModules/STM32/STM32F429-Discovery/STM32F429I-Discovery_FW_V1.0.3/Libraries/STM32F4xx_StdPeriph_Driver/src/stm32f4xx_i2c.c:769:9:I2C_ReceiveData	0	static
C:/Users/roboter/Documents/GitHub/HardwareModules/STM32/STM32F429-Discovery/STM32F429I-Discovery_FW_V1.0.3/Libraries/STM32F4xx_StdPeriph_Driver/src/stm32f4xx_i2c.c:800:6:I2C_TransmitPEC	0	static
C:/Users/roboter/Documents/GitHub/HardwareModules/STM32/STM32F429-Discovery/STM32F429I-Discovery_FW_V1.0.3/Libraries/STM32F4xx_StdPeriph_Driver/src/stm32f4xx_i2c.c:831:6:I2C_PECPositionConfig	0	static
C:/Users/roboter/Documents/GitHub/HardwareModules/STM32/STM32F429-Discovery/STM32F429I-Discovery_FW_V1.0.3/Libraries/STM32F4xx_StdPeriph_Driver/src/stm32f4xx_i2c.c:855:6:I2C_CalculatePEC	0	static
C:/Users/roboter/Documents/GitHub/HardwareModules/STM32/STM32F429-Discovery/STM32F429I-Discovery_FW_V1.0.3/Libraries/STM32F4xx_StdPeriph_Driver/src/stm32f4xx_i2c.c:877:9:I2C_GetPEC	0	static
C:/Users/roboter/Documents/GitHub/HardwareModules/STM32/STM32F429-Discovery/STM32F429I-Discovery_FW_V1.0.3/Libraries/STM32F4xx_StdPeriph_Driver/src/stm32f4xx_i2c.c:910:6:I2C_DMACmd	0	static
C:/Users/roboter/Documents/GitHub/HardwareModules/STM32/STM32F429-Discovery/STM32F429I-Discovery_FW_V1.0.3/Libraries/STM32F4xx_StdPeriph_Driver/src/stm32f4xx_i2c.c:934:6:I2C_DMALastTransferCmd	0	static
C:/Users/roboter/Documents/GitHub/HardwareModules/STM32/STM32F429-Discovery/STM32F429I-Discovery_FW_V1.0.3/Libraries/STM32F4xx_StdPeriph_Driver/src/stm32f4xx_i2c.c:1072:10:I2C_ReadRegister	8	static
C:/Users/roboter/Documents/GitHub/HardwareModules/STM32/STM32F429-Discovery/STM32F429I-Discovery_FW_V1.0.3/Libraries/STM32F4xx_StdPeriph_Driver/src/stm32f4xx_i2c.c:1099:6:I2C_ITConfig	0	static
C:/Users/roboter/Documents/GitHub/HardwareModules/STM32/STM32F429-Discovery/STM32F429I-Discovery_FW_V1.0.3/Libraries/STM32F4xx_StdPeriph_Driver/src/stm32f4xx_i2c.c:1158:13:I2C_CheckEvent	0	static
C:/Users/roboter/Documents/GitHub/HardwareModules/STM32/STM32F429-Discovery/STM32F429I-Discovery_FW_V1.0.3/Libraries/STM32F4xx_StdPeriph_Driver/src/stm32f4xx_i2c.c:1206:10:I2C_GetLastEvent	0	static
C:/Users/roboter/Documents/GitHub/HardwareModules/STM32/STM32F429-Discovery/STM32F429I-Discovery_FW_V1.0.3/Libraries/STM32F4xx_StdPeriph_Driver/src/stm32f4xx_i2c.c:1261:12:I2C_GetFlagStatus	8	static
C:/Users/roboter/Documents/GitHub/HardwareModules/STM32/STM32F429-Discovery/STM32F429I-Discovery_FW_V1.0.3/Libraries/STM32F4xx_StdPeriph_Driver/src/stm32f4xx_i2c.c:1338:6:I2C_ClearFlag	0	static
C:/Users/roboter/Documents/GitHub/HardwareModules/STM32/STM32F429-Discovery/STM32F429I-Discovery_FW_V1.0.3/Libraries/STM32F4xx_StdPeriph_Driver/src/stm32f4xx_i2c.c:1372:10:I2C_GetITStatus	0	static
C:/Users/roboter/Documents/GitHub/HardwareModules/STM32/STM32F429-Discovery/STM32F429I-Discovery_FW_V1.0.3/Libraries/STM32F4xx_StdPeriph_Driver/src/stm32f4xx_i2c.c:1432:6:I2C_ClearITPendingBit	0	static
