C:/Users/roboter/Documents/GitHub/HardwareModules/STM32/STM32F429-Discovery/STM32F429I-Discovery_FW_V1.0.3/Libraries/STM32F4xx_StdPeriph_Driver/src/stm32f4xx_fmc.c:136:6:FMC_NORSRAMDeInit	0	static
C:/Users/roboter/Documents/GitHub/HardwareModules/STM32/STM32F429-Discovery/STM32F429I-Discovery_FW_V1.0.3/Libraries/STM32F4xx_StdPeriph_Driver/src/stm32f4xx_fmc.c:163:6:FMC_NORSRAMInit	16	static
C:/Users/roboter/Documents/GitHub/HardwareModules/STM32/STM32F429-Discovery/STM32F429I-Discovery_FW_V1.0.3/Libraries/STM32F4xx_StdPeriph_Driver/src/stm32f4xx_fmc.c:280:6:FMC_NORSRAMStructInit	4	static
C:/Users/roboter/Documents/GitHub/HardwareModules/STM32/STM32F429-Discovery/STM32F429I-Discovery_FW_V1.0.3/Libraries/STM32F4xx_StdPeriph_Driver/src/stm32f4xx_fmc.c:313:6:FMC_NORSRAMCmd	0	static
C:/Users/roboter/Documents/GitHub/HardwareModules/STM32/STM32F429-Discovery/STM32F429I-Discovery_FW_V1.0.3/Libraries/STM32F4xx_StdPeriph_Driver/src/stm32f4xx_fmc.c:386:6:FMC_NANDDeInit	0	static
C:/Users/roboter/Documents/GitHub/HardwareModules/STM32/STM32F429-Discovery/STM32F429I-Discovery_FW_V1.0.3/Libraries/STM32F4xx_StdPeriph_Driver/src/stm32f4xx_fmc.c:417:6:FMC_NANDInit	12	static
C:/Users/roboter/Documents/GitHub/HardwareModules/STM32/STM32F429-Discovery/STM32F429I-Discovery_FW_V1.0.3/Libraries/STM32F4xx_StdPeriph_Driver/src/stm32f4xx_fmc.c:528:6:FMC_NANDStructInit	8	static
C:/Users/roboter/Documents/GitHub/HardwareModules/STM32/STM32F429-Discovery/STM32F429I-Discovery_FW_V1.0.3/Libraries/STM32F4xx_StdPeriph_Driver/src/stm32f4xx_fmc.c:557:6:FMC_NANDCmd	0	static
C:/Users/roboter/Documents/GitHub/HardwareModules/STM32/STM32F429-Discovery/STM32F429I-Discovery_FW_V1.0.3/Libraries/STM32F4xx_StdPeriph_Driver/src/stm32f4xx_fmc.c:597:6:FMC_NANDECCCmd	0	static
C:/Users/roboter/Documents/GitHub/HardwareModules/STM32/STM32F429-Discovery/STM32F429I-Discovery_FW_V1.0.3/Libraries/STM32F4xx_StdPeriph_Driver/src/stm32f4xx_fmc.c:636:10:FMC_GetECC	0	static
C:/Users/roboter/Documents/GitHub/HardwareModules/STM32/STM32F429-Discovery/STM32F429I-Discovery_FW_V1.0.3/Libraries/STM32F4xx_StdPeriph_Driver/src/stm32f4xx_fmc.c:700:6:FMC_PCCARDDeInit	0	static
C:/Users/roboter/Documents/GitHub/HardwareModules/STM32/STM32F429-Discovery/STM32F429I-Discovery_FW_V1.0.3/Libraries/STM32F4xx_StdPeriph_Driver/src/stm32f4xx_fmc.c:717:6:FMC_PCCARDInit	8	static
C:/Users/roboter/Documents/GitHub/HardwareModules/STM32/STM32F429-Discovery/STM32F429I-Discovery_FW_V1.0.3/Libraries/STM32F4xx_StdPeriph_Driver/src/stm32f4xx_fmc.c:808:6:FMC_PCCARDStructInit	8	static
C:/Users/roboter/Documents/GitHub/HardwareModules/STM32/STM32F429-Discovery/STM32F429I-Discovery_FW_V1.0.3/Libraries/STM32F4xx_StdPeriph_Driver/src/stm32f4xx_fmc.c:834:6:FMC_PCCARDCmd	0	static
C:/Users/roboter/Documents/GitHub/HardwareModules/STM32/STM32F429-Discovery/STM32F429I-Discovery_FW_V1.0.3/Libraries/STM32F4xx_StdPeriph_Driver/src/stm32f4xx_fmc.c:906:6:FMC_SDRAMDeInit	4	static
C:/Users/roboter/Documents/GitHub/HardwareModules/STM32/STM32F429-Discovery/STM32F429I-Discovery_FW_V1.0.3/Libraries/STM32F4xx_StdPeriph_Driver/src/stm32f4xx_fmc.c:926:6:FMC_SDRAMInit	20	static
C:/Users/roboter/Documents/GitHub/HardwareModules/STM32/STM32F429-Discovery/STM32F429I-Discovery_FW_V1.0.3/Libraries/STM32F4xx_StdPeriph_Driver/src/stm32f4xx_fmc.c:1053:6:FMC_SDRAMStructInit	4	static
C:/Users/roboter/Documents/GitHub/HardwareModules/STM32/STM32F429-Discovery/STM32F429I-Discovery_FW_V1.0.3/Libraries/STM32F4xx_StdPeriph_Driver/src/stm32f4xx_fmc.c:1083:6:FMC_SDRAMCmdConfig	8	static
C:/Users/roboter/Documents/GitHub/HardwareModules/STM32/STM32F429-Discovery/STM32F429I-Discovery_FW_V1.0.3/Libraries/STM32F4xx_StdPeriph_Driver/src/stm32f4xx_fmc.c:1109:10:FMC_GetModeStatus	0	static
C:/Users/roboter/Documents/GitHub/HardwareModules/STM32/STM32F429-Discovery/STM32F429I-Discovery_FW_V1.0.3/Libraries/STM32F4xx_StdPeriph_Driver/src/stm32f4xx_fmc.c:1135:6:FMC_SetRefreshCount	0	static
C:/Users/roboter/Documents/GitHub/HardwareModules/STM32/STM32F429-Discovery/STM32F429I-Discovery_FW_V1.0.3/Libraries/STM32F4xx_StdPeriph_Driver/src/stm32f4xx_fmc.c:1149:6:FMC_SetAutoRefresh_Number	0	static
C:/Users/roboter/Documents/GitHub/HardwareModules/STM32/STM32F429-Discovery/STM32F429I-Discovery_FW_V1.0.3/Libraries/STM32F4xx_StdPeriph_Driver/src/stm32f4xx_fmc.c:1165:6:FMC_SDRAMWriteProtectionConfig	0	static
C:/Users/roboter/Documents/GitHub/HardwareModules/STM32/STM32F429-Discovery/STM32F429I-Discovery_FW_V1.0.3/Libraries/STM32F4xx_StdPeriph_Driver/src/stm32f4xx_fmc.c:1217:6:FMC_ITConfig	0	static
C:/Users/roboter/Documents/GitHub/HardwareModules/STM32/STM32F429-Discovery/STM32F429I-Discovery_FW_V1.0.3/Libraries/STM32F4xx_StdPeriph_Driver/src/stm32f4xx_fmc.c:1294:12:FMC_GetFlagStatus	0	static
C:/Users/roboter/Documents/GitHub/HardwareModules/STM32/STM32F429-Discovery/STM32F429I-Discovery_FW_V1.0.3/Libraries/STM32F4xx_StdPeriph_Driver/src/stm32f4xx_fmc.c:1350:6:FMC_ClearFlag	0	static
C:/Users/roboter/Documents/GitHub/HardwareModules/STM32/STM32F429-Discovery/STM32F429I-Discovery_FW_V1.0.3/Libraries/STM32F4xx_StdPeriph_Driver/src/stm32f4xx_fmc.c:1393:10:FMC_GetITStatus	0	static
C:/Users/roboter/Documents/GitHub/HardwareModules/STM32/STM32F429-Discovery/STM32F429I-Discovery_FW_V1.0.3/Libraries/STM32F4xx_StdPeriph_Driver/src/stm32f4xx_fmc.c:1465:6:FMC_ClearITPendingBit	0	static
