C:/Users/roboter/Documents/GitHub/HardwareModules/STM32/STM32F429-Discovery/STM32F429I-Discovery_FW_V1.0.3/Libraries/STM32F4xx_StdPeriph_Driver/src/stm32f4xx_gpio.c:127:6:GPIO_DeInit	8	static
C:/Users/roboter/Documents/GitHub/HardwareModules/STM32/STM32F429-Discovery/STM32F429I-Discovery_FW_V1.0.3/Libraries/STM32F4xx_StdPeriph_Driver/src/stm32f4xx_gpio.c:202:6:GPIO_Init	32	static
C:/Users/roboter/Documents/GitHub/HardwareModules/STM32/STM32F429-Discovery/STM32F429I-Discovery_FW_V1.0.3/Libraries/STM32F4xx_StdPeriph_Driver/src/stm32f4xx_gpio.c:254:6:GPIO_StructInit	0	static
C:/Users/roboter/Documents/GitHub/HardwareModules/STM32/STM32F429-Discovery/STM32F429I-Discovery_FW_V1.0.3/Libraries/STM32F4xx_StdPeriph_Driver/src/stm32f4xx_gpio.c:277:6:GPIO_PinLockConfig	8	static
C:/Users/roboter/Documents/GitHub/HardwareModules/STM32/STM32F429-Discovery/STM32F429I-Discovery_FW_V1.0.3/Libraries/STM32F4xx_StdPeriph_Driver/src/stm32f4xx_gpio.c:323:9:GPIO_ReadInputDataBit	0	static
C:/Users/roboter/Documents/GitHub/HardwareModules/STM32/STM32F429-Discovery/STM32F429I-Discovery_FW_V1.0.3/Libraries/STM32F4xx_StdPeriph_Driver/src/stm32f4xx_gpio.c:349:10:GPIO_ReadInputData	0	static
C:/Users/roboter/Documents/GitHub/HardwareModules/STM32/STM32F429-Discovery/STM32F429I-Discovery_FW_V1.0.3/Libraries/STM32F4xx_StdPeriph_Driver/src/stm32f4xx_gpio.c:366:9:GPIO_ReadOutputDataBit	0	static
C:/Users/roboter/Documents/GitHub/HardwareModules/STM32/STM32F429-Discovery/STM32F429I-Discovery_FW_V1.0.3/Libraries/STM32F4xx_StdPeriph_Driver/src/stm32f4xx_gpio.c:392:10:GPIO_ReadOutputData	0	static
C:/Users/roboter/Documents/GitHub/HardwareModules/STM32/STM32F429-Discovery/STM32F429I-Discovery_FW_V1.0.3/Libraries/STM32F4xx_StdPeriph_Driver/src/stm32f4xx_gpio.c:412:6:GPIO_SetBits	0	static
C:/Users/roboter/Documents/GitHub/HardwareModules/STM32/STM32F429-Discovery/STM32F429I-Discovery_FW_V1.0.3/Libraries/STM32F4xx_StdPeriph_Driver/src/stm32f4xx_gpio.c:433:6:GPIO_ResetBits	0	static
C:/Users/roboter/Documents/GitHub/HardwareModules/STM32/STM32F429-Discovery/STM32F429I-Discovery_FW_V1.0.3/Libraries/STM32F4xx_StdPeriph_Driver/src/stm32f4xx_gpio.c:455:6:GPIO_WriteBit	0	static
C:/Users/roboter/Documents/GitHub/HardwareModules/STM32/STM32F429-Discovery/STM32F429I-Discovery_FW_V1.0.3/Libraries/STM32F4xx_StdPeriph_Driver/src/stm32f4xx_gpio.c:480:6:GPIO_Write	0	static
C:/Users/roboter/Documents/GitHub/HardwareModules/STM32/STM32F429-Discovery/STM32F429I-Discovery_FW_V1.0.3/Libraries/STM32F4xx_StdPeriph_Driver/src/stm32f4xx_gpio.c:496:6:GPIO_ToggleBits	0	static
C:/Users/roboter/Documents/GitHub/HardwareModules/STM32/STM32F429-Discovery/STM32F429I-Discovery_FW_V1.0.3/Libraries/STM32F4xx_StdPeriph_Driver/src/stm32f4xx_gpio.c:579:6:GPIO_PinAFConfig	0	static
