###############################################################################
#
# IAR ELF Linker V9.60.4.438/W64 for ARM                  09/Apr/2025  00:58:45
# Copyright 2007-2025 IAR Systems AB.
#
#    Output file  =
#        C:\PROJECTS\Hardware\STM32\32F3DISCOVERY_F303\DZX-IAR-OpenSource-v18.2.1\IAR\STM32F303-Disco\Gyro-Demo\Debug\Exe\Gyro-Demo.out
#    Map file     =
#        C:\PROJECTS\Hardware\STM32\32F3DISCOVERY_F303\DZX-IAR-OpenSource-v18.2.1\IAR\STM32F303-Disco\Gyro-Demo\Debug\List\Gyro-Demo.map
#    Command line =
#        -f
#        C:\PROJECTS\Hardware\STM32\32F3DISCOVERY_F303\DZX-IAR-OpenSource-v18.2.1\IAR\STM32F303-Disco\Gyro-Demo\Debug\Exe\Gyro-Demo.out.rsp
#        (C:\PROJECTS\Hardware\STM32\32F3DISCOVERY_F303\DZX-IAR-OpenSource-v18.2.1\IAR\STM32F303-Disco\Gyro-Demo\Debug\Obj\board_led.o
#        C:\PROJECTS\Hardware\STM32\32F3DISCOVERY_F303\DZX-IAR-OpenSource-v18.2.1\IAR\STM32F303-Disco\Gyro-Demo\Debug\Obj\l3gd20.o
#        C:\PROJECTS\Hardware\STM32\32F3DISCOVERY_F303\DZX-IAR-OpenSource-v18.2.1\IAR\STM32F303-Disco\Gyro-Demo\Debug\Obj\main.o
#        --no_out_extension -o
#        C:\PROJECTS\Hardware\STM32\32F3DISCOVERY_F303\DZX-IAR-OpenSource-v18.2.1\IAR\STM32F303-Disco\Gyro-Demo\Debug\Exe\Gyro-Demo.out
#        --map
#        C:\PROJECTS\Hardware\STM32\32F3DISCOVERY_F303\DZX-IAR-OpenSource-v18.2.1\IAR\STM32F303-Disco\Gyro-Demo\Debug\List\Gyro-Demo.map
#        --config C:\iar\ewarm-9.60.4\arm/config/linker/ST/stm32f303x6.icf
#        --semihosting
#        C:\PROJECTS\Hardware\STM32\32F3DISCOVERY_F303\DZX-IAR-OpenSource-v18.2.1\IAR\STM32F303-Disco\Gyro-Demo\..\SDK\Debug\Exe\SDK.a
#        --entry __iar_program_start --vfe --text_out locale --cpu=Cortex-M4
#        --fpu=VFPv4_sp) --dependencies=n
#        C:\PROJECTS\Hardware\STM32\32F3DISCOVERY_F303\DZX-IAR-OpenSource-v18.2.1\IAR\STM32F303-Disco\Gyro-Demo\Debug\Exe\Gyro-Demo.out.iar_deps
#
###############################################################################

*******************************************************************************
*** RUNTIME MODEL ATTRIBUTES
***

CppFlavor       = *
__CPP_Runtime   = 1
__SystemLibrary = DLib
__dlib_version  = 6


*******************************************************************************
*** HEAP SELECTION
***

The basic heap was selected because --advanced_heap
was not specified and the application did not appear to
be primarily optimized for speed.


*******************************************************************************
*** PLACEMENT SUMMARY
***

"A0":  place at address 0x800'0000 { ro section .intvec };
"P1":  place in [from 0x800'0000 to 0x800'7fff] { ro };
define block CSTACK with size = 2K, alignment = 8 { };
define block HEAP with size = 4K, alignment = 8 { };
"P2":  place in [from 0x2000'0000 to 0x2000'2fff] {
          rw, block CSTACK, block HEAP };

No sections matched the following patterns:

  section .ccmram  in "P3"


  Section          Kind         Address  Alignment    Size  Object
  -------          ----         -------  ---------    ----  ------
"A0":                                                0x1ac
  .intvec          ro code   0x800'0000          4   0x1ac  mcu_start.o [2]
                           - 0x800'01ac              0x1ac

"P1":                                               0x2642
  .text            ro code   0x800'01ac          4   0x638  kernel_core.o [2]
  .text            ro code   0x800'07e4          4    0xde  mcu_kernel.o [2]
  .text            ro code   0x800'08c2          2   0x122  kernel_list.o [2]
  .text            ro code   0x800'09e4          4   0x188  kernel_signal.o [2]
  .text            ro code   0x800'0b6c          4   0x1cc  kernel_mutex.o [2]
  .text            ro code   0x800'0d38          4   0x224  kernel_thread.o [2]
  .text            ro code   0x800'0f5c          4   0x2f4  kernel_timer.o [2]
  .text            ro code   0x800'1250          4   0x220  kernel_stat.o [2]
  .text            ro code   0x800'1470          4   0x204  kernel_port.o [2]
  .text            ro code   0x800'1674          4    0x84  kernel_stopwatch.o [2]
  .text            ro code   0x800'16f8          4    0xa8  mcu_irq.o [2]
  .text            ro code   0x800'17a0          4   0x230  I64DivMod.o [5]
  .text            ro code   0x800'19d0          4    0x66  ABImemset.o [5]
  .text            ro code   0x800'1a38          4     0x2  I64DivZer.o [5]
  .text            ro code   0x800'1a3c          4   0x434  mcu_spi.o [2]
  .text            ro code   0x800'1e70          4    0x88  mcu_rcc.o [2]
  .text            ro code   0x800'1ef8          4   0x10c  mcu_pin.o [2]
  .text            ro code   0x800'2004          4   0x240  main.o [1]
  .text            ro code   0x800'2244          4    0x30  board_led.o [1]
  .text            ro code   0x800'2274          4    0x24  ABIassert.o [6]
  .text            ro code   0x800'2298          4   0x218  l3gd20.o [1]
  .text            ro code   0x800'24b0          2     0x6  abort.o [3]
  .text            ro code   0x800'24b8          4    0xa6  ABImemcpy.o [5]
  .text            ro code   0x800'2560          4    0x14  exit.o [6]
  .rodata          const     0x800'2574          4    0x78  main.o [1]
  .text            ro code   0x800'25ec          4    0x68  kernel_portasm.o [2]
  .text            ro code   0x800'2654          2    0x38  zero_init3.o [5]
  .text            ro code   0x800'268c          4    0x28  data_init.o [5]
  .text            ro code   0x800'26b4          4    0x22  fpinit_M.o [4]
  .iar.init_table  const     0x800'26d8          4    0x10  - Linker created -
  .text            ro code   0x800'26e8          4    0x1e  cmain.o [5]
  .text            ro code   0x800'2706          2     0x4  low_level_init.o [3]
  .text            ro code   0x800'270a          2     0x4  exit.o [3]
  .text            ro code   0x800'2710          4     0xa  cexit.o [5]
  .text            ro code   0x800'271c          4    0x1c  cstartup_M.o [5]
  .rodata          const     0x800'2738          4    0x18  mcu_pin.o [2]
  .rodata          const     0x800'2750          4    0x14  main.o [1]
  .rodata          const     0x800'2764          4    0x10  board_led.o [1]
  .rodata          const     0x800'2774          4    0x10  kernel_core.o [2]
  .rodata          const     0x800'2784          4    0x10  kernel_timer.o [2]
  .text            ro code   0x800'2794          4    0x10  mcu_start.o [2]
  .rodata          const     0x800'27a4          4     0xc  kernel_core.o [2]
  .rodata          const     0x800'27b0          4     0xc  kernel_core.o [2]
  .rodata          const     0x800'27bc          4     0xc  kernel_core.o [2]
  .rodata          const     0x800'27c8          4     0xc  kernel_core.o [2]
  .rodata          const     0x800'27d4          4     0xc  kernel_stat.o [2]
  .rodata          const     0x800'27e0          4     0xc  kernel_timer.o [2]
  .text            ro code   0x800'27ec          4     0x2  mcu_start.o [2]
  .rodata          const     0x800'27ee                0x0  zero_init3.o [5]
                           - 0x800'27ee             0x2642

"P2", part 1 of 2:                                  0x1224
  .bss             zero     0x2000'0000          8   0x390  kernel_core.o [2]
  .bss             zero     0x2000'0390          8   0x300  kernel_timer.o [2]
  .bss             zero     0x2000'0690          8   0x200  kernel_core.o [2]
  .bss             zero     0x2000'0890          8   0x200  kernel_port.o [2]
  .bss             zero     0x2000'0a90          8   0x180  kernel_core.o [2]
  .bss             zero     0x2000'0c10          8   0x168  kernel_timer.o [2]
  .bss             zero     0x2000'0d78          4   0x148  mcu_irq.o [2]
  .bss             zero     0x2000'0ec0          8   0x100  kernel_stat.o [2]
  .bss             zero     0x2000'0fc0          8    0xd0  kernel_stat.o [2]
  .bss             zero     0x2000'1090          8    0xc0  kernel_core.o [2]
  .bss             zero     0x2000'1150          4    0x54  main.o [1]
  .bss             zero     0x2000'11a4          4    0x28  kernel_stat.o [2]
  .bss             zero     0x2000'11cc          4    0x14  main.o [1]
  .bss             zero     0x2000'11e0          4    0x10  kernel_stat.o [2]
  .bss             zero     0x2000'11f0          4     0xc  main.o [1]
  .bss             zero     0x2000'11fc          4     0xc  mcu_spi.o [2]
  .bss             zero     0x2000'1208          4     0xc  kernel_mutex.o [2]
  .bss             zero     0x2000'1214          4     0x8  kernel_port.o [2]
  .bss             zero     0x2000'121c          4     0x4  mcu_spi.o [2]
  .bss             zero     0x2000'1220                0x1  main.o [1]
                          - 0x2000'1221             0x1221

"P2", part 2 of 2:                                   0x800
  CSTACK                    0x2000'1228          8   0x800  <Block>
    CSTACK         uninit   0x2000'1228              0x800  <Block tail>
                          - 0x2000'1a28              0x800

Unused ranges:

         From           To    Size
         ----           --    ----
   0x800'27ee   0x800'7fff  0x5812
  0x2000'1224  0x2000'1227     0x4
  0x2000'1a28  0x2000'2fff  0x15d8


*******************************************************************************
*** INIT TABLE
***

          Address      Size
          -------      ----
Zero (__iar_zero_init3)
    1 destination range, total size 0x1221:
          0x2000'0000  0x1221



*******************************************************************************
*** MODULE SUMMARY
***

    Module              ro code  ro data  rw data
    ------              -------  -------  -------
command line/config:
    ---------------------------------------------
    Total:

C:\PROJECTS\Hardware\STM32\32F3DISCOVERY_F303\DZX-IAR-OpenSource-v18.2.1\IAR\STM32F303-Disco\Gyro-Demo\Debug\Obj: [1]
    board_led.o              48       16
    l3gd20.o                536
    main.o                  576      140      117
    ---------------------------------------------
    Total:                1'160      156      117

SDK.a: [2]
    kernel_core.o         1'592       64    2'000
    kernel_list.o           290
    kernel_mutex.o          460                12
    kernel_port.o           516               520
    kernel_portasm.o        104
    kernel_signal.o         392
    kernel_stat.o           544       12      520
    kernel_stopwatch.o      132
    kernel_thread.o         548
    kernel_timer.o          756       28    1'128
    mcu_irq.o               168               328
    mcu_kernel.o            222
    mcu_pin.o               268       24
    mcu_rcc.o               136
    mcu_spi.o             1'076                16
    mcu_start.o             446
    ---------------------------------------------
    Total:                7'650      128    4'524

dl7M_tln.a: [3]
    abort.o                   6
    exit.o                    4
    low_level_init.o          4
    ---------------------------------------------
    Total:                   14

m7M_tls.a: [4]
    fpinit_M.o               34
    ---------------------------------------------
    Total:                   34

rt7M_tl.a: [5]
    ABImemcpy.o             166
    ABImemset.o             102
    I64DivMod.o             560
    I64DivZer.o               2
    cexit.o                  10
    cmain.o                  30
    cstartup_M.o             28
    data_init.o              40
    zero_init3.o             56
    ---------------------------------------------
    Total:                  994

shb_l.a: [6]
    ABIassert.o              36
    exit.o                   20
    ---------------------------------------------
    Total:                   56

    Gaps                     12        2
    Linker created                    16    2'048
-------------------------------------------------
    Grand Total:          9'920      302    6'689


*******************************************************************************
*** ENTRY LIST
***

Entry                       Address   Size  Type      Object
-----                       -------   ----  ----      ------
.iar.init_table$$Base    0x800'26d8          --   Gb  - Linker created -
.iar.init_table$$Limit   0x800'26e8          --   Gb  - Linker created -
?main                    0x800'26e9         Code  Gb  cmain.o [5]
APP_Main                 0x800'2015  0x214  Code  Lc  main.o [1]
APP_Main::gyro          0x2000'11cc   0x14  Data  Lc  main.o [1]
APP_Main::id            0x2000'1220    0x1  Data  Lc  main.o [1]
APP_Main::sample        0x2000'11f0    0xc  Data  Lc  main.o [1]
APP_Main::spi           0x2000'1150   0x54  Data  Lc  main.o [1]
BusFault_Handler         0x800'27ed         Code  Wk  mcu_start.o [2]
CSTACK$$Base            0x2000'1228          --   Gb  - Linker created -
CSTACK$$Limit           0x2000'1a28          --   Gb  - Linker created -
DebugMon_Handler         0x800'27ed         Code  Wk  mcu_start.o [2]
HardFault_Handler        0x800'15f5   0x1e  Code  Gb  kernel_port.o [2]
IRQ_Enable               0x800'175f   0x30  Code  Gb  mcu_irq.o [2]
IRQ_Handler              0x800'1711   0x3e  Code  Gb  mcu_irq.o [2]
IRQ_Initialize           0x800'16f9   0x18  Code  Gb  mcu_irq.o [2]
IRQ_RegisterHandler      0x800'1753    0xc  Code  Gb  mcu_irq.o [2]
IRQ_Unhandled            0x800'1751    0x2  Code  Lc  mcu_irq.o [2]
KERNEL_AcquireInterruptLock
                         0x800'15a9   0x20  Code  Gb  kernel_port.o [2]
KERNEL_AcquireLock       0x800'0679    0xe  Code  Gb  kernel_core.o [2]
KERNEL_Block             0x800'0691   0x84  Code  Gb  kernel_core.o [2]
KERNEL_Boot              0x800'1471   0x4c  Code  Gb  kernel_port.o [2]
KERNEL_ContextSwitch     0x800'05d7   0x96  Code  Gb  kernel_core.o [2]
KERNEL_Execute           0x800'01ad  0x136  Code  Gb  kernel_core.o [2]
KERNEL_Execute::IdleStack
                        0x2000'1090   0xc0  Data  Lc  kernel_core.o [2]
KERNEL_Execute::MainStack
                        0x2000'0690  0x200  Data  Lc  kernel_core.o [2]
KERNEL_Execute::TickStack
                        0x2000'0a90  0x180  Data  Lc  kernel_core.o [2]
KERNEL_ExecutePort       0x800'14bd   0x5a  Code  Gb  kernel_port.o [2]
KERNEL_ExecutePort::ISRStack
                        0x2000'0890  0x200  Data  Lc  kernel_port.o [2]
KERNEL_HardFault         0x800'1615   0x12  Code  Gb  kernel_port.o [2]
KERNEL_HardFault::HardFault
                        0x2000'1214    0x8  Data  Lc  kernel_port.o [2]
KERNEL_Idle              0x800'02e5    0x2  Code  Lc  kernel_core.o [2]
KERNEL_InitializeStats   0x800'1251   0x6a  Code  Gb  kernel_stat.o [2]
KERNEL_InitializeStats::kernel_stats_stk
                        0x2000'0ec0  0x100  Data  Lc  kernel_stat.o [2]
KERNEL_InsertBlockedThread
                         0x800'02e7   0x94  Code  Lc  kernel_core.o [2]
KERNEL_OnContextSwitch   0x800'0791   0x1e  Code  Gb  kernel_core.o [2]
KERNEL_OnThreadExit      0x800'066d    0xc  Code  Gb  kernel_core.o [2]
KERNEL_ReleaseAll        0x800'074f   0x42  Code  Gb  kernel_core.o [2]
KERNEL_ReleaseInterruptLock
                         0x800'15c9   0x2a  Code  Gb  kernel_port.o [2]
KERNEL_ReleaseLock       0x800'0687    0xa  Code  Gb  kernel_core.o [2]
KERNEL_ReleaseOne        0x800'0715   0x3a  Code  Gb  kernel_core.o [2]
KERNEL_SetState          0x800'0509   0xce  Code  Gb  kernel_core.o [2]
KERNEL_SignalTick        0x800'037b   0x10  Code  Gb  kernel_core.o [2]
KERNEL_Tick              0x800'03a9  0x160  Code  Lc  kernel_core.o [2]
KERNEL_TickProc          0x800'038d   0x1c  Code  Lc  kernel_core.o [2]
L3GD20_Open              0x800'2299   0x3e  Code  Gb  l3gd20.o [1]
L3GD20_Read              0x800'22fb   0x66  Code  Gb  l3gd20.o [1]
L3GD20_ReadID            0x800'22d7   0x24  Code  Gb  l3gd20.o [1]
L3GD20_ReadSample        0x800'2419   0x8a  Code  Gb  l3gd20.o [1]
L3GD20_SetEnabled        0x800'23a1   0x20  Code  Gb  l3gd20.o [1]
L3GD20_SubmitChanges     0x800'23eb   0x2e  Code  Gb  l3gd20.o [1]
L3GD20_Write             0x800'2361   0x40  Code  Gb  l3gd20.o [1]
L3GDSO_Sensitivity       0x800'23c1   0x2a  Code  Gb  l3gd20.o [1]
LED_Init                 0x800'2245   0x1a  Code  Gb  board_led.o [1]
LED_Pins                 0x800'2764   0x10  Data  Gb  board_led.o [1]
LED_Set                  0x800'225f   0x10  Code  Gb  board_led.o [1]
LIST_AddBefore           0x800'094b   0x26  Code  Gb  kernel_list.o [2]
LIST_AddFirst            0x800'08f1   0x2c  Code  Gb  kernel_list.o [2]
LIST_AddLast             0x800'091d   0x2e  Code  Gb  kernel_list.o [2]
LIST_Clear               0x800'08e3    0xe  Code  Gb  kernel_list.o [2]
LIST_Init                0x800'08c3    0xe  Code  Gb  kernel_list.o [2]
LIST_InitNode            0x800'08d1   0x12  Code  Gb  kernel_list.o [2]
LIST_Remove              0x800'09a7   0x3e  Code  Gb  kernel_list.o [2]
LIST_RemoveFirst         0x800'0971   0x36  Code  Gb  kernel_list.o [2]
MCU_AHBClockHz           0x800'1e71   0x2a  Code  Gb  mcu_rcc.o [2]
MCU_APB1ClockHz          0x800'1e9b   0x2c  Code  Gb  mcu_rcc.o [2]
MCU_APB2ClockHz          0x800'1ec7   0x2c  Code  Gb  mcu_rcc.o [2]
MCU_Boot                 0x800'07e5   0x3a  Code  Gb  mcu_kernel.o [2]
MCU_ClockHz              0x800'081f    0x4  Code  Gb  mcu_kernel.o [2]
MCU_InitClock            0x800'0823   0x7e  Code  Lc  mcu_kernel.o [2]
MCU_Initialize           0x800'08b9    0xa  Code  Gb  mcu_kernel.o [2]
MUTEX_Acquire            0x800'0bd7   0xb6  Code  Gb  kernel_mutex.o [2]
MUTEX_Create             0x800'0b6d   0x6a  Code  Gb  kernel_mutex.o [2]
MUTEX_Release            0x800'0c8d   0x9c  Code  Gb  kernel_mutex.o [2]
MemManage_Handler        0x800'27ed         Code  Wk  mcu_start.o [2]
NMI_Handler              0x800'27ed         Code  Wk  mcu_start.o [2]
PIN_SetFunction          0x800'1f81   0x7e  Code  Gb  mcu_pin.o [2]
PIN_SetMode              0x800'1f39   0x48  Code  Gb  mcu_pin.o [2]
PIN_Write                0x800'1ef9   0x40  Code  Gb  mcu_pin.o [2]
PendSV_Handler           0x800'25ed         Code  Gb  kernel_portasm.o [2]
REG_GPIOS                0x800'2738   0x18  Data  Gb  mcu_pin.o [2]
Region$$Table$$Base      0x800'26d8          --   Gb  - Linker created -
Region$$Table$$Limit     0x800'26e8          --   Gb  - Linker created -
SIGNAL_Clear             0x800'0aab   0x22  Code  Gb  kernel_signal.o [2]
SIGNAL_Init              0x800'09e5   0x14  Code  Gb  kernel_signal.o [2]
SIGNAL_Set               0x800'09f9   0xb2  Code  Gb  kernel_signal.o [2]
SIGNAL_WaitOne           0x800'0acd   0x94  Code  Gb  kernel_signal.o [2]
SPI_ApplyClock           0x800'1bb3   0x56  Code  Lc  mcu_spi.o [2]
SPI_ApplyClock::div     0x2000'121c    0x4  Data  Lc  mcu_spi.o [2]
SPI_Deselect             0x800'1d85   0x3c  Code  Gb  mcu_spi.o [2]
SPI_IRQ                  0x800'1dc1   0x90  Code  Lc  mcu_spi.o [2]
SPI_Open                 0x800'1a3d  0x176  Code  Gb  mcu_spi.o [2]
SPI_Read                 0x800'1cb1   0x92  Code  Gb  mcu_spi.o [2]
SPI_Select               0x800'1d43   0x42  Code  Gb  mcu_spi.o [2]
SPI_Write                0x800'1c09   0xa0  Code  Gb  mcu_spi.o [2]
STAT_NextThread          0x800'13a3   0x38  Code  Lc  kernel_stat.o [2]
STAT_Process             0x800'12bd   0xe6  Code  Lc  kernel_stat.o [2]
STAT_ProcessCounters     0x800'13db   0x70  Code  Lc  kernel_stat.o [2]
STOPWATCH_Create         0x800'1675   0x1e  Code  Gb  kernel_stopwatch.o [2]
STOPWATCH_Elapsed        0x800'16db   0x1a  Code  Gb  kernel_stopwatch.o [2]
STOPWATCH_Reset          0x800'16bf    0xc  Code  Gb  kernel_stopwatch.o [2]
STOPWATCH_Restart        0x800'16cb   0x10  Code  Gb  kernel_stopwatch.o [2]
STOPWATCH_Start          0x800'1693   0x12  Code  Gb  kernel_stopwatch.o [2]
STOPWATCH_Stop           0x800'16a5   0x1a  Code  Gb  kernel_stopwatch.o [2]
SVC_Handler              0x800'27ed         Code  Wk  mcu_start.o [2]
THREAD_AssignStack       0x800'1517   0x50  Code  Gb  kernel_port.o [2]
THREAD_Create            0x800'0d39   0xc4  Code  Gb  kernel_thread.o [2]
THREAD_Execute           0x800'1627    0xe  Code  Gb  kernel_port.o [2]
THREAD_InitContext       0x800'1567   0x40  Code  Gb  kernel_port.o [2]
THREAD_Sleep             0x800'0f0f   0x42  Code  Gb  kernel_thread.o [2]
THREAD_Start             0x800'0dfd   0x90  Code  Gb  kernel_thread.o [2]
THREAD_Terminate         0x800'0e8d   0x82  Code  Gb  kernel_thread.o [2]
TIMER_AcquireLock        0x800'1005   0x10  Code  Lc  kernel_timer.o [2]
TIMER_Initialize         0x800'0f5d   0xa8  Code  Gb  kernel_timer.o [2]
TIMER_Initialize::TimerStack
                        0x2000'0390  0x300  Data  Lc  kernel_timer.o [2]
TIMER_Insert             0x800'1021   0x68  Code  Lc  kernel_timer.o [2]
TIMER_Process            0x800'1089  0x132  Code  Gb  kernel_timer.o [2]
TIMER_ReleaseLock        0x800'1015    0xc  Code  Lc  kernel_timer.o [2]
TIMER_Thread             0x800'11bd   0x7a  Code  Lc  kernel_timer.o [2]
UsageFault_Handler       0x800'27ed         Code  Wk  mcu_start.o [2]
__aeabi_assert           0x800'2275   0x24  Code  Gb  ABIassert.o [6]
__aeabi_ldiv0            0x800'1a39         Code  Gb  I64DivZer.o [5]
__aeabi_memcpy           0x800'24b9         Code  Gb  ABImemcpy.o [5]
__aeabi_memcpy4          0x800'24d9         Code  Gb  ABImemcpy.o [5]
__aeabi_memcpy8          0x800'24d9         Code  Gb  ABImemcpy.o [5]
__aeabi_memset           0x800'19d1         Code  Gb  ABImemset.o [5]
__aeabi_uldivmod         0x800'17a1         Code  Gb  I64DivMod.o [5]
__cmain                  0x800'26e9         Code  Gb  cmain.o [5]
__exit                   0x800'2561   0x14  Code  Gb  exit.o [6]
__iar_Memset             0x800'19d1         Code  Gb  ABImemset.o [5]
__iar_Memset_word        0x800'19d9         Code  Gb  ABImemset.o [5]
__iar_data_init3         0x800'268d   0x28  Code  Gb  data_init.o [5]
__iar_init_vfp           0x800'26b5         Code  Gb  fpinit_M.o [4]
__iar_program_start      0x800'271d         Code  Gb  cstartup_M.o [5]
__iar_zero_init3         0x800'2655   0x38  Code  Gb  zero_init3.o [5]
__low_level_init         0x800'2707    0x4  Code  Gb  low_level_init.o [3]
__vector_table           0x800'0000         Data  Gb  mcu_start.o [2]
_call_main               0x800'26f5         Code  Gb  cmain.o [5]
_exit                    0x800'2711         Code  Gb  cexit.o [5]
abort                    0x800'24b1    0x6  Code  Gb  abort.o [3]
exit                     0x800'270b    0x4  Code  Gb  exit.o [3]
isr_stats               0x2000'11e0   0x10  Data  Gb  kernel_stat.o [2]
kernel                  0x2000'0000  0x390  Data  Gb  kernel_core.o [2]
kernel_info              0x800'2774   0x10  Data  Gb  kernel_core.o [2]
kernel_mutexes          0x2000'1208    0xc  Data  Lc  kernel_mutex.o [2]
kernel_stats            0x2000'0fc0   0xd0  Data  Gb  kernel_stat.o [2]
kernel_timers           0x2000'0c10  0x168  Data  Lc  kernel_timer.o [2]
lock_stats              0x2000'11a4   0x28  Data  Gb  kernel_stat.o [2]
main                     0x800'2005   0x10  Code  Gb  main.o [1]
mcu_irqs                0x2000'0d78  0x148  Data  Lc  mcu_irq.o [2]
mcu_spi                 0x2000'11fc    0xc  Data  Lc  mcu_spi.o [2]


[1] = C:\PROJECTS\Hardware\STM32\32F3DISCOVERY_F303\DZX-IAR-OpenSource-v18.2.1\IAR\STM32F303-Disco\Gyro-Demo\Debug\Obj
[2] = SDK.a
[3] = dl7M_tln.a
[4] = m7M_tls.a
[5] = rt7M_tl.a
[6] = shb_l.a

  9'920 bytes of readonly  code memory
    302 bytes of readonly  data memory
  6'689 bytes of readwrite data memory

Errors: none
Warnings: none
