C:/Users/roboter/Documents/GitHub/HardwareModules/STM32/STM32F429-Discovery/STM32F429I-Discovery_FW_V1.0.3/Projects/Demonstration/Core/Lib/time_utils.c:46:9:IsLeapYear	0	static
C:/Users/roboter/Documents/GitHub/HardwareModules/STM32/STM32F429-Discovery/STM32F429I-Discovery_FW_V1.0.3/Projects/Demonstration/Core/Lib/time_utils.c:59:9:GetMaxDays	0	static
C:/Users/roboter/Documents/GitHub/HardwareModules/STM32/STM32F429-Discovery/STM32F429I-Discovery_FW_V1.0.3/Projects/Demonstration/Core/Lib/time_utils.c:88:6:GetDateOffset	8	static
