C:/PROJECTS/Hardware/STM32/32F746GDISCOVERY/CubeIde/LTDC_PicturesFromSDCard/Src/fatfs_storage.c:89:10:Storage_Init	8	static
C:/PROJECTS/Hardware/STM32/32F746GDISCOVERY/CubeIde/LTDC_PicturesFromSDCard/Src/fatfs_storage.c:109:10:Storage_OpenReadFile	584	static
C:/PROJECTS/Hardware/STM32/32F746GDISCOVERY/CubeIde/LTDC_PicturesFromSDCard/Src/fatfs_storage.c:205:10:Storage_GetDirectoryBitmapFiles	24	static
C:/PROJECTS/Hardware/STM32/32F746GDISCOVERY/CubeIde/LTDC_PicturesFromSDCard/Src/fatfs_storage.c:250:9:Buffercmp	8	static
C:/PROJECTS/Hardware/STM32/32F746GDISCOVERY/CubeIde/LTDC_PicturesFromSDCard/Src/fatfs_storage.c:180:10:Storage_CheckBitmapFile	8	static
