C:/Users/roboter/Documents/GitHub/HardwareModules/STM32/STM32F429-Discovery/STM32F429I-Discovery_FW_V1.0.3/Utilities/Third_Party/FreeRTOS/Source/portable/GCC/ARM_CM4F/port_cm4.c:183:13:vPortStartFirstTask	0	static,ignoring_inline_asm
C:/Users/roboter/Documents/GitHub/HardwareModules/STM32/STM32F429-Discovery/STM32F429I-Discovery_FW_V1.0.3/Utilities/Third_Party/FreeRTOS/Source/portable/GCC/ARM_CM4F/port_cm4.c:334:13:vPortEnableVFP	0	static,ignoring_inline_asm
C:/Users/roboter/Documents/GitHub/HardwareModules/STM32/STM32F429-Discovery/STM32F429I-Discovery_FW_V1.0.3/Utilities/Third_Party/FreeRTOS/Source/portable/GCC/ARM_CM4F/port_cm4.c:135:17:pxPortInitialiseStack	4	static
C:/Users/roboter/Documents/GitHub/HardwareModules/STM32/STM32F429-Discovery/STM32F429I-Discovery_FW_V1.0.3/Utilities/Third_Party/FreeRTOS/Source/portable/GCC/ARM_CM4F/port_cm4.c:165:6:vPortSVCHandler	0	static,ignoring_inline_asm
C:/Users/roboter/Documents/GitHub/HardwareModules/STM32/STM32F429-Discovery/STM32F429I-Discovery_FW_V1.0.3/Utilities/Third_Party/FreeRTOS/Source/portable/GCC/ARM_CM4F/port_cm4.c:200:15:xPortStartScheduler	16	static
C:/Users/roboter/Documents/GitHub/HardwareModules/STM32/STM32F429-Discovery/STM32F429I-Discovery_FW_V1.0.3/Utilities/Third_Party/FreeRTOS/Source/portable/GCC/ARM_CM4F/port_cm4.c:227:6:vPortEndScheduler	0	static
C:/Users/roboter/Documents/GitHub/HardwareModules/STM32/STM32F429-Discovery/STM32F429I-Discovery_FW_V1.0.3/Utilities/Third_Party/FreeRTOS/Source/portable/GCC/ARM_CM4F/port_cm4.c:234:6:vPortYieldFromISR	0	static
C:/Users/roboter/Documents/GitHub/HardwareModules/STM32/STM32F429-Discovery/STM32F429I-Discovery_FW_V1.0.3/Utilities/Third_Party/FreeRTOS/Source/portable/GCC/ARM_CM4F/port_cm4.c:241:6:vPortEnterCritical	0	static,ignoring_inline_asm
C:/Users/roboter/Documents/GitHub/HardwareModules/STM32/STM32F429-Discovery/STM32F429I-Discovery_FW_V1.0.3/Utilities/Third_Party/FreeRTOS/Source/portable/GCC/ARM_CM4F/port_cm4.c:248:6:vPortExitCritical	0	static,ignoring_inline_asm
C:/Users/roboter/Documents/GitHub/HardwareModules/STM32/STM32F429-Discovery/STM32F429I-Discovery_FW_V1.0.3/Utilities/Third_Party/FreeRTOS/Source/portable/GCC/ARM_CM4F/port_cm4.c:258:6:xPortPendSVHandler	0	static,ignoring_inline_asm
C:/Users/roboter/Documents/GitHub/HardwareModules/STM32/STM32F429-Discovery/STM32F429I-Discovery_FW_V1.0.3/Utilities/Third_Party/FreeRTOS/Source/portable/GCC/ARM_CM4F/port_cm4.c:304:6:xPortSysTickHandler	8	static,ignoring_inline_asm
