<html>
<body>
<pre>
<h1>礦ision Build Log</h1>
<h2>Project:</h2>
C:\Users\Administrator\Desktop\STM32F103VCVET6系列 2.3版启光\3.5版 库函数 程序部分9325+9341系列\24 参考版 W5500客户端模式 中断查询\USER\template.uvproj
Project File Date:  03/02/2016

<h2>Output:</h2>
Build target 'Target 1'
compiling main.c...
compiling stm32f10x_it.c...
compiling system_stm32f10x.c...
compiling misc.c...
compiling stm32f10x_gpio.c...
compiling stm32f10x_rcc.c...
compiling stm32f10x_usart.c...
compiling stm32f10x_spi.c...
compiling stm32f10x_exti.c...
compiling core_cm3.c...
assembling startup_stm32f10x_hd.s...
compiling delay.c...
compiling usart.c...
compiling led.c...
compiling W5500.c...
compiling spi.c...
linking...
Program Size: Code=8860 RO-data=336 RW-data=92 ZI-data=5932  
FromELF: creating hex file...
"..\OBJ\template.axf" - 0 Error(s), 0 Warning(s).
