../Drivers/STM32L1xx_HAL_Driver/Src/stm32l1xx_hal_flash_ramfunc.c:113:30:HAL_FLASHEx_EnableRunPowerDown	4	static
../Drivers/STM32L1xx_HAL_Driver/Src/stm32l1xx_hal_flash_ramfunc.c:126:30:HAL_FLASHEx_DisableRunPowerDown	4	static
../Drivers/STM32L1xx_HAL_Driver/Src/stm32l1xx_hal_flash_ramfunc.c:163:30:HAL_FLASHEx_EraseParallelPage	24	static
../Drivers/STM32L1xx_HAL_Driver/Src/stm32l1xx_hal_flash_ramfunc.c:224:30:HAL_FLASHEx_ProgramParallelHalfPage	48	static,ignoring_inline_asm
../Drivers/STM32L1xx_HAL_Driver/Src/stm32l1xx_hal_flash_ramfunc.c:302:30:HAL_FLASHEx_HalfPageProgram	40	static,ignoring_inline_asm
../Drivers/STM32L1xx_HAL_Driver/Src/stm32l1xx_hal_flash_ramfunc.c:394:30:HAL_FLASHEx_GetError	16	static
../Drivers/STM32L1xx_HAL_Driver/Src/stm32l1xx_hal_flash_ramfunc.c:426:30:HAL_FLASHEx_DATAEEPROM_EraseDoubleWord	32	static,ignoring_inline_asm
../Drivers/STM32L1xx_HAL_Driver/Src/stm32l1xx_hal_flash_ramfunc.c:486:30:HAL_FLASHEx_DATAEEPROM_ProgramDoubleWord	40	static,ignoring_inline_asm
../Drivers/STM32L1xx_HAL_Driver/Src/stm32l1xx_hal_flash_ramfunc.c:586:37:FLASHRAM_WaitForLastOperation	16	static
../Drivers/STM32L1xx_HAL_Driver/Src/stm32l1xx_hal_flash_ramfunc.c:540:37:FLASHRAM_SetErrorCode	16	static
