../Drivers/STM32L1xx_HAL_Driver/Src/stm32l1xx_hal_uart.c:353:19:HAL_UART_Init	16	static
../Drivers/STM32L1xx_HAL_Driver/Src/stm32l1xx_hal_uart.c:429:19:HAL_HalfDuplex_Init	16	static
../Drivers/STM32L1xx_HAL_Driver/Src/stm32l1xx_hal_uart.c:503:19:HAL_LIN_Init	16	static
../Drivers/STM32L1xx_HAL_Driver/Src/stm32l1xx_hal_uart.c:585:19:HAL_MultiProcessor_Init	24	static
../Drivers/STM32L1xx_HAL_Driver/Src/stm32l1xx_hal_uart.c:663:19:HAL_UART_DeInit	16	static
../Drivers/STM32L1xx_HAL_Driver/Src/stm32l1xx_hal_uart.c:709:13:HAL_UART_MspInit	16	static
../Drivers/STM32L1xx_HAL_Driver/Src/stm32l1xx_hal_uart.c:724:13:HAL_UART_MspDeInit	16	static
../Drivers/STM32L1xx_HAL_Driver/Src/stm32l1xx_hal_uart.c:1129:19:HAL_UART_Transmit	48	static
../Drivers/STM32L1xx_HAL_Driver/Src/stm32l1xx_hal_uart.c:1215:19:HAL_UART_Receive	48	static
../Drivers/STM32L1xx_HAL_Driver/Src/stm32l1xx_hal_uart.c:1302:19:HAL_UART_Transmit_IT	24	static
../Drivers/STM32L1xx_HAL_Driver/Src/stm32l1xx_hal_uart.c:1341:19:HAL_UART_Receive_IT	24	static
../Drivers/STM32L1xx_HAL_Driver/Src/stm32l1xx_hal_uart.c:1373:19:HAL_UART_Transmit_DMA	56	static,ignoring_inline_asm
../Drivers/STM32L1xx_HAL_Driver/Src/stm32l1xx_hal_uart.c:1443:19:HAL_UART_Receive_DMA	24	static
../Drivers/STM32L1xx_HAL_Driver/Src/stm32l1xx_hal_uart.c:1470:19:HAL_UART_DMAPause	120	static,ignoring_inline_asm
../Drivers/STM32L1xx_HAL_Driver/Src/stm32l1xx_hal_uart.c:1501:19:HAL_UART_DMAResume	120	static,ignoring_inline_asm
../Drivers/STM32L1xx_HAL_Driver/Src/stm32l1xx_hal_uart.c:1535:19:HAL_UART_DMAStop	72	static,ignoring_inline_asm
../Drivers/STM32L1xx_HAL_Driver/Src/stm32l1xx_hal_uart.c:1590:19:HAL_UARTEx_ReceiveToIdle	40	static
../Drivers/STM32L1xx_HAL_Driver/Src/stm32l1xx_hal_uart.c:1715:19:HAL_UARTEx_ReceiveToIdle_IT	56	static,ignoring_inline_asm
../Drivers/STM32L1xx_HAL_Driver/Src/stm32l1xx_hal_uart.c:1775:19:HAL_UARTEx_ReceiveToIdle_DMA	56	static,ignoring_inline_asm
../Drivers/STM32L1xx_HAL_Driver/Src/stm32l1xx_hal_uart.c:1840:29:HAL_UARTEx_GetRxEventType	16	static
../Drivers/STM32L1xx_HAL_Driver/Src/stm32l1xx_hal_uart.c:1858:19:HAL_UART_Abort	136	static,ignoring_inline_asm
../Drivers/STM32L1xx_HAL_Driver/Src/stm32l1xx_hal_uart.c:1947:19:HAL_UART_AbortTransmit	64	static,ignoring_inline_asm
../Drivers/STM32L1xx_HAL_Driver/Src/stm32l1xx_hal_uart.c:1998:19:HAL_UART_AbortReceive	112	static,ignoring_inline_asm
../Drivers/STM32L1xx_HAL_Driver/Src/stm32l1xx_hal_uart.c:2059:19:HAL_UART_Abort_IT	144	static,ignoring_inline_asm
../Drivers/STM32L1xx_HAL_Driver/Src/stm32l1xx_hal_uart.c:2194:19:HAL_UART_AbortTransmit_IT	64	static,ignoring_inline_asm
../Drivers/STM32L1xx_HAL_Driver/Src/stm32l1xx_hal_uart.c:2271:19:HAL_UART_AbortReceive_IT	112	static,ignoring_inline_asm
../Drivers/STM32L1xx_HAL_Driver/Src/stm32l1xx_hal_uart.c:2349:6:HAL_UART_IRQHandler	240	static,ignoring_inline_asm
../Drivers/STM32L1xx_HAL_Driver/Src/stm32l1xx_hal_uart.c:2613:13:HAL_UART_TxCpltCallback	16	static
../Drivers/STM32L1xx_HAL_Driver/Src/stm32l1xx_hal_uart.c:2628:13:HAL_UART_TxHalfCpltCallback	16	static
../Drivers/STM32L1xx_HAL_Driver/Src/stm32l1xx_hal_uart.c:2643:13:HAL_UART_RxCpltCallback	16	static
../Drivers/STM32L1xx_HAL_Driver/Src/stm32l1xx_hal_uart.c:2658:13:HAL_UART_RxHalfCpltCallback	16	static
../Drivers/STM32L1xx_HAL_Driver/Src/stm32l1xx_hal_uart.c:2673:13:HAL_UART_ErrorCallback	16	static
../Drivers/STM32L1xx_HAL_Driver/Src/stm32l1xx_hal_uart.c:2687:13:HAL_UART_AbortCpltCallback	16	static
../Drivers/STM32L1xx_HAL_Driver/Src/stm32l1xx_hal_uart.c:2702:13:HAL_UART_AbortTransmitCpltCallback	16	static
../Drivers/STM32L1xx_HAL_Driver/Src/stm32l1xx_hal_uart.c:2717:13:HAL_UART_AbortReceiveCpltCallback	16	static
../Drivers/STM32L1xx_HAL_Driver/Src/stm32l1xx_hal_uart.c:2734:13:HAL_UARTEx_RxEventCallback	16	static
../Drivers/STM32L1xx_HAL_Driver/Src/stm32l1xx_hal_uart.c:2774:19:HAL_LIN_SendBreak	40	static,ignoring_inline_asm
../Drivers/STM32L1xx_HAL_Driver/Src/stm32l1xx_hal_uart.c:2801:19:HAL_MultiProcessor_EnterMuteMode	40	static,ignoring_inline_asm
../Drivers/STM32L1xx_HAL_Driver/Src/stm32l1xx_hal_uart.c:2829:19:HAL_MultiProcessor_ExitMuteMode	40	static,ignoring_inline_asm
../Drivers/STM32L1xx_HAL_Driver/Src/stm32l1xx_hal_uart.c:2857:19:HAL_HalfDuplex_EnableTransmitter	24	static
../Drivers/STM32L1xx_HAL_Driver/Src/stm32l1xx_hal_uart.c:2892:19:HAL_HalfDuplex_EnableReceiver	24	static
../Drivers/STM32L1xx_HAL_Driver/Src/stm32l1xx_hal_uart.c:2949:23:HAL_UART_GetState	24	static
../Drivers/STM32L1xx_HAL_Driver/Src/stm32l1xx_hal_uart.c:2964:10:HAL_UART_GetError	16	static
../Drivers/STM32L1xx_HAL_Driver/Src/stm32l1xx_hal_uart.c:3009:13:UART_DMATransmitCplt	72	static,ignoring_inline_asm
../Drivers/STM32L1xx_HAL_Driver/Src/stm32l1xx_hal_uart.c:3044:13:UART_DMATxHalfCplt	24	static
../Drivers/STM32L1xx_HAL_Driver/Src/stm32l1xx_hal_uart.c:3063:13:UART_DMAReceiveCplt	120	static,ignoring_inline_asm
../Drivers/STM32L1xx_HAL_Driver/Src/stm32l1xx_hal_uart.c:3125:13:UART_DMARxHalfCplt	24	static
../Drivers/STM32L1xx_HAL_Driver/Src/stm32l1xx_hal_uart.c:3164:13:UART_DMAError	24	static
../Drivers/STM32L1xx_HAL_Driver/Src/stm32l1xx_hal_uart.c:3206:26:UART_WaitOnFlagUntilTimeout	32	static
../Drivers/STM32L1xx_HAL_Driver/Src/stm32l1xx_hal_uart.c:3257:19:UART_Start_Receive_IT	24	static
../Drivers/STM32L1xx_HAL_Driver/Src/stm32l1xx_hal_uart.c:3292:19:UART_Start_Receive_DMA	104	static,ignoring_inline_asm
../Drivers/STM32L1xx_HAL_Driver/Src/stm32l1xx_hal_uart.c:3350:13:UART_EndTxTransfer	40	static,ignoring_inline_asm
../Drivers/STM32L1xx_HAL_Driver/Src/stm32l1xx_hal_uart.c:3364:13:UART_EndRxTransfer	88	static,ignoring_inline_asm
../Drivers/STM32L1xx_HAL_Driver/Src/stm32l1xx_hal_uart.c:3388:13:UART_DMAAbortOnError	24	static
../Drivers/STM32L1xx_HAL_Driver/Src/stm32l1xx_hal_uart.c:3411:13:UART_DMATxAbortCallback	24	static
../Drivers/STM32L1xx_HAL_Driver/Src/stm32l1xx_hal_uart.c:3457:13:UART_DMARxAbortCallback	24	static
../Drivers/STM32L1xx_HAL_Driver/Src/stm32l1xx_hal_uart.c:3503:13:UART_DMATxOnlyAbortCallback	24	static
../Drivers/STM32L1xx_HAL_Driver/Src/stm32l1xx_hal_uart.c:3531:13:UART_DMARxOnlyAbortCallback	24	static
../Drivers/STM32L1xx_HAL_Driver/Src/stm32l1xx_hal_uart.c:3557:26:UART_Transmit_IT	24	static
../Drivers/STM32L1xx_HAL_Driver/Src/stm32l1xx_hal_uart.c:3597:26:UART_EndTransmit_IT	16	static
../Drivers/STM32L1xx_HAL_Driver/Src/stm32l1xx_hal_uart.c:3622:26:UART_Receive_IT	56	static,ignoring_inline_asm
../Drivers/STM32L1xx_HAL_Driver/Src/stm32l1xx_hal_uart.c:3725:13:UART_SetConfig	24	static
