../Drivers/STM32L1xx_HAL_Driver/Src/stm32l1xx_hal_flash.c:229:19:HAL_FLASH_Program	32	static
../Drivers/STM32L1xx_HAL_Driver/Src/stm32l1xx_hal_flash.c:271:19:HAL_FLASH_Program_IT	32	static
../Drivers/STM32L1xx_HAL_Driver/Src/stm32l1xx_hal_flash.c:302:6:HAL_FLASH_IRQHandler	16	static
../Drivers/STM32L1xx_HAL_Driver/Src/stm32l1xx_hal_flash.c:417:13:HAL_FLASH_EndOfOperationCallback	16	static
../Drivers/STM32L1xx_HAL_Driver/Src/stm32l1xx_hal_flash.c:434:13:HAL_FLASH_OperationErrorCallback	16	static
../Drivers/STM32L1xx_HAL_Driver/Src/stm32l1xx_hal_flash.c:467:19:HAL_FLASH_Unlock	4	static
../Drivers/STM32L1xx_HAL_Driver/Src/stm32l1xx_hal_flash.c:502:19:HAL_FLASH_Lock	4	static
../Drivers/STM32L1xx_HAL_Driver/Src/stm32l1xx_hal_flash.c:514:19:HAL_FLASH_OB_Unlock	4	static
../Drivers/STM32L1xx_HAL_Driver/Src/stm32l1xx_hal_flash.c:550:19:HAL_FLASH_OB_Lock	4	static
../Drivers/STM32L1xx_HAL_Driver/Src/stm32l1xx_hal_flash.c:563:19:HAL_FLASH_OB_Launch	8	static
../Drivers/STM32L1xx_HAL_Driver/Src/stm32l1xx_hal_flash.c:595:10:HAL_FLASH_GetError	4	static
../Drivers/STM32L1xx_HAL_Driver/Src/stm32l1xx_hal_flash.c:617:19:FLASH_WaitForLastOperation	24	static
../Drivers/STM32L1xx_HAL_Driver/Src/stm32l1xx_hal_flash.c:668:13:FLASH_SetErrorCode	16	static
