C:/Users/roboter/Documents/GitHub/HardwareModules/STM32/STM32F429-Discovery/STM32F429I-Discovery_FW_V1.0.3/Utilities/Third_Party/FreeRTOS/Source/queue.c:279:15:xQueueGenericReset	8	static
C:/Users/roboter/Documents/GitHub/HardwareModules/STM32/STM32F429-Discovery/STM32F429I-Discovery_FW_V1.0.3/Utilities/Third_Party/FreeRTOS/Source/queue.c:318:14:xQueueGenericCreate	32	static
C:/Users/roboter/Documents/GitHub/HardwareModules/STM32/STM32F429-Discovery/STM32F429I-Discovery_FW_V1.0.3/Utilities/Third_Party/FreeRTOS/Source/queue.c:430:8:xQueueGetMutexHolder	16	static
C:/Users/roboter/Documents/GitHub/HardwareModules/STM32/STM32F429-Discovery/STM32F429I-Discovery_FW_V1.0.3/Utilities/Third_Party/FreeRTOS/Source/queue.c:549:15:xQueueCreateCountingSemaphore	24	static
C:/Users/roboter/Documents/GitHub/HardwareModules/STM32/STM32F429-Discovery/STM32F429I-Discovery_FW_V1.0.3/Utilities/Third_Party/FreeRTOS/Source/queue.c:573:22:xQueueGenericSend	48	static
C:/Users/roboter/Documents/GitHub/HardwareModules/STM32/STM32F429-Discovery/STM32F429I-Discovery_FW_V1.0.3/Utilities/Third_Party/FreeRTOS/Source/queue.c:371:15:xQueueCreateMutex	16	static
C:/Users/roboter/Documents/GitHub/HardwareModules/STM32/STM32F429-Discovery/STM32F429I-Discovery_FW_V1.0.3/Utilities/Third_Party/FreeRTOS/Source/queue.c:898:22:xQueueGenericSendFromISR	16	static,ignoring_inline_asm
C:/Users/roboter/Documents/GitHub/HardwareModules/STM32/STM32F429-Discovery/STM32F429I-Discovery_FW_V1.0.3/Utilities/Third_Party/FreeRTOS/Source/queue.c:955:22:xQueueGenericReceive	48	static
C:/Users/roboter/Documents/GitHub/HardwareModules/STM32/STM32F429-Discovery/STM32F429I-Discovery_FW_V1.0.3/Utilities/Third_Party/FreeRTOS/Source/queue.c:1105:22:xQueueReceiveFromISR	16	static,ignoring_inline_asm
C:/Users/roboter/Documents/GitHub/HardwareModules/STM32/STM32F429-Discovery/STM32F429I-Discovery_FW_V1.0.3/Utilities/Third_Party/FreeRTOS/Source/queue.c:1160:24:uxQueueMessagesWaiting	16	static
C:/Users/roboter/Documents/GitHub/HardwareModules/STM32/STM32F429-Discovery/STM32F429I-Discovery_FW_V1.0.3/Utilities/Third_Party/FreeRTOS/Source/queue.c:1174:24:uxQueueMessagesWaitingFromISR	0	static
C:/Users/roboter/Documents/GitHub/HardwareModules/STM32/STM32F429-Discovery/STM32F429I-Discovery_FW_V1.0.3/Utilities/Third_Party/FreeRTOS/Source/queue.c:1186:6:vQueueDelete	8	static
C:/Users/roboter/Documents/GitHub/HardwareModules/STM32/STM32F429-Discovery/STM32F429I-Discovery_FW_V1.0.3/Utilities/Third_Party/FreeRTOS/Source/queue.c:1199:16:ucQueueGetQueueNumber	0	static
C:/Users/roboter/Documents/GitHub/HardwareModules/STM32/STM32F429-Discovery/STM32F429I-Discovery_FW_V1.0.3/Utilities/Third_Party/FreeRTOS/Source/queue.c:1209:7:vQueueSetQueueNumber	0	static
C:/Users/roboter/Documents/GitHub/HardwareModules/STM32/STM32F429-Discovery/STM32F429I-Discovery_FW_V1.0.3/Utilities/Third_Party/FreeRTOS/Source/queue.c:1219:16:ucQueueGetQueueType	0	static
C:/Users/roboter/Documents/GitHub/HardwareModules/STM32/STM32F429-Discovery/STM32F429I-Discovery_FW_V1.0.3/Utilities/Third_Party/FreeRTOS/Source/queue.c:1355:22:xQueueIsQueueEmptyFromISR	0	static
C:/Users/roboter/Documents/GitHub/HardwareModules/STM32/STM32F429-Discovery/STM32F429I-Discovery_FW_V1.0.3/Utilities/Third_Party/FreeRTOS/Source/queue.c:1378:22:xQueueIsQueueFullFromISR	0	static
C:/Users/roboter/Documents/GitHub/HardwareModules/STM32/STM32F429-Discovery/STM32F429I-Discovery_FW_V1.0.3/Utilities/Third_Party/FreeRTOS/Source/queue.c:1649:7:vQueueWaitForMessageRestricted	16	static
