C:/Users/roboter/Documents/GitHub/HardwareModules/STM32/STM32F429-Discovery/STM32F429I-Discovery_FW_V1.0.3/Utilities/Third_Party/FreeRTOS/Source/tasks.c:2164:14:prvListTaskWithinSingleList	56	static
C:/Users/roboter/Documents/GitHub/HardwareModules/STM32/STM32F429-Discovery/STM32F429I-Discovery_FW_V1.0.3/Utilities/Third_Party/FreeRTOS/Source/tasks.c:396:22:xTaskGenericCreate	40	static
C:/Users/roboter/Documents/GitHub/HardwareModules/STM32/STM32F429-Discovery/STM32F429I-Discovery_FW_V1.0.3/Utilities/Third_Party/FreeRTOS/Source/tasks.c:561:7:vTaskDelete	16	static
C:/Users/roboter/Documents/GitHub/HardwareModules/STM32/STM32F429-Discovery/STM32F429I-Discovery_FW_V1.0.3/Utilities/Third_Party/FreeRTOS/Source/tasks.c:738:25:uxTaskPriorityGet	16	static
C:/Users/roboter/Documents/GitHub/HardwareModules/STM32/STM32F429-Discovery/STM32F429I-Discovery_FW_V1.0.3/Utilities/Third_Party/FreeRTOS/Source/tasks.c:760:7:vTaskPrioritySet	24	static
C:/Users/roboter/Documents/GitHub/HardwareModules/STM32/STM32F429-Discovery/STM32F429I-Discovery_FW_V1.0.3/Utilities/Third_Party/FreeRTOS/Source/tasks.c:868:7:vTaskSuspend	16	static
C:/Users/roboter/Documents/GitHub/HardwareModules/STM32/STM32F429-Discovery/STM32F429I-Discovery_FW_V1.0.3/Utilities/Third_Party/FreeRTOS/Source/tasks.c:932:23:xTaskIsTaskSuspended	0	static
C:/Users/roboter/Documents/GitHub/HardwareModules/STM32/STM32F429-Discovery/STM32F429I-Discovery_FW_V1.0.3/Utilities/Third_Party/FreeRTOS/Source/tasks.c:966:7:vTaskResume	24	static
C:/Users/roboter/Documents/GitHub/HardwareModules/STM32/STM32F429-Discovery/STM32F429I-Discovery_FW_V1.0.3/Utilities/Third_Party/FreeRTOS/Source/tasks.c:1011:16:xTaskResumeFromISR	24	static,ignoring_inline_asm
C:/Users/roboter/Documents/GitHub/HardwareModules/STM32/STM32F429-Discovery/STM32F429I-Discovery_FW_V1.0.3/Utilities/Third_Party/FreeRTOS/Source/tasks.c:1057:6:vTaskStartScheduler	32	static,ignoring_inline_asm
C:/Users/roboter/Documents/GitHub/HardwareModules/STM32/STM32F429-Discovery/STM32F429I-Discovery_FW_V1.0.3/Utilities/Third_Party/FreeRTOS/Source/tasks.c:1122:6:vTaskEndScheduler	0	static,ignoring_inline_asm
C:/Users/roboter/Documents/GitHub/HardwareModules/STM32/STM32F429-Discovery/STM32F429I-Discovery_FW_V1.0.3/Utilities/Third_Party/FreeRTOS/Source/tasks.c:1133:6:vTaskSuspendAll	0	static
C:/Users/roboter/Documents/GitHub/HardwareModules/STM32/STM32F429-Discovery/STM32F429I-Discovery_FW_V1.0.3/Utilities/Third_Party/FreeRTOS/Source/tasks.c:1228:14:xTaskGetTickCount	16	static
C:/Users/roboter/Documents/GitHub/HardwareModules/STM32/STM32F429-Discovery/STM32F429I-Discovery_FW_V1.0.3/Utilities/Third_Party/FreeRTOS/Source/tasks.c:1243:14:xTaskGetTickCountFromISR	0	static,ignoring_inline_asm
C:/Users/roboter/Documents/GitHub/HardwareModules/STM32/STM32F429-Discovery/STM32F429I-Discovery_FW_V1.0.3/Utilities/Third_Party/FreeRTOS/Source/tasks.c:1256:24:uxTaskGetNumberOfTasks	0	static
C:/Users/roboter/Documents/GitHub/HardwareModules/STM32/STM32F429-Discovery/STM32F429I-Discovery_FW_V1.0.3/Utilities/Third_Party/FreeRTOS/Source/tasks.c:1434:6:vTaskIncrementTick	32	static
C:/Users/roboter/Documents/GitHub/HardwareModules/STM32/STM32F429-Discovery/STM32F429I-Discovery_FW_V1.0.3/Utilities/Third_Party/FreeRTOS/Source/tasks.c:1141:22:xTaskResumeAll	32	static
C:/Users/roboter/Documents/GitHub/HardwareModules/STM32/STM32F429-Discovery/STM32F429I-Discovery_FW_V1.0.3/Utilities/Third_Party/FreeRTOS/Source/tasks.c:627:7:vTaskDelayUntil	16	static
C:/Users/roboter/Documents/GitHub/HardwareModules/STM32/STM32F429-Discovery/STM32F429I-Discovery_FW_V1.0.3/Utilities/Third_Party/FreeRTOS/Source/tasks.c:692:7:vTaskDelay	16	static
C:/Users/roboter/Documents/GitHub/HardwareModules/STM32/STM32F429-Discovery/STM32F429I-Discovery_FW_V1.0.3/Utilities/Third_Party/FreeRTOS/Source/tasks.c:1886:8:prvIdleTask	8	static
C:/Users/roboter/Documents/GitHub/HardwareModules/STM32/STM32F429-Discovery/STM32F429I-Discovery_FW_V1.0.3/Utilities/Third_Party/FreeRTOS/Source/tasks.c:1281:7:vTaskList	24	static
C:/Users/roboter/Documents/GitHub/HardwareModules/STM32/STM32F429-Discovery/STM32F429I-Discovery_FW_V1.0.3/Utilities/Third_Party/FreeRTOS/Source/tasks.c:1596:6:vTaskSwitchContext	8	static
C:/Users/roboter/Documents/GitHub/HardwareModules/STM32/STM32F429-Discovery/STM32F429I-Discovery_FW_V1.0.3/Utilities/Third_Party/FreeRTOS/Source/tasks.c:1647:6:vTaskPlaceOnEventList	16	static
C:/Users/roboter/Documents/GitHub/HardwareModules/STM32/STM32F429-Discovery/STM32F429I-Discovery_FW_V1.0.3/Utilities/Third_Party/FreeRTOS/Source/tasks.c:1697:7:vTaskPlaceOnEventListRestricted	16	static
C:/Users/roboter/Documents/GitHub/HardwareModules/STM32/STM32F429-Discovery/STM32F429I-Discovery_FW_V1.0.3/Utilities/Third_Party/FreeRTOS/Source/tasks.c:1729:22:xTaskRemoveFromEventList	24	static
C:/Users/roboter/Documents/GitHub/HardwareModules/STM32/STM32F429-Discovery/STM32F429I-Discovery_FW_V1.0.3/Utilities/Third_Party/FreeRTOS/Source/tasks.c:1780:6:vTaskSetTimeOutState	0	static
C:/Users/roboter/Documents/GitHub/HardwareModules/STM32/STM32F429-Discovery/STM32F429I-Discovery_FW_V1.0.3/Utilities/Third_Party/FreeRTOS/Source/tasks.c:1788:15:xTaskCheckForTimeOut	24	static
C:/Users/roboter/Documents/GitHub/HardwareModules/STM32/STM32F429-Discovery/STM32F429I-Discovery_FW_V1.0.3/Utilities/Third_Party/FreeRTOS/Source/tasks.c:1834:6:vTaskMissedYield	0	static
C:/Users/roboter/Documents/GitHub/HardwareModules/STM32/STM32F429-Discovery/STM32F429I-Discovery_FW_V1.0.3/Utilities/Third_Party/FreeRTOS/Source/tasks.c:1841:25:uxTaskGetTaskNumber	0	static
C:/Users/roboter/Documents/GitHub/HardwareModules/STM32/STM32F429-Discovery/STM32F429I-Discovery_FW_V1.0.3/Utilities/Third_Party/FreeRTOS/Source/tasks.c:1862:7:vTaskSetTaskNumber	0	static
C:/Users/roboter/Documents/GitHub/HardwareModules/STM32/STM32F429-Discovery/STM32F429I-Discovery_FW_V1.0.3/Utilities/Third_Party/FreeRTOS/Source/tasks.c:2335:14:xTaskGetCurrentTaskHandle	0	static
C:/Users/roboter/Documents/GitHub/HardwareModules/STM32/STM32F429-Discovery/STM32F429I-Discovery_FW_V1.0.3/Utilities/Third_Party/FreeRTOS/Source/tasks.c:2353:16:xTaskGetSchedulerState	0	static
C:/Users/roboter/Documents/GitHub/HardwareModules/STM32/STM32F429-Discovery/STM32F429I-Discovery_FW_V1.0.3/Utilities/Third_Party/FreeRTOS/Source/tasks.c:2381:7:vTaskPriorityInherit	24	static
C:/Users/roboter/Documents/GitHub/HardwareModules/STM32/STM32F429-Discovery/STM32F429I-Discovery_FW_V1.0.3/Utilities/Third_Party/FreeRTOS/Source/tasks.c:2417:7:vTaskPriorityDisinherit	16	static
