C:/Users/roboter/Documents/GitHub/HardwareModules/STM32/STM32F429-Discovery/STM32F429I-Discovery_FW_V1.0.3/Utilities/Third_Party/FreeRTOS/Source/timers.c:579:13:prvSwitchTimerLists.constprop	48	static
C:/Users/roboter/Documents/GitHub/HardwareModules/STM32/STM32F429-Discovery/STM32F429I-Discovery_FW_V1.0.3/Utilities/Third_Party/FreeRTOS/Source/timers.c:343:13:prvTimerTask	72	static
C:/Users/roboter/Documents/GitHub/HardwareModules/STM32/STM32F429-Discovery/STM32F429I-Discovery_FW_V1.0.3/Utilities/Third_Party/FreeRTOS/Source/timers.c:187:15:xTimerCreateTimerTask	40	static
C:/Users/roboter/Documents/GitHub/HardwareModules/STM32/STM32F429-Discovery/STM32F429I-Discovery_FW_V1.0.3/Utilities/Third_Party/FreeRTOS/Source/timers.c:218:14:xTimerCreate	48	static
C:/Users/roboter/Documents/GitHub/HardwareModules/STM32/STM32F429-Discovery/STM32F429I-Discovery_FW_V1.0.3/Utilities/Third_Party/FreeRTOS/Source/timers.c:257:15:xTimerGenericCommand	32	static
C:/Users/roboter/Documents/GitHub/HardwareModules/STM32/STM32F429-Discovery/STM32F429I-Discovery_FW_V1.0.3/Utilities/Third_Party/FreeRTOS/Source/timers.c:656:15:xTimerIsTimerActive	16	static
C:/Users/roboter/Documents/GitHub/HardwareModules/STM32/STM32F429-Discovery/STM32F429I-Discovery_FW_V1.0.3/Utilities/Third_Party/FreeRTOS/Source/timers.c:675:7:pvTimerGetTimerID	0	static
