<html>
<body>
<pre>
<h1>µVision Build Log</h1>
<h2>Tool Versions:</h2>
IDE-Version: µVision V5.38.0.0
Copyright (C) 2022 ARM Ltd and ARM Germany GmbH. All rights reserved.
License Information: waa fff, ddd, LIC=----
 
Tool Versions:
Toolchain:       MDK-Lite  Version: 5.38.0.0
Toolchain Path:  C:\Keil_v5\ARM\ARMCLANG\Bin
C Compiler:      ArmClang.exe V6.19
Assembler:       Armasm.exe V6.19
Linker/Locator:  ArmLink.exe V6.19
Library Manager: ArmAr.exe V6.19
Hex Converter:   FromElf.exe V6.19
CPU DLL:         
Dialog DLL:      
Target DLL:      CMSIS_AGDI_V8M.DLL V1.7.20.0
Dialog DLL:      TCM.DLL V1.56.4.0
 
<h2>Project:</h2>
C:\Users\roboter\Documents\GitHub\Hardware\GD32\GD32E232K\GD32E23x_Demo_Suites_V1.1.1\GD32E230C_START_Demo_Suites\Projects\04_TIMER_Key_EXTI\MDK-ARM\Project.uvprojx
Project File Date:  05/06/2023

<h2>Output:</h2>
*** Using Compiler 'V6.19', folder: 'C:\Keil_v5\ARM\ARMCLANG\Bin'
Rebuild target 'GD32E230C_START'
compiling gd32e23x_cmp.c...
compiling systick.c...
compiling main.c...
compiling gd32e23x_it.c...
compiling system_gd32e23x.c...
compiling gd32e23x_crc.c...
compiling gd32e23x_adc.c...
compiling gd32e23x_dbg.c...
compiling gd32e23x_exti.c...
compiling gd32e23x_fwdgt.c...
compiling gd32e23x_dma.c...
compiling gd32e23x_gpio.c...
compiling gd32e23x_fmc.c...
compiling gd32e23x_i2c.c...
compiling gd32e23x_misc.c...
compiling gd32e23x_pmu.c...
compiling gd32e23x_spi.c...
compiling gd32e23x_syscfg.c...
compiling gd32e23x_rcu.c...
compiling gd32e23x_rtc.c...
compiling gd32e23x_timer.c...
assembling startup_gd32e23x.s...
compiling gd32e23x_wwdgt.c...
compiling gd32e23x_usart.c...
compiling gd32e230c_start.c...
linking...
Program Size: Code=4644 RO-data=296 RW-data=4 ZI-data=1036  
".\output\GD32E230C_START.axf" - 0 Error(s), 0 Warning(s).

<h2>Software Packages used:</h2>

Package Vendor: ARM
                http://www.keil.com/pack/ARM.CMSIS.5.9.0.pack
                ARM.CMSIS.5.9.0
                CMSIS (Common Microcontroller Software Interface Standard)
   * Component: CORE Version: 5.6.0

Package Vendor: GigaDevice
                https://gd32mcu.com/data/documents/pack/GigaDevice.GD32E23x_DFP.1.0.2.pack
                GigaDevice.GD32E23x_DFP.1.0.2
                GigaDevice GD32E23x Series Device Support and Examples

<h2>Collection of Component include folders:</h2>
  ./RTE/_GD32E230C_START
  C:/Users/roboter/AppData/Local/Arm/Packs/ARM/CMSIS/5.9.0/CMSIS/Core/Include
  C:/Users/roboter/AppData/Local/Arm/Packs/GigaDevice/GD32E23x_DFP/1.0.2/Device/Include

<h2>Collection of Component Files used:</h2>

   * Component: ARM::CMSIS:CORE:5.6.0
Build Time Elapsed:  00:00:01
</pre>
</body>
</html>
