<!doctype html public "-//w3c//dtd html 4.0 transitional//en">
<html><head>
<title>Static Call Graph - [.\output\GD32E230C_START.axf]</title></head>
<body><HR>
<H1>Static Call Graph for image .\output\GD32E230C_START.axf</H1><HR>
<BR><P>#&#060CALLGRAPH&#062# ARM Linker, 6190004: Last Updated: Sat May  6 18:03:45 2023
<BR><P>
<H3>Maximum Stack Usage =        116 bytes + Unknown(Cycles, Untraceable Function Pointers)</H3><H3>
Call chain for Maximum Stack Depth:</H3>
main &rArr; timer_config &rArr; timer_deinit &rArr; rcu_periph_reset_disable
<P>
<H3>
Mutually Recursive functions
</H3> <LI><a href="#[11]">ADC_CMP_IRQHandler</a>&nbsp;&nbsp;&nbsp;&rArr;&nbsp;&nbsp;&nbsp;<a href="#[11]">ADC_CMP_IRQHandler</a><BR>
</UL>
<P>
<H3>
Function Pointers
</H3><UL>
 <LI><a href="#[11]">ADC_CMP_IRQHandler</a> from startup_gd32e23x.o(.text) referenced from startup_gd32e23x.o(RESET)
 <LI><a href="#[e]">DMA_Channel0_IRQHandler</a> from startup_gd32e23x.o(.text) referenced from startup_gd32e23x.o(RESET)
 <LI><a href="#[f]">DMA_Channel1_2_IRQHandler</a> from startup_gd32e23x.o(.text) referenced from startup_gd32e23x.o(RESET)
 <LI><a href="#[10]">DMA_Channel3_4_IRQHandler</a> from startup_gd32e23x.o(.text) referenced from startup_gd32e23x.o(RESET)
 <LI><a href="#[b]">EXTI0_1_IRQHandler</a> from gd32e23x_it.o(.text.EXTI0_1_IRQHandler) referenced from startup_gd32e23x.o(RESET)
 <LI><a href="#[c]">EXTI2_3_IRQHandler</a> from startup_gd32e23x.o(.text) referenced from startup_gd32e23x.o(RESET)
 <LI><a href="#[d]">EXTI4_15_IRQHandler</a> from gd32e23x_it.o(.text.EXTI4_15_IRQHandler) referenced from startup_gd32e23x.o(RESET)
 <LI><a href="#[9]">FMC_IRQHandler</a> from startup_gd32e23x.o(.text) referenced from startup_gd32e23x.o(RESET)
 <LI><a href="#[2]">HardFault_Handler</a> from gd32e23x_it.o(.text.HardFault_Handler) referenced from startup_gd32e23x.o(RESET)
 <LI><a href="#[20]">I2C0_ER_IRQHandler</a> from startup_gd32e23x.o(.text) referenced from startup_gd32e23x.o(RESET)
 <LI><a href="#[1a]">I2C0_EV_IRQHandler</a> from startup_gd32e23x.o(.text) referenced from startup_gd32e23x.o(RESET)
 <LI><a href="#[21]">I2C1_ER_IRQHandler</a> from startup_gd32e23x.o(.text) referenced from startup_gd32e23x.o(RESET)
 <LI><a href="#[1b]">I2C1_EV_IRQHandler</a> from startup_gd32e23x.o(.text) referenced from startup_gd32e23x.o(RESET)
 <LI><a href="#[7]">LVD_IRQHandler</a> from startup_gd32e23x.o(.text) referenced from startup_gd32e23x.o(RESET)
 <LI><a href="#[1]">NMI_Handler</a> from gd32e23x_it.o(.text.NMI_Handler) referenced from startup_gd32e23x.o(RESET)
 <LI><a href="#[4]">PendSV_Handler</a> from gd32e23x_it.o(.text.PendSV_Handler) referenced from startup_gd32e23x.o(RESET)
 <LI><a href="#[a]">RCU_IRQHandler</a> from startup_gd32e23x.o(.text) referenced from startup_gd32e23x.o(RESET)
 <LI><a href="#[8]">RTC_IRQHandler</a> from startup_gd32e23x.o(.text) referenced from startup_gd32e23x.o(RESET)
 <LI><a href="#[0]">Reset_Handler</a> from startup_gd32e23x.o(.text) referenced from startup_gd32e23x.o(RESET)
 <LI><a href="#[1c]">SPI0_IRQHandler</a> from startup_gd32e23x.o(.text) referenced from startup_gd32e23x.o(RESET)
 <LI><a href="#[1d]">SPI1_IRQHandler</a> from startup_gd32e23x.o(.text) referenced from startup_gd32e23x.o(RESET)
 <LI><a href="#[3]">SVC_Handler</a> from gd32e23x_it.o(.text.SVC_Handler) referenced from startup_gd32e23x.o(RESET)
 <LI><a href="#[5]">SysTick_Handler</a> from gd32e23x_it.o(.text.SysTick_Handler) referenced from startup_gd32e23x.o(RESET)
 <LI><a href="#[23]">SystemInit</a> from system_gd32e23x.o(.text.SystemInit) referenced from startup_gd32e23x.o(.text)
 <LI><a href="#[12]">TIMER0_BRK_UP_TRG_COM_IRQHandler</a> from startup_gd32e23x.o(.text) referenced from startup_gd32e23x.o(RESET)
 <LI><a href="#[13]">TIMER0_Channel_IRQHandler</a> from startup_gd32e23x.o(.text) referenced from startup_gd32e23x.o(RESET)
 <LI><a href="#[16]">TIMER13_IRQHandler</a> from startup_gd32e23x.o(.text) referenced from startup_gd32e23x.o(RESET)
 <LI><a href="#[17]">TIMER14_IRQHandler</a> from startup_gd32e23x.o(.text) referenced from startup_gd32e23x.o(RESET)
 <LI><a href="#[18]">TIMER15_IRQHandler</a> from startup_gd32e23x.o(.text) referenced from startup_gd32e23x.o(RESET)
 <LI><a href="#[19]">TIMER16_IRQHandler</a> from startup_gd32e23x.o(.text) referenced from startup_gd32e23x.o(RESET)
 <LI><a href="#[14]">TIMER2_IRQHandler</a> from startup_gd32e23x.o(.text) referenced from startup_gd32e23x.o(RESET)
 <LI><a href="#[15]">TIMER5_IRQHandler</a> from startup_gd32e23x.o(.text) referenced from startup_gd32e23x.o(RESET)
 <LI><a href="#[1e]">USART0_IRQHandler</a> from startup_gd32e23x.o(.text) referenced from startup_gd32e23x.o(RESET)
 <LI><a href="#[1f]">USART1_IRQHandler</a> from startup_gd32e23x.o(.text) referenced from startup_gd32e23x.o(RESET)
 <LI><a href="#[6]">WWDGT_IRQHandler</a> from startup_gd32e23x.o(.text) referenced from startup_gd32e23x.o(RESET)
 <LI><a href="#[24]">__main</a> from entry.o(.ARM.Collect$$$$00000000) referenced from startup_gd32e23x.o(.text)
 <LI><a href="#[22]">main</a> from main.o(.text.main) referenced from entry9a.o(.ARM.Collect$$$$0000000B)
</UL>
<P>
<H3>
Global Symbols
</H3>
<P><STRONG><a name="[24]"></a>__main</STRONG> (Thumb, 0 bytes, Stack size unknown bytes, entry.o(.ARM.Collect$$$$00000000))
<BR>[Address Reference Count : 1]<UL><LI> startup_gd32e23x.o(.text)
</UL>
<P><STRONG><a name="[4f]"></a>_main_stk</STRONG> (Thumb, 0 bytes, Stack size unknown bytes, entry2.o(.ARM.Collect$$$$00000001))

<P><STRONG><a name="[25]"></a>_main_scatterload</STRONG> (Thumb, 0 bytes, Stack size unknown bytes, entry5.o(.ARM.Collect$$$$00000004))
<BR><BR>[Calls]<UL><LI><a href="#[26]">&gt;&gt;</a>&nbsp;&nbsp;&nbsp;__scatterload
</UL>

<P><STRONG><a name="[27]"></a>__main_after_scatterload</STRONG> (Thumb, 0 bytes, Stack size unknown bytes, entry5.o(.ARM.Collect$$$$00000004))
<BR><BR>[Called By]<UL><LI><a href="#[26]">&gt;&gt;</a>&nbsp;&nbsp;&nbsp;__scatterload
</UL>

<P><STRONG><a name="[50]"></a>_main_clock</STRONG> (Thumb, 0 bytes, Stack size unknown bytes, entry7b.o(.ARM.Collect$$$$00000008))

<P><STRONG><a name="[51]"></a>_main_cpp_init</STRONG> (Thumb, 0 bytes, Stack size unknown bytes, entry8b.o(.ARM.Collect$$$$0000000A))

<P><STRONG><a name="[52]"></a>_main_init</STRONG> (Thumb, 0 bytes, Stack size unknown bytes, entry9a.o(.ARM.Collect$$$$0000000B))

<P><STRONG><a name="[53]"></a>__rt_final_cpp</STRONG> (Thumb, 0 bytes, Stack size unknown bytes, entry10a.o(.ARM.Collect$$$$0000000D))

<P><STRONG><a name="[54]"></a>__rt_final_exit</STRONG> (Thumb, 0 bytes, Stack size unknown bytes, entry11a.o(.ARM.Collect$$$$0000000F))

<P><STRONG><a name="[0]"></a>Reset_Handler</STRONG> (Thumb, 8 bytes, Stack size 0 bytes, startup_gd32e23x.o(.text))
<BR>[Address Reference Count : 1]<UL><LI> startup_gd32e23x.o(RESET)
</UL>
<P><STRONG><a name="[11]"></a>ADC_CMP_IRQHandler</STRONG> (Thumb, 0 bytes, Stack size 0 bytes, startup_gd32e23x.o(.text))
<BR><BR>[Calls]<UL><LI><a href="#[11]">&gt;&gt;</a>&nbsp;&nbsp;&nbsp;ADC_CMP_IRQHandler
</UL>
<BR>[Called By]<UL><LI><a href="#[11]">&gt;&gt;</a>&nbsp;&nbsp;&nbsp;ADC_CMP_IRQHandler
</UL>
<BR>[Address Reference Count : 1]<UL><LI> startup_gd32e23x.o(RESET)
</UL>
<P><STRONG><a name="[e]"></a>DMA_Channel0_IRQHandler</STRONG> (Thumb, 0 bytes, Stack size 0 bytes, startup_gd32e23x.o(.text))
<BR>[Address Reference Count : 1]<UL><LI> startup_gd32e23x.o(RESET)
</UL>
<P><STRONG><a name="[f]"></a>DMA_Channel1_2_IRQHandler</STRONG> (Thumb, 0 bytes, Stack size 0 bytes, startup_gd32e23x.o(.text))
<BR>[Address Reference Count : 1]<UL><LI> startup_gd32e23x.o(RESET)
</UL>
<P><STRONG><a name="[10]"></a>DMA_Channel3_4_IRQHandler</STRONG> (Thumb, 0 bytes, Stack size 0 bytes, startup_gd32e23x.o(.text))
<BR>[Address Reference Count : 1]<UL><LI> startup_gd32e23x.o(RESET)
</UL>
<P><STRONG><a name="[c]"></a>EXTI2_3_IRQHandler</STRONG> (Thumb, 0 bytes, Stack size 0 bytes, startup_gd32e23x.o(.text))
<BR>[Address Reference Count : 1]<UL><LI> startup_gd32e23x.o(RESET)
</UL>
<P><STRONG><a name="[9]"></a>FMC_IRQHandler</STRONG> (Thumb, 0 bytes, Stack size 0 bytes, startup_gd32e23x.o(.text))
<BR>[Address Reference Count : 1]<UL><LI> startup_gd32e23x.o(RESET)
</UL>
<P><STRONG><a name="[20]"></a>I2C0_ER_IRQHandler</STRONG> (Thumb, 0 bytes, Stack size 0 bytes, startup_gd32e23x.o(.text))
<BR>[Address Reference Count : 1]<UL><LI> startup_gd32e23x.o(RESET)
</UL>
<P><STRONG><a name="[1a]"></a>I2C0_EV_IRQHandler</STRONG> (Thumb, 0 bytes, Stack size 0 bytes, startup_gd32e23x.o(.text))
<BR>[Address Reference Count : 1]<UL><LI> startup_gd32e23x.o(RESET)
</UL>
<P><STRONG><a name="[21]"></a>I2C1_ER_IRQHandler</STRONG> (Thumb, 0 bytes, Stack size 0 bytes, startup_gd32e23x.o(.text))
<BR>[Address Reference Count : 1]<UL><LI> startup_gd32e23x.o(RESET)
</UL>
<P><STRONG><a name="[1b]"></a>I2C1_EV_IRQHandler</STRONG> (Thumb, 0 bytes, Stack size 0 bytes, startup_gd32e23x.o(.text))
<BR>[Address Reference Count : 1]<UL><LI> startup_gd32e23x.o(RESET)
</UL>
<P><STRONG><a name="[7]"></a>LVD_IRQHandler</STRONG> (Thumb, 0 bytes, Stack size 0 bytes, startup_gd32e23x.o(.text))
<BR>[Address Reference Count : 1]<UL><LI> startup_gd32e23x.o(RESET)
</UL>
<P><STRONG><a name="[a]"></a>RCU_IRQHandler</STRONG> (Thumb, 0 bytes, Stack size 0 bytes, startup_gd32e23x.o(.text))
<BR>[Address Reference Count : 1]<UL><LI> startup_gd32e23x.o(RESET)
</UL>
<P><STRONG><a name="[8]"></a>RTC_IRQHandler</STRONG> (Thumb, 0 bytes, Stack size 0 bytes, startup_gd32e23x.o(.text))
<BR>[Address Reference Count : 1]<UL><LI> startup_gd32e23x.o(RESET)
</UL>
<P><STRONG><a name="[1c]"></a>SPI0_IRQHandler</STRONG> (Thumb, 0 bytes, Stack size 0 bytes, startup_gd32e23x.o(.text))
<BR>[Address Reference Count : 1]<UL><LI> startup_gd32e23x.o(RESET)
</UL>
<P><STRONG><a name="[1d]"></a>SPI1_IRQHandler</STRONG> (Thumb, 0 bytes, Stack size 0 bytes, startup_gd32e23x.o(.text))
<BR>[Address Reference Count : 1]<UL><LI> startup_gd32e23x.o(RESET)
</UL>
<P><STRONG><a name="[12]"></a>TIMER0_BRK_UP_TRG_COM_IRQHandler</STRONG> (Thumb, 0 bytes, Stack size 0 bytes, startup_gd32e23x.o(.text))
<BR>[Address Reference Count : 1]<UL><LI> startup_gd32e23x.o(RESET)
</UL>
<P><STRONG><a name="[13]"></a>TIMER0_Channel_IRQHandler</STRONG> (Thumb, 0 bytes, Stack size 0 bytes, startup_gd32e23x.o(.text))
<BR>[Address Reference Count : 1]<UL><LI> startup_gd32e23x.o(RESET)
</UL>
<P><STRONG><a name="[16]"></a>TIMER13_IRQHandler</STRONG> (Thumb, 0 bytes, Stack size 0 bytes, startup_gd32e23x.o(.text))
<BR>[Address Reference Count : 1]<UL><LI> startup_gd32e23x.o(RESET)
</UL>
<P><STRONG><a name="[17]"></a>TIMER14_IRQHandler</STRONG> (Thumb, 0 bytes, Stack size 0 bytes, startup_gd32e23x.o(.text))
<BR>[Address Reference Count : 1]<UL><LI> startup_gd32e23x.o(RESET)
</UL>
<P><STRONG><a name="[18]"></a>TIMER15_IRQHandler</STRONG> (Thumb, 0 bytes, Stack size 0 bytes, startup_gd32e23x.o(.text))
<BR>[Address Reference Count : 1]<UL><LI> startup_gd32e23x.o(RESET)
</UL>
<P><STRONG><a name="[19]"></a>TIMER16_IRQHandler</STRONG> (Thumb, 0 bytes, Stack size 0 bytes, startup_gd32e23x.o(.text))
<BR>[Address Reference Count : 1]<UL><LI> startup_gd32e23x.o(RESET)
</UL>
<P><STRONG><a name="[14]"></a>TIMER2_IRQHandler</STRONG> (Thumb, 0 bytes, Stack size 0 bytes, startup_gd32e23x.o(.text))
<BR>[Address Reference Count : 1]<UL><LI> startup_gd32e23x.o(RESET)
</UL>
<P><STRONG><a name="[15]"></a>TIMER5_IRQHandler</STRONG> (Thumb, 0 bytes, Stack size 0 bytes, startup_gd32e23x.o(.text))
<BR>[Address Reference Count : 1]<UL><LI> startup_gd32e23x.o(RESET)
</UL>
<P><STRONG><a name="[1e]"></a>USART0_IRQHandler</STRONG> (Thumb, 0 bytes, Stack size 0 bytes, startup_gd32e23x.o(.text))
<BR>[Address Reference Count : 1]<UL><LI> startup_gd32e23x.o(RESET)
</UL>
<P><STRONG><a name="[1f]"></a>USART1_IRQHandler</STRONG> (Thumb, 0 bytes, Stack size 0 bytes, startup_gd32e23x.o(.text))
<BR>[Address Reference Count : 1]<UL><LI> startup_gd32e23x.o(RESET)
</UL>
<P><STRONG><a name="[6]"></a>WWDGT_IRQHandler</STRONG> (Thumb, 0 bytes, Stack size 0 bytes, startup_gd32e23x.o(.text))
<BR>[Address Reference Count : 1]<UL><LI> startup_gd32e23x.o(RESET)
</UL>
<P><STRONG><a name="[26]"></a>__scatterload</STRONG> (Thumb, 28 bytes, Stack size 0 bytes, init.o(.text))
<BR><BR>[Calls]<UL><LI><a href="#[27]">&gt;&gt;</a>&nbsp;&nbsp;&nbsp;__main_after_scatterload
</UL>
<BR>[Called By]<UL><LI><a href="#[25]">&gt;&gt;</a>&nbsp;&nbsp;&nbsp;_main_scatterload
</UL>

<P><STRONG><a name="[55]"></a>__scatterload_rt2</STRONG> (Thumb, 0 bytes, Stack size 0 bytes, init.o(.text), UNUSED)

<P><STRONG><a name="[b]"></a>EXTI0_1_IRQHandler</STRONG> (Thumb, 28 bytes, Stack size 8 bytes, gd32e23x_it.o(.text.EXTI0_1_IRQHandler))
<BR><BR>[Stack]<UL><LI>Max Depth = 16<LI>Call Chain = EXTI0_1_IRQHandler &rArr; exti_interrupt_flag_get
</UL>
<BR>[Calls]<UL><LI><a href="#[29]">&gt;&gt;</a>&nbsp;&nbsp;&nbsp;gd_eval_led_toggle
<LI><a href="#[28]">&gt;&gt;</a>&nbsp;&nbsp;&nbsp;exti_interrupt_flag_get
<LI><a href="#[2a]">&gt;&gt;</a>&nbsp;&nbsp;&nbsp;exti_interrupt_flag_clear
</UL>
<BR>[Address Reference Count : 1]<UL><LI> startup_gd32e23x.o(RESET)
</UL>
<P><STRONG><a name="[d]"></a>EXTI4_15_IRQHandler</STRONG> (Thumb, 32 bytes, Stack size 8 bytes, gd32e23x_it.o(.text.EXTI4_15_IRQHandler))
<BR><BR>[Stack]<UL><LI>Max Depth = 16<LI>Call Chain = EXTI4_15_IRQHandler &rArr; exti_interrupt_flag_get
</UL>
<BR>[Calls]<UL><LI><a href="#[29]">&gt;&gt;</a>&nbsp;&nbsp;&nbsp;gd_eval_led_toggle
<LI><a href="#[28]">&gt;&gt;</a>&nbsp;&nbsp;&nbsp;exti_interrupt_flag_get
<LI><a href="#[2a]">&gt;&gt;</a>&nbsp;&nbsp;&nbsp;exti_interrupt_flag_clear
</UL>
<BR>[Address Reference Count : 1]<UL><LI> startup_gd32e23x.o(RESET)
</UL>
<P><STRONG><a name="[2]"></a>HardFault_Handler</STRONG> (Thumb, 4 bytes, Stack size 0 bytes, gd32e23x_it.o(.text.HardFault_Handler))
<BR>[Address Reference Count : 1]<UL><LI> startup_gd32e23x.o(RESET)
</UL>
<P><STRONG><a name="[1]"></a>NMI_Handler</STRONG> (Thumb, 2 bytes, Stack size 0 bytes, gd32e23x_it.o(.text.NMI_Handler))
<BR>[Address Reference Count : 1]<UL><LI> startup_gd32e23x.o(RESET)
</UL>
<P><STRONG><a name="[4]"></a>PendSV_Handler</STRONG> (Thumb, 2 bytes, Stack size 0 bytes, gd32e23x_it.o(.text.PendSV_Handler))
<BR>[Address Reference Count : 1]<UL><LI> startup_gd32e23x.o(RESET)
</UL>
<P><STRONG><a name="[3]"></a>SVC_Handler</STRONG> (Thumb, 2 bytes, Stack size 0 bytes, gd32e23x_it.o(.text.SVC_Handler))
<BR>[Address Reference Count : 1]<UL><LI> startup_gd32e23x.o(RESET)
</UL>
<P><STRONG><a name="[5]"></a>SysTick_Handler</STRONG> (Thumb, 8 bytes, Stack size 8 bytes, gd32e23x_it.o(.text.SysTick_Handler))
<BR><BR>[Stack]<UL><LI>Max Depth = 8<LI>Call Chain = SysTick_Handler
</UL>
<BR>[Calls]<UL><LI><a href="#[2d]">&gt;&gt;</a>&nbsp;&nbsp;&nbsp;delay_decrement
</UL>
<BR>[Address Reference Count : 1]<UL><LI> startup_gd32e23x.o(RESET)
</UL>
<P><STRONG><a name="[23]"></a>SystemInit</STRONG> (Thumb, 216 bytes, Stack size 24 bytes, system_gd32e23x.o(.text.SystemInit))
<BR><BR>[Stack]<UL><LI>Max Depth = 48<LI>Call Chain = SystemInit &rArr; system_clock_config &rArr; system_clock_72m_irc8m
</UL>
<BR>[Calls]<UL><LI><a href="#[2f]">&gt;&gt;</a>&nbsp;&nbsp;&nbsp;nvic_vector_table_set
<LI><a href="#[2e]">&gt;&gt;</a>&nbsp;&nbsp;&nbsp;system_clock_config
</UL>
<BR>[Address Reference Count : 1]<UL><LI> startup_gd32e23x.o(.text)
</UL>
<P><STRONG><a name="[3e]"></a>delay_1ms</STRONG> (Thumb, 28 bytes, Stack size 4 bytes, systick.o(.text.delay_1ms))
<BR><BR>[Stack]<UL><LI>Max Depth = 4<LI>Call Chain = delay_1ms
</UL>
<BR>[Called By]<UL><LI><a href="#[3c]">&gt;&gt;</a>&nbsp;&nbsp;&nbsp;led_flash
</UL>

<P><STRONG><a name="[2d]"></a>delay_decrement</STRONG> (Thumb, 20 bytes, Stack size 0 bytes, systick.o(.text.delay_decrement))
<BR><BR>[Called By]<UL><LI><a href="#[5]">&gt;&gt;</a>&nbsp;&nbsp;&nbsp;SysTick_Handler
</UL>

<P><STRONG><a name="[30]"></a>exti_config</STRONG> (Thumb, 76 bytes, Stack size 24 bytes, main.o(.text.exti_config))
<BR><BR>[Stack]<UL><LI>Max Depth = 72<LI>Call Chain = exti_config &rArr; nvic_irq_enable &rArr; __NVIC_SetPriority
</UL>
<BR>[Calls]<UL><LI><a href="#[2a]">&gt;&gt;</a>&nbsp;&nbsp;&nbsp;exti_interrupt_flag_clear
<LI><a href="#[35]">&gt;&gt;</a>&nbsp;&nbsp;&nbsp;exti_init
<LI><a href="#[34]">&gt;&gt;</a>&nbsp;&nbsp;&nbsp;syscfg_exti_line_config
<LI><a href="#[33]">&gt;&gt;</a>&nbsp;&nbsp;&nbsp;nvic_irq_enable
<LI><a href="#[32]">&gt;&gt;</a>&nbsp;&nbsp;&nbsp;gpio_mode_set
<LI><a href="#[31]">&gt;&gt;</a>&nbsp;&nbsp;&nbsp;rcu_periph_clock_enable
</UL>
<BR>[Called By]<UL><LI><a href="#[22]">&gt;&gt;</a>&nbsp;&nbsp;&nbsp;main
</UL>

<P><STRONG><a name="[35]"></a>exti_init</STRONG> (Thumb, 208 bytes, Stack size 20 bytes, gd32e23x_exti.o(.text.exti_init))
<BR><BR>[Stack]<UL><LI>Max Depth = 20<LI>Call Chain = exti_init
</UL>
<BR>[Called By]<UL><LI><a href="#[30]">&gt;&gt;</a>&nbsp;&nbsp;&nbsp;exti_config
<LI><a href="#[36]">&gt;&gt;</a>&nbsp;&nbsp;&nbsp;gd_eval_key_init
</UL>

<P><STRONG><a name="[2a]"></a>exti_interrupt_flag_clear</STRONG> (Thumb, 16 bytes, Stack size 4 bytes, gd32e23x_exti.o(.text.exti_interrupt_flag_clear))
<BR><BR>[Stack]<UL><LI>Max Depth = 4<LI>Call Chain = exti_interrupt_flag_clear
</UL>
<BR>[Called By]<UL><LI><a href="#[d]">&gt;&gt;</a>&nbsp;&nbsp;&nbsp;EXTI4_15_IRQHandler
<LI><a href="#[b]">&gt;&gt;</a>&nbsp;&nbsp;&nbsp;EXTI0_1_IRQHandler
<LI><a href="#[30]">&gt;&gt;</a>&nbsp;&nbsp;&nbsp;exti_config
<LI><a href="#[36]">&gt;&gt;</a>&nbsp;&nbsp;&nbsp;gd_eval_key_init
</UL>

<P><STRONG><a name="[28]"></a>exti_interrupt_flag_get</STRONG> (Thumb, 40 bytes, Stack size 8 bytes, gd32e23x_exti.o(.text.exti_interrupt_flag_get))
<BR><BR>[Stack]<UL><LI>Max Depth = 8<LI>Call Chain = exti_interrupt_flag_get
</UL>
<BR>[Called By]<UL><LI><a href="#[d]">&gt;&gt;</a>&nbsp;&nbsp;&nbsp;EXTI4_15_IRQHandler
<LI><a href="#[b]">&gt;&gt;</a>&nbsp;&nbsp;&nbsp;EXTI0_1_IRQHandler
</UL>

<P><STRONG><a name="[36]"></a>gd_eval_key_init</STRONG> (Thumb, 144 bytes, Stack size 32 bytes, gd32e230c_start.o(.text.gd_eval_key_init))
<BR><BR>[Stack]<UL><LI>Max Depth = 80<LI>Call Chain = gd_eval_key_init &rArr; nvic_irq_enable &rArr; __NVIC_SetPriority
</UL>
<BR>[Calls]<UL><LI><a href="#[2a]">&gt;&gt;</a>&nbsp;&nbsp;&nbsp;exti_interrupt_flag_clear
<LI><a href="#[35]">&gt;&gt;</a>&nbsp;&nbsp;&nbsp;exti_init
<LI><a href="#[34]">&gt;&gt;</a>&nbsp;&nbsp;&nbsp;syscfg_exti_line_config
<LI><a href="#[33]">&gt;&gt;</a>&nbsp;&nbsp;&nbsp;nvic_irq_enable
<LI><a href="#[32]">&gt;&gt;</a>&nbsp;&nbsp;&nbsp;gpio_mode_set
<LI><a href="#[31]">&gt;&gt;</a>&nbsp;&nbsp;&nbsp;rcu_periph_clock_enable
</UL>
<BR>[Called By]<UL><LI><a href="#[22]">&gt;&gt;</a>&nbsp;&nbsp;&nbsp;main
</UL>

<P><STRONG><a name="[37]"></a>gd_eval_led_init_my</STRONG> (Thumb, 48 bytes, Stack size 24 bytes, main.o(.text.gd_eval_led_init_my))
<BR><BR>[Stack]<UL><LI>Max Depth = 56<LI>Call Chain = gd_eval_led_init_my &rArr; gpio_output_options_set
</UL>
<BR>[Calls]<UL><LI><a href="#[38]">&gt;&gt;</a>&nbsp;&nbsp;&nbsp;gpio_output_options_set
<LI><a href="#[32]">&gt;&gt;</a>&nbsp;&nbsp;&nbsp;gpio_mode_set
<LI><a href="#[31]">&gt;&gt;</a>&nbsp;&nbsp;&nbsp;rcu_periph_clock_enable
</UL>
<BR>[Called By]<UL><LI><a href="#[3b]">&gt;&gt;</a>&nbsp;&nbsp;&nbsp;led_config
</UL>

<P><STRONG><a name="[29]"></a>gd_eval_led_toggle</STRONG> (Thumb, 28 bytes, Stack size 4 bytes, gd32e230c_start.o(.text.gd_eval_led_toggle))
<BR><BR>[Stack]<UL><LI>Max Depth = 4<LI>Call Chain = gd_eval_led_toggle
</UL>
<BR>[Called By]<UL><LI><a href="#[d]">&gt;&gt;</a>&nbsp;&nbsp;&nbsp;EXTI4_15_IRQHandler
<LI><a href="#[b]">&gt;&gt;</a>&nbsp;&nbsp;&nbsp;EXTI0_1_IRQHandler
</UL>

<P><STRONG><a name="[3a]"></a>gpio_af_set</STRONG> (Thumb, 192 bytes, Stack size 24 bytes, gd32e23x_gpio.o(.text.gpio_af_set))
<BR><BR>[Stack]<UL><LI>Max Depth = 24<LI>Call Chain = gpio_af_set
</UL>
<BR>[Called By]<UL><LI><a href="#[39]">&gt;&gt;</a>&nbsp;&nbsp;&nbsp;gpio_config
</UL>

<P><STRONG><a name="[3f]"></a>gpio_bit_reset</STRONG> (Thumb, 16 bytes, Stack size 8 bytes, gd32e23x_gpio.o(.text.gpio_bit_reset))
<BR><BR>[Stack]<UL><LI>Max Depth = 8<LI>Call Chain = gpio_bit_reset
</UL>
<BR>[Called By]<UL><LI><a href="#[3c]">&gt;&gt;</a>&nbsp;&nbsp;&nbsp;led_flash
</UL>

<P><STRONG><a name="[3d]"></a>gpio_bit_set</STRONG> (Thumb, 16 bytes, Stack size 8 bytes, gd32e23x_gpio.o(.text.gpio_bit_set))
<BR><BR>[Stack]<UL><LI>Max Depth = 8<LI>Call Chain = gpio_bit_set
</UL>
<BR>[Called By]<UL><LI><a href="#[3c]">&gt;&gt;</a>&nbsp;&nbsp;&nbsp;led_flash
</UL>

<P><STRONG><a name="[39]"></a>gpio_config</STRONG> (Thumb, 56 bytes, Stack size 24 bytes, main.o(.text.gpio_config))
<BR><BR>[Stack]<UL><LI>Max Depth = 56<LI>Call Chain = gpio_config &rArr; gpio_output_options_set
</UL>
<BR>[Calls]<UL><LI><a href="#[3a]">&gt;&gt;</a>&nbsp;&nbsp;&nbsp;gpio_af_set
<LI><a href="#[38]">&gt;&gt;</a>&nbsp;&nbsp;&nbsp;gpio_output_options_set
<LI><a href="#[32]">&gt;&gt;</a>&nbsp;&nbsp;&nbsp;gpio_mode_set
<LI><a href="#[31]">&gt;&gt;</a>&nbsp;&nbsp;&nbsp;rcu_periph_clock_enable
</UL>
<BR>[Called By]<UL><LI><a href="#[22]">&gt;&gt;</a>&nbsp;&nbsp;&nbsp;main
</UL>

<P><STRONG><a name="[32]"></a>gpio_mode_set</STRONG> (Thumb, 142 bytes, Stack size 28 bytes, gd32e23x_gpio.o(.text.gpio_mode_set))
<BR><BR>[Stack]<UL><LI>Max Depth = 28<LI>Call Chain = gpio_mode_set
</UL>
<BR>[Called By]<UL><LI><a href="#[37]">&gt;&gt;</a>&nbsp;&nbsp;&nbsp;gd_eval_led_init_my
<LI><a href="#[39]">&gt;&gt;</a>&nbsp;&nbsp;&nbsp;gpio_config
<LI><a href="#[30]">&gt;&gt;</a>&nbsp;&nbsp;&nbsp;exti_config
<LI><a href="#[36]">&gt;&gt;</a>&nbsp;&nbsp;&nbsp;gd_eval_key_init
</UL>

<P><STRONG><a name="[38]"></a>gpio_output_options_set</STRONG> (Thumb, 138 bytes, Stack size 32 bytes, gd32e23x_gpio.o(.text.gpio_output_options_set))
<BR><BR>[Stack]<UL><LI>Max Depth = 32<LI>Call Chain = gpio_output_options_set
</UL>
<BR>[Called By]<UL><LI><a href="#[37]">&gt;&gt;</a>&nbsp;&nbsp;&nbsp;gd_eval_led_init_my
<LI><a href="#[39]">&gt;&gt;</a>&nbsp;&nbsp;&nbsp;gpio_config
</UL>

<P><STRONG><a name="[3b]"></a>led_config</STRONG> (Thumb, 10 bytes, Stack size 8 bytes, main.o(.text.led_config))
<BR><BR>[Stack]<UL><LI>Max Depth = 64<LI>Call Chain = led_config &rArr; gd_eval_led_init_my &rArr; gpio_output_options_set
</UL>
<BR>[Calls]<UL><LI><a href="#[37]">&gt;&gt;</a>&nbsp;&nbsp;&nbsp;gd_eval_led_init_my
</UL>
<BR>[Called By]<UL><LI><a href="#[22]">&gt;&gt;</a>&nbsp;&nbsp;&nbsp;main
</UL>

<P><STRONG><a name="[3c]"></a>led_flash</STRONG> (Thumb, 72 bytes, Stack size 32 bytes, main.o(.text.led_flash))
<BR><BR>[Stack]<UL><LI>Max Depth = 40<LI>Call Chain = led_flash &rArr; gpio_bit_reset
</UL>
<BR>[Calls]<UL><LI><a href="#[3f]">&gt;&gt;</a>&nbsp;&nbsp;&nbsp;gpio_bit_reset
<LI><a href="#[3e]">&gt;&gt;</a>&nbsp;&nbsp;&nbsp;delay_1ms
<LI><a href="#[3d]">&gt;&gt;</a>&nbsp;&nbsp;&nbsp;gpio_bit_set
</UL>
<BR>[Called By]<UL><LI><a href="#[22]">&gt;&gt;</a>&nbsp;&nbsp;&nbsp;main
</UL>

<P><STRONG><a name="[22]"></a>main</STRONG> (Thumb, 44 bytes, Stack size 16 bytes, main.o(.text.main))
<BR><BR>[Stack]<UL><LI>Max Depth = 116<LI>Call Chain = main &rArr; timer_config &rArr; timer_deinit &rArr; rcu_periph_reset_disable
</UL>
<BR>[Calls]<UL><LI><a href="#[41]">&gt;&gt;</a>&nbsp;&nbsp;&nbsp;timer_config
<LI><a href="#[39]">&gt;&gt;</a>&nbsp;&nbsp;&nbsp;gpio_config
<LI><a href="#[30]">&gt;&gt;</a>&nbsp;&nbsp;&nbsp;exti_config
<LI><a href="#[3c]">&gt;&gt;</a>&nbsp;&nbsp;&nbsp;led_flash
<LI><a href="#[40]">&gt;&gt;</a>&nbsp;&nbsp;&nbsp;systick_config
<LI><a href="#[3b]">&gt;&gt;</a>&nbsp;&nbsp;&nbsp;led_config
<LI><a href="#[36]">&gt;&gt;</a>&nbsp;&nbsp;&nbsp;gd_eval_key_init
</UL>
<BR>[Address Reference Count : 1]<UL><LI> entry9a.o(.ARM.Collect$$$$0000000B)
</UL>
<P><STRONG><a name="[33]"></a>nvic_irq_enable</STRONG> (Thumb, 44 bytes, Stack size 24 bytes, gd32e23x_misc.o(.text.nvic_irq_enable))
<BR><BR>[Stack]<UL><LI>Max Depth = 48<LI>Call Chain = nvic_irq_enable &rArr; __NVIC_SetPriority
</UL>
<BR>[Calls]<UL><LI><a href="#[43]">&gt;&gt;</a>&nbsp;&nbsp;&nbsp;__NVIC_EnableIRQ
<LI><a href="#[42]">&gt;&gt;</a>&nbsp;&nbsp;&nbsp;__NVIC_SetPriority
</UL>
<BR>[Called By]<UL><LI><a href="#[30]">&gt;&gt;</a>&nbsp;&nbsp;&nbsp;exti_config
<LI><a href="#[36]">&gt;&gt;</a>&nbsp;&nbsp;&nbsp;gd_eval_key_init
</UL>

<P><STRONG><a name="[2f]"></a>nvic_vector_table_set</STRONG> (Thumb, 28 bytes, Stack size 8 bytes, gd32e23x_misc.o(.text.nvic_vector_table_set))
<BR><BR>[Stack]<UL><LI>Max Depth = 8<LI>Call Chain = nvic_vector_table_set
</UL>
<BR>[Called By]<UL><LI><a href="#[23]">&gt;&gt;</a>&nbsp;&nbsp;&nbsp;SystemInit
</UL>

<P><STRONG><a name="[31]"></a>rcu_periph_clock_enable</STRONG> (Thumb, 36 bytes, Stack size 4 bytes, gd32e23x_rcu.o(.text.rcu_periph_clock_enable))
<BR><BR>[Stack]<UL><LI>Max Depth = 4<LI>Call Chain = rcu_periph_clock_enable
</UL>
<BR>[Called By]<UL><LI><a href="#[37]">&gt;&gt;</a>&nbsp;&nbsp;&nbsp;gd_eval_led_init_my
<LI><a href="#[41]">&gt;&gt;</a>&nbsp;&nbsp;&nbsp;timer_config
<LI><a href="#[39]">&gt;&gt;</a>&nbsp;&nbsp;&nbsp;gpio_config
<LI><a href="#[30]">&gt;&gt;</a>&nbsp;&nbsp;&nbsp;exti_config
<LI><a href="#[36]">&gt;&gt;</a>&nbsp;&nbsp;&nbsp;gd_eval_key_init
</UL>

<P><STRONG><a name="[4e]"></a>rcu_periph_reset_disable</STRONG> (Thumb, 36 bytes, Stack size 4 bytes, gd32e23x_rcu.o(.text.rcu_periph_reset_disable))
<BR><BR>[Stack]<UL><LI>Max Depth = 4<LI>Call Chain = rcu_periph_reset_disable
</UL>
<BR>[Called By]<UL><LI><a href="#[45]">&gt;&gt;</a>&nbsp;&nbsp;&nbsp;timer_deinit
</UL>

<P><STRONG><a name="[4d]"></a>rcu_periph_reset_enable</STRONG> (Thumb, 36 bytes, Stack size 4 bytes, gd32e23x_rcu.o(.text.rcu_periph_reset_enable))
<BR><BR>[Stack]<UL><LI>Max Depth = 4<LI>Call Chain = rcu_periph_reset_enable
</UL>
<BR>[Called By]<UL><LI><a href="#[45]">&gt;&gt;</a>&nbsp;&nbsp;&nbsp;timer_deinit
</UL>

<P><STRONG><a name="[34]"></a>syscfg_exti_line_config</STRONG> (Thumb, 164 bytes, Stack size 20 bytes, gd32e23x_syscfg.o(.text.syscfg_exti_line_config))
<BR><BR>[Stack]<UL><LI>Max Depth = 20<LI>Call Chain = syscfg_exti_line_config
</UL>
<BR>[Called By]<UL><LI><a href="#[30]">&gt;&gt;</a>&nbsp;&nbsp;&nbsp;exti_config
<LI><a href="#[36]">&gt;&gt;</a>&nbsp;&nbsp;&nbsp;gd_eval_key_init
</UL>

<P><STRONG><a name="[40]"></a>systick_config</STRONG> (Thumb, 36 bytes, Stack size 8 bytes, systick.o(.text.systick_config))
<BR><BR>[Stack]<UL><LI>Max Depth = 56<LI>Call Chain = systick_config &rArr; SysTick_Config &rArr; __NVIC_SetPriority
</UL>
<BR>[Calls]<UL><LI><a href="#[2c]">&gt;&gt;</a>&nbsp;&nbsp;&nbsp;__NVIC_SetPriority
<LI><a href="#[2b]">&gt;&gt;</a>&nbsp;&nbsp;&nbsp;SysTick_Config
</UL>
<BR>[Called By]<UL><LI><a href="#[22]">&gt;&gt;</a>&nbsp;&nbsp;&nbsp;main
</UL>

<P><STRONG><a name="[4b]"></a>timer_auto_reload_shadow_enable</STRONG> (Thumb, 18 bytes, Stack size 4 bytes, gd32e23x_timer.o(.text.timer_auto_reload_shadow_enable))
<BR><BR>[Stack]<UL><LI>Max Depth = 4<LI>Call Chain = timer_auto_reload_shadow_enable
</UL>
<BR>[Called By]<UL><LI><a href="#[41]">&gt;&gt;</a>&nbsp;&nbsp;&nbsp;timer_config
</UL>

<P><STRONG><a name="[47]"></a>timer_channel_output_config</STRONG> (Thumb, 740 bytes, Stack size 16 bytes, gd32e23x_timer.o(.text.timer_channel_output_config))
<BR><BR>[Stack]<UL><LI>Max Depth = 16<LI>Call Chain = timer_channel_output_config
</UL>
<BR>[Called By]<UL><LI><a href="#[41]">&gt;&gt;</a>&nbsp;&nbsp;&nbsp;timer_config
</UL>

<P><STRONG><a name="[49]"></a>timer_channel_output_mode_config</STRONG> (Thumb, 158 bytes, Stack size 16 bytes, gd32e23x_timer.o(.text.timer_channel_output_mode_config))
<BR><BR>[Stack]<UL><LI>Max Depth = 16<LI>Call Chain = timer_channel_output_mode_config
</UL>
<BR>[Called By]<UL><LI><a href="#[41]">&gt;&gt;</a>&nbsp;&nbsp;&nbsp;timer_config
</UL>

<P><STRONG><a name="[48]"></a>timer_channel_output_pulse_value_config</STRONG> (Thumb, 82 bytes, Stack size 16 bytes, gd32e23x_timer.o(.text.timer_channel_output_pulse_value_config))
<BR><BR>[Stack]<UL><LI>Max Depth = 16<LI>Call Chain = timer_channel_output_pulse_value_config
</UL>
<BR>[Called By]<UL><LI><a href="#[41]">&gt;&gt;</a>&nbsp;&nbsp;&nbsp;timer_config
</UL>

<P><STRONG><a name="[4a]"></a>timer_channel_output_shadow_config</STRONG> (Thumb, 158 bytes, Stack size 16 bytes, gd32e23x_timer.o(.text.timer_channel_output_shadow_config))
<BR><BR>[Stack]<UL><LI>Max Depth = 16<LI>Call Chain = timer_channel_output_shadow_config
</UL>
<BR>[Called By]<UL><LI><a href="#[41]">&gt;&gt;</a>&nbsp;&nbsp;&nbsp;timer_config
</UL>

<P><STRONG><a name="[41]"></a>timer_config</STRONG> (Thumb, 108 bytes, Stack size 48 bytes, main.o(.text.timer_config))
<BR><BR>[Stack]<UL><LI>Max Depth = 100<LI>Call Chain = timer_config &rArr; timer_deinit &rArr; rcu_periph_reset_disable
</UL>
<BR>[Calls]<UL><LI><a href="#[4c]">&gt;&gt;</a>&nbsp;&nbsp;&nbsp;timer_enable
<LI><a href="#[4b]">&gt;&gt;</a>&nbsp;&nbsp;&nbsp;timer_auto_reload_shadow_enable
<LI><a href="#[4a]">&gt;&gt;</a>&nbsp;&nbsp;&nbsp;timer_channel_output_shadow_config
<LI><a href="#[49]">&gt;&gt;</a>&nbsp;&nbsp;&nbsp;timer_channel_output_mode_config
<LI><a href="#[48]">&gt;&gt;</a>&nbsp;&nbsp;&nbsp;timer_channel_output_pulse_value_config
<LI><a href="#[47]">&gt;&gt;</a>&nbsp;&nbsp;&nbsp;timer_channel_output_config
<LI><a href="#[46]">&gt;&gt;</a>&nbsp;&nbsp;&nbsp;timer_init
<LI><a href="#[45]">&gt;&gt;</a>&nbsp;&nbsp;&nbsp;timer_deinit
<LI><a href="#[31]">&gt;&gt;</a>&nbsp;&nbsp;&nbsp;rcu_periph_clock_enable
</UL>
<BR>[Called By]<UL><LI><a href="#[22]">&gt;&gt;</a>&nbsp;&nbsp;&nbsp;main
</UL>

<P><STRONG><a name="[45]"></a>timer_deinit</STRONG> (Thumb, 200 bytes, Stack size 48 bytes, gd32e23x_timer.o(.text.timer_deinit))
<BR><BR>[Stack]<UL><LI>Max Depth = 52<LI>Call Chain = timer_deinit &rArr; rcu_periph_reset_disable
</UL>
<BR>[Calls]<UL><LI><a href="#[4e]">&gt;&gt;</a>&nbsp;&nbsp;&nbsp;rcu_periph_reset_disable
<LI><a href="#[4d]">&gt;&gt;</a>&nbsp;&nbsp;&nbsp;rcu_periph_reset_enable
</UL>
<BR>[Called By]<UL><LI><a href="#[41]">&gt;&gt;</a>&nbsp;&nbsp;&nbsp;timer_config
</UL>

<P><STRONG><a name="[4c]"></a>timer_enable</STRONG> (Thumb, 18 bytes, Stack size 4 bytes, gd32e23x_timer.o(.text.timer_enable))
<BR><BR>[Stack]<UL><LI>Max Depth = 4<LI>Call Chain = timer_enable
</UL>
<BR>[Called By]<UL><LI><a href="#[41]">&gt;&gt;</a>&nbsp;&nbsp;&nbsp;timer_config
</UL>

<P><STRONG><a name="[46]"></a>timer_init</STRONG> (Thumb, 228 bytes, Stack size 8 bytes, gd32e23x_timer.o(.text.timer_init))
<BR><BR>[Stack]<UL><LI>Max Depth = 8<LI>Call Chain = timer_init
</UL>
<BR>[Called By]<UL><LI><a href="#[41]">&gt;&gt;</a>&nbsp;&nbsp;&nbsp;timer_config
</UL>

<P><STRONG><a name="[56]"></a>__scatterload_copy</STRONG> (Thumb, 14 bytes, Stack size unknown bytes, handlers.o(i.__scatterload_copy), UNUSED)

<P><STRONG><a name="[57]"></a>__scatterload_null</STRONG> (Thumb, 2 bytes, Stack size unknown bytes, handlers.o(i.__scatterload_null), UNUSED)

<P><STRONG><a name="[58]"></a>__scatterload_zeroinit</STRONG> (Thumb, 14 bytes, Stack size unknown bytes, handlers.o(i.__scatterload_zeroinit), UNUSED)
<P>
<H3>
Local Symbols
</H3>
<P><STRONG><a name="[2b]"></a>SysTick_Config</STRONG> (Thumb, 64 bytes, Stack size 24 bytes, systick.o(.text.SysTick_Config))
<BR><BR>[Stack]<UL><LI>Max Depth = 48<LI>Call Chain = SysTick_Config &rArr; __NVIC_SetPriority
</UL>
<BR>[Calls]<UL><LI><a href="#[2c]">&gt;&gt;</a>&nbsp;&nbsp;&nbsp;__NVIC_SetPriority
</UL>
<BR>[Called By]<UL><LI><a href="#[40]">&gt;&gt;</a>&nbsp;&nbsp;&nbsp;systick_config
</UL>

<P><STRONG><a name="[2c]"></a>__NVIC_SetPriority</STRONG> (Thumb, 124 bytes, Stack size 24 bytes, systick.o(.text.__NVIC_SetPriority))
<BR><BR>[Stack]<UL><LI>Max Depth = 24<LI>Call Chain = __NVIC_SetPriority
</UL>
<BR>[Called By]<UL><LI><a href="#[2b]">&gt;&gt;</a>&nbsp;&nbsp;&nbsp;SysTick_Config
<LI><a href="#[40]">&gt;&gt;</a>&nbsp;&nbsp;&nbsp;systick_config
</UL>

<P><STRONG><a name="[2e]"></a>system_clock_config</STRONG> (Thumb, 8 bytes, Stack size 8 bytes, system_gd32e23x.o(.text.system_clock_config))
<BR><BR>[Stack]<UL><LI>Max Depth = 24<LI>Call Chain = system_clock_config &rArr; system_clock_72m_irc8m
</UL>
<BR>[Calls]<UL><LI><a href="#[44]">&gt;&gt;</a>&nbsp;&nbsp;&nbsp;system_clock_72m_irc8m
</UL>
<BR>[Called By]<UL><LI><a href="#[23]">&gt;&gt;</a>&nbsp;&nbsp;&nbsp;SystemInit
</UL>

<P><STRONG><a name="[44]"></a>system_clock_72m_irc8m</STRONG> (Thumb, 204 bytes, Stack size 16 bytes, system_gd32e23x.o(.text.system_clock_72m_irc8m))
<BR><BR>[Stack]<UL><LI>Max Depth = 16<LI>Call Chain = system_clock_72m_irc8m
</UL>
<BR>[Called By]<UL><LI><a href="#[2e]">&gt;&gt;</a>&nbsp;&nbsp;&nbsp;system_clock_config
</UL>

<P><STRONG><a name="[42]"></a>__NVIC_SetPriority</STRONG> (Thumb, 124 bytes, Stack size 24 bytes, gd32e23x_misc.o(.text.__NVIC_SetPriority))
<BR><BR>[Stack]<UL><LI>Max Depth = 24<LI>Call Chain = __NVIC_SetPriority
</UL>
<BR>[Called By]<UL><LI><a href="#[33]">&gt;&gt;</a>&nbsp;&nbsp;&nbsp;nvic_irq_enable
</UL>

<P><STRONG><a name="[43]"></a>__NVIC_EnableIRQ</STRONG> (Thumb, 48 bytes, Stack size 4 bytes, gd32e23x_misc.o(.text.__NVIC_EnableIRQ))
<BR><BR>[Stack]<UL><LI>Max Depth = 4<LI>Call Chain = __NVIC_EnableIRQ
</UL>
<BR>[Called By]<UL><LI><a href="#[33]">&gt;&gt;</a>&nbsp;&nbsp;&nbsp;nvic_irq_enable
</UL>
<P>
<H3>
Undefined Global Symbols
</H3><HR></body></html>
