C:/PROJECTS/Hardware/STM32/32F746GDISCOVERY/CubeIde/LTDC_PicturesFromSDCard/SW4STM32/syscalls.c:52:6:initialise_monitor_handles	0	static
C:/PROJECTS/Hardware/STM32/32F746GDISCOVERY/CubeIde/LTDC_PicturesFromSDCard/SW4STM32/syscalls.c:56:5:_getpid	0	static
C:/PROJECTS/Hardware/STM32/32F746GDISCOVERY/CubeIde/LTDC_PicturesFromSDCard/SW4STM32/syscalls.c:61:5:_kill	8	static
C:/PROJECTS/Hardware/STM32/32F746GDISCOVERY/CubeIde/LTDC_PicturesFromSDCard/SW4STM32/syscalls.c:67:6:_exit	8	static
C:/PROJECTS/Hardware/STM32/32F746GDISCOVERY/CubeIde/LTDC_PicturesFromSDCard/SW4STM32/syscalls.c:73:5:_read	16	static
C:/PROJECTS/Hardware/STM32/32F746GDISCOVERY/CubeIde/LTDC_PicturesFromSDCard/SW4STM32/syscalls.c:85:5:_write	16	static
C:/PROJECTS/Hardware/STM32/32F746GDISCOVERY/CubeIde/LTDC_PicturesFromSDCard/SW4STM32/syscalls.c:93:9:_sbrk	8	static
C:/PROJECTS/Hardware/STM32/32F746GDISCOVERY/CubeIde/LTDC_PicturesFromSDCard/SW4STM32/syscalls.c:116:5:_close	0	static
C:/PROJECTS/Hardware/STM32/32F746GDISCOVERY/CubeIde/LTDC_PicturesFromSDCard/SW4STM32/syscalls.c:122:5:_fstat	0	static
C:/PROJECTS/Hardware/STM32/32F746GDISCOVERY/CubeIde/LTDC_PicturesFromSDCard/SW4STM32/syscalls.c:128:5:_isatty	0	static
C:/PROJECTS/Hardware/STM32/32F746GDISCOVERY/CubeIde/LTDC_PicturesFromSDCard/SW4STM32/syscalls.c:133:5:_lseek	0	static
C:/PROJECTS/Hardware/STM32/32F746GDISCOVERY/CubeIde/LTDC_PicturesFromSDCard/SW4STM32/syscalls.c:138:5:_open	0	static
C:/PROJECTS/Hardware/STM32/32F746GDISCOVERY/CubeIde/LTDC_PicturesFromSDCard/SW4STM32/syscalls.c:144:5:_wait	8	static
C:/PROJECTS/Hardware/STM32/32F746GDISCOVERY/CubeIde/LTDC_PicturesFromSDCard/SW4STM32/syscalls.c:150:5:_unlink	8	static
C:/PROJECTS/Hardware/STM32/32F746GDISCOVERY/CubeIde/LTDC_PicturesFromSDCard/SW4STM32/syscalls.c:156:5:_times	0	static
C:/PROJECTS/Hardware/STM32/32F746GDISCOVERY/CubeIde/LTDC_PicturesFromSDCard/SW4STM32/syscalls.c:161:5:_stat	0	static
C:/PROJECTS/Hardware/STM32/32F746GDISCOVERY/CubeIde/LTDC_PicturesFromSDCard/SW4STM32/syscalls.c:167:5:_link	8	static
C:/PROJECTS/Hardware/STM32/32F746GDISCOVERY/CubeIde/LTDC_PicturesFromSDCard/SW4STM32/syscalls.c:173:5:_fork	8	static
C:/PROJECTS/Hardware/STM32/32F746GDISCOVERY/CubeIde/LTDC_PicturesFromSDCard/SW4STM32/syscalls.c:179:5:_execve	8	static
