Component: Arm Compiler for Embedded 6.19 Tool: armlink [5e73cb00]

==============================================================================

Section Cross References

    main.o(.text.main) refers to systick.o(.text.systick_config) for systick_config
    main.o(.text.main) refers to gd32e23x_rcu.o(.text.rcu_periph_clock_enable) for rcu_periph_clock_enable
    main.o(.text.main) refers to gd32e23x_gpio.o(.text.gpio_mode_set) for gpio_mode_set
    main.o(.text.main) refers to gd32e23x_gpio.o(.text.gpio_output_options_set) for gpio_output_options_set
    main.o(.text.main) refers to gd32e23x_gpio.o(.text.gpio_bit_reset) for gpio_bit_reset
    main.o(.text.main) refers to gd32e23x_gpio.o(.text.gpio_bit_set) for gpio_bit_set
    main.o(.text.main) refers to systick.o(.text.delay_1ms) for delay_1ms
    main.o(.ARM.exidx.text.main) refers to main.o(.text.main) for [Anonymous Symbol]
    systick.o(.text.systick_config) refers to systick.o(.text.SysTick_Config) for SysTick_Config
    systick.o(.text.systick_config) refers to systick.o(.text.__NVIC_SetPriority) for __NVIC_SetPriority
    systick.o(.text.systick_config) refers to system_gd32e23x.o(.data.SystemCoreClock) for SystemCoreClock
    systick.o(.ARM.exidx.text.systick_config) refers to systick.o(.text.systick_config) for [Anonymous Symbol]
    systick.o(.text.SysTick_Config) refers to systick.o(.text.__NVIC_SetPriority) for __NVIC_SetPriority
    systick.o(.ARM.exidx.text.SysTick_Config) refers to systick.o(.text.SysTick_Config) for [Anonymous Symbol]
    systick.o(.ARM.exidx.text.__NVIC_SetPriority) refers to systick.o(.text.__NVIC_SetPriority) for [Anonymous Symbol]
    systick.o(.text.delay_1ms) refers to systick.o(.bss.delay) for [Anonymous Symbol]
    systick.o(.ARM.exidx.text.delay_1ms) refers to systick.o(.text.delay_1ms) for [Anonymous Symbol]
    systick.o(.text.delay_decrement) refers to systick.o(.bss.delay) for [Anonymous Symbol]
    systick.o(.ARM.exidx.text.delay_decrement) refers to systick.o(.text.delay_decrement) for [Anonymous Symbol]
    gd32e23x_it.o(.ARM.exidx.text.NMI_Handler) refers to gd32e23x_it.o(.text.NMI_Handler) for [Anonymous Symbol]
    gd32e23x_it.o(.ARM.exidx.text.HardFault_Handler) refers to gd32e23x_it.o(.text.HardFault_Handler) for [Anonymous Symbol]
    gd32e23x_it.o(.ARM.exidx.text.MemManage_Handler) refers to gd32e23x_it.o(.text.MemManage_Handler) for [Anonymous Symbol]
    gd32e23x_it.o(.ARM.exidx.text.BusFault_Handler) refers to gd32e23x_it.o(.text.BusFault_Handler) for [Anonymous Symbol]
    gd32e23x_it.o(.ARM.exidx.text.UsageFault_Handler) refers to gd32e23x_it.o(.text.UsageFault_Handler) for [Anonymous Symbol]
    gd32e23x_it.o(.ARM.exidx.text.SVC_Handler) refers to gd32e23x_it.o(.text.SVC_Handler) for [Anonymous Symbol]
    gd32e23x_it.o(.ARM.exidx.text.DebugMon_Handler) refers to gd32e23x_it.o(.text.DebugMon_Handler) for [Anonymous Symbol]
    gd32e23x_it.o(.ARM.exidx.text.PendSV_Handler) refers to gd32e23x_it.o(.text.PendSV_Handler) for [Anonymous Symbol]
    gd32e23x_it.o(.text.SysTick_Handler) refers to systick.o(.text.delay_decrement) for delay_decrement
    gd32e23x_it.o(.ARM.exidx.text.SysTick_Handler) refers to gd32e23x_it.o(.text.SysTick_Handler) for [Anonymous Symbol]
    system_gd32e23x.o(.text.SystemInit) refers to system_gd32e23x.o(.text.system_clock_config) for system_clock_config
    system_gd32e23x.o(.text.SystemInit) refers to gd32e23x_misc.o(.text.nvic_vector_table_set) for nvic_vector_table_set
    system_gd32e23x.o(.ARM.exidx.text.SystemInit) refers to system_gd32e23x.o(.text.SystemInit) for [Anonymous Symbol]
    system_gd32e23x.o(.text.system_clock_config) refers to system_gd32e23x.o(.text.system_clock_72m_irc8m) for system_clock_72m_irc8m
    system_gd32e23x.o(.ARM.exidx.text.system_clock_config) refers to system_gd32e23x.o(.text.system_clock_config) for [Anonymous Symbol]
    system_gd32e23x.o(.text.SystemCoreClockUpdate) refers to system_gd32e23x.o(.data.SystemCoreClock) for SystemCoreClock
    system_gd32e23x.o(.ARM.exidx.text.SystemCoreClockUpdate) refers to system_gd32e23x.o(.text.SystemCoreClockUpdate) for [Anonymous Symbol]
    system_gd32e23x.o(.ARM.exidx.text.system_clock_72m_irc8m) refers to system_gd32e23x.o(.text.system_clock_72m_irc8m) for [Anonymous Symbol]
    gd32e23x_adc.o(.text.adc_deinit) refers to gd32e23x_rcu.o(.text.rcu_periph_reset_enable) for rcu_periph_reset_enable
    gd32e23x_adc.o(.text.adc_deinit) refers to gd32e23x_rcu.o(.text.rcu_periph_reset_disable) for rcu_periph_reset_disable
    gd32e23x_adc.o(.ARM.exidx.text.adc_deinit) refers to gd32e23x_adc.o(.text.adc_deinit) for [Anonymous Symbol]
    gd32e23x_adc.o(.ARM.exidx.text.adc_enable) refers to gd32e23x_adc.o(.text.adc_enable) for [Anonymous Symbol]
    gd32e23x_adc.o(.ARM.exidx.text.adc_disable) refers to gd32e23x_adc.o(.text.adc_disable) for [Anonymous Symbol]
    gd32e23x_adc.o(.ARM.exidx.text.adc_calibration_enable) refers to gd32e23x_adc.o(.text.adc_calibration_enable) for [Anonymous Symbol]
[...]
    Removing gd32e23x_dma.o(.text.dma_init), (284 bytes).
    Removing gd32e23x_dma.o(.ARM.exidx.text.dma_init), (8 bytes).
    Removing gd32e23x_dma.o(.text.dma_channel_disable), (32 bytes).
    Removing gd32e23x_dma.o(.ARM.exidx.text.dma_channel_disable), (8 bytes).
    Removing gd32e23x_dma.o(.text.dma_circulation_enable), (32 bytes).
    Removing gd32e23x_dma.o(.ARM.exidx.text.dma_circulation_enable), (8 bytes).
    Removing gd32e23x_dma.o(.text.dma_circulation_disable), (32 bytes).
    Removing gd32e23x_dma.o(.ARM.exidx.text.dma_circulation_disable), (8 bytes).
    Removing gd32e23x_dma.o(.text.dma_memory_to_memory_enable), (36 bytes).
    Removing gd32e23x_dma.o(.ARM.exidx.text.dma_memory_to_memory_enable), (8 bytes).
    Removing gd32e23x_dma.o(.text.dma_memory_to_memory_disable), (36 bytes).
    Removing gd32e23x_dma.o(.ARM.exidx.text.dma_memory_to_memory_disable), (8 bytes).
    Removing gd32e23x_dma.o(.text.dma_channel_enable), (32 bytes).
    Removing gd32e23x_dma.o(.ARM.exidx.text.dma_channel_enable), (8 bytes).
    Removing gd32e23x_dma.o(.text.dma_periph_address_config), (36 bytes).
    Removing gd32e23x_dma.o(.ARM.exidx.text.dma_periph_address_config), (8 bytes).
    Removing gd32e23x_dma.o(.text.dma_memory_address_config), (36 bytes).
    Removing gd32e23x_dma.o(.ARM.exidx.text.dma_memory_address_config), (8 bytes).
    Removing gd32e23x_dma.o(.text.dma_transfer_number_config), (36 bytes).
    Removing gd32e23x_dma.o(.ARM.exidx.text.dma_transfer_number_config), (8 bytes).
    Removing gd32e23x_dma.o(.text.dma_transfer_number_get), (28 bytes).
    Removing gd32e23x_dma.o(.ARM.exidx.text.dma_transfer_number_get), (8 bytes).
    Removing gd32e23x_dma.o(.text.dma_priority_config), (60 bytes).
    Removing gd32e23x_dma.o(.ARM.exidx.text.dma_priority_config), (8 bytes).
    Removing gd32e23x_dma.o(.text.dma_memory_width_config), (60 bytes).
    Removing gd32e23x_dma.o(.ARM.exidx.text.dma_memory_width_config), (8 bytes).
    Removing gd32e23x_dma.o(.text.dma_periph_width_config), (60 bytes).
    Removing gd32e23x_dma.o(.ARM.exidx.text.dma_periph_width_config), (8 bytes).
    Removing gd32e23x_dma.o(.text.dma_memory_increase_enable), (32 bytes).
    Removing gd32e23x_dma.o(.ARM.exidx.text.dma_memory_increase_enable), (8 bytes).
    Removing gd32e23x_dma.o(.text.dma_memory_increase_disable), (32 bytes).
    Removing gd32e23x_dma.o(.ARM.exidx.text.dma_memory_increase_disable), (8 bytes).
    Removing gd32e23x_dma.o(.text.dma_periph_increase_enable), (32 bytes).
    Removing gd32e23x_dma.o(.ARM.exidx.text.dma_periph_increase_enable), (8 bytes).
    Removing gd32e23x_dma.o(.text.dma_periph_increase_disable), (32 bytes).
    Removing gd32e23x_dma.o(.ARM.exidx.text.dma_periph_increase_disable), (8 bytes).
    Removing gd32e23x_dma.o(.text.dma_transfer_direction_config), (64 bytes).
    Removing gd32e23x_dma.o(.ARM.exidx.text.dma_transfer_direction_config), (8 bytes).
    Removing gd32e23x_dma.o(.text.dma_flag_get), (56 bytes).
    Removing gd32e23x_dma.o(.ARM.exidx.text.dma_flag_get), (8 bytes).
    Removing gd32e23x_dma.o(.text.dma_flag_clear), (36 bytes).
    Removing gd32e23x_dma.o(.ARM.exidx.text.dma_flag_clear), (8 bytes).
    Removing gd32e23x_dma.o(.text.dma_interrupt_flag_get), (196 bytes).
    Removing gd32e23x_dma.o(.ARM.exidx.text.dma_interrupt_flag_get), (8 bytes).
    Removing gd32e23x_dma.o(.text.dma_interrupt_flag_clear), (36 bytes).
    Removing gd32e23x_dma.o(.ARM.exidx.text.dma_interrupt_flag_clear), (8 bytes).
    Removing gd32e23x_dma.o(.text.dma_interrupt_enable), (36 bytes).
    Removing gd32e23x_dma.o(.ARM.exidx.text.dma_interrupt_enable), (8 bytes).
    Removing gd32e23x_dma.o(.text.dma_interrupt_disable), (36 bytes).
    Removing gd32e23x_dma.o(.ARM.exidx.text.dma_interrupt_disable), (8 bytes).
    Removing gd32e23x_exti.o(.text), (0 bytes).
    Removing gd32e23x_exti.o(.text.exti_deinit), (48 bytes).
    Removing gd32e23x_exti.o(.ARM.exidx.text.exti_deinit), (8 bytes).
    Removing gd32e23x_exti.o(.text.exti_init), (224 bytes).
    Removing gd32e23x_exti.o(.ARM.exidx.text.exti_init), (8 bytes).
    Removing gd32e23x_exti.o(.text.exti_interrupt_enable), (24 bytes).
    Removing gd32e23x_exti.o(.ARM.exidx.text.exti_interrupt_enable), (8 bytes).
    Removing gd32e23x_exti.o(.text.exti_interrupt_disable), (24 bytes).
    Removing gd32e23x_exti.o(.ARM.exidx.text.exti_interrupt_disable), (8 bytes).
    Removing gd32e23x_exti.o(.text.exti_event_enable), (24 bytes).
    Removing gd32e23x_exti.o(.ARM.exidx.text.exti_event_enable), (8 bytes).
    Removing gd32e23x_exti.o(.text.exti_event_disable), (24 bytes).
    Removing gd32e23x_exti.o(.ARM.exidx.text.exti_event_disable), (8 bytes).
    Removing gd32e23x_exti.o(.text.exti_software_interrupt_enable), (24 bytes).
    Removing gd32e23x_exti.o(.ARM.exidx.text.exti_software_interrupt_enable), (8 bytes).
    Removing gd32e23x_exti.o(.text.exti_software_interrupt_disable), (24 bytes).
    Removing gd32e23x_exti.o(.ARM.exidx.text.exti_software_interrupt_disable), (8 bytes).
    Removing gd32e23x_exti.o(.text.exti_flag_get), (44 bytes).
    Removing gd32e23x_exti.o(.ARM.exidx.text.exti_flag_get), (8 bytes).
    Removing gd32e23x_exti.o(.text.exti_flag_clear), (20 bytes).
    Removing gd32e23x_exti.o(.ARM.exidx.text.exti_flag_clear), (8 bytes).
    Removing gd32e23x_exti.o(.text.exti_interrupt_flag_get), (44 bytes).
    Removing gd32e23x_exti.o(.ARM.exidx.text.exti_interrupt_flag_get), (8 bytes).
    Removing gd32e23x_exti.o(.text.exti_interrupt_flag_clear), (20 bytes).
    Removing gd32e23x_exti.o(.ARM.exidx.text.exti_interrupt_flag_clear), (8 bytes).
    Removing gd32e23x_fmc.o(.text), (0 bytes).
    Removing gd32e23x_fmc.o(.text.fmc_unlock), (44 bytes).
    Removing gd32e23x_fmc.o(.ARM.exidx.text.fmc_unlock), (8 bytes).
    Removing gd32e23x_fmc.o(.text.fmc_lock), (16 bytes).
    Removing gd32e23x_fmc.o(.ARM.exidx.text.fmc_lock), (8 bytes).
    Removing gd32e23x_fmc.o(.text.fmc_wscnt_set), (36 bytes).
    Removing gd32e23x_fmc.o(.ARM.exidx.text.fmc_wscnt_set), (8 bytes).
    Removing gd32e23x_fmc.o(.text.fmc_prefetch_enable), (16 bytes).
    Removing gd32e23x_fmc.o(.ARM.exidx.text.fmc_prefetch_enable), (8 bytes).
    Removing gd32e23x_fmc.o(.text.fmc_prefetch_disable), (16 bytes).
    Removing gd32e23x_fmc.o(.ARM.exidx.text.fmc_prefetch_disable), (8 bytes).
    Removing gd32e23x_fmc.o(.text.fmc_page_erase), (96 bytes).
    Removing gd32e23x_fmc.o(.ARM.exidx.text.fmc_page_erase), (8 bytes).
    Removing gd32e23x_fmc.o(.text.fmc_ready_wait), (90 bytes).
    Removing gd32e23x_fmc.o(.ARM.exidx.text.fmc_ready_wait), (8 bytes).
    Removing gd32e23x_fmc.o(.text.fmc_mass_erase), (84 bytes).
    Removing gd32e23x_fmc.o(.ARM.exidx.text.fmc_mass_erase), (8 bytes).
    Removing gd32e23x_fmc.o(.text.fmc_doubleword_program), (128 bytes).
    Removing gd32e23x_fmc.o(.ARM.exidx.text.fmc_doubleword_program), (8 bytes).
    Removing gd32e23x_fmc.o(.text.fmc_word_program), (84 bytes).
    Removing gd32e23x_fmc.o(.ARM.exidx.text.fmc_word_program), (8 bytes).
    Removing gd32e23x_fmc.o(.text.ob_unlock), (60 bytes).
    Removing gd32e23x_fmc.o(.ARM.exidx.text.ob_unlock), (8 bytes).
    Removing gd32e23x_fmc.o(.text.ob_lock), (20 bytes).
    Removing gd32e23x_fmc.o(.ARM.exidx.text.ob_lock), (8 bytes).
    Removing gd32e23x_fmc.o(.text.ob_reset), (20 bytes).
    Removing gd32e23x_fmc.o(.ARM.exidx.text.ob_reset), (8 bytes).
    Removing gd32e23x_fmc.o(.text.option_byte_value_get), (12 bytes).
    Removing gd32e23x_fmc.o(.ARM.exidx.text.option_byte_value_get), (8 bytes).
    Removing gd32e23x_fmc.o(.text.ob_erase), (240 bytes).
    Removing gd32e23x_fmc.o(.ARM.exidx.text.ob_erase), (8 bytes).
    Removing gd32e23x_fmc.o(.text.ob_obstat_plevel_get), (16 bytes).
    Removing gd32e23x_fmc.o(.ARM.exidx.text.ob_obstat_plevel_get), (8 bytes).
    Removing gd32e23x_fmc.o(.text.ob_write_protection_enable), (144 bytes).
    Removing gd32e23x_fmc.o(.ARM.exidx.text.ob_write_protection_enable), (8 bytes).
    Removing gd32e23x_fmc.o(.text.ob_security_protection_config), (212 bytes).
    Removing gd32e23x_fmc.o(.ARM.exidx.text.ob_security_protection_config), (8 bytes).
    Removing gd32e23x_fmc.o(.text.ob_user_write), (200 bytes).
    Removing gd32e23x_fmc.o(.ARM.exidx.text.ob_user_write), (8 bytes).
    Removing gd32e23x_fmc.o(.text.ob_data_program), (128 bytes).
    Removing gd32e23x_fmc.o(.ARM.exidx.text.ob_data_program), (8 bytes).
    Removing gd32e23x_fmc.o(.text.ob_user_get), (16 bytes).
    Removing gd32e23x_fmc.o(.ARM.exidx.text.ob_user_get), (8 bytes).
    Removing gd32e23x_fmc.o(.text.ob_data_get), (12 bytes).
    Removing gd32e23x_fmc.o(.ARM.exidx.text.ob_data_get), (8 bytes).
    Removing gd32e23x_fmc.o(.text.ob_write_protection_get), (12 bytes).
    Removing gd32e23x_fmc.o(.ARM.exidx.text.ob_write_protection_get), (8 bytes).
    Removing gd32e23x_fmc.o(.text.fmc_interrupt_enable), (24 bytes).
    Removing gd32e23x_fmc.o(.ARM.exidx.text.fmc_interrupt_enable), (8 bytes).
    Removing gd32e23x_fmc.o(.text.fmc_interrupt_disable), (24 bytes).
    Removing gd32e23x_fmc.o(.ARM.exidx.text.fmc_interrupt_disable), (8 bytes).
    Removing gd32e23x_fmc.o(.text.fmc_flag_get), (44 bytes).
    Removing gd32e23x_fmc.o(.ARM.exidx.text.fmc_flag_get), (8 bytes).
    Removing gd32e23x_fmc.o(.text.fmc_flag_clear), (20 bytes).
    Removing gd32e23x_fmc.o(.ARM.exidx.text.fmc_flag_clear), (8 bytes).
    Removing gd32e23x_fmc.o(.text.fmc_interrupt_flag_get), (136 bytes).
    Removing gd32e23x_fmc.o(.ARM.exidx.text.fmc_interrupt_flag_get), (8 bytes).
    Removing gd32e23x_fmc.o(.text.fmc_interrupt_flag_clear), (20 bytes).
    Removing gd32e23x_fmc.o(.ARM.exidx.text.fmc_interrupt_flag_clear), (8 bytes).
    Removing gd32e23x_fmc.o(.text.fmc_state_get), (84 bytes).
    Removing gd32e23x_fmc.o(.ARM.exidx.text.fmc_state_get), (8 bytes).
    Removing gd32e23x_fwdgt.o(.text), (0 bytes).
    Removing gd32e23x_fwdgt.o(.text.fwdgt_write_enable), (16 bytes).
    Removing gd32e23x_fwdgt.o(.ARM.exidx.text.fwdgt_write_enable), (8 bytes).
    Removing gd32e23x_fwdgt.o(.text.fwdgt_write_disable), (12 bytes).
    Removing gd32e23x_fwdgt.o(.ARM.exidx.text.fwdgt_write_disable), (8 bytes).
    Removing gd32e23x_fwdgt.o(.text.fwdgt_enable), (16 bytes).
    Removing gd32e23x_fwdgt.o(.ARM.exidx.text.fwdgt_enable), (8 bytes).
    Removing gd32e23x_fwdgt.o(.text.fwdgt_prescaler_value_config), (128 bytes).
    Removing gd32e23x_fwdgt.o(.ARM.exidx.text.fwdgt_prescaler_value_config), (8 bytes).
    Removing gd32e23x_fwdgt.o(.text.fwdgt_reload_value_config), (136 bytes).
    Removing gd32e23x_fwdgt.o(.ARM.exidx.text.fwdgt_reload_value_config), (8 bytes).
    Removing gd32e23x_fwdgt.o(.text.fwdgt_window_value_config), (136 bytes).
    Removing gd32e23x_fwdgt.o(.ARM.exidx.text.fwdgt_window_value_config), (8 bytes).
    Removing gd32e23x_fwdgt.o(.text.fwdgt_counter_reload), (16 bytes).
    Removing gd32e23x_fwdgt.o(.ARM.exidx.text.fwdgt_counter_reload), (8 bytes).
    Removing gd32e23x_fwdgt.o(.text.fwdgt_config), (228 bytes).
    Removing gd32e23x_fwdgt.o(.ARM.exidx.text.fwdgt_config), (8 bytes).
    Removing gd32e23x_fwdgt.o(.text.fwdgt_flag_get), (48 bytes).
    Removing gd32e23x_fwdgt.o(.ARM.exidx.text.fwdgt_flag_get), (8 bytes).
    Removing gd32e23x_gpio.o(.text), (0 bytes).
    Removing gd32e23x_gpio.o(.text.gpio_deinit), (148 bytes).
    Removing gd32e23x_gpio.o(.ARM.exidx.text.gpio_deinit), (8 bytes).
    Removing gd32e23x_gpio.o(.ARM.exidx.text.gpio_mode_set), (8 bytes).
    Removing gd32e23x_gpio.o(.ARM.exidx.text.gpio_output_options_set), (8 bytes).
    Removing gd32e23x_gpio.o(.ARM.exidx.text.gpio_bit_set), (8 bytes).
    Removing gd32e23x_gpio.o(.ARM.exidx.text.gpio_bit_reset), (8 bytes).
    Removing gd32e23x_gpio.o(.text.gpio_bit_write), (36 bytes).
    Removing gd32e23x_gpio.o(.ARM.exidx.text.gpio_bit_write), (8 bytes).
    Removing gd32e23x_gpio.o(.text.gpio_port_write), (18 bytes).
    Removing gd32e23x_gpio.o(.ARM.exidx.text.gpio_port_write), (8 bytes).
    Removing gd32e23x_gpio.o(.text.gpio_input_bit_get), (42 bytes).
    Removing gd32e23x_gpio.o(.ARM.exidx.text.gpio_input_bit_get), (8 bytes).
    Removing gd32e23x_gpio.o(.text.gpio_input_port_get), (14 bytes).
    Removing gd32e23x_gpio.o(.ARM.exidx.text.gpio_input_port_get), (8 bytes).
    Removing gd32e23x_gpio.o(.text.gpio_output_bit_get), (42 bytes).
    Removing gd32e23x_gpio.o(.ARM.exidx.text.gpio_output_bit_get), (8 bytes).
    Removing gd32e23x_gpio.o(.text.gpio_output_port_get), (14 bytes).
    Removing gd32e23x_gpio.o(.ARM.exidx.text.gpio_output_port_get), (8 bytes).
    Removing gd32e23x_gpio.o(.text.gpio_af_set), (192 bytes).
    Removing gd32e23x_gpio.o(.ARM.exidx.text.gpio_af_set), (8 bytes).
    Removing gd32e23x_gpio.o(.text.gpio_pin_lock), (54 bytes).
    Removing gd32e23x_gpio.o(.ARM.exidx.text.gpio_pin_lock), (8 bytes).
    Removing gd32e23x_gpio.o(.text.gpio_bit_toggle), (16 bytes).
    Removing gd32e23x_gpio.o(.ARM.exidx.text.gpio_bit_toggle), (8 bytes).
    Removing gd32e23x_gpio.o(.text.gpio_port_toggle), (20 bytes).
    Removing gd32e23x_gpio.o(.ARM.exidx.text.gpio_port_toggle), (8 bytes).
    Removing gd32e23x_i2c.o(.text), (0 bytes).
    Removing gd32e23x_i2c.o(.text.i2c_deinit), (84 bytes).
    Removing gd32e23x_i2c.o(.ARM.exidx.text.i2c_deinit), (8 bytes).
    Removing gd32e23x_i2c.o(.text.i2c_clock_config), (452 bytes).
    Removing gd32e23x_i2c.o(.ARM.exidx.text.i2c_clock_config), (8 bytes).
    Removing gd32e23x_i2c.o(.text.i2c_mode_addr_config), (68 bytes).
    Removing gd32e23x_i2c.o(.ARM.exidx.text.i2c_mode_addr_config), (8 bytes).
    Removing gd32e23x_i2c.o(.text.i2c_smbus_type_config), (42 bytes).
    Removing gd32e23x_i2c.o(.ARM.exidx.text.i2c_smbus_type_config), (8 bytes).
    Removing gd32e23x_i2c.o(.text.i2c_ack_config), (44 bytes).
    Removing gd32e23x_i2c.o(.ARM.exidx.text.i2c_ack_config), (8 bytes).
    Removing gd32e23x_i2c.o(.text.i2c_ackpos_config), (44 bytes).
    Removing gd32e23x_i2c.o(.ARM.exidx.text.i2c_ackpos_config), (8 bytes).
    Removing gd32e23x_i2c.o(.text.i2c_master_addressing), (46 bytes).
    Removing gd32e23x_i2c.o(.ARM.exidx.text.i2c_master_addressing), (8 bytes).
    Removing gd32e23x_i2c.o(.text.i2c_dualaddr_enable), (28 bytes).
    Removing gd32e23x_i2c.o(.ARM.exidx.text.i2c_dualaddr_enable), (8 bytes).
    Removing gd32e23x_i2c.o(.text.i2c_dualaddr_disable), (18 bytes).
    Removing gd32e23x_i2c.o(.ARM.exidx.text.i2c_dualaddr_disable), (8 bytes).
    Removing gd32e23x_i2c.o(.text.i2c_enable), (18 bytes).
    Removing gd32e23x_i2c.o(.ARM.exidx.text.i2c_enable), (8 bytes).
    Removing gd32e23x_i2c.o(.text.i2c_disable), (18 bytes).
    Removing gd32e23x_i2c.o(.ARM.exidx.text.i2c_disable), (8 bytes).
    Removing gd32e23x_i2c.o(.text.i2c_start_on_bus), (20 bytes).
    Removing gd32e23x_i2c.o(.ARM.exidx.text.i2c_start_on_bus), (8 bytes).
    Removing gd32e23x_i2c.o(.text.i2c_stop_on_bus), (20 bytes).
    Removing gd32e23x_i2c.o(.ARM.exidx.text.i2c_stop_on_bus), (8 bytes).
    Removing gd32e23x_i2c.o(.text.i2c_data_transmit), (18 bytes).
    Removing gd32e23x_i2c.o(.ARM.exidx.text.i2c_data_transmit), (8 bytes).
    Removing gd32e23x_i2c.o(.text.i2c_data_receive), (14 bytes).
    Removing gd32e23x_i2c.o(.ARM.exidx.text.i2c_data_receive), (8 bytes).
    Removing gd32e23x_i2c.o(.text.i2c_dma_config), (44 bytes).
    Removing gd32e23x_i2c.o(.ARM.exidx.text.i2c_dma_config), (8 bytes).
    Removing gd32e23x_i2c.o(.text.i2c_dma_last_transfer_config), (44 bytes).
    Removing gd32e23x_i2c.o(.ARM.exidx.text.i2c_dma_last_transfer_config), (8 bytes).
    Removing gd32e23x_i2c.o(.text.i2c_stretch_scl_low_config), (42 bytes).
    Removing gd32e23x_i2c.o(.ARM.exidx.text.i2c_stretch_scl_low_config), (8 bytes).
    Removing gd32e23x_i2c.o(.text.i2c_slave_response_to_gcall_config), (42 bytes).
    Removing gd32e23x_i2c.o(.ARM.exidx.text.i2c_slave_response_to_gcall_config), (8 bytes).
    Removing gd32e23x_i2c.o(.text.i2c_software_reset_config), (44 bytes).
    Removing gd32e23x_i2c.o(.ARM.exidx.text.i2c_software_reset_config), (8 bytes).
    Removing gd32e23x_i2c.o(.text.i2c_pec_config), (42 bytes).
    Removing gd32e23x_i2c.o(.ARM.exidx.text.i2c_pec_config), (8 bytes).
    Removing gd32e23x_i2c.o(.text.i2c_pec_transfer_config), (44 bytes).
    Removing gd32e23x_i2c.o(.ARM.exidx.text.i2c_pec_transfer_config), (8 bytes).
    Removing gd32e23x_i2c.o(.text.i2c_pec_value_get), (16 bytes).
    Removing gd32e23x_i2c.o(.ARM.exidx.text.i2c_pec_value_get), (8 bytes).
    Removing gd32e23x_i2c.o(.text.i2c_smbus_alert_config), (44 bytes).
    Removing gd32e23x_i2c.o(.ARM.exidx.text.i2c_smbus_alert_config), (8 bytes).
    Removing gd32e23x_i2c.o(.text.i2c_smbus_arp_config), (42 bytes).
    Removing gd32e23x_i2c.o(.ARM.exidx.text.i2c_smbus_arp_config), (8 bytes).
    Removing gd32e23x_i2c.o(.text.i2c_sam_enable), (20 bytes).
    Removing gd32e23x_i2c.o(.ARM.exidx.text.i2c_sam_enable), (8 bytes).
    Removing gd32e23x_i2c.o(.text.i2c_sam_disable), (20 bytes).
    Removing gd32e23x_i2c.o(.ARM.exidx.text.i2c_sam_disable), (8 bytes).
    Removing gd32e23x_i2c.o(.text.i2c_sam_timeout_enable), (20 bytes).
    Removing gd32e23x_i2c.o(.ARM.exidx.text.i2c_sam_timeout_enable), (8 bytes).
    Removing gd32e23x_i2c.o(.text.i2c_sam_timeout_disable), (20 bytes).
    Removing gd32e23x_i2c.o(.ARM.exidx.text.i2c_sam_timeout_disable), (8 bytes).
    Removing gd32e23x_i2c.o(.text.i2c_flag_get), (60 bytes).
    Removing gd32e23x_i2c.o(.ARM.exidx.text.i2c_flag_get), (8 bytes).
    Removing gd32e23x_i2c.o(.text.i2c_flag_clear), (64 bytes).
    Removing gd32e23x_i2c.o(.ARM.exidx.text.i2c_flag_clear), (8 bytes).
    Removing gd32e23x_i2c.o(.text.i2c_interrupt_enable), (34 bytes).
    Removing gd32e23x_i2c.o(.ARM.exidx.text.i2c_interrupt_enable), (8 bytes).
    Removing gd32e23x_i2c.o(.text.i2c_interrupt_disable), (34 bytes).
    Removing gd32e23x_i2c.o(.ARM.exidx.text.i2c_interrupt_disable), (8 bytes).
    Removing gd32e23x_i2c.o(.text.i2c_interrupt_flag_get), (164 bytes).
    Removing gd32e23x_i2c.o(.ARM.exidx.text.i2c_interrupt_flag_get), (8 bytes).
    Removing gd32e23x_i2c.o(.text.i2c_interrupt_flag_clear), (64 bytes).
    Removing gd32e23x_i2c.o(.ARM.exidx.text.i2c_interrupt_flag_clear), (8 bytes).
    Removing gd32e23x_misc.o(.text), (0 bytes).
    Removing gd32e23x_misc.o(.text.nvic_irq_enable), (44 bytes).
    Removing gd32e23x_misc.o(.ARM.exidx.text.nvic_irq_enable), (8 bytes).
    Removing gd32e23x_misc.o(.text.__NVIC_SetPriority), (132 bytes).
    Removing gd32e23x_misc.o(.ARM.exidx.text.__NVIC_SetPriority), (8 bytes).
    Removing gd32e23x_misc.o(.text.__NVIC_EnableIRQ), (52 bytes).
    Removing gd32e23x_misc.o(.ARM.exidx.text.__NVIC_EnableIRQ), (8 bytes).
    Removing gd32e23x_misc.o(.text.nvic_irq_disable), (22 bytes).
    Removing gd32e23x_misc.o(.ARM.exidx.text.nvic_irq_disable), (8 bytes).
    Removing gd32e23x_misc.o(.text.__NVIC_DisableIRQ), (60 bytes).
    Removing gd32e23x_misc.o(.ARM.exidx.text.__NVIC_DisableIRQ), (8 bytes).
    Removing gd32e23x_misc.o(.text.nvic_system_reset), (4 bytes).
    Removing gd32e23x_misc.o(.ARM.exidx.text.nvic_system_reset), (8 bytes).
    Removing gd32e23x_misc.o(.text.__NVIC_SystemReset), (28 bytes).
    Removing gd32e23x_misc.o(.ARM.exidx.text.__NVIC_SystemReset), (8 bytes).
    Removing gd32e23x_misc.o(.ARM.exidx.text.nvic_vector_table_set), (8 bytes).
    Removing gd32e23x_misc.o(.text.system_lowpower_set), (28 bytes).
    Removing gd32e23x_misc.o(.ARM.exidx.text.system_lowpower_set), (8 bytes).
    Removing gd32e23x_misc.o(.text.system_lowpower_reset), (28 bytes).
    Removing gd32e23x_misc.o(.ARM.exidx.text.system_lowpower_reset), (8 bytes).
    Removing gd32e23x_misc.o(.text.systick_clksource_set), (44 bytes).
    Removing gd32e23x_misc.o(.ARM.exidx.text.systick_clksource_set), (8 bytes).
    Removing gd32e23x_pmu.o(.text), (0 bytes).
    Removing gd32e23x_pmu.o(.text.pmu_deinit), (28 bytes).
    Removing gd32e23x_pmu.o(.ARM.exidx.text.pmu_deinit), (8 bytes).
    Removing gd32e23x_pmu.o(.text.pmu_lvd_select), (44 bytes).
    Removing gd32e23x_pmu.o(.ARM.exidx.text.pmu_lvd_select), (8 bytes).
    Removing gd32e23x_pmu.o(.text.pmu_ldo_output_select), (32 bytes).
    Removing gd32e23x_pmu.o(.ARM.exidx.text.pmu_ldo_output_select), (8 bytes).
    Removing gd32e23x_pmu.o(.text.pmu_lvd_disable), (16 bytes).
    Removing gd32e23x_pmu.o(.ARM.exidx.text.pmu_lvd_disable), (8 bytes).
    Removing gd32e23x_pmu.o(.text.pmu_to_sleepmode), (40 bytes).
    Removing gd32e23x_pmu.o(.ARM.exidx.text.pmu_to_sleepmode), (8 bytes).
    Removing gd32e23x_pmu.o(.text.pmu_to_deepsleepmode), (76 bytes).
    Removing gd32e23x_pmu.o(.ARM.exidx.text.pmu_to_deepsleepmode), (8 bytes).
    Removing gd32e23x_pmu.o(.text.pmu_to_standbymode), (116 bytes).
    Removing gd32e23x_pmu.o(.ARM.exidx.text.pmu_to_standbymode), (8 bytes).
    Removing gd32e23x_pmu.o(.text.pmu_wakeup_pin_enable), (24 bytes).
    Removing gd32e23x_pmu.o(.ARM.exidx.text.pmu_wakeup_pin_enable), (8 bytes).
    Removing gd32e23x_pmu.o(.text.pmu_wakeup_pin_disable), (24 bytes).
    Removing gd32e23x_pmu.o(.ARM.exidx.text.pmu_wakeup_pin_disable), (8 bytes).
    Removing gd32e23x_pmu.o(.text.pmu_backup_write_enable), (20 bytes).
    Removing gd32e23x_pmu.o(.ARM.exidx.text.pmu_backup_write_enable), (8 bytes).
    Removing gd32e23x_pmu.o(.text.pmu_backup_write_disable), (20 bytes).
    Removing gd32e23x_pmu.o(.ARM.exidx.text.pmu_backup_write_disable), (8 bytes).
    Removing gd32e23x_pmu.o(.text.pmu_flag_get), (44 bytes).
    Removing gd32e23x_pmu.o(.ARM.exidx.text.pmu_flag_get), (8 bytes).
    Removing gd32e23x_pmu.o(.text.pmu_flag_clear), (60 bytes).
    Removing gd32e23x_pmu.o(.ARM.exidx.text.pmu_flag_clear), (8 bytes).
    Removing gd32e23x_rcu.o(.text), (0 bytes).
    Removing gd32e23x_rcu.o(.text.rcu_deinit), (156 bytes).
    Removing gd32e23x_rcu.o(.ARM.exidx.text.rcu_deinit), (8 bytes).
    Removing gd32e23x_rcu.o(.ARM.exidx.text.rcu_periph_clock_enable), (8 bytes).
    Removing gd32e23x_rcu.o(.text.rcu_periph_clock_disable), (40 bytes).
    Removing gd32e23x_rcu.o(.ARM.exidx.text.rcu_periph_clock_disable), (8 bytes).
    Removing gd32e23x_rcu.o(.text.rcu_periph_clock_sleep_enable), (40 bytes).
    Removing gd32e23x_rcu.o(.ARM.exidx.text.rcu_periph_clock_sleep_enable), (8 bytes).
    Removing gd32e23x_rcu.o(.text.rcu_periph_clock_sleep_disable), (40 bytes).
    Removing gd32e23x_rcu.o(.ARM.exidx.text.rcu_periph_clock_sleep_disable), (8 bytes).
    Removing gd32e23x_rcu.o(.text.rcu_periph_reset_enable), (40 bytes).
    Removing gd32e23x_rcu.o(.ARM.exidx.text.rcu_periph_reset_enable), (8 bytes).
    Removing gd32e23x_rcu.o(.text.rcu_periph_reset_disable), (40 bytes).
    Removing gd32e23x_rcu.o(.ARM.exidx.text.rcu_periph_reset_disable), (8 bytes).
    Removing gd32e23x_rcu.o(.text.rcu_bkp_reset_enable), (20 bytes).
    Removing gd32e23x_rcu.o(.ARM.exidx.text.rcu_bkp_reset_enable), (8 bytes).
    Removing gd32e23x_rcu.o(.text.rcu_bkp_reset_disable), (20 bytes).
    Removing gd32e23x_rcu.o(.ARM.exidx.text.rcu_bkp_reset_disable), (8 bytes).
    Removing gd32e23x_rcu.o(.text.rcu_system_clock_source_config), (40 bytes).
    Removing gd32e23x_rcu.o(.ARM.exidx.text.rcu_system_clock_source_config), (8 bytes).
    Removing gd32e23x_rcu.o(.text.rcu_system_clock_source_get), (16 bytes).
    Removing gd32e23x_rcu.o(.ARM.exidx.text.rcu_system_clock_source_get), (8 bytes).
    Removing gd32e23x_rcu.o(.text.rcu_ahb_clock_config), (40 bytes).
    Removing gd32e23x_rcu.o(.ARM.exidx.text.rcu_ahb_clock_config), (8 bytes).
    Removing gd32e23x_rcu.o(.text.rcu_apb1_clock_config), (40 bytes).
    Removing gd32e23x_rcu.o(.ARM.exidx.text.rcu_apb1_clock_config), (8 bytes).
    Removing gd32e23x_rcu.o(.text.rcu_apb2_clock_config), (40 bytes).
    Removing gd32e23x_rcu.o(.ARM.exidx.text.rcu_apb2_clock_config), (8 bytes).
    Removing gd32e23x_rcu.o(.text.rcu_adc_clock_config), (396 bytes).
    Removing gd32e23x_rcu.o(.ARM.exidx.text.rcu_adc_clock_config), (8 bytes).
    Removing gd32e23x_rcu.o(.text.rcu_ckout_config), (48 bytes).
    Removing gd32e23x_rcu.o(.ARM.exidx.text.rcu_ckout_config), (8 bytes).
    Removing gd32e23x_rcu.o(.text.rcu_pll_config), (40 bytes).
    Removing gd32e23x_rcu.o(.ARM.exidx.text.rcu_pll_config), (8 bytes).
    Removing gd32e23x_rcu.o(.text.rcu_usart_clock_config), (32 bytes).
    Removing gd32e23x_rcu.o(.ARM.exidx.text.rcu_usart_clock_config), (8 bytes).
    Removing gd32e23x_rcu.o(.text.rcu_rtc_clock_config), (32 bytes).
    Removing gd32e23x_rcu.o(.ARM.exidx.text.rcu_rtc_clock_config), (8 bytes).
    Removing gd32e23x_rcu.o(.text.rcu_hxtal_prediv_config), (40 bytes).
    Removing gd32e23x_rcu.o(.ARM.exidx.text.rcu_hxtal_prediv_config), (8 bytes).
    Removing gd32e23x_rcu.o(.text.rcu_lxtal_drive_capability_config), (32 bytes).
    Removing gd32e23x_rcu.o(.ARM.exidx.text.rcu_lxtal_drive_capability_config), (8 bytes).
    Removing gd32e23x_rcu.o(.text.rcu_osci_stab_wait), (564 bytes).
    Removing gd32e23x_rcu.o(.ARM.exidx.text.rcu_osci_stab_wait), (8 bytes).
    Removing gd32e23x_rcu.o(.text.rcu_flag_get), (56 bytes).
    Removing gd32e23x_rcu.o(.ARM.exidx.text.rcu_flag_get), (8 bytes).
    Removing gd32e23x_rcu.o(.text.rcu_osci_on), (40 bytes).
    Removing gd32e23x_rcu.o(.ARM.exidx.text.rcu_osci_on), (8 bytes).
    Removing gd32e23x_rcu.o(.text.rcu_osci_off), (40 bytes).
    Removing gd32e23x_rcu.o(.ARM.exidx.text.rcu_osci_off), (8 bytes).
    Removing gd32e23x_rcu.o(.text.rcu_osci_bypass_mode_enable), (136 bytes).
    Removing gd32e23x_rcu.o(.ARM.exidx.text.rcu_osci_bypass_mode_enable), (8 bytes).
    Removing gd32e23x_rcu.o(.text.rcu_osci_bypass_mode_disable), (136 bytes).
    Removing gd32e23x_rcu.o(.ARM.exidx.text.rcu_osci_bypass_mode_disable), (8 bytes).
    Removing gd32e23x_rcu.o(.text.rcu_hxtal_clock_monitor_enable), (20 bytes).
    Removing gd32e23x_rcu.o(.ARM.exidx.text.rcu_hxtal_clock_monitor_enable), (8 bytes).
    Removing gd32e23x_rcu.o(.text.rcu_hxtal_clock_monitor_disable), (20 bytes).
    Removing gd32e23x_rcu.o(.ARM.exidx.text.rcu_hxtal_clock_monitor_disable), (8 bytes).
    Removing gd32e23x_rcu.o(.text.rcu_irc8m_adjust_value_set), (44 bytes).
    Removing gd32e23x_rcu.o(.ARM.exidx.text.rcu_irc8m_adjust_value_set), (8 bytes).
    Removing gd32e23x_rcu.o(.text.rcu_irc28m_adjust_value_set), (44 bytes).
    Removing gd32e23x_rcu.o(.ARM.exidx.text.rcu_irc28m_adjust_value_set), (8 bytes).
    Removing gd32e23x_rcu.o(.text.rcu_voltage_key_unlock), (28 bytes).
    Removing gd32e23x_rcu.o(.ARM.exidx.text.rcu_voltage_key_unlock), (8 bytes).
    Removing gd32e23x_rcu.o(.text.rcu_deepsleep_voltage_set), (32 bytes).
    Removing gd32e23x_rcu.o(.ARM.exidx.text.rcu_deepsleep_voltage_set), (8 bytes).
    Removing gd32e23x_rcu.o(.text.rcu_clock_freq_get), (760 bytes).
    Removing gd32e23x_rcu.o(.ARM.exidx.text.rcu_clock_freq_get), (8 bytes).
    Removing gd32e23x_rcu.o(.text.rcu_all_reset_flag_clear), (20 bytes).
    Removing gd32e23x_rcu.o(.ARM.exidx.text.rcu_all_reset_flag_clear), (8 bytes).
    Removing gd32e23x_rcu.o(.text.rcu_interrupt_flag_get), (56 bytes).
    Removing gd32e23x_rcu.o(.ARM.exidx.text.rcu_interrupt_flag_get), (8 bytes).
    Removing gd32e23x_rcu.o(.text.rcu_interrupt_flag_clear), (40 bytes).
    Removing gd32e23x_rcu.o(.ARM.exidx.text.rcu_interrupt_flag_clear), (8 bytes).
    Removing gd32e23x_rcu.o(.text.rcu_interrupt_enable), (40 bytes).
    Removing gd32e23x_rcu.o(.ARM.exidx.text.rcu_interrupt_enable), (8 bytes).
    Removing gd32e23x_rcu.o(.text.rcu_interrupt_disable), (40 bytes).
    Removing gd32e23x_rcu.o(.ARM.exidx.text.rcu_interrupt_disable), (8 bytes).
    Removing gd32e23x_rcu.o(.rodata.cst16), (16 bytes).
    Removing gd32e23x_rcu.o(.rodata.cst8), (16 bytes).
    Removing gd32e23x_rtc.o(.text), (0 bytes).
    Removing gd32e23x_rtc.o(.text.rtc_deinit), (164 bytes).
    Removing gd32e23x_rtc.o(.ARM.exidx.text.rtc_deinit), (8 bytes).
    Removing gd32e23x_rtc.o(.text.rtc_init_mode_enter), (124 bytes).
    Removing gd32e23x_rtc.o(.ARM.exidx.text.rtc_init_mode_enter), (8 bytes).
    Removing gd32e23x_rtc.o(.text.rtc_register_sync_wait), (148 bytes).
    Removing gd32e23x_rtc.o(.ARM.exidx.text.rtc_register_sync_wait), (8 bytes).
    Removing gd32e23x_rtc.o(.text.rtc_init), (208 bytes).
    Removing gd32e23x_rtc.o(.ARM.exidx.text.rtc_init), (8 bytes).
    Removing gd32e23x_rtc.o(.text.rtc_init_mode_exit), (16 bytes).
    Removing gd32e23x_rtc.o(.ARM.exidx.text.rtc_init_mode_exit), (8 bytes).
    Removing gd32e23x_rtc.o(.text.rtc_current_time_get), (184 bytes).
    Removing gd32e23x_rtc.o(.ARM.exidx.text.rtc_current_time_get), (8 bytes).
    Removing gd32e23x_rtc.o(.text.rtc_subsecond_get), (32 bytes).
    Removing gd32e23x_rtc.o(.ARM.exidx.text.rtc_subsecond_get), (8 bytes).
    Removing gd32e23x_rtc.o(.text.rtc_alarm_config), (88 bytes).
    Removing gd32e23x_rtc.o(.ARM.exidx.text.rtc_alarm_config), (8 bytes).
    Removing gd32e23x_rtc.o(.text.rtc_alarm_subsecond_config), (44 bytes).
    Removing gd32e23x_rtc.o(.ARM.exidx.text.rtc_alarm_subsecond_config), (8 bytes).
    Removing gd32e23x_rtc.o(.text.rtc_alarm_enable), (36 bytes).
    Removing gd32e23x_rtc.o(.ARM.exidx.text.rtc_alarm_enable), (8 bytes).
    Removing gd32e23x_rtc.o(.text.rtc_alarm_disable), (128 bytes).
    Removing gd32e23x_rtc.o(.ARM.exidx.text.rtc_alarm_disable), (8 bytes).
    Removing gd32e23x_rtc.o(.text.rtc_alarm_get), (108 bytes).
    Removing gd32e23x_rtc.o(.ARM.exidx.text.rtc_alarm_get), (8 bytes).
    Removing gd32e23x_rtc.o(.text.rtc_alarm_subsecond_get), (20 bytes).
    Removing gd32e23x_rtc.o(.ARM.exidx.text.rtc_alarm_subsecond_get), (8 bytes).
    Removing gd32e23x_rtc.o(.text.rtc_timestamp_enable), (68 bytes).
    Removing gd32e23x_rtc.o(.ARM.exidx.text.rtc_timestamp_enable), (8 bytes).
    Removing gd32e23x_rtc.o(.text.rtc_timestamp_disable), (36 bytes).
    Removing gd32e23x_rtc.o(.ARM.exidx.text.rtc_timestamp_disable), (8 bytes).
    Removing gd32e23x_rtc.o(.text.rtc_timestamp_get), (116 bytes).
    Removing gd32e23x_rtc.o(.ARM.exidx.text.rtc_timestamp_get), (8 bytes).
    Removing gd32e23x_rtc.o(.text.rtc_timestamp_subsecond_get), (12 bytes).
    Removing gd32e23x_rtc.o(.ARM.exidx.text.rtc_timestamp_subsecond_get), (8 bytes).
    Removing gd32e23x_rtc.o(.text.rtc_tamper_enable), (196 bytes).
    Removing gd32e23x_rtc.o(.ARM.exidx.text.rtc_tamper_enable), (8 bytes).
    Removing gd32e23x_rtc.o(.text.rtc_tamper_disable), (24 bytes).
    Removing gd32e23x_rtc.o(.ARM.exidx.text.rtc_tamper_disable), (8 bytes).
    Removing gd32e23x_rtc.o(.text.rtc_interrupt_enable), (64 bytes).
    Removing gd32e23x_rtc.o(.ARM.exidx.text.rtc_interrupt_enable), (8 bytes).
    Removing gd32e23x_rtc.o(.text.rtc_interrupt_disable), (68 bytes).
    Removing gd32e23x_rtc.o(.ARM.exidx.text.rtc_interrupt_disable), (8 bytes).
    Removing gd32e23x_rtc.o(.text.rtc_flag_get), (44 bytes).
    Removing gd32e23x_rtc.o(.ARM.exidx.text.rtc_flag_get), (8 bytes).
    Removing gd32e23x_rtc.o(.text.rtc_flag_clear), (24 bytes).
    Removing gd32e23x_rtc.o(.ARM.exidx.text.rtc_flag_clear), (8 bytes).
    Removing gd32e23x_rtc.o(.text.rtc_alter_output_config), (92 bytes).
    Removing gd32e23x_rtc.o(.ARM.exidx.text.rtc_alter_output_config), (8 bytes).
    Removing gd32e23x_rtc.o(.text.rtc_calibration_config), (144 bytes).
    Removing gd32e23x_rtc.o(.ARM.exidx.text.rtc_calibration_config), (8 bytes).
    Removing gd32e23x_rtc.o(.text.rtc_hour_adjust), (40 bytes).
    Removing gd32e23x_rtc.o(.ARM.exidx.text.rtc_hour_adjust), (8 bytes).
    Removing gd32e23x_rtc.o(.text.rtc_second_adjust), (164 bytes).
    Removing gd32e23x_rtc.o(.ARM.exidx.text.rtc_second_adjust), (8 bytes).
    Removing gd32e23x_rtc.o(.text.rtc_bypass_shadow_enable), (36 bytes).
    Removing gd32e23x_rtc.o(.ARM.exidx.text.rtc_bypass_shadow_enable), (8 bytes).
    Removing gd32e23x_rtc.o(.text.rtc_bypass_shadow_disable), (36 bytes).
    Removing gd32e23x_rtc.o(.ARM.exidx.text.rtc_bypass_shadow_disable), (8 bytes).
    Removing gd32e23x_rtc.o(.text.rtc_refclock_detection_enable), (76 bytes).
    Removing gd32e23x_rtc.o(.ARM.exidx.text.rtc_refclock_detection_enable), (8 bytes).
    Removing gd32e23x_rtc.o(.text.rtc_refclock_detection_disable), (76 bytes).
    Removing gd32e23x_rtc.o(.ARM.exidx.text.rtc_refclock_detection_disable), (8 bytes).
    Removing gd32e23x_spi.o(.text), (0 bytes).
    Removing gd32e23x_spi.o(.text.spi_i2s_deinit), (80 bytes).
    Removing gd32e23x_spi.o(.ARM.exidx.text.spi_i2s_deinit), (8 bytes).
    Removing gd32e23x_spi.o(.text.spi_struct_para_init), (42 bytes).
    Removing gd32e23x_spi.o(.ARM.exidx.text.spi_struct_para_init), (8 bytes).
    Removing gd32e23x_spi.o(.text.spi_init), (312 bytes).
    Removing gd32e23x_spi.o(.ARM.exidx.text.spi_init), (8 bytes).
    Removing gd32e23x_spi.o(.text.spi_enable), (18 bytes).
    Removing gd32e23x_spi.o(.ARM.exidx.text.spi_enable), (8 bytes).
    Removing gd32e23x_spi.o(.text.spi_disable), (18 bytes).
    Removing gd32e23x_spi.o(.ARM.exidx.text.spi_disable), (8 bytes).
    Removing gd32e23x_spi.o(.text.i2s_init), (76 bytes).
    Removing gd32e23x_spi.o(.ARM.exidx.text.i2s_init), (8 bytes).
    Removing gd32e23x_spi.o(.text.i2s_psc_config), (208 bytes).
    Removing gd32e23x_spi.o(.ARM.exidx.text.i2s_psc_config), (8 bytes).
    Removing gd32e23x_spi.o(.text.i2s_enable), (20 bytes).
    Removing gd32e23x_spi.o(.ARM.exidx.text.i2s_enable), (8 bytes).
    Removing gd32e23x_spi.o(.text.i2s_disable), (20 bytes).
    Removing gd32e23x_spi.o(.ARM.exidx.text.i2s_disable), (8 bytes).
    Removing gd32e23x_spi.o(.text.spi_nss_output_enable), (18 bytes).
    Removing gd32e23x_spi.o(.ARM.exidx.text.spi_nss_output_enable), (8 bytes).
    Removing gd32e23x_spi.o(.text.spi_nss_output_disable), (18 bytes).
    Removing gd32e23x_spi.o(.ARM.exidx.text.spi_nss_output_disable), (8 bytes).
    Removing gd32e23x_spi.o(.text.spi_nss_internal_high), (20 bytes).
    Removing gd32e23x_spi.o(.ARM.exidx.text.spi_nss_internal_high), (8 bytes).
    Removing gd32e23x_spi.o(.text.spi_nss_internal_low), (20 bytes).
    Removing gd32e23x_spi.o(.ARM.exidx.text.spi_nss_internal_low), (8 bytes).
    Removing gd32e23x_spi.o(.text.spi_dma_enable), (42 bytes).
    Removing gd32e23x_spi.o(.ARM.exidx.text.spi_dma_enable), (8 bytes).
    Removing gd32e23x_spi.o(.text.spi_dma_disable), (42 bytes).
    Removing gd32e23x_spi.o(.ARM.exidx.text.spi_dma_disable), (8 bytes).
    Removing gd32e23x_spi.o(.text.spi_transmit_odd_config), (34 bytes).
    Removing gd32e23x_spi.o(.ARM.exidx.text.spi_transmit_odd_config), (8 bytes).
    Removing gd32e23x_spi.o(.text.spi_receive_odd_config), (34 bytes).
    Removing gd32e23x_spi.o(.ARM.exidx.text.spi_receive_odd_config), (8 bytes).
    Removing gd32e23x_spi.o(.text.spi_i2s_data_frame_format_config), (140 bytes).
    Removing gd32e23x_spi.o(.ARM.exidx.text.spi_i2s_data_frame_format_config), (8 bytes).
    Removing gd32e23x_spi.o(.text.spi_fifo_access_size_config), (34 bytes).
    Removing gd32e23x_spi.o(.ARM.exidx.text.spi_fifo_access_size_config), (8 bytes).
    Removing gd32e23x_spi.o(.text.spi_bidirectional_transfer_config), (50 bytes).
    Removing gd32e23x_spi.o(.ARM.exidx.text.spi_bidirectional_transfer_config), (8 bytes).
    Removing gd32e23x_spi.o(.text.spi_i2s_data_transmit), (80 bytes).
    Removing gd32e23x_spi.o(.ARM.exidx.text.spi_i2s_data_transmit), (8 bytes).
    Removing gd32e23x_spi.o(.text.spi_i2s_data_receive), (80 bytes).
    Removing gd32e23x_spi.o(.ARM.exidx.text.spi_i2s_data_receive), (8 bytes).
    Removing gd32e23x_spi.o(.text.spi_crc_polynomial_set), (30 bytes).
    Removing gd32e23x_spi.o(.ARM.exidx.text.spi_crc_polynomial_set), (8 bytes).
    Removing gd32e23x_spi.o(.text.spi_crc_polynomial_get), (14 bytes).
    Removing gd32e23x_spi.o(.ARM.exidx.text.spi_crc_polynomial_get), (8 bytes).
    Removing gd32e23x_spi.o(.text.spi_crc_length_set), (34 bytes).
    Removing gd32e23x_spi.o(.ARM.exidx.text.spi_crc_length_set), (8 bytes).
    Removing gd32e23x_spi.o(.text.spi_crc_on), (20 bytes).
    Removing gd32e23x_spi.o(.ARM.exidx.text.spi_crc_on), (8 bytes).
    Removing gd32e23x_spi.o(.text.spi_crc_off), (20 bytes).
    Removing gd32e23x_spi.o(.ARM.exidx.text.spi_crc_off), (8 bytes).
    Removing gd32e23x_spi.o(.text.spi_crc_next), (20 bytes).
    Removing gd32e23x_spi.o(.ARM.exidx.text.spi_crc_next), (8 bytes).
    Removing gd32e23x_spi.o(.text.spi_crc_get), (42 bytes).
    Removing gd32e23x_spi.o(.ARM.exidx.text.spi_crc_get), (8 bytes).
    Removing gd32e23x_spi.o(.text.spi_ti_mode_enable), (18 bytes).
    Removing gd32e23x_spi.o(.ARM.exidx.text.spi_ti_mode_enable), (8 bytes).
    Removing gd32e23x_spi.o(.text.spi_ti_mode_disable), (18 bytes).
    Removing gd32e23x_spi.o(.ARM.exidx.text.spi_ti_mode_disable), (8 bytes).
    Removing gd32e23x_spi.o(.text.spi_nssp_mode_enable), (18 bytes).
    Removing gd32e23x_spi.o(.ARM.exidx.text.spi_nssp_mode_enable), (8 bytes).
    Removing gd32e23x_spi.o(.text.spi_nssp_mode_disable), (18 bytes).
    Removing gd32e23x_spi.o(.ARM.exidx.text.spi_nssp_mode_disable), (8 bytes).
    Removing gd32e23x_spi.o(.text.spi_quad_enable), (20 bytes).
    Removing gd32e23x_spi.o(.ARM.exidx.text.spi_quad_enable), (8 bytes).
    Removing gd32e23x_spi.o(.text.spi_quad_disable), (20 bytes).
    Removing gd32e23x_spi.o(.ARM.exidx.text.spi_quad_disable), (8 bytes).
    Removing gd32e23x_spi.o(.text.spi_quad_write_enable), (20 bytes).
    Removing gd32e23x_spi.o(.ARM.exidx.text.spi_quad_write_enable), (8 bytes).
    Removing gd32e23x_spi.o(.text.spi_quad_read_enable), (20 bytes).
    Removing gd32e23x_spi.o(.ARM.exidx.text.spi_quad_read_enable), (8 bytes).
    Removing gd32e23x_spi.o(.text.spi_quad_io23_output_enable), (20 bytes).
    Removing gd32e23x_spi.o(.ARM.exidx.text.spi_quad_io23_output_enable), (8 bytes).
    Removing gd32e23x_spi.o(.text.spi_quad_io23_output_disable), (20 bytes).
    Removing gd32e23x_spi.o(.ARM.exidx.text.spi_quad_io23_output_disable), (8 bytes).
    Removing gd32e23x_spi.o(.text.spi_i2s_flag_get), (128 bytes).
    Removing gd32e23x_spi.o(.ARM.exidx.text.spi_i2s_flag_get), (8 bytes).
    Removing gd32e23x_spi.o(.text.spi_i2s_interrupt_enable), (22 bytes).
    Removing gd32e23x_spi.o(.ARM.exidx.text.spi_i2s_interrupt_enable), (8 bytes).
    Removing gd32e23x_spi.o(.text.spi_i2s_interrupt_disable), (22 bytes).
    Removing gd32e23x_spi.o(.ARM.exidx.text.spi_i2s_interrupt_disable), (8 bytes).
    Removing gd32e23x_spi.o(.text.spi_i2s_interrupt_flag_get), (232 bytes).
    Removing gd32e23x_spi.o(.ARM.exidx.text.spi_i2s_interrupt_flag_get), (8 bytes).
    Removing gd32e23x_spi.o(.text.spi_crc_error_clear), (18 bytes).
    Removing gd32e23x_spi.o(.ARM.exidx.text.spi_crc_error_clear), (8 bytes).
    Removing gd32e23x_syscfg.o(.text), (0 bytes).
    Removing gd32e23x_syscfg.o(.text.syscfg_deinit), (24 bytes).
    Removing gd32e23x_syscfg.o(.ARM.exidx.text.syscfg_deinit), (8 bytes).
    Removing gd32e23x_syscfg.o(.text.syscfg_dma_remap_enable), (24 bytes).
    Removing gd32e23x_syscfg.o(.ARM.exidx.text.syscfg_dma_remap_enable), (8 bytes).
    Removing gd32e23x_syscfg.o(.text.syscfg_dma_remap_disable), (24 bytes).
    Removing gd32e23x_syscfg.o(.ARM.exidx.text.syscfg_dma_remap_disable), (8 bytes).
    Removing gd32e23x_syscfg.o(.text.syscfg_high_current_enable), (20 bytes).
    Removing gd32e23x_syscfg.o(.ARM.exidx.text.syscfg_high_current_enable), (8 bytes).
    Removing gd32e23x_syscfg.o(.text.syscfg_high_current_disable), (20 bytes).
    Removing gd32e23x_syscfg.o(.ARM.exidx.text.syscfg_high_current_disable), (8 bytes).
    Removing gd32e23x_syscfg.o(.text.syscfg_exti_line_config), (180 bytes).
    Removing gd32e23x_syscfg.o(.ARM.exidx.text.syscfg_exti_line_config), (8 bytes).
    Removing gd32e23x_syscfg.o(.text.syscfg_lock_config), (24 bytes).
    Removing gd32e23x_syscfg.o(.ARM.exidx.text.syscfg_lock_config), (8 bytes).
    Removing gd32e23x_syscfg.o(.text.irq_latency_set), (40 bytes).
    Removing gd32e23x_syscfg.o(.ARM.exidx.text.irq_latency_set), (8 bytes).
    Removing gd32e23x_syscfg.o(.text.syscfg_flag_get), (44 bytes).
    Removing gd32e23x_syscfg.o(.ARM.exidx.text.syscfg_flag_get), (8 bytes).
    Removing gd32e23x_syscfg.o(.text.syscfg_flag_clear), (24 bytes).
    Removing gd32e23x_syscfg.o(.ARM.exidx.text.syscfg_flag_clear), (8 bytes).
    Removing gd32e23x_timer.o(.text), (0 bytes).
    Removing gd32e23x_timer.o(.text.timer_deinit), (248 bytes).
    Removing gd32e23x_timer.o(.ARM.exidx.text.timer_deinit), (8 bytes).
    Removing gd32e23x_timer.o(.text.timer_struct_para_init), (40 bytes).
    Removing gd32e23x_timer.o(.ARM.exidx.text.timer_struct_para_init), (8 bytes).
    Removing gd32e23x_timer.o(.text.timer_init), (252 bytes).
    Removing gd32e23x_timer.o(.ARM.exidx.text.timer_init), (8 bytes).
    Removing gd32e23x_timer.o(.text.timer_enable), (18 bytes).
    Removing gd32e23x_timer.o(.ARM.exidx.text.timer_enable), (8 bytes).
    Removing gd32e23x_timer.o(.text.timer_disable), (18 bytes).
    Removing gd32e23x_timer.o(.ARM.exidx.text.timer_disable), (8 bytes).
    Removing gd32e23x_timer.o(.text.timer_auto_reload_shadow_enable), (18 bytes).
    Removing gd32e23x_timer.o(.ARM.exidx.text.timer_auto_reload_shadow_enable), (8 bytes).
    Removing gd32e23x_timer.o(.text.timer_auto_reload_shadow_disable), (18 bytes).
    Removing gd32e23x_timer.o(.ARM.exidx.text.timer_auto_reload_shadow_disable), (8 bytes).
    Removing gd32e23x_timer.o(.text.timer_update_event_enable), (18 bytes).
    Removing gd32e23x_timer.o(.ARM.exidx.text.timer_update_event_enable), (8 bytes).
    Removing gd32e23x_timer.o(.text.timer_update_event_disable), (18 bytes).
    Removing gd32e23x_timer.o(.ARM.exidx.text.timer_update_event_disable), (8 bytes).
    Removing gd32e23x_timer.o(.text.timer_counter_alignment), (32 bytes).
    Removing gd32e23x_timer.o(.ARM.exidx.text.timer_counter_alignment), (8 bytes).
    Removing gd32e23x_timer.o(.text.timer_counter_up_direction), (18 bytes).
    Removing gd32e23x_timer.o(.ARM.exidx.text.timer_counter_up_direction), (8 bytes).
    Removing gd32e23x_timer.o(.text.timer_counter_down_direction), (18 bytes).
    Removing gd32e23x_timer.o(.ARM.exidx.text.timer_counter_down_direction), (8 bytes).
    Removing gd32e23x_timer.o(.text.timer_prescaler_config), (48 bytes).
    Removing gd32e23x_timer.o(.ARM.exidx.text.timer_prescaler_config), (8 bytes).
    Removing gd32e23x_timer.o(.text.timer_repetition_value_config), (18 bytes).
    Removing gd32e23x_timer.o(.ARM.exidx.text.timer_repetition_value_config), (8 bytes).
    Removing gd32e23x_timer.o(.text.timer_autoreload_value_config), (18 bytes).
    Removing gd32e23x_timer.o(.ARM.exidx.text.timer_autoreload_value_config), (8 bytes).
    Removing gd32e23x_timer.o(.text.timer_counter_value_config), (18 bytes).
    Removing gd32e23x_timer.o(.ARM.exidx.text.timer_counter_value_config), (8 bytes).
    Removing gd32e23x_timer.o(.text.timer_counter_read), (20 bytes).
    Removing gd32e23x_timer.o(.ARM.exidx.text.timer_counter_read), (8 bytes).
    Removing gd32e23x_timer.o(.text.timer_prescaler_read), (22 bytes).
    Removing gd32e23x_timer.o(.ARM.exidx.text.timer_prescaler_read), (8 bytes).
    Removing gd32e23x_timer.o(.text.timer_single_pulse_mode_config), (52 bytes).
    Removing gd32e23x_timer.o(.ARM.exidx.text.timer_single_pulse_mode_config), (8 bytes).
    Removing gd32e23x_timer.o(.text.timer_update_source_config), (52 bytes).
    Removing gd32e23x_timer.o(.ARM.exidx.text.timer_update_source_config), (8 bytes).
    Removing gd32e23x_timer.o(.text.timer_ocpre_clear_source_config), (56 bytes).
    Removing gd32e23x_timer.o(.ARM.exidx.text.timer_ocpre_clear_source_config), (8 bytes).
    Removing gd32e23x_timer.o(.text.timer_interrupt_enable), (20 bytes).
    Removing gd32e23x_timer.o(.ARM.exidx.text.timer_interrupt_enable), (8 bytes).
    Removing gd32e23x_timer.o(.text.timer_interrupt_disable), (20 bytes).
    Removing gd32e23x_timer.o(.ARM.exidx.text.timer_interrupt_disable), (8 bytes).
    Removing gd32e23x_timer.o(.text.timer_interrupt_flag_get), (58 bytes).
    Removing gd32e23x_timer.o(.ARM.exidx.text.timer_interrupt_flag_get), (8 bytes).
    Removing gd32e23x_timer.o(.text.timer_interrupt_flag_clear), (18 bytes).
    Removing gd32e23x_timer.o(.ARM.exidx.text.timer_interrupt_flag_clear), (8 bytes).
    Removing gd32e23x_timer.o(.text.timer_flag_get), (42 bytes).
    Removing gd32e23x_timer.o(.ARM.exidx.text.timer_flag_get), (8 bytes).
    Removing gd32e23x_timer.o(.text.timer_flag_clear), (18 bytes).
    Removing gd32e23x_timer.o(.ARM.exidx.text.timer_flag_clear), (8 bytes).
    Removing gd32e23x_timer.o(.text.timer_dma_enable), (22 bytes).
    Removing gd32e23x_timer.o(.ARM.exidx.text.timer_dma_enable), (8 bytes).
    Removing gd32e23x_timer.o(.text.timer_dma_disable), (22 bytes).
    Removing gd32e23x_timer.o(.ARM.exidx.text.timer_dma_disable), (8 bytes).
    Removing gd32e23x_timer.o(.text.timer_channel_dma_request_source_select), (56 bytes).
    Removing gd32e23x_timer.o(.ARM.exidx.text.timer_channel_dma_request_source_select), (8 bytes).
    Removing gd32e23x_timer.o(.text.timer_dma_transfer_config), (40 bytes).
    Removing gd32e23x_timer.o(.ARM.exidx.text.timer_dma_transfer_config), (8 bytes).
    Removing gd32e23x_timer.o(.text.timer_event_software_generate), (22 bytes).
    Removing gd32e23x_timer.o(.ARM.exidx.text.timer_event_software_generate), (8 bytes).
    Removing gd32e23x_timer.o(.text.timer_break_struct_para_init), (38 bytes).
    Removing gd32e23x_timer.o(.ARM.exidx.text.timer_break_struct_para_init), (8 bytes).
    Removing gd32e23x_timer.o(.text.timer_break_config), (42 bytes).
    Removing gd32e23x_timer.o(.ARM.exidx.text.timer_break_config), (8 bytes).
    Removing gd32e23x_timer.o(.text.timer_break_enable), (20 bytes).
    Removing gd32e23x_timer.o(.ARM.exidx.text.timer_break_enable), (8 bytes).
    Removing gd32e23x_timer.o(.text.timer_break_disable), (20 bytes).
    Removing gd32e23x_timer.o(.ARM.exidx.text.timer_break_disable), (8 bytes).
    Removing gd32e23x_timer.o(.text.timer_automatic_output_enable), (20 bytes).
    Removing gd32e23x_timer.o(.ARM.exidx.text.timer_automatic_output_enable), (8 bytes).
    Removing gd32e23x_timer.o(.text.timer_automatic_output_disable), (20 bytes).
    Removing gd32e23x_timer.o(.ARM.exidx.text.timer_automatic_output_disable), (8 bytes).
    Removing gd32e23x_timer.o(.text.timer_primary_output_config), (48 bytes).
    Removing gd32e23x_timer.o(.ARM.exidx.text.timer_primary_output_config), (8 bytes).
    Removing gd32e23x_timer.o(.text.timer_channel_control_shadow_config), (44 bytes).
    Removing gd32e23x_timer.o(.ARM.exidx.text.timer_channel_control_shadow_config), (8 bytes).
    Removing gd32e23x_timer.o(.text.timer_channel_control_shadow_update_config), (56 bytes).
    Removing gd32e23x_timer.o(.ARM.exidx.text.timer_channel_control_shadow_update_config), (8 bytes).
    Removing gd32e23x_timer.o(.text.timer_channel_output_struct_para_init), (34 bytes).
    Removing gd32e23x_timer.o(.ARM.exidx.text.timer_channel_output_struct_para_init), (8 bytes).
    Removing gd32e23x_timer.o(.text.timer_channel_output_config), (756 bytes).
    Removing gd32e23x_timer.o(.ARM.exidx.text.timer_channel_output_config), (8 bytes).
    Removing gd32e23x_timer.o(.text.timer_channel_output_mode_config), (158 bytes).
    Removing gd32e23x_timer.o(.ARM.exidx.text.timer_channel_output_mode_config), (8 bytes).
    Removing gd32e23x_timer.o(.text.timer_channel_output_pulse_value_config), (82 bytes).
    Removing gd32e23x_timer.o(.ARM.exidx.text.timer_channel_output_pulse_value_config), (8 bytes).
    Removing gd32e23x_timer.o(.text.timer_channel_output_shadow_config), (158 bytes).
    Removing gd32e23x_timer.o(.ARM.exidx.text.timer_channel_output_shadow_config), (8 bytes).
    Removing gd32e23x_timer.o(.text.timer_channel_output_fast_config), (158 bytes).
    Removing gd32e23x_timer.o(.ARM.exidx.text.timer_channel_output_fast_config), (8 bytes).
    Removing gd32e23x_timer.o(.text.timer_channel_output_clear_config), (158 bytes).
    Removing gd32e23x_timer.o(.ARM.exidx.text.timer_channel_output_clear_config), (8 bytes).
    Removing gd32e23x_timer.o(.text.timer_channel_output_polarity_config), (160 bytes).
    Removing gd32e23x_timer.o(.ARM.exidx.text.timer_channel_output_polarity_config), (8 bytes).
    Removing gd32e23x_timer.o(.text.timer_channel_complementary_output_polarity_config), (160 bytes).
    Removing gd32e23x_timer.o(.ARM.exidx.text.timer_channel_complementary_output_polarity_config), (8 bytes).
    Removing gd32e23x_timer.o(.text.timer_channel_output_state_config), (148 bytes).
    Removing gd32e23x_timer.o(.ARM.exidx.text.timer_channel_output_state_config), (8 bytes).
    Removing gd32e23x_timer.o(.text.timer_channel_complementary_output_state_config), (120 bytes).
    Removing gd32e23x_timer.o(.ARM.exidx.text.timer_channel_complementary_output_state_config), (8 bytes).
    Removing gd32e23x_timer.o(.text.timer_channel_input_struct_para_init), (28 bytes).
    Removing gd32e23x_timer.o(.ARM.exidx.text.timer_channel_input_struct_para_init), (8 bytes).
    Removing gd32e23x_timer.o(.text.timer_input_capture_config), (446 bytes).
    Removing gd32e23x_timer.o(.ARM.exidx.text.timer_input_capture_config), (8 bytes).
    Removing gd32e23x_timer.o(.text.timer_channel_input_capture_prescaler_config), (158 bytes).
    Removing gd32e23x_timer.o(.ARM.exidx.text.timer_channel_input_capture_prescaler_config), (8 bytes).
    Removing gd32e23x_timer.o(.text.timer_channel_capture_value_register_read), (88 bytes).
    Removing gd32e23x_timer.o(.ARM.exidx.text.timer_channel_capture_value_register_read), (8 bytes).
    Removing gd32e23x_timer.o(.text.timer_input_pwm_capture_config), (502 bytes).
    Removing gd32e23x_timer.o(.ARM.exidx.text.timer_input_pwm_capture_config), (8 bytes).
    Removing gd32e23x_timer.o(.text.timer_hall_mode_config), (52 bytes).
    Removing gd32e23x_timer.o(.ARM.exidx.text.timer_hall_mode_config), (8 bytes).
    Removing gd32e23x_timer.o(.text.timer_input_trigger_source_select), (30 bytes).
    Removing gd32e23x_timer.o(.ARM.exidx.text.timer_input_trigger_source_select), (8 bytes).
    Removing gd32e23x_timer.o(.text.timer_master_output_trigger_source_select), (30 bytes).
    Removing gd32e23x_timer.o(.ARM.exidx.text.timer_master_output_trigger_source_select), (8 bytes).
    Removing gd32e23x_timer.o(.text.timer_slave_mode_select), (30 bytes).
    Removing gd32e23x_timer.o(.ARM.exidx.text.timer_slave_mode_select), (8 bytes).
    Removing gd32e23x_timer.o(.text.timer_master_slave_mode_config), (52 bytes).
    Removing gd32e23x_timer.o(.ARM.exidx.text.timer_master_slave_mode_config), (8 bytes).
    Removing gd32e23x_timer.o(.text.timer_external_trigger_config), (52 bytes).
    Removing gd32e23x_timer.o(.ARM.exidx.text.timer_external_trigger_config), (8 bytes).
    Removing gd32e23x_timer.o(.text.timer_quadrature_decoder_mode_config), (104 bytes).
    Removing gd32e23x_timer.o(.ARM.exidx.text.timer_quadrature_decoder_mode_config), (8 bytes).
    Removing gd32e23x_timer.o(.text.timer_internal_clock_config), (18 bytes).
    Removing gd32e23x_timer.o(.ARM.exidx.text.timer_internal_clock_config), (8 bytes).
    Removing gd32e23x_timer.o(.text.timer_internal_trigger_as_external_clock_config), (38 bytes).
    Removing gd32e23x_timer.o(.ARM.exidx.text.timer_internal_trigger_as_external_clock_config), (8 bytes).
    Removing gd32e23x_timer.o(.text.timer_external_trigger_as_external_clock_config), (226 bytes).
    Removing gd32e23x_timer.o(.ARM.exidx.text.timer_external_trigger_as_external_clock_config), (8 bytes).
    Removing gd32e23x_timer.o(.text.timer_external_clock_mode0_config), (46 bytes).
    Removing gd32e23x_timer.o(.ARM.exidx.text.timer_external_clock_mode0_config), (8 bytes).
    Removing gd32e23x_timer.o(.text.timer_external_clock_mode1_config), (40 bytes).
    Removing gd32e23x_timer.o(.ARM.exidx.text.timer_external_clock_mode1_config), (8 bytes).
    Removing gd32e23x_timer.o(.text.timer_external_clock_mode1_disable), (20 bytes).
    Removing gd32e23x_timer.o(.ARM.exidx.text.timer_external_clock_mode1_disable), (8 bytes).
    Removing gd32e23x_timer.o(.text.timer_channel_remap_config), (16 bytes).
    Removing gd32e23x_timer.o(.ARM.exidx.text.timer_channel_remap_config), (8 bytes).
    Removing gd32e23x_timer.o(.text.timer_write_chxval_register_config), (60 bytes).
    Removing gd32e23x_timer.o(.ARM.exidx.text.timer_write_chxval_register_config), (8 bytes).
    Removing gd32e23x_timer.o(.text.timer_output_value_selection_config), (60 bytes).
    Removing gd32e23x_timer.o(.ARM.exidx.text.timer_output_value_selection_config), (8 bytes).
    Removing gd32e23x_usart.o(.text), (0 bytes).
    Removing gd32e23x_usart.o(.text.usart_deinit), (84 bytes).
    Removing gd32e23x_usart.o(.ARM.exidx.text.usart_deinit), (8 bytes).
    Removing gd32e23x_usart.o(.text.usart_baudrate_set), (184 bytes).
    Removing gd32e23x_usart.o(.ARM.exidx.text.usart_baudrate_set), (8 bytes).
    Removing gd32e23x_usart.o(.text.usart_parity_config), (42 bytes).
    Removing gd32e23x_usart.o(.ARM.exidx.text.usart_parity_config), (8 bytes).
    Removing gd32e23x_usart.o(.text.usart_word_length_set), (42 bytes).
    Removing gd32e23x_usart.o(.ARM.exidx.text.usart_word_length_set), (8 bytes).
    Removing gd32e23x_usart.o(.text.usart_stop_bit_set), (42 bytes).
    Removing gd32e23x_usart.o(.ARM.exidx.text.usart_stop_bit_set), (8 bytes).
    Removing gd32e23x_usart.o(.text.usart_enable), (18 bytes).
    Removing gd32e23x_usart.o(.ARM.exidx.text.usart_enable), (8 bytes).
    Removing gd32e23x_usart.o(.text.usart_disable), (18 bytes).
    Removing gd32e23x_usart.o(.ARM.exidx.text.usart_disable), (8 bytes).
    Removing gd32e23x_usart.o(.text.usart_transmit_config), (30 bytes).
    Removing gd32e23x_usart.o(.ARM.exidx.text.usart_transmit_config), (8 bytes).
    Removing gd32e23x_usart.o(.text.usart_receive_config), (30 bytes).
    Removing gd32e23x_usart.o(.ARM.exidx.text.usart_receive_config), (8 bytes).
    Removing gd32e23x_usart.o(.text.usart_data_first_config), (42 bytes).
    Removing gd32e23x_usart.o(.ARM.exidx.text.usart_data_first_config), (8 bytes).
    Removing gd32e23x_usart.o(.text.usart_invert_config), (186 bytes).
    Removing gd32e23x_usart.o(.ARM.exidx.text.usart_invert_config), (8 bytes).
    Removing gd32e23x_usart.o(.text.usart_overrun_enable), (30 bytes).
    Removing gd32e23x_usart.o(.ARM.exidx.text.usart_overrun_enable), (8 bytes).
    Removing gd32e23x_usart.o(.text.usart_overrun_disable), (30 bytes).
    Removing gd32e23x_usart.o(.ARM.exidx.text.usart_overrun_disable), (8 bytes).
    Removing gd32e23x_usart.o(.text.usart_oversample_config), (42 bytes).
    Removing gd32e23x_usart.o(.ARM.exidx.text.usart_oversample_config), (8 bytes).
    Removing gd32e23x_usart.o(.text.usart_sample_bit_config), (42 bytes).
    Removing gd32e23x_usart.o(.ARM.exidx.text.usart_sample_bit_config), (8 bytes).
    Removing gd32e23x_usart.o(.text.usart_receiver_timeout_enable), (20 bytes).
    Removing gd32e23x_usart.o(.ARM.exidx.text.usart_receiver_timeout_enable), (8 bytes).
    Removing gd32e23x_usart.o(.text.usart_receiver_timeout_disable), (20 bytes).
    Removing gd32e23x_usart.o(.ARM.exidx.text.usart_receiver_timeout_disable), (8 bytes).
    Removing gd32e23x_usart.o(.text.usart_receiver_timeout_threshold_config), (32 bytes).
    Removing gd32e23x_usart.o(.ARM.exidx.text.usart_receiver_timeout_threshold_config), (8 bytes).
    Removing gd32e23x_usart.o(.text.usart_data_transmit), (24 bytes).
    Removing gd32e23x_usart.o(.ARM.exidx.text.usart_data_transmit), (8 bytes).
    Removing gd32e23x_usart.o(.text.usart_data_receive), (20 bytes).
    Removing gd32e23x_usart.o(.ARM.exidx.text.usart_data_receive), (8 bytes).
    Removing gd32e23x_usart.o(.text.usart_address_config), (46 bytes).
    Removing gd32e23x_usart.o(.ARM.exidx.text.usart_address_config), (8 bytes).
    Removing gd32e23x_usart.o(.text.usart_address_detection_mode_config), (42 bytes).
    Removing gd32e23x_usart.o(.ARM.exidx.text.usart_address_detection_mode_config), (8 bytes).
    Removing gd32e23x_usart.o(.text.usart_mute_mode_enable), (20 bytes).
    Removing gd32e23x_usart.o(.ARM.exidx.text.usart_mute_mode_enable), (8 bytes).
    Removing gd32e23x_usart.o(.text.usart_mute_mode_disable), (20 bytes).
    Removing gd32e23x_usart.o(.ARM.exidx.text.usart_mute_mode_disable), (8 bytes).
    Removing gd32e23x_usart.o(.text.usart_mute_mode_wakeup_config), (42 bytes).
    Removing gd32e23x_usart.o(.ARM.exidx.text.usart_mute_mode_wakeup_config), (8 bytes).
    Removing gd32e23x_usart.o(.text.usart_lin_mode_enable), (30 bytes).
    Removing gd32e23x_usart.o(.ARM.exidx.text.usart_lin_mode_enable), (8 bytes).
    Removing gd32e23x_usart.o(.text.usart_lin_mode_disable), (30 bytes).
    Removing gd32e23x_usart.o(.ARM.exidx.text.usart_lin_mode_disable), (8 bytes).
    Removing gd32e23x_usart.o(.text.usart_lin_break_detection_length_config), (42 bytes).
    Removing gd32e23x_usart.o(.ARM.exidx.text.usart_lin_break_detection_length_config), (8 bytes).
    Removing gd32e23x_usart.o(.text.usart_halfduplex_enable), (28 bytes).
    Removing gd32e23x_usart.o(.ARM.exidx.text.usart_halfduplex_enable), (8 bytes).
    Removing gd32e23x_usart.o(.text.usart_halfduplex_disable), (28 bytes).
    Removing gd32e23x_usart.o(.ARM.exidx.text.usart_halfduplex_disable), (8 bytes).
    Removing gd32e23x_usart.o(.text.usart_clock_enable), (30 bytes).
    Removing gd32e23x_usart.o(.ARM.exidx.text.usart_clock_enable), (8 bytes).
    Removing gd32e23x_usart.o(.text.usart_clock_disable), (30 bytes).
    Removing gd32e23x_usart.o(.ARM.exidx.text.usart_clock_disable), (8 bytes).
    Removing gd32e23x_usart.o(.text.usart_synchronous_clock_config), (84 bytes).
    Removing gd32e23x_usart.o(.ARM.exidx.text.usart_synchronous_clock_config), (8 bytes).
    Removing gd32e23x_usart.o(.text.usart_guard_time_config), (46 bytes).
    Removing gd32e23x_usart.o(.ARM.exidx.text.usart_guard_time_config), (8 bytes).
    Removing gd32e23x_usart.o(.text.usart_smartcard_mode_enable), (28 bytes).
    Removing gd32e23x_usart.o(.ARM.exidx.text.usart_smartcard_mode_enable), (8 bytes).
    Removing gd32e23x_usart.o(.text.usart_smartcard_mode_disable), (28 bytes).
    Removing gd32e23x_usart.o(.ARM.exidx.text.usart_smartcard_mode_disable), (8 bytes).
    Removing gd32e23x_usart.o(.text.usart_smartcard_mode_nack_enable), (28 bytes).
    Removing gd32e23x_usart.o(.ARM.exidx.text.usart_smartcard_mode_nack_enable), (8 bytes).
    Removing gd32e23x_usart.o(.text.usart_smartcard_mode_nack_disable), (28 bytes).
    Removing gd32e23x_usart.o(.ARM.exidx.text.usart_smartcard_mode_nack_disable), (8 bytes).
    Removing gd32e23x_usart.o(.text.usart_smartcard_mode_early_nack_enable), (20 bytes).
    Removing gd32e23x_usart.o(.ARM.exidx.text.usart_smartcard_mode_early_nack_enable), (8 bytes).
    Removing gd32e23x_usart.o(.text.usart_smartcard_mode_early_nack_disable), (20 bytes).
    Removing gd32e23x_usart.o(.ARM.exidx.text.usart_smartcard_mode_early_nack_disable), (8 bytes).
    Removing gd32e23x_usart.o(.text.usart_smartcard_autoretry_config), (46 bytes).
    Removing gd32e23x_usart.o(.ARM.exidx.text.usart_smartcard_autoretry_config), (8 bytes).
    Removing gd32e23x_usart.o(.text.usart_block_length_config), (34 bytes).
    Removing gd32e23x_usart.o(.ARM.exidx.text.usart_block_length_config), (8 bytes).
    Removing gd32e23x_usart.o(.text.usart_irda_mode_enable), (28 bytes).
    Removing gd32e23x_usart.o(.ARM.exidx.text.usart_irda_mode_enable), (8 bytes).
    Removing gd32e23x_usart.o(.text.usart_irda_mode_disable), (28 bytes).
    Removing gd32e23x_usart.o(.ARM.exidx.text.usart_irda_mode_disable), (8 bytes).
    Removing gd32e23x_usart.o(.text.usart_prescaler_config), (40 bytes).
    Removing gd32e23x_usart.o(.ARM.exidx.text.usart_prescaler_config), (8 bytes).
    Removing gd32e23x_usart.o(.text.usart_irda_lowpower_config), (42 bytes).
    Removing gd32e23x_usart.o(.ARM.exidx.text.usart_irda_lowpower_config), (8 bytes).
    Removing gd32e23x_usart.o(.text.usart_hardware_flow_rts_config), (42 bytes).
    Removing gd32e23x_usart.o(.ARM.exidx.text.usart_hardware_flow_rts_config), (8 bytes).
    Removing gd32e23x_usart.o(.text.usart_hardware_flow_cts_config), (42 bytes).
    Removing gd32e23x_usart.o(.ARM.exidx.text.usart_hardware_flow_cts_config), (8 bytes).
    Removing gd32e23x_usart.o(.text.usart_hardware_flow_coherence_config), (34 bytes).
    Removing gd32e23x_usart.o(.ARM.exidx.text.usart_hardware_flow_coherence_config), (8 bytes).
    Removing gd32e23x_usart.o(.text.usart_rs485_driver_enable), (30 bytes).
    Removing gd32e23x_usart.o(.ARM.exidx.text.usart_rs485_driver_enable), (8 bytes).
    Removing gd32e23x_usart.o(.text.usart_rs485_driver_disable), (30 bytes).
    Removing gd32e23x_usart.o(.ARM.exidx.text.usart_rs485_driver_disable), (8 bytes).
    Removing gd32e23x_usart.o(.text.usart_driver_assertime_config), (46 bytes).
    Removing gd32e23x_usart.o(.ARM.exidx.text.usart_driver_assertime_config), (8 bytes).
    Removing gd32e23x_usart.o(.text.usart_driver_deassertime_config), (46 bytes).
    Removing gd32e23x_usart.o(.ARM.exidx.text.usart_driver_deassertime_config), (8 bytes).
    Removing gd32e23x_usart.o(.text.usart_depolarity_config), (44 bytes).
    Removing gd32e23x_usart.o(.ARM.exidx.text.usart_depolarity_config), (8 bytes).
    Removing gd32e23x_usart.o(.text.usart_dma_receive_config), (30 bytes).
    Removing gd32e23x_usart.o(.ARM.exidx.text.usart_dma_receive_config), (8 bytes).
    Removing gd32e23x_usart.o(.text.usart_dma_transmit_config), (30 bytes).
    Removing gd32e23x_usart.o(.ARM.exidx.text.usart_dma_transmit_config), (8 bytes).
    Removing gd32e23x_usart.o(.text.usart_reception_error_dma_disable), (30 bytes).
    Removing gd32e23x_usart.o(.ARM.exidx.text.usart_reception_error_dma_disable), (8 bytes).
    Removing gd32e23x_usart.o(.text.usart_reception_error_dma_enable), (30 bytes).
    Removing gd32e23x_usart.o(.ARM.exidx.text.usart_reception_error_dma_enable), (8 bytes).
    Removing gd32e23x_usart.o(.text.usart_wakeup_enable), (18 bytes).
    Removing gd32e23x_usart.o(.ARM.exidx.text.usart_wakeup_enable), (8 bytes).
    Removing gd32e23x_usart.o(.text.usart_wakeup_disable), (18 bytes).
    Removing gd32e23x_usart.o(.ARM.exidx.text.usart_wakeup_disable), (8 bytes).
    Removing gd32e23x_usart.o(.text.usart_wakeup_mode_config), (44 bytes).
    Removing gd32e23x_usart.o(.ARM.exidx.text.usart_wakeup_mode_config), (8 bytes).
    Removing gd32e23x_usart.o(.text.usart_receive_fifo_enable), (22 bytes).
    Removing gd32e23x_usart.o(.ARM.exidx.text.usart_receive_fifo_enable), (8 bytes).
    Removing gd32e23x_usart.o(.text.usart_receive_fifo_disable), (22 bytes).
    Removing gd32e23x_usart.o(.ARM.exidx.text.usart_receive_fifo_disable), (8 bytes).
    Removing gd32e23x_usart.o(.text.usart_receive_fifo_counter_number), (22 bytes).
    Removing gd32e23x_usart.o(.ARM.exidx.text.usart_receive_fifo_counter_number), (8 bytes).
    Removing gd32e23x_usart.o(.text.usart_flag_get), (60 bytes).
    Removing gd32e23x_usart.o(.ARM.exidx.text.usart_flag_get), (8 bytes).
    Removing gd32e23x_usart.o(.text.usart_flag_clear), (30 bytes).
    Removing gd32e23x_usart.o(.ARM.exidx.text.usart_flag_clear), (8 bytes).
    Removing gd32e23x_usart.o(.text.usart_interrupt_enable), (34 bytes).
    Removing gd32e23x_usart.o(.ARM.exidx.text.usart_interrupt_enable), (8 bytes).
    Removing gd32e23x_usart.o(.text.usart_interrupt_disable), (34 bytes).
    Removing gd32e23x_usart.o(.ARM.exidx.text.usart_interrupt_disable), (8 bytes).
    Removing gd32e23x_usart.o(.text.usart_command_enable), (20 bytes).
    Removing gd32e23x_usart.o(.ARM.exidx.text.usart_command_enable), (8 bytes).
    Removing gd32e23x_usart.o(.text.usart_interrupt_flag_get), (98 bytes).
    Removing gd32e23x_usart.o(.ARM.exidx.text.usart_interrupt_flag_get), (8 bytes).
    Removing gd32e23x_usart.o(.text.usart_interrupt_flag_clear), (64 bytes).
    Removing gd32e23x_usart.o(.ARM.exidx.text.usart_interrupt_flag_clear), (8 bytes).
    Removing gd32e23x_wwdgt.o(.text), (0 bytes).
    Removing gd32e23x_wwdgt.o(.text.wwdgt_deinit), (28 bytes).
    Removing gd32e23x_wwdgt.o(.ARM.exidx.text.wwdgt_deinit), (8 bytes).
    Removing gd32e23x_wwdgt.o(.text.wwdgt_enable), (16 bytes).
    Removing gd32e23x_wwdgt.o(.ARM.exidx.text.wwdgt_enable), (8 bytes).
    Removing gd32e23x_wwdgt.o(.text.wwdgt_counter_update), (28 bytes).
    Removing gd32e23x_wwdgt.o(.ARM.exidx.text.wwdgt_counter_update), (8 bytes).
    Removing gd32e23x_wwdgt.o(.text.wwdgt_config), (52 bytes).
    Removing gd32e23x_wwdgt.o(.ARM.exidx.text.wwdgt_config), (8 bytes).
    Removing gd32e23x_wwdgt.o(.text.wwdgt_flag_get), (40 bytes).
    Removing gd32e23x_wwdgt.o(.ARM.exidx.text.wwdgt_flag_get), (8 bytes).
    Removing gd32e23x_wwdgt.o(.text.wwdgt_flag_clear), (16 bytes).
    Removing gd32e23x_wwdgt.o(.ARM.exidx.text.wwdgt_flag_clear), (8 bytes).
    Removing gd32e23x_wwdgt.o(.text.wwdgt_interrupt_enable), (20 bytes).
    Removing gd32e23x_wwdgt.o(.ARM.exidx.text.wwdgt_interrupt_enable), (8 bytes).
    Removing gd32e230c_start.o(.text), (0 bytes).
    Removing gd32e230c_start.o(.text.gd_eval_led_init), (108 bytes).
    Removing gd32e230c_start.o(.ARM.exidx.text.gd_eval_led_init), (8 bytes).
    Removing gd32e230c_start.o(.text.gd_eval_led_on), (36 bytes).
    Removing gd32e230c_start.o(.ARM.exidx.text.gd_eval_led_on), (8 bytes).
    Removing gd32e230c_start.o(.text.gd_eval_led_off), (36 bytes).
    Removing gd32e230c_start.o(.ARM.exidx.text.gd_eval_led_off), (8 bytes).
    Removing gd32e230c_start.o(.text.gd_eval_led_toggle), (36 bytes).
    Removing gd32e230c_start.o(.ARM.exidx.text.gd_eval_led_toggle), (8 bytes).
    Removing gd32e230c_start.o(.text.gd_eval_key_init), (172 bytes).
    Removing gd32e230c_start.o(.ARM.exidx.text.gd_eval_key_init), (8 bytes).
    Removing gd32e230c_start.o(.text.gd_eval_key_state_get), (40 bytes).
    Removing gd32e230c_start.o(.ARM.exidx.text.gd_eval_key_state_get), (8 bytes).
    Removing gd32e230c_start.o(.rodata.GPIO_CLK), (8 bytes).
    Removing gd32e230c_start.o(.rodata.GPIO_PORT), (16 bytes).
    Removing gd32e230c_start.o(.rodata.GPIO_PIN), (16 bytes).
    Removing gd32e230c_start.o(.rodata.KEY_CLK), (2 bytes).
    Removing gd32e230c_start.o(.rodata.KEY_PORT), (4 bytes).
    Removing gd32e230c_start.o(.rodata.KEY_PIN), (4 bytes).
    Removing gd32e230c_start.o(.rodata.KEY_IRQn), (1 bytes).
    Removing gd32e230c_start.o(.rodata.KEY_PORT_SOURCE), (1 bytes).
    Removing gd32e230c_start.o(.rodata.KEY_PIN_SOURCE), (1 bytes).
    Removing gd32e230c_start.o(.rodata.KEY_EXTI_LINE), (4 bytes).
    Removing startup_gd32e23x.o(HEAP), (1024 bytes).

1047 unused section(s) (total 35151 bytes) removed from the image.

==============================================================================

Image Symbol Table

    Local Symbols

    Symbol Name                              Value     Ov Type        Size  Object(Section)

    ../clib/microlib/init/entry.s            0x00000000   Number         0  entry.o ABSOLUTE
    ../clib/microlib/init/entry.s            0x00000000   Number         0  entry2.o ABSOLUTE
    ../clib/microlib/init/entry.s            0x00000000   Number         0  entry5.o ABSOLUTE
    ../clib/microlib/init/entry.s            0x00000000   Number         0  entry7a.o ABSOLUTE
    ../clib/microlib/init/entry.s            0x00000000   Number         0  entry7b.o ABSOLUTE
    ../clib/microlib/init/entry.s            0x00000000   Number         0  entry8a.o ABSOLUTE
    ../clib/microlib/init/entry.s            0x00000000   Number         0  entry8b.o ABSOLUTE
    ../clib/microlib/init/entry.s            0x00000000   Number         0  entry9a.o ABSOLUTE
    ../clib/microlib/init/entry.s            0x00000000   Number         0  entry9b.o ABSOLUTE
    ../clib/microlib/init/entry.s            0x00000000   Number         0  entry10a.o ABSOLUTE
    ../clib/microlib/init/entry.s            0x00000000   Number         0  entry10b.o ABSOLUTE
    ../clib/microlib/init/entry.s            0x00000000   Number         0  entry11a.o ABSOLUTE
    ../clib/microlib/init/entry.s            0x00000000   Number         0  entry11b.o ABSOLUTE
    ..\..\..\..\GD32E23x_Firmware_Library\CMSIS\GD\GD32E23x\Source\ARM\startup_gd32e23x.s 0x00000000   Number         0  startup_gd32e23x.o ABSOLUTE
    dc.s                                     0x00000000   Number         0  dc.o ABSOLUTE
    gd32e230c_start.c                        0x00000000   Number         0  gd32e230c_start.o ABSOLUTE
    gd32e23x_adc.c                           0x00000000   Number         0  gd32e23x_adc.o ABSOLUTE
    gd32e23x_cmp.c                           0x00000000   Number         0  gd32e23x_cmp.o ABSOLUTE
    gd32e23x_crc.c                           0x00000000   Number         0  gd32e23x_crc.o ABSOLUTE
    gd32e23x_dbg.c                           0x00000000   Number         0  gd32e23x_dbg.o ABSOLUTE
    gd32e23x_dma.c                           0x00000000   Number         0  gd32e23x_dma.o ABSOLUTE
    gd32e23x_exti.c                          0x00000000   Number         0  gd32e23x_exti.o ABSOLUTE
    gd32e23x_fmc.c                           0x00000000   Number         0  gd32e23x_fmc.o ABSOLUTE
    gd32e23x_fwdgt.c                         0x00000000   Number         0  gd32e23x_fwdgt.o ABSOLUTE
    gd32e23x_gpio.c                          0x00000000   Number         0  gd32e23x_gpio.o ABSOLUTE
    gd32e23x_i2c.c                           0x00000000   Number         0  gd32e23x_i2c.o ABSOLUTE
    gd32e23x_it.c                            0x00000000   Number         0  gd32e23x_it.o ABSOLUTE
    gd32e23x_misc.c                          0x00000000   Number         0  gd32e23x_misc.o ABSOLUTE
    gd32e23x_pmu.c                           0x00000000   Number         0  gd32e23x_pmu.o ABSOLUTE
    gd32e23x_rcu.c                           0x00000000   Number         0  gd32e23x_rcu.o ABSOLUTE
    gd32e23x_rtc.c                           0x00000000   Number         0  gd32e23x_rtc.o ABSOLUTE
    gd32e23x_spi.c                           0x00000000   Number         0  gd32e23x_spi.o ABSOLUTE
    gd32e23x_syscfg.c                        0x00000000   Number         0  gd32e23x_syscfg.o ABSOLUTE
    gd32e23x_timer.c                         0x00000000   Number         0  gd32e23x_timer.o ABSOLUTE
    gd32e23x_usart.c                         0x00000000   Number         0  gd32e23x_usart.o ABSOLUTE
    gd32e23x_wwdgt.c                         0x00000000   Number         0  gd32e23x_wwdgt.o ABSOLUTE
    handlers.s                               0x00000000   Number         0  handlers.o ABSOLUTE
    init.s                                   0x00000000   Number         0  init.o ABSOLUTE
    main.c                                   0x00000000   Number         0  main.o ABSOLUTE
    system_gd32e23x.c                        0x00000000   Number         0  system_gd32e23x.o ABSOLUTE
    systick.c                                0x00000000   Number         0  systick.o ABSOLUTE
    RESET                                    0x08000000   Section      204  startup_gd32e23x.o(RESET)
    .ARM.Collect$$$$00000000                 0x080000cc   Section        0  entry.o(.ARM.Collect$$$$00000000)
    .ARM.Collect$$$$00000001                 0x080000cc   Section        4  entry2.o(.ARM.Collect$$$$00000001)
    .ARM.Collect$$$$00000004                 0x080000d0   Section        4  entry5.o(.ARM.Collect$$$$00000004)
    .ARM.Collect$$$$00000008                 0x080000d4   Section        0  entry7b.o(.ARM.Collect$$$$00000008)
    .ARM.Collect$$$$0000000A                 0x080000d4   Section        0  entry8b.o(.ARM.Collect$$$$0000000A)
    .ARM.Collect$$$$0000000B                 0x080000d4   Section        8  entry9a.o(.ARM.Collect$$$$0000000B)
    __lit__00000000                          0x080000dc   Data           4  entry2.o(.ARM.Collect$$$$00002712)
    .ARM.Collect$$$$0000000D                 0x080000dc   Section        0  entry10a.o(.ARM.Collect$$$$0000000D)
    .ARM.Collect$$$$0000000F                 0x080000dc   Section        0  entry11a.o(.ARM.Collect$$$$0000000F)
    .ARM.Collect$$$$00002712                 0x080000dc   Section        4  entry2.o(.ARM.Collect$$$$00002712)
    .text                                    0x080000e0   Section       28  startup_gd32e23x.o(.text)
    .text                                    0x080000fc   Section       36  init.o(.text)
    [Anonymous Symbol]                       0x08000120   Section        0  gd32e23x_it.o(.text.HardFault_Handler)
    [Anonymous Symbol]                       0x08000124   Section        0  gd32e23x_it.o(.text.NMI_Handler)
    [Anonymous Symbol]                       0x08000126   Section        0  gd32e23x_it.o(.text.PendSV_Handler)
    [Anonymous Symbol]                       0x08000128   Section        0  gd32e23x_it.o(.text.SVC_Handler)
    SysTick_Config                           0x0800012d   Thumb Code    64  systick.o(.text.SysTick_Config)
    [Anonymous Symbol]                       0x0800012c   Section        0  systick.o(.text.SysTick_Config)
    __arm_cp.1_0                             0x0800016c   Number         4  systick.o(.text.SysTick_Config)
    __arm_cp.1_1                             0x08000170   Number         4  systick.o(.text.SysTick_Config)
    __arm_cp.1_2                             0x08000174   Number         4  systick.o(.text.SysTick_Config)
    [Anonymous Symbol]                       0x08000178   Section        0  gd32e23x_it.o(.text.SysTick_Handler)
    [Anonymous Symbol]                       0x08000180   Section        0  system_gd32e23x.o(.text.SystemInit)
    __arm_cp.0_0                             0x08000258   Number         4  system_gd32e23x.o(.text.SystemInit)
    __arm_cp.0_1                             0x0800025c   Number         4  system_gd32e23x.o(.text.SystemInit)
    __arm_cp.0_2                             0x08000260   Number         4  system_gd32e23x.o(.text.SystemInit)
    __arm_cp.0_3                             0x08000264   Number         4  system_gd32e23x.o(.text.SystemInit)
    __arm_cp.0_4                             0x08000268   Number         4  system_gd32e23x.o(.text.SystemInit)
    __arm_cp.0_5                             0x0800026c   Number         4  system_gd32e23x.o(.text.SystemInit)
    __arm_cp.0_6                             0x08000270   Number         4  system_gd32e23x.o(.text.SystemInit)
    __arm_cp.0_7                             0x08000274   Number         4  system_gd32e23x.o(.text.SystemInit)
    __arm_cp.0_8                             0x08000278   Number         4  system_gd32e23x.o(.text.SystemInit)
    __NVIC_SetPriority                       0x0800027d   Thumb Code   124  systick.o(.text.__NVIC_SetPriority)
    [Anonymous Symbol]                       0x0800027c   Section        0  systick.o(.text.__NVIC_SetPriority)
    __arm_cp.2_0                             0x080002f8   Number         4  systick.o(.text.__NVIC_SetPriority)
    __arm_cp.2_1                             0x080002fc   Number         4  systick.o(.text.__NVIC_SetPriority)
    [Anonymous Symbol]                       0x08000300   Section        0  systick.o(.text.delay_1ms)
    [Anonymous Symbol]                       0x0800031c   Section        0  systick.o(.text.delay_decrement)
    __arm_cp.4_0                             0x08000330   Number         4  systick.o(.text.delay_decrement)
    [Anonymous Symbol]                       0x08000334   Section        0  gd32e23x_gpio.o(.text.gpio_bit_reset)
    [Anonymous Symbol]                       0x08000344   Section        0  gd32e23x_gpio.o(.text.gpio_bit_set)
    [Anonymous Symbol]                       0x08000354   Section        0  gd32e23x_gpio.o(.text.gpio_mode_set)
    [Anonymous Symbol]                       0x080003e2   Section        0  gd32e23x_gpio.o(.text.gpio_output_options_set)
    [Anonymous Symbol]                       0x0800046c   Section        0  main.o(.text.main)
    __arm_cp.0_0                             0x08000588   Number         4  main.o(.text.main)
    [Anonymous Symbol]                       0x0800058c   Section        0  gd32e23x_misc.o(.text.nvic_vector_table_set)
    __arm_cp.7_0                             0x080005a8   Number         4  gd32e23x_misc.o(.text.nvic_vector_table_set)
    __arm_cp.7_1                             0x080005ac   Number         4  gd32e23x_misc.o(.text.nvic_vector_table_set)
    [Anonymous Symbol]                       0x080005b0   Section        0  gd32e23x_rcu.o(.text.rcu_periph_clock_enable)
    __arm_cp.1_0                             0x080005d4   Number         4  gd32e23x_rcu.o(.text.rcu_periph_clock_enable)
    system_clock_72m_irc8m                   0x080005d9   Thumb Code   204  system_gd32e23x.o(.text.system_clock_72m_irc8m)
    [Anonymous Symbol]                       0x080005d8   Section        0  system_gd32e23x.o(.text.system_clock_72m_irc8m)
    __arm_cp.3_0                             0x080006a4   Number         4  system_gd32e23x.o(.text.system_clock_72m_irc8m)
    __arm_cp.3_1                             0x080006a8   Number         4  system_gd32e23x.o(.text.system_clock_72m_irc8m)
    __arm_cp.3_2                             0x080006ac   Number         4  system_gd32e23x.o(.text.system_clock_72m_irc8m)
    __arm_cp.3_3                             0x080006b0   Number         4  system_gd32e23x.o(.text.system_clock_72m_irc8m)
    __arm_cp.3_4                             0x080006b4   Number         4  system_gd32e23x.o(.text.system_clock_72m_irc8m)
    system_clock_config                      0x080006b9   Thumb Code     8  system_gd32e23x.o(.text.system_clock_config)
    [Anonymous Symbol]                       0x080006b8   Section        0  system_gd32e23x.o(.text.system_clock_config)
    [Anonymous Symbol]                       0x080006c0   Section        0  systick.o(.text.systick_config)
    __arm_cp.0_0                             0x080006e4   Number         4  systick.o(.text.systick_config)
    i.__scatterload_copy                     0x080006e8   Section       14  handlers.o(i.__scatterload_copy)
    i.__scatterload_null                     0x080006f6   Section        2  handlers.o(i.__scatterload_null)
    i.__scatterload_zeroinit                 0x080006f8   Section       14  handlers.o(i.__scatterload_zeroinit)
    delay                                    0x20000008   Data           4  systick.o(.bss.delay)
    [Anonymous Symbol]                       0x20000008   Section        0  systick.o(.bss.delay)
    STACK                                    0x20000010   Section     1024  startup_gd32e23x.o(STACK)

    Global Symbols

    Symbol Name                              Value     Ov Type        Size  Object(Section)

    BuildAttributes$$THM_ISAv3M$S$8M$PE$A:L22$X:L11$S22$IEEE1$IW$~IW$USESV6$~STKCKD$USESV7$~SHL$OSPACE$EBA8$MICROLIB$REQ8$PRES8$EABIv2 0x00000000   Number         0  anon$$obj.o ABSOLUTE
    __cpp_initialize__aeabi_                  - Undefined Weak Reference
    __cxa_finalize                            - Undefined Weak Reference
    __decompress                              - Undefined Weak Reference
    _clock_init                               - Undefined Weak Reference
    _microlib_exit                            - Undefined Weak Reference
    __Vectors_Size                           0x000000cc   Number         0  startup_gd32e23x.o ABSOLUTE
    __Vectors                                0x08000000   Data           4  startup_gd32e23x.o(RESET)
    __Vectors_End                            0x080000cc   Data           0  startup_gd32e23x.o(RESET)
    __main                                   0x080000cd   Thumb Code     0  entry.o(.ARM.Collect$$$$00000000)
    _main_stk                                0x080000cd   Thumb Code     0  entry2.o(.ARM.Collect$$$$00000001)
    _main_scatterload                        0x080000d1   Thumb Code     0  entry5.o(.ARM.Collect$$$$00000004)
    __main_after_scatterload                 0x080000d5   Thumb Code     0  entry5.o(.ARM.Collect$$$$00000004)
    _main_clock                              0x080000d5   Thumb Code     0  entry7b.o(.ARM.Collect$$$$00000008)
    _main_cpp_init                           0x080000d5   Thumb Code     0  entry8b.o(.ARM.Collect$$$$0000000A)
    _main_init                               0x080000d5   Thumb Code     0  entry9a.o(.ARM.Collect$$$$0000000B)
    __rt_final_cpp                           0x080000dd   Thumb Code     0  entry10a.o(.ARM.Collect$$$$0000000D)
    __rt_final_exit                          0x080000dd   Thumb Code     0  entry11a.o(.ARM.Collect$$$$0000000F)
    Reset_Handler                            0x080000e1   Thumb Code     8  startup_gd32e23x.o(.text)
    ADC_CMP_IRQHandler                       0x080000f3   Thumb Code     0  startup_gd32e23x.o(.text)
    DMA_Channel0_IRQHandler                  0x080000f3   Thumb Code     0  startup_gd32e23x.o(.text)
    DMA_Channel1_2_IRQHandler                0x080000f3   Thumb Code     0  startup_gd32e23x.o(.text)
    DMA_Channel3_4_IRQHandler                0x080000f3   Thumb Code     0  startup_gd32e23x.o(.text)
    EXTI0_1_IRQHandler                       0x080000f3   Thumb Code     0  startup_gd32e23x.o(.text)
    EXTI2_3_IRQHandler                       0x080000f3   Thumb Code     0  startup_gd32e23x.o(.text)
    EXTI4_15_IRQHandler                      0x080000f3   Thumb Code     0  startup_gd32e23x.o(.text)
    FMC_IRQHandler                           0x080000f3   Thumb Code     0  startup_gd32e23x.o(.text)
    I2C0_ER_IRQHandler                       0x080000f3   Thumb Code     0  startup_gd32e23x.o(.text)
    I2C0_EV_IRQHandler                       0x080000f3   Thumb Code     0  startup_gd32e23x.o(.text)
    I2C1_ER_IRQHandler                       0x080000f3   Thumb Code     0  startup_gd32e23x.o(.text)
    I2C1_EV_IRQHandler                       0x080000f3   Thumb Code     0  startup_gd32e23x.o(.text)
    LVD_IRQHandler                           0x080000f3   Thumb Code     0  startup_gd32e23x.o(.text)
    RCU_IRQHandler                           0x080000f3   Thumb Code     0  startup_gd32e23x.o(.text)
    RTC_IRQHandler                           0x080000f3   Thumb Code     0  startup_gd32e23x.o(.text)
    SPI0_IRQHandler                          0x080000f3   Thumb Code     0  startup_gd32e23x.o(.text)
    SPI1_IRQHandler                          0x080000f3   Thumb Code     0  startup_gd32e23x.o(.text)
    TIMER0_BRK_UP_TRG_COM_IRQHandler         0x080000f3   Thumb Code     0  startup_gd32e23x.o(.text)
    TIMER0_Channel_IRQHandler                0x080000f3   Thumb Code     0  startup_gd32e23x.o(.text)
    TIMER13_IRQHandler                       0x080000f3   Thumb Code     0  startup_gd32e23x.o(.text)
    TIMER14_IRQHandler                       0x080000f3   Thumb Code     0  startup_gd32e23x.o(.text)
    TIMER15_IRQHandler                       0x080000f3   Thumb Code     0  startup_gd32e23x.o(.text)
    TIMER16_IRQHandler                       0x080000f3   Thumb Code     0  startup_gd32e23x.o(.text)
    TIMER2_IRQHandler                        0x080000f3   Thumb Code     0  startup_gd32e23x.o(.text)
    TIMER5_IRQHandler                        0x080000f3   Thumb Code     0  startup_gd32e23x.o(.text)
    USART0_IRQHandler                        0x080000f3   Thumb Code     0  startup_gd32e23x.o(.text)
    USART1_IRQHandler                        0x080000f3   Thumb Code     0  startup_gd32e23x.o(.text)
    WWDGT_IRQHandler                         0x080000f3   Thumb Code     0  startup_gd32e23x.o(.text)
    __scatterload                            0x080000fd   Thumb Code    28  init.o(.text)
    __scatterload_rt2                        0x080000fd   Thumb Code     0  init.o(.text)
    HardFault_Handler                        0x08000121   Thumb Code     4  gd32e23x_it.o(.text.HardFault_Handler)
    NMI_Handler                              0x08000125   Thumb Code     2  gd32e23x_it.o(.text.NMI_Handler)
    PendSV_Handler                           0x08000127   Thumb Code     2  gd32e23x_it.o(.text.PendSV_Handler)
    SVC_Handler                              0x08000129   Thumb Code     2  gd32e23x_it.o(.text.SVC_Handler)
    SysTick_Handler                          0x08000179   Thumb Code     8  gd32e23x_it.o(.text.SysTick_Handler)
    SystemInit                               0x08000181   Thumb Code   216  system_gd32e23x.o(.text.SystemInit)
    delay_1ms                                0x08000301   Thumb Code    28  systick.o(.text.delay_1ms)
    delay_decrement                          0x0800031d   Thumb Code    20  systick.o(.text.delay_decrement)
    gpio_bit_reset                           0x08000335   Thumb Code    16  gd32e23x_gpio.o(.text.gpio_bit_reset)
    gpio_bit_set                             0x08000345   Thumb Code    16  gd32e23x_gpio.o(.text.gpio_bit_set)
    gpio_mode_set                            0x08000355   Thumb Code   142  gd32e23x_gpio.o(.text.gpio_mode_set)
    gpio_output_options_set                  0x080003e3   Thumb Code   138  gd32e23x_gpio.o(.text.gpio_output_options_set)
    main                                     0x0800046d   Thumb Code   284  main.o(.text.main)
    nvic_vector_table_set                    0x0800058d   Thumb Code    28  gd32e23x_misc.o(.text.nvic_vector_table_set)
    rcu_periph_clock_enable                  0x080005b1   Thumb Code    36  gd32e23x_rcu.o(.text.rcu_periph_clock_enable)
    systick_config                           0x080006c1   Thumb Code    36  systick.o(.text.systick_config)
    __scatterload_copy                       0x080006e9   Thumb Code    14  handlers.o(i.__scatterload_copy)
    __scatterload_null                       0x080006f7   Thumb Code     2  handlers.o(i.__scatterload_null)
    __scatterload_zeroinit                   0x080006f9   Thumb Code    14  handlers.o(i.__scatterload_zeroinit)
    Region$$Table$$Base                      0x08000708   Number         0  anon$$obj.o(Region$$Table)
    Region$$Table$$Limit                     0x08000728   Number         0  anon$$obj.o(Region$$Table)
    SystemCoreClock                          0x20000000   Data           4  system_gd32e23x.o(.data.SystemCoreClock)
    __initial_sp                             0x20000410   Data           0  startup_gd32e23x.o(STACK)



==============================================================================

Memory Map of the image

  Image Entry point : 0x080000cd

  Load Region LR_IROM1 (Base: 0x08000000, Size: 0x00000730, Max: 0x00010000, ABSOLUTE)

    Execution Region ER_IROM1 (Exec base: 0x08000000, Load base: 0x08000000, Size: 0x00000728, Max: 0x00010000, ABSOLUTE)

    Exec Addr    Load Addr    Size         Type   Attr      Idx    E Section Name        Object

    0x08000000   0x08000000   0x000000cc   Data   RO         1214    RESET               startup_gd32e23x.o
    0x080000cc   0x080000cc   0x00000000   Code   RO         1221  * .ARM.Collect$$$$00000000  mc_p.l(entry.o)
    0x080000cc   0x080000cc   0x00000004   Code   RO         1224    .ARM.Collect$$$$00000001  mc_p.l(entry2.o)
    0x080000d0   0x080000d0   0x00000004   Code   RO         1227    .ARM.Collect$$$$00000004  mc_p.l(entry5.o)
    0x080000d4   0x080000d4   0x00000000   Code   RO         1229    .ARM.Collect$$$$00000008  mc_p.l(entry7b.o)
    0x080000d4   0x080000d4   0x00000000   Code   RO         1231    .ARM.Collect$$$$0000000A  mc_p.l(entry8b.o)
    0x080000d4   0x080000d4   0x00000008   Code   RO         1232    .ARM.Collect$$$$0000000B  mc_p.l(entry9a.o)
    0x080000dc   0x080000dc   0x00000000   Code   RO         1234    .ARM.Collect$$$$0000000D  mc_p.l(entry10a.o)
    0x080000dc   0x080000dc   0x00000000   Code   RO         1236    .ARM.Collect$$$$0000000F  mc_p.l(entry11a.o)
    0x080000dc   0x080000dc   0x00000004   Code   RO         1225    .ARM.Collect$$$$00002712  mc_p.l(entry2.o)
    0x080000e0   0x080000e0   0x0000001c   Code   RO         1215    .text               startup_gd32e23x.o
    0x080000fc   0x080000fc   0x00000024   Code   RO         1238    .text               mc_p.l(init.o)
    0x08000120   0x08000120   0x00000004   Code   RO           31    .text.HardFault_Handler  gd32e23x_it.o
    0x08000124   0x08000124   0x00000002   Code   RO           29    .text.NMI_Handler   gd32e23x_it.o
    0x08000126   0x08000126   0x00000002   Code   RO           43    .text.PendSV_Handler  gd32e23x_it.o
    0x08000128   0x08000128   0x00000002   Code   RO           39    .text.SVC_Handler   gd32e23x_it.o
    0x0800012a   0x0800012a   0x00000002   PAD
    0x0800012c   0x0800012c   0x0000004c   Code   RO           13    .text.SysTick_Config  systick.o
    0x08000178   0x08000178   0x00000008   Code   RO           45    .text.SysTick_Handler  gd32e23x_it.o
    0x08000180   0x08000180   0x000000fc   Code   RO           54    .text.SystemInit    system_gd32e23x.o
    0x0800027c   0x0800027c   0x00000084   Code   RO           15    .text.__NVIC_SetPriority  systick.o
    0x08000300   0x08000300   0x0000001c   Code   RO           17    .text.delay_1ms     systick.o
    0x0800031c   0x0800031c   0x00000018   Code   RO           19    .text.delay_decrement  systick.o
    0x08000334   0x08000334   0x00000010   Code   RO          415    .text.gpio_bit_reset  gd32e23x_gpio.o
    0x08000344   0x08000344   0x00000010   Code   RO          413    .text.gpio_bit_set  gd32e23x_gpio.o
    0x08000354   0x08000354   0x0000008e   Code   RO          409    .text.gpio_mode_set  gd32e23x_gpio.o
    0x080003e2   0x080003e2   0x0000008a   Code   RO          411    .text.gpio_output_options_set  gd32e23x_gpio.o
    0x0800046c   0x0800046c   0x00000120   Code   RO            2    .text.main          main.o
    0x0800058c   0x0800058c   0x00000024   Code   RO          535    .text.nvic_vector_table_set  gd32e23x_misc.o
    0x080005b0   0x080005b0   0x00000028   Code   RO          585    .text.rcu_periph_clock_enable  gd32e23x_rcu.o
    0x080005d8   0x080005d8   0x000000e0   Code   RO           60    .text.system_clock_72m_irc8m  system_gd32e23x.o
    0x080006b8   0x080006b8   0x00000008   Code   RO           56    .text.system_clock_config  system_gd32e23x.o
    0x080006c0   0x080006c0   0x00000028   Code   RO           11    .text.systick_config  systick.o
    0x080006e8   0x080006e8   0x0000000e   Code   RO         1242    i.__scatterload_copy  mc_p.l(handlers.o)
    0x080006f6   0x080006f6   0x00000002   Code   RO         1243    i.__scatterload_null  mc_p.l(handlers.o)
    0x080006f8   0x080006f8   0x0000000e   Code   RO         1244    i.__scatterload_zeroinit  mc_p.l(handlers.o)
    0x08000706   0x08000706   0x00000002   PAD
    0x08000708   0x08000708   0x00000020   Data   RO         1241    Region$$Table       anon$$obj.o


    Execution Region RW_IRAM1 (Exec base: 0x20000000, Load base: 0x08000728, Size: 0x00000410, Max: 0x00002000, ABSOLUTE)

    Exec Addr    Load Addr    Size         Type   Attr      Idx    E Section Name        Object

    0x20000000   0x08000728   0x00000004   Data   RW           62    .data.SystemCoreClock  system_gd32e23x.o
    0x20000004   0x0800072c   0x00000004   PAD
    0x20000008        -       0x00000004   Zero   RW           21    .bss.delay          systick.o
    0x2000000c   0x0800072c   0x00000004   PAD
    0x20000010        -       0x00000400   Zero   RW         1212    STACK               startup_gd32e23x.o


==============================================================================

Image component sizes


      Code (inc. data)   RO Data    RW Data    ZI Data      Debug   Object Name

       312          0          0          0          0       4413   gd32e23x_gpio.o
        18          0          0          0          0       1096   gd32e23x_it.o
        36          8          0          0          0       4072   gd32e23x_misc.o
        40          4          0          0          0      11438   gd32e23x_rcu.o
       288          4          0          0          0       1233   main.o
        28          8        204          0       1024        844   startup_gd32e23x.o
       484         56          0          4          0       2049   system_gd32e23x.o
       300         28          0          0          4       3106   systick.o

    ----------------------------------------------------------------------
      1508        108        236          4       1036      28251   Object Totals
         0          0         32          0          0          0   (incl. Generated)
         2          0          0          0          8          0   (incl. Padding)

    ----------------------------------------------------------------------

      Code (inc. data)   RO Data    RW Data    ZI Data      Debug   Library Member Name

         0          0          0          0          0          0   entry.o
         0          0          0          0          0          0   entry10a.o
         0          0          0          0          0          0   entry11a.o
         8          4          0          0          0          0   entry2.o
         4          0          0          0          0          0   entry5.o
         0          0          0          0          0          0   entry7b.o
         0          0          0          0          0          0   entry8b.o
         8          4          0          0          0          0   entry9a.o
        30          0          0          0          0          0   handlers.o
        36          8          0          0          0         68   init.o

    ----------------------------------------------------------------------
        88         16          0          0          0         68   Library Totals
         2          0          0          0          0          0   (incl. Padding)

    ----------------------------------------------------------------------

      Code (inc. data)   RO Data    RW Data    ZI Data      Debug   Library Name

        86         16          0          0          0         68   mc_p.l

    ----------------------------------------------------------------------
        88         16          0          0          0         68   Library Totals

    ----------------------------------------------------------------------

==============================================================================


      Code (inc. data)   RO Data    RW Data    ZI Data      Debug   

      1596        124        236          4       1036      28351   Grand Totals
      1596        124        236          4       1036      28351   ELF Image Totals
      1596        124        236          4          0          0   ROM Totals

==============================================================================

    Total RO  Size (Code + RO Data)                 1832 (   1.79kB)
    Total RW  Size (RW Data + ZI Data)              1040 (   1.02kB)
    Total ROM Size (Code + RO Data + RW Data)       1836 (   1.79kB)

==============================================================================

