Component: Arm Compiler for Embedded 6.19 Tool: armlink [5e73cb00]

==============================================================================

Section Cross References

    system_apm32f0xx.o(.ARM.exidx.text.SystemInit) refers to system_apm32f0xx.o(.text.SystemInit) for [Anonymous Symbol]
    system_apm32f0xx.o(.text.SystemCoreClockUpdate) refers to system_apm32f0xx.o(.data.SystemCoreClock) for SystemCoreClock
    system_apm32f0xx.o(.ARM.exidx.text.SystemCoreClockUpdate) refers to system_apm32f0xx.o(.text.SystemCoreClockUpdate) for [Anonymous Symbol]
    startup_apm32f030.o(RESET) refers to startup_apm32f030.o(STACK) for __initial_sp
    startup_apm32f030.o(RESET) refers to startup_apm32f030.o(.text) for Reset_Handler
    startup_apm32f030.o(RESET) refers to apm32f0xx_int.o(.text.NMI_Handler) for NMI_Handler
    startup_apm32f030.o(RESET) refers to apm32f0xx_int.o(.text.HardFault_Handler) for HardFault_Handler
    startup_apm32f030.o(RESET) refers to apm32f0xx_int.o(.text.SVC_Handler) for SVC_Handler
    startup_apm32f030.o(RESET) refers to apm32f0xx_int.o(.text.PendSV_Handler) for PendSV_Handler
    startup_apm32f030.o(RESET) refers to apm32f0xx_int.o(.text.SysTick_Handler) for SysTick_Handler
    startup_apm32f030.o(.text) refers to system_apm32f0xx.o(.text.SystemInit) for SystemInit
    startup_apm32f030.o(.text) refers to entry.o(.ARM.Collect$$$$00000000) for __main
    apm32f0xx_eint.o(.ARM.exidx.text.EINT_Reset) refers to apm32f0xx_eint.o(.text.EINT_Reset) for [Anonymous Symbol]
    apm32f0xx_eint.o(.ARM.exidx.text.EINT_Config) refers to apm32f0xx_eint.o(.text.EINT_Config) for [Anonymous Symbol]
    apm32f0xx_eint.o(.ARM.exidx.text.EINT_ConfigStructInit) refers to apm32f0xx_eint.o(.text.EINT_ConfigStructInit) for [Anonymous Symbol]
    apm32f0xx_eint.o(.ARM.exidx.text.EINT_SelectSWInterrupt) refers to apm32f0xx_eint.o(.text.EINT_SelectSWInterrupt) for [Anonymous Symbol]
    apm32f0xx_eint.o(.ARM.exidx.text.EINT_ReadStatusFlag) refers to apm32f0xx_eint.o(.text.EINT_ReadStatusFlag) for [Anonymous Symbol]
    apm32f0xx_eint.o(.ARM.exidx.text.EINT_ClearStatusFlag) refers to apm32f0xx_eint.o(.text.EINT_ClearStatusFlag) for [Anonymous Symbol]
    apm32f0xx_eint.o(.ARM.exidx.text.EINT_ReadIntFlag) refers to apm32f0xx_eint.o(.text.EINT_ReadIntFlag) for [Anonymous Symbol]
    apm32f0xx_eint.o(.ARM.exidx.text.EINT_ClearIntFlag) refers to apm32f0xx_eint.o(.text.EINT_ClearIntFlag) for [Anonymous Symbol]
    apm32f0xx_gpio.o(.text.GPIO_Reset) refers to apm32f0xx_rcm.o(.text.RCM_EnableAHBPeriphReset) for RCM_EnableAHBPeriphReset
    apm32f0xx_gpio.o(.text.GPIO_Reset) refers to apm32f0xx_rcm.o(.text.RCM_DisableAHBPeriphReset) for RCM_DisableAHBPeriphReset
    apm32f0xx_gpio.o(.text.GPIO_Reset) refers to apm32f0xx_gpio.o(.rodata..Lswitch.table.GPIO_Reset.1) for [Anonymous Symbol]
    apm32f0xx_gpio.o(.ARM.exidx.text.GPIO_Reset) refers to apm32f0xx_gpio.o(.text.GPIO_Reset) for [Anonymous Symbol]
    apm32f0xx_gpio.o(.ARM.exidx.text.GPIO_Config) refers to apm32f0xx_gpio.o(.text.GPIO_Config) for [Anonymous Symbol]
    apm32f0xx_gpio.o(.ARM.exidx.text.GPIO_ConfigStructInit) refers to apm32f0xx_gpio.o(.text.GPIO_ConfigStructInit) for [Anonymous Symbol]
    apm32f0xx_gpio.o(.ARM.exidx.text.GPIO_ConfigPinLock) refers to apm32f0xx_gpio.o(.text.GPIO_ConfigPinLock) for [Anonymous Symbol]
    apm32f0xx_gpio.o(.ARM.exidx.text.GPIO_ReadInputBit) refers to apm32f0xx_gpio.o(.text.GPIO_ReadInputBit) for [Anonymous Symbol]
    apm32f0xx_gpio.o(.ARM.exidx.text.GPIO_ReadInputPort) refers to apm32f0xx_gpio.o(.text.GPIO_ReadInputPort) for [Anonymous Symbol]
    apm32f0xx_gpio.o(.ARM.exidx.text.GPIO_ReadOutputBit) refers to apm32f0xx_gpio.o(.text.GPIO_ReadOutputBit) for [Anonymous Symbol]
    apm32f0xx_gpio.o(.ARM.exidx.text.GPIO_ReadOutputPort) refers to apm32f0xx_gpio.o(.text.GPIO_ReadOutputPort) for [Anonymous Symbol]
    apm32f0xx_gpio.o(.ARM.exidx.text.GPIO_SetBit) refers to apm32f0xx_gpio.o(.text.GPIO_SetBit) for [Anonymous Symbol]
    apm32f0xx_gpio.o(.ARM.exidx.text.GPIO_ClearBit) refers to apm32f0xx_gpio.o(.text.GPIO_ClearBit) for [Anonymous Symbol]
    apm32f0xx_gpio.o(.ARM.exidx.text.GPIO_WriteBitValue) refers to apm32f0xx_gpio.o(.text.GPIO_WriteBitValue) for [Anonymous Symbol]
    apm32f0xx_gpio.o(.ARM.exidx.text.GPIO_WriteOutputPort) refers to apm32f0xx_gpio.o(.text.GPIO_WriteOutputPort) for [Anonymous Symbol]
    apm32f0xx_gpio.o(.ARM.exidx.text.GPIO_ConfigPinAF) refers to apm32f0xx_gpio.o(.text.GPIO_ConfigPinAF) for [Anonymous Symbol]
    apm32f0xx_rcm.o(.ARM.exidx.text.RCM_Reset) refers to apm32f0xx_rcm.o(.text.RCM_Reset) for [Anonymous Symbol]
    apm32f0xx_rcm.o(.ARM.exidx.text.RCM_ConfigHSE) refers to apm32f0xx_rcm.o(.text.RCM_ConfigHSE) for [Anonymous Symbol]
    apm32f0xx_rcm.o(.ARM.exidx.text.RCM_WaitHSEReady) refers to apm32f0xx_rcm.o(.text.RCM_WaitHSEReady) for [Anonymous Symbol]
    apm32f0xx_rcm.o(.ARM.exidx.text.RCM_SetHSITrim) refers to apm32f0xx_rcm.o(.text.RCM_SetHSITrim) for [Anonymous Symbol]
    apm32f0xx_rcm.o(.ARM.exidx.text.RCM_EnableHSI) refers to apm32f0xx_rcm.o(.text.RCM_EnableHSI) for [Anonymous Symbol]
    apm32f0xx_rcm.o(.ARM.exidx.text.RCM_DisableHSI) refers to apm32f0xx_rcm.o(.text.RCM_DisableHSI) for [Anonymous Symbol]
    apm32f0xx_rcm.o(.ARM.exidx.text.RCM_SetHSI14Trim) refers to apm32f0xx_rcm.o(.text.RCM_SetHSI14Trim) for [Anonymous Symbol]
    apm32f0xx_rcm.o(.ARM.exidx.text.RCM_EnableHSI14) refers to apm32f0xx_rcm.o(.text.RCM_EnableHSI14) for [Anonymous Symbol]
    apm32f0xx_rcm.o(.ARM.exidx.text.RCM_DisableHSI14) refers to apm32f0xx_rcm.o(.text.RCM_DisableHSI14) for [Anonymous Symbol]
    apm32f0xx_rcm.o(.ARM.exidx.text.RCM_EnableHSI14ADC) refers to apm32f0xx_rcm.o(.text.RCM_EnableHSI14ADC) for [Anonymous Symbol]
    apm32f0xx_rcm.o(.ARM.exidx.text.RCM_DisableHSI14ADC) refers to apm32f0xx_rcm.o(.text.RCM_DisableHSI14ADC) for [Anonymous Symbol]
    apm32f0xx_rcm.o(.ARM.exidx.text.RCM_ConfigLSE) refers to apm32f0xx_rcm.o(.text.RCM_ConfigLSE) for [Anonymous Symbol]
    apm32f0xx_rcm.o(.ARM.exidx.text.RCM_ConfigDriveLSE) refers to apm32f0xx_rcm.o(.text.RCM_ConfigDriveLSE) for [Anonymous Symbol]
    apm32f0xx_rcm.o(.ARM.exidx.text.RCM_EnableLSI) refers to apm32f0xx_rcm.o(.text.RCM_EnableLSI) for [Anonymous Symbol]
    apm32f0xx_rcm.o(.ARM.exidx.text.RCM_DisableLSI) refers to apm32f0xx_rcm.o(.text.RCM_DisableLSI) for [Anonymous Symbol]
    apm32f0xx_rcm.o(.ARM.exidx.text.RCM_ConfigPLL) refers to apm32f0xx_rcm.o(.text.RCM_ConfigPLL) for [Anonymous Symbol]
    apm32f0xx_rcm.o(.ARM.exidx.text.RCM_EnablePLL) refers to apm32f0xx_rcm.o(.text.RCM_EnablePLL) for [Anonymous Symbol]
    apm32f0xx_rcm.o(.ARM.exidx.text.RCM_DisablePLL) refers to apm32f0xx_rcm.o(.text.RCM_DisablePLL) for [Anonymous Symbol]
    apm32f0xx_rcm.o(.ARM.exidx.text.RCM_EnableHSI48) refers to apm32f0xx_rcm.o(.text.RCM_EnableHSI48) for [Anonymous Symbol]
    apm32f0xx_rcm.o(.ARM.exidx.text.RCM_DisableHSI48) refers to apm32f0xx_rcm.o(.text.RCM_DisableHSI48) for [Anonymous Symbol]
    apm32f0xx_rcm.o(.ARM.exidx.text.RCM_ReadHSI48CalibrationValue) refers to apm32f0xx_rcm.o(.text.RCM_ReadHSI48CalibrationValue) for [Anonymous Symbol]
    apm32f0xx_rcm.o(.ARM.exidx.text.RCM_ConfigCLKDIV) refers to apm32f0xx_rcm.o(.text.RCM_ConfigCLKDIV) for [Anonymous Symbol]
    apm32f0xx_rcm.o(.ARM.exidx.text.RCM_EnableCCS) refers to apm32f0xx_rcm.o(.text.RCM_EnableCCS) for [Anonymous Symbol]
    apm32f0xx_rcm.o(.ARM.exidx.text.RCM_DisableCCS) refers to apm32f0xx_rcm.o(.text.RCM_DisableCCS) for [Anonymous Symbol]
    apm32f0xx_rcm.o(.ARM.exidx.text.RCM_ConfigCOC) refers to apm32f0xx_rcm.o(.text.RCM_ConfigCOC) for [Anonymous Symbol]
    apm32f0xx_rcm.o(.ARM.exidx.text.RCM_ConfigSYSCLK) refers to apm32f0xx_rcm.o(.text.RCM_ConfigSYSCLK) for [Anonymous Symbol]
    apm32f0xx_rcm.o(.ARM.exidx.text.RCM_ReadSYSCLKSource) refers to apm32f0xx_rcm.o(.text.RCM_ReadSYSCLKSource) for [Anonymous Symbol]
    apm32f0xx_rcm.o(.ARM.exidx.text.RCM_ConfigAHB) refers to apm32f0xx_rcm.o(.text.RCM_ConfigAHB) for [Anonymous Symbol]
    apm32f0xx_rcm.o(.ARM.exidx.text.RCM_ConfigAPB) refers to apm32f0xx_rcm.o(.text.RCM_ConfigAPB) for [Anonymous Symbol]
    apm32f0xx_rcm.o(.ARM.exidx.text.RCM_ConfigCECCLK) refers to apm32f0xx_rcm.o(.text.RCM_ConfigCECCLK) for [Anonymous Symbol]
    apm32f0xx_rcm.o(.ARM.exidx.text.RCM_ConfigI2CCLK) refers to apm32f0xx_rcm.o(.text.RCM_ConfigI2CCLK) for [Anonymous Symbol]
    apm32f0xx_rcm.o(.ARM.exidx.text.RCM_ConfigUSARTCLK) refers to apm32f0xx_rcm.o(.text.RCM_ConfigUSARTCLK) for [Anonymous Symbol]
    apm32f0xx_rcm.o(.ARM.exidx.text.RCM_ConfigUSBCLK) refers to apm32f0xx_rcm.o(.text.RCM_ConfigUSBCLK) for [Anonymous Symbol]
    apm32f0xx_rcm.o(.text.RCM_ReadSYSCLKFreq) refers to uidiv_div0.o(.text) for __aeabi_uidiv
    apm32f0xx_rcm.o(.ARM.exidx.text.RCM_ReadSYSCLKFreq) refers to apm32f0xx_rcm.o(.text.RCM_ReadSYSCLKFreq) for [Anonymous Symbol]
    apm32f0xx_rcm.o(.text.RCM_ReadHCLKFreq) refers to uidiv_div0.o(.text) for __aeabi_uidiv
    apm32f0xx_rcm.o(.ARM.exidx.text.RCM_ReadHCLKFreq) refers to apm32f0xx_rcm.o(.text.RCM_ReadHCLKFreq) for [Anonymous Symbol]
    apm32f0xx_rcm.o(.text.RCM_ReadPCLKFreq) refers to uidiv_div0.o(.text) for __aeabi_uidiv
    apm32f0xx_rcm.o(.text.RCM_ReadPCLKFreq) refers to apm32f0xx_rcm.o(.rodata.cst8) for [Anonymous Symbol]
    apm32f0xx_rcm.o(.ARM.exidx.text.RCM_ReadPCLKFreq) refers to apm32f0xx_rcm.o(.text.RCM_ReadPCLKFreq) for [Anonymous Symbol]
    apm32f0xx_rcm.o(.text.RCM_ReadADCCLKFreq) refers to uidiv_div0.o(.text) for __aeabi_uidiv
    apm32f0xx_rcm.o(.text.RCM_ReadADCCLKFreq) refers to apm32f0xx_rcm.o(.rodata.cst8) for [Anonymous Symbol]
    apm32f0xx_rcm.o(.ARM.exidx.text.RCM_ReadADCCLKFreq) refers to apm32f0xx_rcm.o(.text.RCM_ReadADCCLKFreq) for [Anonymous Symbol]
    apm32f0xx_rcm.o(.ARM.exidx.text.RCM_ReadCECCLKFreq) refers to apm32f0xx_rcm.o(.text.RCM_ReadCECCLKFreq) for [Anonymous Symbol]
    apm32f0xx_rcm.o(.text.RCM_ReadI2C1CLKFreq) refers to uidiv_div0.o(.text) for __aeabi_uidiv
    apm32f0xx_rcm.o(.ARM.exidx.text.RCM_ReadI2C1CLKFreq) refers to apm32f0xx_rcm.o(.text.RCM_ReadI2C1CLKFreq) for [Anonymous Symbol]
    apm32f0xx_rcm.o(.text.RCM_ReadUSART1CLKFreq) refers to uidiv_div0.o(.text) for __aeabi_uidiv
    apm32f0xx_rcm.o(.text.RCM_ReadUSART1CLKFreq) refers to apm32f0xx_rcm.o(.rodata.cst8) for [Anonymous Symbol]
    apm32f0xx_rcm.o(.ARM.exidx.text.RCM_ReadUSART1CLKFreq) refers to apm32f0xx_rcm.o(.text.RCM_ReadUSART1CLKFreq) for [Anonymous Symbol]
    apm32f0xx_rcm.o(.text.RCM_ReadUSBCLKFreq) refers to uidiv_div0.o(.text) for __aeabi_uidiv
    apm32f0xx_rcm.o(.ARM.exidx.text.RCM_ReadUSBCLKFreq) refers to apm32f0xx_rcm.o(.text.RCM_ReadUSBCLKFreq) for [Anonymous Symbol]
    apm32f0xx_rcm.o(.text.RCM_ReadUSART2CLKFreq) refers to uidiv_div0.o(.text) for __aeabi_uidiv
    apm32f0xx_rcm.o(.text.RCM_ReadUSART2CLKFreq) refers to apm32f0xx_rcm.o(.rodata.cst8) for [Anonymous Symbol]
    apm32f0xx_rcm.o(.ARM.exidx.text.RCM_ReadUSART2CLKFreq) refers to apm32f0xx_rcm.o(.text.RCM_ReadUSART2CLKFreq) for [Anonymous Symbol]
    apm32f0xx_rcm.o(.ARM.exidx.text.RCM_ConfigRTCCLK) refers to apm32f0xx_rcm.o(.text.RCM_ConfigRTCCLK) for [Anonymous Symbol]
    apm32f0xx_rcm.o(.ARM.exidx.text.RCM_EnableRTCCLK) refers to apm32f0xx_rcm.o(.text.RCM_EnableRTCCLK) for [Anonymous Symbol]
    apm32f0xx_rcm.o(.ARM.exidx.text.RCM_DisableRTCCLK) refers to apm32f0xx_rcm.o(.text.RCM_DisableRTCCLK) for [Anonymous Symbol]
    apm32f0xx_rcm.o(.ARM.exidx.text.RCM_EnableBackupReset) refers to apm32f0xx_rcm.o(.text.RCM_EnableBackupReset) for [Anonymous Symbol]
    apm32f0xx_rcm.o(.ARM.exidx.text.RCM_DisableBackupReset) refers to apm32f0xx_rcm.o(.text.RCM_DisableBackupReset) for [Anonymous Symbol]
    apm32f0xx_rcm.o(.ARM.exidx.text.RCM_EnableAHBPeriphClock) refers to apm32f0xx_rcm.o(.text.RCM_EnableAHBPeriphClock) for [Anonymous Symbol]
    apm32f0xx_rcm.o(.ARM.exidx.text.RCM_DisableAHBPeriphClock) refers to apm32f0xx_rcm.o(.text.RCM_DisableAHBPeriphClock) for [Anonymous Symbol]
    apm32f0xx_rcm.o(.ARM.exidx.text.RCM_EnableAPB2PeriphClock) refers to apm32f0xx_rcm.o(.text.RCM_EnableAPB2PeriphClock) for [Anonymous Symbol]
    apm32f0xx_rcm.o(.ARM.exidx.text.RCM_DisableAPB2PeriphClock) refers to apm32f0xx_rcm.o(.text.RCM_DisableAPB2PeriphClock) for [Anonymous Symbol]
    apm32f0xx_rcm.o(.ARM.exidx.text.RCM_EnableAPB1PeriphClock) refers to apm32f0xx_rcm.o(.text.RCM_EnableAPB1PeriphClock) for [Anonymous Symbol]
    apm32f0xx_rcm.o(.ARM.exidx.text.RCM_DisableAPB1PeriphClock) refers to apm32f0xx_rcm.o(.text.RCM_DisableAPB1PeriphClock) for [Anonymous Symbol]
    apm32f0xx_rcm.o(.ARM.exidx.text.RCM_EnableAHBPeriphReset) refers to apm32f0xx_rcm.o(.text.RCM_EnableAHBPeriphReset) for [Anonymous Symbol]
    apm32f0xx_rcm.o(.ARM.exidx.text.RCM_DisableAHBPeriphReset) refers to apm32f0xx_rcm.o(.text.RCM_DisableAHBPeriphReset) for [Anonymous Symbol]
    apm32f0xx_rcm.o(.ARM.exidx.text.RCM_EnableAPB1PeriphReset) refers to apm32f0xx_rcm.o(.text.RCM_EnableAPB1PeriphReset) for [Anonymous Symbol]
    apm32f0xx_rcm.o(.ARM.exidx.text.RCM_DisableAPB1PeriphReset) refers to apm32f0xx_rcm.o(.text.RCM_DisableAPB1PeriphReset) for [Anonymous Symbol]
    apm32f0xx_rcm.o(.ARM.exidx.text.RCM_EnableAPB2PeriphReset) refers to apm32f0xx_rcm.o(.text.RCM_EnableAPB2PeriphReset) for [Anonymous Symbol]
    apm32f0xx_rcm.o(.ARM.exidx.text.RCM_DisableAPB2PeriphReset) refers to apm32f0xx_rcm.o(.text.RCM_DisableAPB2PeriphReset) for [Anonymous Symbol]
    apm32f0xx_rcm.o(.ARM.exidx.text.RCM_EnableInterrupt) refers to apm32f0xx_rcm.o(.text.RCM_EnableInterrupt) for [Anonymous Symbol]
    apm32f0xx_rcm.o(.ARM.exidx.text.RCM_DisableInterrupt) refers to apm32f0xx_rcm.o(.text.RCM_DisableInterrupt) for [Anonymous Symbol]
    apm32f0xx_rcm.o(.ARM.exidx.text.RCM_ReadStatusFlag) refers to apm32f0xx_rcm.o(.text.RCM_ReadStatusFlag) for [Anonymous Symbol]
    apm32f0xx_rcm.o(.ARM.exidx.text.RCM_ClearStatusFlag) refers to apm32f0xx_rcm.o(.text.RCM_ClearStatusFlag) for [Anonymous Symbol]
    apm32f0xx_rcm.o(.ARM.exidx.text.RCM_ReadIntFlag) refers to apm32f0xx_rcm.o(.text.RCM_ReadIntFlag) for [Anonymous Symbol]
    apm32f0xx_rcm.o(.ARM.exidx.text.RCM_ClearIntFlag) refers to apm32f0xx_rcm.o(.text.RCM_ClearIntFlag) for [Anonymous Symbol]
    apm32f0xx_usart.o(.text.USART_Reset) refers to apm32f0xx_rcm.o(.text.RCM_EnableAPB2PeriphReset) for RCM_EnableAPB2PeriphReset
    apm32f0xx_usart.o(.text.USART_Reset) refers to apm32f0xx_rcm.o(.text.RCM_DisableAPB2PeriphReset) for RCM_DisableAPB2PeriphReset
    apm32f0xx_usart.o(.text.USART_Reset) refers to apm32f0xx_rcm.o(.text.RCM_EnableAPB1PeriphReset) for RCM_EnableAPB1PeriphReset
    apm32f0xx_usart.o(.text.USART_Reset) refers to apm32f0xx_rcm.o(.text.RCM_DisableAPB1PeriphReset) for RCM_DisableAPB1PeriphReset
    apm32f0xx_usart.o(.ARM.exidx.text.USART_Reset) refers to apm32f0xx_usart.o(.text.USART_Reset) for [Anonymous Symbol]
    apm32f0xx_usart.o(.text.USART_Config) refers to apm32f0xx_rcm.o(.text.RCM_ReadUSART1CLKFreq) for RCM_ReadUSART1CLKFreq
    apm32f0xx_usart.o(.text.USART_Config) refers to apm32f0xx_rcm.o(.text.RCM_ReadUSART2CLKFreq) for RCM_ReadUSART2CLKFreq
    apm32f0xx_usart.o(.text.USART_Config) refers to apm32f0xx_rcm.o(.text.RCM_ReadPCLKFreq) for RCM_ReadPCLKFreq
    apm32f0xx_usart.o(.text.USART_Config) refers to uidiv_div0.o(.text) for __aeabi_uidiv
    apm32f0xx_usart.o(.ARM.exidx.text.USART_Config) refers to apm32f0xx_usart.o(.text.USART_Config) for [Anonymous Symbol]
    apm32f0xx_usart.o(.ARM.exidx.text.USART_ConfigStructInit) refers to apm32f0xx_usart.o(.text.USART_ConfigStructInit) for [Anonymous Symbol]
    apm32f0xx_usart.o(.ARM.exidx.text.USART_ConfigSyncClock) refers to apm32f0xx_usart.o(.text.USART_ConfigSyncClock) for [Anonymous Symbol]
    apm32f0xx_usart.o(.ARM.exidx.text.USART_ConfigSyncClockStructInit) refers to apm32f0xx_usart.o(.text.USART_ConfigSyncClockStructInit) for [Anonymous Symbol]
    apm32f0xx_usart.o(.ARM.exidx.text.USART_Enable) refers to apm32f0xx_usart.o(.text.USART_Enable) for [Anonymous Symbol]
    apm32f0xx_usart.o(.ARM.exidx.text.USART_Disable) refers to apm32f0xx_usart.o(.text.USART_Disable) for [Anonymous Symbol]
    apm32f0xx_usart.o(.ARM.exidx.text.USART_EnableDirectionMode) refers to apm32f0xx_usart.o(.text.USART_EnableDirectionMode) for [Anonymous Symbol]
    apm32f0xx_usart.o(.ARM.exidx.text.USART_DisableDirectionMode) refers to apm32f0xx_usart.o(.text.USART_DisableDirectionMode) for [Anonymous Symbol]
    apm32f0xx_usart.o(.ARM.exidx.text.USART_EnableOverSampling8) refers to apm32f0xx_usart.o(.text.USART_EnableOverSampling8) for [Anonymous Symbol]
    apm32f0xx_usart.o(.ARM.exidx.text.USART_DisableOverSampling8) refers to apm32f0xx_usart.o(.text.USART_DisableOverSampling8) for [Anonymous Symbol]
    apm32f0xx_usart.o(.ARM.exidx.text.USART_EnableOneBitMethod) refers to apm32f0xx_usart.o(.text.USART_EnableOneBitMethod) for [Anonymous Symbol]
    apm32f0xx_usart.o(.ARM.exidx.text.USART_DisableOneBitMethod) refers to apm32f0xx_usart.o(.text.USART_DisableOneBitMethod) for [Anonymous Symbol]
    apm32f0xx_usart.o(.ARM.exidx.text.USART_EnableMSBFirst) refers to apm32f0xx_usart.o(.text.USART_EnableMSBFirst) for [Anonymous Symbol]
    apm32f0xx_usart.o(.ARM.exidx.text.USART_DisableMSBFirst) refers to apm32f0xx_usart.o(.text.USART_DisableMSBFirst) for [Anonymous Symbol]
    apm32f0xx_usart.o(.ARM.exidx.text.USART_EnableDataInv) refers to apm32f0xx_usart.o(.text.USART_EnableDataInv) for [Anonymous Symbol]
    apm32f0xx_usart.o(.ARM.exidx.text.USART_DisableDataInv) refers to apm32f0xx_usart.o(.text.USART_DisableDataInv) for [Anonymous Symbol]
    apm32f0xx_usart.o(.ARM.exidx.text.USART_EnableInvPin) refers to apm32f0xx_usart.o(.text.USART_EnableInvPin) for [Anonymous Symbol]
    apm32f0xx_usart.o(.ARM.exidx.text.USART_DisableInvPin) refers to apm32f0xx_usart.o(.text.USART_DisableInvPin) for [Anonymous Symbol]
    apm32f0xx_usart.o(.ARM.exidx.text.USART_EnableSWAPPin) refers to apm32f0xx_usart.o(.text.USART_EnableSWAPPin) for [Anonymous Symbol]
    apm32f0xx_usart.o(.ARM.exidx.text.USART_DisableSWAPPin) refers to apm32f0xx_usart.o(.text.USART_DisableSWAPPin) for [Anonymous Symbol]
    apm32f0xx_usart.o(.ARM.exidx.text.USART_EnableReceiverTimeOut) refers to apm32f0xx_usart.o(.text.USART_EnableReceiverTimeOut) for [Anonymous Symbol]
    apm32f0xx_usart.o(.ARM.exidx.text.USART_DisableReceiverTimeOut) refers to apm32f0xx_usart.o(.text.USART_DisableReceiverTimeOut) for [Anonymous Symbol]
    apm32f0xx_usart.o(.ARM.exidx.text.USART_ReceiverTimeOutValue) refers to apm32f0xx_usart.o(.text.USART_ReceiverTimeOutValue) for [Anonymous Symbol]
    apm32f0xx_usart.o(.ARM.exidx.text.USART_ConfigDivider) refers to apm32f0xx_usart.o(.text.USART_ConfigDivider) for [Anonymous Symbol]
    apm32f0xx_usart.o(.ARM.exidx.text.USART_EnableStopMode) refers to apm32f0xx_usart.o(.text.USART_EnableStopMode) for [Anonymous Symbol]
    apm32f0xx_usart.o(.ARM.exidx.text.USART_DisableStopMode) refers to apm32f0xx_usart.o(.text.USART_DisableStopMode) for [Anonymous Symbol]
    apm32f0xx_usart.o(.ARM.exidx.text.USART_ConfigStopModeWakeUpSource) refers to apm32f0xx_usart.o(.text.USART_ConfigStopModeWakeUpSource) for [Anonymous Symbol]
    apm32f0xx_usart.o(.ARM.exidx.text.USART_EnableAutoBaudRate) refers to apm32f0xx_usart.o(.text.USART_EnableAutoBaudRate) for [Anonymous Symbol]
    apm32f0xx_usart.o(.ARM.exidx.text.USART_DisableAutoBaudRate) refers to apm32f0xx_usart.o(.text.USART_DisableAutoBaudRate) for [Anonymous Symbol]
    apm32f0xx_usart.o(.ARM.exidx.text.USART_ConfigAutoBaudRate) refers to apm32f0xx_usart.o(.text.USART_ConfigAutoBaudRate) for [Anonymous Symbol]
    apm32f0xx_usart.o(.ARM.exidx.text.USART_TxData) refers to apm32f0xx_usart.o(.text.USART_TxData) for [Anonymous Symbol]
    apm32f0xx_usart.o(.ARM.exidx.text.USART_RxData) refers to apm32f0xx_usart.o(.text.USART_RxData) for [Anonymous Symbol]
    apm32f0xx_usart.o(.ARM.exidx.text.USART_Address) refers to apm32f0xx_usart.o(.text.USART_Address) for [Anonymous Symbol]
    apm32f0xx_usart.o(.ARM.exidx.text.USART_EnableMuteMode) refers to apm32f0xx_usart.o(.text.USART_EnableMuteMode) for [Anonymous Symbol]
    apm32f0xx_usart.o(.ARM.exidx.text.USART_DisableMuteMode) refers to apm32f0xx_usart.o(.text.USART_DisableMuteMode) for [Anonymous Symbol]
    apm32f0xx_usart.o(.ARM.exidx.text.USART_ConfigMuteModeWakeUp) refers to apm32f0xx_usart.o(.text.USART_ConfigMuteModeWakeUp) for [Anonymous Symbol]
    apm32f0xx_usart.o(.ARM.exidx.text.USART_EnableLINmode) refers to apm32f0xx_usart.o(.text.USART_EnableLINmode) for [Anonymous Symbol]
    apm32f0xx_usart.o(.ARM.exidx.text.USART_DisableLINmode) refers to apm32f0xx_usart.o(.text.USART_DisableLINmode) for [Anonymous Symbol]
    apm32f0xx_usart.o(.ARM.exidx.text.USART_ConfigLINbreakDetectLength) refers to apm32f0xx_usart.o(.text.USART_ConfigLINbreakDetectLength) for [Anonymous Symbol]
    apm32f0xx_usart.o(.ARM.exidx.text.USART_EnableHalfDuplex) refers to apm32f0xx_usart.o(.text.USART_EnableHalfDuplex) for [Anonymous Symbol]
    apm32f0xx_usart.o(.ARM.exidx.text.USART_DisableHalfDuplex) refers to apm32f0xx_usart.o(.text.USART_DisableHalfDuplex) for [Anonymous Symbol]
    apm32f0xx_usart.o(.ARM.exidx.text.USART_EnableSmartCard) refers to apm32f0xx_usart.o(.text.USART_EnableSmartCard) for [Anonymous Symbol]
    apm32f0xx_usart.o(.ARM.exidx.text.USART_DisableSmartCard) refers to apm32f0xx_usart.o(.text.USART_DisableSmartCard) for [Anonymous Symbol]
    apm32f0xx_usart.o(.ARM.exidx.text.USART_EnableSmartCardNACK) refers to apm32f0xx_usart.o(.text.USART_EnableSmartCardNACK) for [Anonymous Symbol]
    apm32f0xx_usart.o(.ARM.exidx.text.USART_DisableSmartCardNACK) refers to apm32f0xx_usart.o(.text.USART_DisableSmartCardNACK) for [Anonymous Symbol]
    apm32f0xx_usart.o(.ARM.exidx.text.USART_ConfigGuardTime) refers to apm32f0xx_usart.o(.text.USART_ConfigGuardTime) for [Anonymous Symbol]
    apm32f0xx_usart.o(.ARM.exidx.text.USART_ConfigAutoCount) refers to apm32f0xx_usart.o(.text.USART_ConfigAutoCount) for [Anonymous Symbol]
    apm32f0xx_usart.o(.ARM.exidx.text.USART_ConfigBlockSize) refers to apm32f0xx_usart.o(.text.USART_ConfigBlockSize) for [Anonymous Symbol]
    apm32f0xx_usart.o(.ARM.exidx.text.USART_EnableIrDA) refers to apm32f0xx_usart.o(.text.USART_EnableIrDA) for [Anonymous Symbol]
    apm32f0xx_usart.o(.ARM.exidx.text.USART_DisableIrDA) refers to apm32f0xx_usart.o(.text.USART_DisableIrDA) for [Anonymous Symbol]
    apm32f0xx_usart.o(.ARM.exidx.text.USART_ConfigIrDAMode) refers to apm32f0xx_usart.o(.text.USART_ConfigIrDAMode) for [Anonymous Symbol]
    apm32f0xx_usart.o(.ARM.exidx.text.USART_ConfigAddressDetection) refers to apm32f0xx_usart.o(.text.USART_ConfigAddressDetection) for [Anonymous Symbol]
    apm32f0xx_usart.o(.ARM.exidx.text.USART_EnableDE) refers to apm32f0xx_usart.o(.text.USART_EnableDE) for [Anonymous Symbol]
    apm32f0xx_usart.o(.ARM.exidx.text.USART_DisableDE) refers to apm32f0xx_usart.o(.text.USART_DisableDE) for [Anonymous Symbol]
    apm32f0xx_usart.o(.ARM.exidx.text.USART_ConfigDEPolarity) refers to apm32f0xx_usart.o(.text.USART_ConfigDEPolarity) for [Anonymous Symbol]
    apm32f0xx_usart.o(.ARM.exidx.text.USART_DEAssertionTimeValue) refers to apm32f0xx_usart.o(.text.USART_DEAssertionTimeValue) for [Anonymous Symbol]
    apm32f0xx_usart.o(.ARM.exidx.text.USART_DEDeassertionTimeValue) refers to apm32f0xx_usart.o(.text.USART_DEDeassertionTimeValue) for [Anonymous Symbol]
    apm32f0xx_usart.o(.ARM.exidx.text.USART_EnableDMA) refers to apm32f0xx_usart.o(.text.USART_EnableDMA) for [Anonymous Symbol]
    apm32f0xx_usart.o(.ARM.exidx.text.USART_DisableDMA) refers to apm32f0xx_usart.o(.text.USART_DisableDMA) for [Anonymous Symbol]
    apm32f0xx_usart.o(.ARM.exidx.text.USART_ConfigDMAReceptionError) refers to apm32f0xx_usart.o(.text.USART_ConfigDMAReceptionError) for [Anonymous Symbol]
    apm32f0xx_usart.o(.ARM.exidx.text.USART_EnableInterrupt) refers to apm32f0xx_usart.o(.text.USART_EnableInterrupt) for [Anonymous Symbol]
    apm32f0xx_usart.o(.ARM.exidx.text.USART_DisableInterrupt) refers to apm32f0xx_usart.o(.text.USART_DisableInterrupt) for [Anonymous Symbol]
    apm32f0xx_usart.o(.ARM.exidx.text.USART_EnableRequest) refers to apm32f0xx_usart.o(.text.USART_EnableRequest) for [Anonymous Symbol]
    apm32f0xx_usart.o(.ARM.exidx.text.USART_DisableRequest) refers to apm32f0xx_usart.o(.text.USART_DisableRequest) for [Anonymous Symbol]
    apm32f0xx_usart.o(.ARM.exidx.text.USART_ConfigOverrunDetection) refers to apm32f0xx_usart.o(.text.USART_ConfigOverrunDetection) for [Anonymous Symbol]
    apm32f0xx_usart.o(.ARM.exidx.text.USART_ReadStatusFlag) refers to apm32f0xx_usart.o(.text.USART_ReadStatusFlag) for [Anonymous Symbol]
    apm32f0xx_usart.o(.ARM.exidx.text.USART_ClearStatusFlag) refers to apm32f0xx_usart.o(.text.USART_ClearStatusFlag) for [Anonymous Symbol]
    apm32f0xx_usart.o(.ARM.exidx.text.USART_ReadIntFlag) refers to apm32f0xx_usart.o(.text.USART_ReadIntFlag) for [Anonymous Symbol]
    apm32f0xx_usart.o(.ARM.exidx.text.USART_ClearIntFlag) refers to apm32f0xx_usart.o(.text.USART_ClearIntFlag) for [Anonymous Symbol]
    apm32f0xx_misc.o(.ARM.exidx.text.NVIC_EnableIRQRequest) refers to apm32f0xx_misc.o(.text.NVIC_EnableIRQRequest) for [Anonymous Symbol]
    apm32f0xx_misc.o(.ARM.exidx.text.NVIC_DisableIRQRequest) refers to apm32f0xx_misc.o(.text.NVIC_DisableIRQRequest) for [Anonymous Symbol]
    apm32f0xx_misc.o(.ARM.exidx.text.NVIC_EnableSystemLowPower) refers to apm32f0xx_misc.o(.text.NVIC_EnableSystemLowPower) for [Anonymous Symbol]
    apm32f0xx_misc.o(.ARM.exidx.text.NVIC_DisableSystemLowPower) refers to apm32f0xx_misc.o(.text.NVIC_DisableSystemLowPower) for [Anonymous Symbol]
    apm32f0xx_misc.o(.ARM.exidx.text.SysTick_ConfigCLKSource) refers to apm32f0xx_misc.o(.text.SysTick_ConfigCLKSource) for [Anonymous Symbol]
    apm32f0xx_misc.o(.ARM.exidx.text.PMU_EnterWaitMode) refers to apm32f0xx_misc.o(.text.PMU_EnterWaitMode) for [Anonymous Symbol]
    apm32f0xx_misc.o(.ARM.exidx.text.PMU_EnterHaltModeWFI) refers to apm32f0xx_misc.o(.text.PMU_EnterHaltModeWFI) for [Anonymous Symbol]
    apm32f0xx_misc.o(.ARM.exidx.text.PMU_EnterHaltModeWFE) refers to apm32f0xx_misc.o(.text.PMU_EnterHaltModeWFE) for [Anonymous Symbol]
    board.o(.text.APM_MINI_LEDInit) refers to apm32f0xx_rcm.o(.text.RCM_EnableAHBPeriphClock) for RCM_EnableAHBPeriphClock
    board.o(.text.APM_MINI_LEDInit) refers to apm32f0xx_gpio.o(.text.GPIO_Config) for GPIO_Config
    board.o(.text.APM_MINI_LEDInit) refers to board.o(.rodata.GPIO_CLK) for GPIO_CLK
    board.o(.text.APM_MINI_LEDInit) refers to board.o(.rodata.GPIO_PIN) for GPIO_PIN
    board.o(.text.APM_MINI_LEDInit) refers to board.o(.data.GPIO_PORT) for GPIO_PORT
    board.o(.ARM.exidx.text.APM_MINI_LEDInit) refers to board.o(.text.APM_MINI_LEDInit) for [Anonymous Symbol]
    board.o(.text.APM_MINI_LEDOn) refers to board.o(.data.GPIO_PORT) for GPIO_PORT
    board.o(.text.APM_MINI_LEDOn) refers to board.o(.rodata.GPIO_PIN) for GPIO_PIN
    board.o(.ARM.exidx.text.APM_MINI_LEDOn) refers to board.o(.text.APM_MINI_LEDOn) for [Anonymous Symbol]
    board.o(.text.APM_MINI_LEDOff) refers to board.o(.data.GPIO_PORT) for GPIO_PORT
    board.o(.text.APM_MINI_LEDOff) refers to board.o(.rodata.GPIO_PIN) for GPIO_PIN
    board.o(.ARM.exidx.text.APM_MINI_LEDOff) refers to board.o(.text.APM_MINI_LEDOff) for [Anonymous Symbol]
    board.o(.text.APM_MINI_LEDToggle) refers to board.o(.rodata.GPIO_PIN) for GPIO_PIN
    board.o(.text.APM_MINI_LEDToggle) refers to board.o(.data.GPIO_PORT) for GPIO_PORT
    board.o(.ARM.exidx.text.APM_MINI_LEDToggle) refers to board.o(.text.APM_MINI_LEDToggle) for [Anonymous Symbol]
    board.o(.text.APM_MINI_PBInit) refers to apm32f0xx_rcm.o(.text.RCM_EnableAHBPeriphClock) for RCM_EnableAHBPeriphClock
    board.o(.text.APM_MINI_PBInit) refers to apm32f0xx_rcm.o(.text.RCM_EnableAPB2PeriphClock) for RCM_EnableAPB2PeriphClock
    board.o(.text.APM_MINI_PBInit) refers to apm32f0xx_gpio.o(.text.GPIO_Config) for GPIO_Config
    board.o(.text.APM_MINI_PBInit) refers to apm32f0xx_eint.o(.text.EINT_Config) for EINT_Config
    board.o(.text.APM_MINI_PBInit) refers to apm32f0xx_misc.o(.text.NVIC_EnableIRQRequest) for NVIC_EnableIRQRequest
    board.o(.text.APM_MINI_PBInit) refers to board.o(.rodata.BUTTON_CLK) for BUTTON_CLK
    board.o(.text.APM_MINI_PBInit) refers to board.o(.rodata.BUTTON_PIN) for BUTTON_PIN
    board.o(.text.APM_MINI_PBInit) refers to board.o(.data.BUTTON_PORT) for BUTTON_PORT
    board.o(.ARM.exidx.text.APM_MINI_PBInit) refers to board.o(.text.APM_MINI_PBInit) for [Anonymous Symbol]
    board.o(.text.APM_MINI_PBGetState) refers to apm32f0xx_gpio.o(.text.GPIO_ReadInputBit) for GPIO_ReadInputBit
    board.o(.text.APM_MINI_PBGetState) refers to board.o(.data.BUTTON_PORT) for BUTTON_PORT
    board.o(.text.APM_MINI_PBGetState) refers to board.o(.rodata.BUTTON_PIN) for BUTTON_PIN
    board.o(.ARM.exidx.text.APM_MINI_PBGetState) refers to board.o(.text.APM_MINI_PBGetState) for [Anonymous Symbol]
    board.o(.text.APM_MINI_PB_Led_Isr) refers to apm32f0xx_eint.o(.text.EINT_ReadStatusFlag) for EINT_ReadStatusFlag
    board.o(.text.APM_MINI_PB_Led_Isr) refers to apm32f0xx_eint.o(.text.EINT_ClearStatusFlag) for EINT_ClearStatusFlag
    board.o(.text.APM_MINI_PB_Led_Isr) refers to board.o(.data.GPIO_PORT) for GPIO_PORT
    board.o(.ARM.exidx.text.APM_MINI_PB_Led_Isr) refers to board.o(.text.APM_MINI_PB_Led_Isr) for [Anonymous Symbol]
    board.o(.text.APM_MINI_COMInit) refers to apm32f0xx_rcm.o(.text.RCM_EnableAHBPeriphClock) for RCM_EnableAHBPeriphClock
    board.o(.text.APM_MINI_COMInit) refers to apm32f0xx_rcm.o(.text.RCM_EnableAPB1PeriphClock) for RCM_EnableAPB1PeriphClock
    board.o(.text.APM_MINI_COMInit) refers to apm32f0xx_rcm.o(.text.RCM_EnableAPB2PeriphClock) for RCM_EnableAPB2PeriphClock
    board.o(.text.APM_MINI_COMInit) refers to apm32f0xx_gpio.o(.text.GPIO_ConfigPinAF) for GPIO_ConfigPinAF
    board.o(.text.APM_MINI_COMInit) refers to apm32f0xx_gpio.o(.text.GPIO_Config) for GPIO_Config
    board.o(.text.APM_MINI_COMInit) refers to apm32f0xx_usart.o(.text.USART_Config) for USART_Config
    board.o(.text.APM_MINI_COMInit) refers to apm32f0xx_usart.o(.text.USART_EnableInterrupt) for USART_EnableInterrupt
    board.o(.text.APM_MINI_COMInit) refers to apm32f0xx_misc.o(.text.NVIC_EnableIRQRequest) for NVIC_EnableIRQRequest
    board.o(.text.APM_MINI_COMInit) refers to apm32f0xx_usart.o(.text.USART_Enable) for USART_Enable
    board.o(.text.APM_MINI_COMInit) refers to board.o(.rodata.COM_TX_PORT_CLK) for COM_TX_PORT_CLK
    board.o(.text.APM_MINI_COMInit) refers to board.o(.rodata.COM_RX_PORT_CLK) for COM_RX_PORT_CLK
    board.o(.text.APM_MINI_COMInit) refers to board.o(.rodata.COM_USART_CLK) for COM_USART_CLK
    board.o(.text.APM_MINI_COMInit) refers to board.o(.data.COM_TX_PORT) for COM_TX_PORT
    board.o(.text.APM_MINI_COMInit) refers to board.o(.rodata.COM_TX_PIN_SOURCE) for COM_TX_PIN_SOURCE
    board.o(.text.APM_MINI_COMInit) refers to board.o(.rodata.COM_TX_AF) for COM_TX_AF
    board.o(.text.APM_MINI_COMInit) refers to board.o(.data.COM_RX_PORT) for COM_RX_PORT
    board.o(.text.APM_MINI_COMInit) refers to board.o(.rodata.COM_RX_PIN_SOURCE) for COM_RX_PIN_SOURCE
    board.o(.text.APM_MINI_COMInit) refers to board.o(.rodata.COM_RX_AF) for COM_RX_AF
    board.o(.text.APM_MINI_COMInit) refers to board.o(.rodata.COM_TX_PIN) for COM_TX_PIN
    board.o(.text.APM_MINI_COMInit) refers to board.o(.rodata.COM_RX_PIN) for COM_RX_PIN
    board.o(.text.APM_MINI_COMInit) refers to board.o(.data.COM_USART) for COM_USART
    board.o(.ARM.exidx.text.APM_MINI_COMInit) refers to board.o(.text.APM_MINI_COMInit) for [Anonymous Symbol]
    main.o(.text.main) refers to apm32f0xx_rcm.o(.text.RCM_EnableAHBPeriphClock) for RCM_EnableAHBPeriphClock
    main.o(.text.main) refers to apm32f0xx_gpio.o(.text.GPIO_Config) for GPIO_Config
    main.o(.text.main) refers to apm32f0xx_gpio.o(.text.GPIO_ClearBit) for GPIO_ClearBit
    main.o(.text.main) refers to apm32f0xx_gpio.o(.text.GPIO_SetBit) for GPIO_SetBit
    main.o(.text.main) refers to board.o(.text.APM_MINI_LEDToggle) for APM_MINI_LEDToggle
    main.o(.ARM.exidx.text.main) refers to main.o(.text.main) for [Anonymous Symbol]
    main.o(.ARM.exidx.text.Delay) refers to main.o(.text.Delay) for [Anonymous Symbol]
    apm32f0xx_int.o(.ARM.exidx.text.NMI_Handler) refers to apm32f0xx_int.o(.text.NMI_Handler) for [Anonymous Symbol]
    apm32f0xx_int.o(.ARM.exidx.text.HardFault_Handler) refers to apm32f0xx_int.o(.text.HardFault_Handler) for [Anonymous Symbol]
    apm32f0xx_int.o(.ARM.exidx.text.SVC_Handler) refers to apm32f0xx_int.o(.text.SVC_Handler) for [Anonymous Symbol]
    apm32f0xx_int.o(.ARM.exidx.text.PendSV_Handler) refers to apm32f0xx_int.o(.text.PendSV_Handler) for [Anonymous Symbol]
    apm32f0xx_int.o(.ARM.exidx.text.SysTick_Handler) refers to apm32f0xx_int.o(.text.SysTick_Handler) for [Anonymous Symbol]
    entry.o(.ARM.Collect$$$$00000000) refers (Special) to entry10a.o(.ARM.Collect$$$$0000000D) for __rt_final_cpp
    entry.o(.ARM.Collect$$$$00000000) refers (Special) to entry11a.o(.ARM.Collect$$$$0000000F) for __rt_final_exit
    entry.o(.ARM.Collect$$$$00000000) refers (Special) to entry7b.o(.ARM.Collect$$$$00000008) for _main_clock
    entry.o(.ARM.Collect$$$$00000000) refers (Special) to entry8b.o(.ARM.Collect$$$$0000000A) for _main_cpp_init
    entry.o(.ARM.Collect$$$$00000000) refers (Special) to entry9a.o(.ARM.Collect$$$$0000000B) for _main_init
    entry.o(.ARM.Collect$$$$00000000) refers (Special) to entry5.o(.ARM.Collect$$$$00000004) for _main_scatterload
    entry.o(.ARM.Collect$$$$00000000) refers (Special) to entry2.o(.ARM.Collect$$$$00000001) for _main_stk
    entry2.o(.ARM.Collect$$$$00000001) refers to entry2.o(.ARM.Collect$$$$00002712) for __lit__00000000
    entry2.o(.ARM.Collect$$$$00002712) refers to startup_apm32f030.o(STACK) for __initial_sp
    entry2.o(__vectab_stack_and_reset_area) refers to startup_apm32f030.o(STACK) for __initial_sp
    entry2.o(__vectab_stack_and_reset_area) refers to entry.o(.ARM.Collect$$$$00000000) for __main
    entry5.o(.ARM.Collect$$$$00000004) refers to init.o(.text) for __scatterload
    entry9a.o(.ARM.Collect$$$$0000000B) refers to main.o(.text.main) for main
    entry9b.o(.ARM.Collect$$$$0000000C) refers to main.o(.text.main) for main
    idiv_div0.o(.text) refers to uidiv_div0.o(.text) for __aeabi_uidivmod
    init.o(.text) refers to entry5.o(.ARM.Collect$$$$00000004) for __main_after_scatterload


==============================================================================

Removing Unused input sections from the image.

    Removing system_apm32f0xx.o(.text), (0 bytes).
    Removing system_apm32f0xx.o(.ARM.exidx.text.SystemInit), (8 bytes).
    Removing system_apm32f0xx.o(.text.SystemCoreClockUpdate), (140 bytes).
    Removing system_apm32f0xx.o(.ARM.exidx.text.SystemCoreClockUpdate), (8 bytes).
    Removing system_apm32f0xx.o(.data.SystemCoreClock), (4 bytes).
    Removing startup_apm32f030.o(HEAP), (512 bytes).
    Removing apm32f0xx_eint.o(.text), (0 bytes).
    Removing apm32f0xx_eint.o(.text.EINT_Reset), (28 bytes).
    Removing apm32f0xx_eint.o(.ARM.exidx.text.EINT_Reset), (8 bytes).
    Removing apm32f0xx_eint.o(.text.EINT_Config), (120 bytes).
    Removing apm32f0xx_eint.o(.ARM.exidx.text.EINT_Config), (8 bytes).
    Removing apm32f0xx_eint.o(.text.EINT_ConfigStructInit), (14 bytes).
    Removing apm32f0xx_eint.o(.ARM.exidx.text.EINT_ConfigStructInit), (8 bytes).
    Removing apm32f0xx_eint.o(.text.EINT_SelectSWInterrupt), (16 bytes).
    Removing apm32f0xx_eint.o(.ARM.exidx.text.EINT_SelectSWInterrupt), (8 bytes).
    Removing apm32f0xx_eint.o(.text.EINT_ReadStatusFlag), (16 bytes).
    Removing apm32f0xx_eint.o(.ARM.exidx.text.EINT_ReadStatusFlag), (8 bytes).
    Removing apm32f0xx_eint.o(.text.EINT_ClearStatusFlag), (12 bytes).
    Removing apm32f0xx_eint.o(.ARM.exidx.text.EINT_ClearStatusFlag), (8 bytes).
    Removing apm32f0xx_eint.o(.text.EINT_ReadIntFlag), (28 bytes).
    Removing apm32f0xx_eint.o(.ARM.exidx.text.EINT_ReadIntFlag), (8 bytes).
    Removing apm32f0xx_eint.o(.text.EINT_ClearIntFlag), (12 bytes).
    Removing apm32f0xx_eint.o(.ARM.exidx.text.EINT_ClearIntFlag), (8 bytes).
    Removing apm32f0xx_gpio.o(.text), (0 bytes).
    Removing apm32f0xx_gpio.o(.text.GPIO_Reset), (40 bytes).
    Removing apm32f0xx_gpio.o(.ARM.exidx.text.GPIO_Reset), (8 bytes).
    Removing apm32f0xx_gpio.o(.ARM.exidx.text.GPIO_Config), (8 bytes).
    Removing apm32f0xx_gpio.o(.text.GPIO_ConfigStructInit), (20 bytes).
    Removing apm32f0xx_gpio.o(.ARM.exidx.text.GPIO_ConfigStructInit), (8 bytes).
    Removing apm32f0xx_gpio.o(.text.GPIO_ConfigPinLock), (18 bytes).
    Removing apm32f0xx_gpio.o(.ARM.exidx.text.GPIO_ConfigPinLock), (8 bytes).
    Removing apm32f0xx_gpio.o(.text.GPIO_ReadInputBit), (10 bytes).
    Removing apm32f0xx_gpio.o(.ARM.exidx.text.GPIO_ReadInputBit), (8 bytes).
    Removing apm32f0xx_gpio.o(.text.GPIO_ReadInputPort), (6 bytes).
    Removing apm32f0xx_gpio.o(.ARM.exidx.text.GPIO_ReadInputPort), (8 bytes).
    Removing apm32f0xx_gpio.o(.text.GPIO_ReadOutputBit), (10 bytes).
    Removing apm32f0xx_gpio.o(.ARM.exidx.text.GPIO_ReadOutputBit), (8 bytes).
    Removing apm32f0xx_gpio.o(.text.GPIO_ReadOutputPort), (6 bytes).
    Removing apm32f0xx_gpio.o(.ARM.exidx.text.GPIO_ReadOutputPort), (8 bytes).
    Removing apm32f0xx_gpio.o(.ARM.exidx.text.GPIO_SetBit), (8 bytes).
    Removing apm32f0xx_gpio.o(.ARM.exidx.text.GPIO_ClearBit), (8 bytes).
    Removing apm32f0xx_gpio.o(.text.GPIO_WriteBitValue), (16 bytes).
    Removing apm32f0xx_gpio.o(.ARM.exidx.text.GPIO_WriteBitValue), (8 bytes).
    Removing apm32f0xx_gpio.o(.text.GPIO_WriteOutputPort), (4 bytes).
    Removing apm32f0xx_gpio.o(.ARM.exidx.text.GPIO_WriteOutputPort), (8 bytes).
    Removing apm32f0xx_gpio.o(.text.GPIO_ConfigPinAF), (42 bytes).
    Removing apm32f0xx_gpio.o(.ARM.exidx.text.GPIO_ConfigPinAF), (8 bytes).
    Removing apm32f0xx_gpio.o(.rodata..Lswitch.table.GPIO_Reset.1), (24 bytes).
    Removing apm32f0xx_rcm.o(.text), (0 bytes).
    Removing apm32f0xx_rcm.o(.text.RCM_Reset), (92 bytes).
    Removing apm32f0xx_rcm.o(.ARM.exidx.text.RCM_Reset), (8 bytes).
    Removing apm32f0xx_rcm.o(.text.RCM_ConfigHSE), (48 bytes).
    Removing apm32f0xx_rcm.o(.ARM.exidx.text.RCM_ConfigHSE), (8 bytes).
    Removing apm32f0xx_rcm.o(.text.RCM_WaitHSEReady), (52 bytes).
    Removing apm32f0xx_rcm.o(.ARM.exidx.text.RCM_WaitHSEReady), (8 bytes).
    Removing apm32f0xx_rcm.o(.text.RCM_SetHSITrim), (24 bytes).
    Removing apm32f0xx_rcm.o(.ARM.exidx.text.RCM_SetHSITrim), (8 bytes).
    Removing apm32f0xx_rcm.o(.text.RCM_EnableHSI), (16 bytes).
    Removing apm32f0xx_rcm.o(.ARM.exidx.text.RCM_EnableHSI), (8 bytes).
    Removing apm32f0xx_rcm.o(.text.RCM_DisableHSI), (16 bytes).
    Removing apm32f0xx_rcm.o(.ARM.exidx.text.RCM_DisableHSI), (8 bytes).
    Removing apm32f0xx_rcm.o(.text.RCM_SetHSI14Trim), (24 bytes).
    Removing apm32f0xx_rcm.o(.ARM.exidx.text.RCM_SetHSI14Trim), (8 bytes).
    Removing apm32f0xx_rcm.o(.text.RCM_EnableHSI14), (16 bytes).
    Removing apm32f0xx_rcm.o(.ARM.exidx.text.RCM_EnableHSI14), (8 bytes).
    Removing apm32f0xx_rcm.o(.text.RCM_DisableHSI14), (16 bytes).
    Removing apm32f0xx_rcm.o(.ARM.exidx.text.RCM_DisableHSI14), (8 bytes).
    Removing apm32f0xx_rcm.o(.text.RCM_EnableHSI14ADC), (16 bytes).
    Removing apm32f0xx_rcm.o(.ARM.exidx.text.RCM_EnableHSI14ADC), (8 bytes).
    Removing apm32f0xx_rcm.o(.text.RCM_DisableHSI14ADC), (16 bytes).
    Removing apm32f0xx_rcm.o(.ARM.exidx.text.RCM_DisableHSI14ADC), (8 bytes).
    Removing apm32f0xx_rcm.o(.text.RCM_ConfigLSE), (48 bytes).
    Removing apm32f0xx_rcm.o(.ARM.exidx.text.RCM_ConfigLSE), (8 bytes).
    Removing apm32f0xx_rcm.o(.text.RCM_ConfigDriveLSE), (24 bytes).
    Removing apm32f0xx_rcm.o(.ARM.exidx.text.RCM_ConfigDriveLSE), (8 bytes).
    Removing apm32f0xx_rcm.o(.text.RCM_EnableLSI), (16 bytes).
    Removing apm32f0xx_rcm.o(.ARM.exidx.text.RCM_EnableLSI), (8 bytes).
    Removing apm32f0xx_rcm.o(.text.RCM_DisableLSI), (16 bytes).
    Removing apm32f0xx_rcm.o(.ARM.exidx.text.RCM_DisableLSI), (8 bytes).
    Removing apm32f0xx_rcm.o(.text.RCM_ConfigPLL), (44 bytes).
    Removing apm32f0xx_rcm.o(.ARM.exidx.text.RCM_ConfigPLL), (8 bytes).
    Removing apm32f0xx_rcm.o(.text.RCM_EnablePLL), (20 bytes).
    Removing apm32f0xx_rcm.o(.ARM.exidx.text.RCM_EnablePLL), (8 bytes).
    Removing apm32f0xx_rcm.o(.text.RCM_DisablePLL), (20 bytes).
    Removing apm32f0xx_rcm.o(.ARM.exidx.text.RCM_DisablePLL), (8 bytes).
    Removing apm32f0xx_rcm.o(.text.RCM_EnableHSI48), (20 bytes).
    Removing apm32f0xx_rcm.o(.ARM.exidx.text.RCM_EnableHSI48), (8 bytes).
    Removing apm32f0xx_rcm.o(.text.RCM_DisableHSI48), (20 bytes).
    Removing apm32f0xx_rcm.o(.ARM.exidx.text.RCM_DisableHSI48), (8 bytes).
    Removing apm32f0xx_rcm.o(.text.RCM_ReadHSI48CalibrationValue), (12 bytes).
    Removing apm32f0xx_rcm.o(.ARM.exidx.text.RCM_ReadHSI48CalibrationValue), (8 bytes).
    Removing apm32f0xx_rcm.o(.text.RCM_ConfigCLKDIV), (20 bytes).
    Removing apm32f0xx_rcm.o(.ARM.exidx.text.RCM_ConfigCLKDIV), (8 bytes).
    Removing apm32f0xx_rcm.o(.text.RCM_EnableCCS), (20 bytes).
    Removing apm32f0xx_rcm.o(.ARM.exidx.text.RCM_EnableCCS), (8 bytes).
    Removing apm32f0xx_rcm.o(.text.RCM_DisableCCS), (20 bytes).
    Removing apm32f0xx_rcm.o(.ARM.exidx.text.RCM_DisableCCS), (8 bytes).
    Removing apm32f0xx_rcm.o(.text.RCM_ConfigCOC), (24 bytes).
    Removing apm32f0xx_rcm.o(.ARM.exidx.text.RCM_ConfigCOC), (8 bytes).
    Removing apm32f0xx_rcm.o(.text.RCM_ConfigSYSCLK), (20 bytes).
    Removing apm32f0xx_rcm.o(.ARM.exidx.text.RCM_ConfigSYSCLK), (8 bytes).
    Removing apm32f0xx_rcm.o(.text.RCM_ReadSYSCLKSource), (16 bytes).
    Removing apm32f0xx_rcm.o(.ARM.exidx.text.RCM_ReadSYSCLKSource), (8 bytes).
    Removing apm32f0xx_rcm.o(.text.RCM_ConfigAHB), (24 bytes).
    Removing apm32f0xx_rcm.o(.ARM.exidx.text.RCM_ConfigAHB), (8 bytes).
    Removing apm32f0xx_rcm.o(.text.RCM_ConfigAPB), (24 bytes).
    Removing apm32f0xx_rcm.o(.ARM.exidx.text.RCM_ConfigAPB), (8 bytes).
    Removing apm32f0xx_rcm.o(.text.RCM_ConfigCECCLK), (24 bytes).
    Removing apm32f0xx_rcm.o(.ARM.exidx.text.RCM_ConfigCECCLK), (8 bytes).
    Removing apm32f0xx_rcm.o(.text.RCM_ConfigI2CCLK), (24 bytes).
    Removing apm32f0xx_rcm.o(.ARM.exidx.text.RCM_ConfigI2CCLK), (8 bytes).
    Removing apm32f0xx_rcm.o(.text.RCM_ConfigUSARTCLK), (64 bytes).
    Removing apm32f0xx_rcm.o(.ARM.exidx.text.RCM_ConfigUSARTCLK), (8 bytes).
    Removing apm32f0xx_rcm.o(.text.RCM_ConfigUSBCLK), (24 bytes).
    Removing apm32f0xx_rcm.o(.ARM.exidx.text.RCM_ConfigUSBCLK), (8 bytes).
    Removing apm32f0xx_rcm.o(.text.RCM_ReadSYSCLKFreq), (92 bytes).
    Removing apm32f0xx_rcm.o(.ARM.exidx.text.RCM_ReadSYSCLKFreq), (8 bytes).
    Removing apm32f0xx_rcm.o(.text.RCM_ReadHCLKFreq), (144 bytes).
    Removing apm32f0xx_rcm.o(.ARM.exidx.text.RCM_ReadHCLKFreq), (8 bytes).
    Removing apm32f0xx_rcm.o(.text.RCM_ReadPCLKFreq), (132 bytes).
    Removing apm32f0xx_rcm.o(.ARM.exidx.text.RCM_ReadPCLKFreq), (8 bytes).
    Removing apm32f0xx_rcm.o(.text.RCM_ReadADCCLKFreq), (136 bytes).
    Removing apm32f0xx_rcm.o(.ARM.exidx.text.RCM_ReadADCCLKFreq), (8 bytes).
    Removing apm32f0xx_rcm.o(.text.RCM_ReadCECCLKFreq), (24 bytes).
    Removing apm32f0xx_rcm.o(.ARM.exidx.text.RCM_ReadCECCLKFreq), (8 bytes).
    Removing apm32f0xx_rcm.o(.text.RCM_ReadI2C1CLKFreq), (104 bytes).
    Removing apm32f0xx_rcm.o(.ARM.exidx.text.RCM_ReadI2C1CLKFreq), (8 bytes).
    Removing apm32f0xx_rcm.o(.text.RCM_ReadUSART1CLKFreq), (216 bytes).
    Removing apm32f0xx_rcm.o(.ARM.exidx.text.RCM_ReadUSART1CLKFreq), (8 bytes).
    Removing apm32f0xx_rcm.o(.text.RCM_ReadUSBCLKFreq), (76 bytes).
    Removing apm32f0xx_rcm.o(.ARM.exidx.text.RCM_ReadUSBCLKFreq), (8 bytes).
    Removing apm32f0xx_rcm.o(.text.RCM_ReadUSART2CLKFreq), (224 bytes).
    Removing apm32f0xx_rcm.o(.ARM.exidx.text.RCM_ReadUSART2CLKFreq), (8 bytes).
    Removing apm32f0xx_rcm.o(.text.RCM_ConfigRTCCLK), (24 bytes).
    Removing apm32f0xx_rcm.o(.ARM.exidx.text.RCM_ConfigRTCCLK), (8 bytes).
    Removing apm32f0xx_rcm.o(.text.RCM_EnableRTCCLK), (20 bytes).
    Removing apm32f0xx_rcm.o(.ARM.exidx.text.RCM_EnableRTCCLK), (8 bytes).
    Removing apm32f0xx_rcm.o(.text.RCM_DisableRTCCLK), (20 bytes).
    Removing apm32f0xx_rcm.o(.ARM.exidx.text.RCM_DisableRTCCLK), (8 bytes).
    Removing apm32f0xx_rcm.o(.text.RCM_EnableBackupReset), (20 bytes).
    Removing apm32f0xx_rcm.o(.ARM.exidx.text.RCM_EnableBackupReset), (8 bytes).
    Removing apm32f0xx_rcm.o(.text.RCM_DisableBackupReset), (20 bytes).
    Removing apm32f0xx_rcm.o(.ARM.exidx.text.RCM_DisableBackupReset), (8 bytes).
    Removing apm32f0xx_rcm.o(.ARM.exidx.text.RCM_EnableAHBPeriphClock), (8 bytes).
    Removing apm32f0xx_rcm.o(.text.RCM_DisableAHBPeriphClock), (16 bytes).
    Removing apm32f0xx_rcm.o(.ARM.exidx.text.RCM_DisableAHBPeriphClock), (8 bytes).
    Removing apm32f0xx_rcm.o(.text.RCM_EnableAPB2PeriphClock), (16 bytes).
    Removing apm32f0xx_rcm.o(.ARM.exidx.text.RCM_EnableAPB2PeriphClock), (8 bytes).
    Removing apm32f0xx_rcm.o(.text.RCM_DisableAPB2PeriphClock), (16 bytes).
    Removing apm32f0xx_rcm.o(.ARM.exidx.text.RCM_DisableAPB2PeriphClock), (8 bytes).
    Removing apm32f0xx_rcm.o(.text.RCM_EnableAPB1PeriphClock), (16 bytes).
    Removing apm32f0xx_rcm.o(.ARM.exidx.text.RCM_EnableAPB1PeriphClock), (8 bytes).
    Removing apm32f0xx_rcm.o(.text.RCM_DisableAPB1PeriphClock), (16 bytes).
    Removing apm32f0xx_rcm.o(.ARM.exidx.text.RCM_DisableAPB1PeriphClock), (8 bytes).
    Removing apm32f0xx_rcm.o(.text.RCM_EnableAHBPeriphReset), (16 bytes).
    Removing apm32f0xx_rcm.o(.ARM.exidx.text.RCM_EnableAHBPeriphReset), (8 bytes).
    Removing apm32f0xx_rcm.o(.text.RCM_DisableAHBPeriphReset), (16 bytes).
    Removing apm32f0xx_rcm.o(.ARM.exidx.text.RCM_DisableAHBPeriphReset), (8 bytes).
    Removing apm32f0xx_rcm.o(.text.RCM_EnableAPB1PeriphReset), (16 bytes).
    Removing apm32f0xx_rcm.o(.ARM.exidx.text.RCM_EnableAPB1PeriphReset), (8 bytes).
    Removing apm32f0xx_rcm.o(.text.RCM_DisableAPB1PeriphReset), (16 bytes).
    Removing apm32f0xx_rcm.o(.ARM.exidx.text.RCM_DisableAPB1PeriphReset), (8 bytes).
    Removing apm32f0xx_rcm.o(.text.RCM_EnableAPB2PeriphReset), (16 bytes).
    Removing apm32f0xx_rcm.o(.ARM.exidx.text.RCM_EnableAPB2PeriphReset), (8 bytes).
    Removing apm32f0xx_rcm.o(.text.RCM_DisableAPB2PeriphReset), (16 bytes).
    Removing apm32f0xx_rcm.o(.ARM.exidx.text.RCM_DisableAPB2PeriphReset), (8 bytes).
    Removing apm32f0xx_rcm.o(.text.RCM_EnableInterrupt), (16 bytes).
    Removing apm32f0xx_rcm.o(.ARM.exidx.text.RCM_EnableInterrupt), (8 bytes).
    Removing apm32f0xx_rcm.o(.text.RCM_DisableInterrupt), (16 bytes).
    Removing apm32f0xx_rcm.o(.ARM.exidx.text.RCM_DisableInterrupt), (8 bytes).
    Removing apm32f0xx_rcm.o(.text.RCM_ReadStatusFlag), (56 bytes).
    Removing apm32f0xx_rcm.o(.ARM.exidx.text.RCM_ReadStatusFlag), (8 bytes).
    Removing apm32f0xx_rcm.o(.text.RCM_ClearStatusFlag), (20 bytes).
    Removing apm32f0xx_rcm.o(.ARM.exidx.text.RCM_ClearStatusFlag), (8 bytes).
    Removing apm32f0xx_rcm.o(.text.RCM_ReadIntFlag), (16 bytes).
    Removing apm32f0xx_rcm.o(.ARM.exidx.text.RCM_ReadIntFlag), (8 bytes).
    Removing apm32f0xx_rcm.o(.text.RCM_ClearIntFlag), (16 bytes).
    Removing apm32f0xx_rcm.o(.ARM.exidx.text.RCM_ClearIntFlag), (8 bytes).
    Removing apm32f0xx_rcm.o(.rodata.cst8), (8 bytes).
    Removing apm32f0xx_usart.o(.text), (0 bytes).
    Removing apm32f0xx_usart.o(.text.USART_Reset), (192 bytes).
    Removing apm32f0xx_usart.o(.ARM.exidx.text.USART_Reset), (8 bytes).
    Removing apm32f0xx_usart.o(.text.USART_Config), (172 bytes).
    Removing apm32f0xx_usart.o(.ARM.exidx.text.USART_Config), (8 bytes).
    Removing apm32f0xx_usart.o(.text.USART_ConfigStructInit), (20 bytes).
    Removing apm32f0xx_usart.o(.ARM.exidx.text.USART_ConfigStructInit), (8 bytes).
    Removing apm32f0xx_usart.o(.text.USART_ConfigSyncClock), (70 bytes).
    Removing apm32f0xx_usart.o(.ARM.exidx.text.USART_ConfigSyncClock), (8 bytes).
    Removing apm32f0xx_usart.o(.text.USART_ConfigSyncClockStructInit), (12 bytes).
    Removing apm32f0xx_usart.o(.ARM.exidx.text.USART_ConfigSyncClockStructInit), (8 bytes).
    Removing apm32f0xx_usart.o(.text.USART_Enable), (10 bytes).
    Removing apm32f0xx_usart.o(.ARM.exidx.text.USART_Enable), (8 bytes).
    Removing apm32f0xx_usart.o(.text.USART_Disable), (10 bytes).
    Removing apm32f0xx_usart.o(.ARM.exidx.text.USART_Disable), (8 bytes).
    Removing apm32f0xx_usart.o(.text.USART_EnableDirectionMode), (34 bytes).
    Removing apm32f0xx_usart.o(.ARM.exidx.text.USART_EnableDirectionMode), (8 bytes).
    Removing apm32f0xx_usart.o(.text.USART_DisableDirectionMode), (36 bytes).
    Removing apm32f0xx_usart.o(.ARM.exidx.text.USART_DisableDirectionMode), (8 bytes).
    Removing apm32f0xx_usart.o(.text.USART_EnableOverSampling8), (12 bytes).
    Removing apm32f0xx_usart.o(.ARM.exidx.text.USART_EnableOverSampling8), (8 bytes).
    Removing apm32f0xx_usart.o(.text.USART_DisableOverSampling8), (12 bytes).
    Removing apm32f0xx_usart.o(.ARM.exidx.text.USART_DisableOverSampling8), (8 bytes).
    Removing apm32f0xx_usart.o(.text.USART_EnableOneBitMethod), (12 bytes).
    Removing apm32f0xx_usart.o(.ARM.exidx.text.USART_EnableOneBitMethod), (8 bytes).
    Removing apm32f0xx_usart.o(.text.USART_DisableOneBitMethod), (12 bytes).
    Removing apm32f0xx_usart.o(.ARM.exidx.text.USART_DisableOneBitMethod), (8 bytes).
    Removing apm32f0xx_usart.o(.text.USART_EnableMSBFirst), (12 bytes).
    Removing apm32f0xx_usart.o(.ARM.exidx.text.USART_EnableMSBFirst), (8 bytes).
    Removing apm32f0xx_usart.o(.text.USART_DisableMSBFirst), (12 bytes).
    Removing apm32f0xx_usart.o(.ARM.exidx.text.USART_DisableMSBFirst), (8 bytes).
    Removing apm32f0xx_usart.o(.text.USART_EnableDataInv), (12 bytes).
    Removing apm32f0xx_usart.o(.ARM.exidx.text.USART_EnableDataInv), (8 bytes).
    Removing apm32f0xx_usart.o(.text.USART_DisableDataInv), (12 bytes).
    Removing apm32f0xx_usart.o(.ARM.exidx.text.USART_DisableDataInv), (8 bytes).
    Removing apm32f0xx_usart.o(.text.USART_EnableInvPin), (48 bytes).
    Removing apm32f0xx_usart.o(.ARM.exidx.text.USART_EnableInvPin), (8 bytes).
    Removing apm32f0xx_usart.o(.text.USART_DisableInvPin), (60 bytes).
    Removing apm32f0xx_usart.o(.ARM.exidx.text.USART_DisableInvPin), (8 bytes).
    Removing apm32f0xx_usart.o(.text.USART_EnableSWAPPin), (12 bytes).
    Removing apm32f0xx_usart.o(.ARM.exidx.text.USART_EnableSWAPPin), (8 bytes).
    Removing apm32f0xx_usart.o(.text.USART_DisableSWAPPin), (12 bytes).
    Removing apm32f0xx_usart.o(.ARM.exidx.text.USART_DisableSWAPPin), (8 bytes).
    Removing apm32f0xx_usart.o(.text.USART_EnableReceiverTimeOut), (12 bytes).
    Removing apm32f0xx_usart.o(.ARM.exidx.text.USART_EnableReceiverTimeOut), (8 bytes).
    Removing apm32f0xx_usart.o(.text.USART_DisableReceiverTimeOut), (12 bytes).
    Removing apm32f0xx_usart.o(.ARM.exidx.text.USART_DisableReceiverTimeOut), (8 bytes).
    Removing apm32f0xx_usart.o(.text.USART_ReceiverTimeOutValue), (24 bytes).
    Removing apm32f0xx_usart.o(.ARM.exidx.text.USART_ReceiverTimeOutValue), (8 bytes).
    Removing apm32f0xx_usart.o(.text.USART_ConfigDivider), (22 bytes).
    Removing apm32f0xx_usart.o(.ARM.exidx.text.USART_ConfigDivider), (8 bytes).
    Removing apm32f0xx_usart.o(.text.USART_EnableStopMode), (10 bytes).
    Removing apm32f0xx_usart.o(.ARM.exidx.text.USART_EnableStopMode), (8 bytes).
    Removing apm32f0xx_usart.o(.text.USART_DisableStopMode), (10 bytes).
    Removing apm32f0xx_usart.o(.ARM.exidx.text.USART_DisableStopMode), (8 bytes).
    Removing apm32f0xx_usart.o(.text.USART_ConfigStopModeWakeUpSource), (18 bytes).
    Removing apm32f0xx_usart.o(.ARM.exidx.text.USART_ConfigStopModeWakeUpSource), (8 bytes).
    Removing apm32f0xx_usart.o(.text.USART_EnableAutoBaudRate), (12 bytes).
    Removing apm32f0xx_usart.o(.ARM.exidx.text.USART_EnableAutoBaudRate), (8 bytes).
    Removing apm32f0xx_usart.o(.text.USART_DisableAutoBaudRate), (12 bytes).
    Removing apm32f0xx_usart.o(.ARM.exidx.text.USART_DisableAutoBaudRate), (8 bytes).
    Removing apm32f0xx_usart.o(.text.USART_ConfigAutoBaudRate), (18 bytes).
    Removing apm32f0xx_usart.o(.ARM.exidx.text.USART_ConfigAutoBaudRate), (8 bytes).
    Removing apm32f0xx_usart.o(.text.USART_TxData), (12 bytes).
    Removing apm32f0xx_usart.o(.ARM.exidx.text.USART_TxData), (8 bytes).
    Removing apm32f0xx_usart.o(.text.USART_RxData), (12 bytes).
    Removing apm32f0xx_usart.o(.ARM.exidx.text.USART_RxData), (8 bytes).
    Removing apm32f0xx_usart.o(.text.USART_Address), (34 bytes).
    Removing apm32f0xx_usart.o(.ARM.exidx.text.USART_Address), (8 bytes).
    Removing apm32f0xx_usart.o(.text.USART_EnableMuteMode), (12 bytes).
    Removing apm32f0xx_usart.o(.ARM.exidx.text.USART_EnableMuteMode), (8 bytes).
    Removing apm32f0xx_usart.o(.text.USART_DisableMuteMode), (12 bytes).
    Removing apm32f0xx_usart.o(.ARM.exidx.text.USART_DisableMuteMode), (8 bytes).
    Removing apm32f0xx_usart.o(.text.USART_ConfigMuteModeWakeUp), (18 bytes).
    Removing apm32f0xx_usart.o(.ARM.exidx.text.USART_ConfigMuteModeWakeUp), (8 bytes).
    Removing apm32f0xx_usart.o(.text.USART_EnableLINmode), (12 bytes).
    Removing apm32f0xx_usart.o(.ARM.exidx.text.USART_EnableLINmode), (8 bytes).
    Removing apm32f0xx_usart.o(.text.USART_DisableLINmode), (12 bytes).
    Removing apm32f0xx_usart.o(.ARM.exidx.text.USART_DisableLINmode), (8 bytes).
    Removing apm32f0xx_usart.o(.text.USART_ConfigLINbreakDetectLength), (16 bytes).
    Removing apm32f0xx_usart.o(.ARM.exidx.text.USART_ConfigLINbreakDetectLength), (8 bytes).
    Removing apm32f0xx_usart.o(.text.USART_EnableHalfDuplex), (10 bytes).
    Removing apm32f0xx_usart.o(.ARM.exidx.text.USART_EnableHalfDuplex), (8 bytes).
    Removing apm32f0xx_usart.o(.text.USART_DisableHalfDuplex), (10 bytes).
    Removing apm32f0xx_usart.o(.ARM.exidx.text.USART_DisableHalfDuplex), (8 bytes).
    Removing apm32f0xx_usart.o(.text.USART_EnableSmartCard), (10 bytes).
    Removing apm32f0xx_usart.o(.ARM.exidx.text.USART_EnableSmartCard), (8 bytes).
    Removing apm32f0xx_usart.o(.text.USART_DisableSmartCard), (10 bytes).
    Removing apm32f0xx_usart.o(.ARM.exidx.text.USART_DisableSmartCard), (8 bytes).
    Removing apm32f0xx_usart.o(.text.USART_EnableSmartCardNACK), (10 bytes).
    Removing apm32f0xx_usart.o(.ARM.exidx.text.USART_EnableSmartCardNACK), (8 bytes).
    Removing apm32f0xx_usart.o(.text.USART_DisableSmartCardNACK), (10 bytes).
    Removing apm32f0xx_usart.o(.ARM.exidx.text.USART_DisableSmartCardNACK), (8 bytes).
    Removing apm32f0xx_usart.o(.text.USART_ConfigGuardTime), (22 bytes).
    Removing apm32f0xx_usart.o(.ARM.exidx.text.USART_ConfigGuardTime), (8 bytes).
    Removing apm32f0xx_usart.o(.text.USART_ConfigAutoCount), (18 bytes).
    Removing apm32f0xx_usart.o(.ARM.exidx.text.USART_ConfigAutoCount), (8 bytes).
    Removing apm32f0xx_usart.o(.text.USART_ConfigBlockSize), (16 bytes).
    Removing apm32f0xx_usart.o(.ARM.exidx.text.USART_ConfigBlockSize), (8 bytes).
    Removing apm32f0xx_usart.o(.text.USART_EnableIrDA), (10 bytes).
    Removing apm32f0xx_usart.o(.ARM.exidx.text.USART_EnableIrDA), (8 bytes).
    Removing apm32f0xx_usart.o(.text.USART_DisableIrDA), (10 bytes).
    Removing apm32f0xx_usart.o(.ARM.exidx.text.USART_DisableIrDA), (8 bytes).
    Removing apm32f0xx_usart.o(.text.USART_ConfigIrDAMode), (16 bytes).
    Removing apm32f0xx_usart.o(.ARM.exidx.text.USART_ConfigIrDAMode), (8 bytes).
    Removing apm32f0xx_usart.o(.text.USART_ConfigAddressDetection), (16 bytes).
    Removing apm32f0xx_usart.o(.ARM.exidx.text.USART_ConfigAddressDetection), (8 bytes).
    Removing apm32f0xx_usart.o(.text.USART_EnableDE), (12 bytes).
    Removing apm32f0xx_usart.o(.ARM.exidx.text.USART_EnableDE), (8 bytes).
    Removing apm32f0xx_usart.o(.text.USART_DisableDE), (12 bytes).
    Removing apm32f0xx_usart.o(.ARM.exidx.text.USART_DisableDE), (8 bytes).
    Removing apm32f0xx_usart.o(.text.USART_ConfigDEPolarity), (18 bytes).
    Removing apm32f0xx_usart.o(.ARM.exidx.text.USART_ConfigDEPolarity), (8 bytes).
    Removing apm32f0xx_usart.o(.text.USART_DEAssertionTimeValue), (32 bytes).
    Removing apm32f0xx_usart.o(.ARM.exidx.text.USART_DEAssertionTimeValue), (8 bytes).
    Removing apm32f0xx_usart.o(.text.USART_DEDeassertionTimeValue), (32 bytes).
    Removing apm32f0xx_usart.o(.ARM.exidx.text.USART_DEDeassertionTimeValue), (8 bytes).
    Removing apm32f0xx_usart.o(.text.USART_EnableDMA), (40 bytes).
    Removing apm32f0xx_usart.o(.ARM.exidx.text.USART_EnableDMA), (8 bytes).
    Removing apm32f0xx_usart.o(.text.USART_DisableDMA), (46 bytes).
    Removing apm32f0xx_usart.o(.ARM.exidx.text.USART_DisableDMA), (8 bytes).
    Removing apm32f0xx_usart.o(.text.USART_ConfigDMAReceptionError), (18 bytes).
    Removing apm32f0xx_usart.o(.ARM.exidx.text.USART_ConfigDMAReceptionError), (8 bytes).
    Removing apm32f0xx_usart.o(.text.USART_EnableInterrupt), (48 bytes).
    Removing apm32f0xx_usart.o(.ARM.exidx.text.USART_EnableInterrupt), (8 bytes).
    Removing apm32f0xx_usart.o(.text.USART_DisableInterrupt), (56 bytes).
    Removing apm32f0xx_usart.o(.ARM.exidx.text.USART_DisableInterrupt), (8 bytes).
    Removing apm32f0xx_usart.o(.text.USART_EnableRequest), (54 bytes).
    Removing apm32f0xx_usart.o(.ARM.exidx.text.USART_EnableRequest), (8 bytes).
    Removing apm32f0xx_usart.o(.text.USART_DisableRequest), (60 bytes).
    Removing apm32f0xx_usart.o(.ARM.exidx.text.USART_DisableRequest), (8 bytes).
    Removing apm32f0xx_usart.o(.text.USART_ConfigOverrunDetection), (18 bytes).
    Removing apm32f0xx_usart.o(.ARM.exidx.text.USART_ConfigOverrunDetection), (8 bytes).
    Removing apm32f0xx_usart.o(.text.USART_ReadStatusFlag), (10 bytes).
    Removing apm32f0xx_usart.o(.ARM.exidx.text.USART_ReadStatusFlag), (8 bytes).
    Removing apm32f0xx_usart.o(.text.USART_ClearStatusFlag), (4 bytes).
    Removing apm32f0xx_usart.o(.ARM.exidx.text.USART_ClearStatusFlag), (8 bytes).
    Removing apm32f0xx_usart.o(.text.USART_ReadIntFlag), (176 bytes).
    Removing apm32f0xx_usart.o(.ARM.exidx.text.USART_ReadIntFlag), (8 bytes).
    Removing apm32f0xx_usart.o(.text.USART_ClearIntFlag), (8 bytes).
    Removing apm32f0xx_usart.o(.ARM.exidx.text.USART_ClearIntFlag), (8 bytes).
    Removing apm32f0xx_misc.o(.text), (0 bytes).
    Removing apm32f0xx_misc.o(.text.NVIC_EnableIRQRequest), (76 bytes).
    Removing apm32f0xx_misc.o(.ARM.exidx.text.NVIC_EnableIRQRequest), (8 bytes).
    Removing apm32f0xx_misc.o(.text.NVIC_DisableIRQRequest), (20 bytes).
    Removing apm32f0xx_misc.o(.ARM.exidx.text.NVIC_DisableIRQRequest), (8 bytes).
    Removing apm32f0xx_misc.o(.text.NVIC_EnableSystemLowPower), (16 bytes).
    Removing apm32f0xx_misc.o(.ARM.exidx.text.NVIC_EnableSystemLowPower), (8 bytes).
    Removing apm32f0xx_misc.o(.text.NVIC_DisableSystemLowPower), (16 bytes).
    Removing apm32f0xx_misc.o(.ARM.exidx.text.NVIC_DisableSystemLowPower), (8 bytes).
    Removing apm32f0xx_misc.o(.text.SysTick_ConfigCLKSource), (28 bytes).
    Removing apm32f0xx_misc.o(.ARM.exidx.text.SysTick_ConfigCLKSource), (8 bytes).
    Removing apm32f0xx_misc.o(.text.PMU_EnterWaitMode), (20 bytes).
    Removing apm32f0xx_misc.o(.ARM.exidx.text.PMU_EnterWaitMode), (8 bytes).
    Removing apm32f0xx_misc.o(.text.PMU_EnterHaltModeWFI), (24 bytes).
    Removing apm32f0xx_misc.o(.ARM.exidx.text.PMU_EnterHaltModeWFI), (8 bytes).
    Removing apm32f0xx_misc.o(.text.PMU_EnterHaltModeWFE), (24 bytes).
    Removing apm32f0xx_misc.o(.ARM.exidx.text.PMU_EnterHaltModeWFE), (8 bytes).
    Removing board.o(.text), (0 bytes).
    Removing board.o(.text.APM_MINI_LEDInit), (64 bytes).
    Removing board.o(.ARM.exidx.text.APM_MINI_LEDInit), (8 bytes).
    Removing board.o(.text.APM_MINI_LEDOn), (24 bytes).
    Removing board.o(.ARM.exidx.text.APM_MINI_LEDOn), (8 bytes).
    Removing board.o(.text.APM_MINI_LEDOff), (24 bytes).
    Removing board.o(.ARM.exidx.text.APM_MINI_LEDOff), (8 bytes).
    Removing board.o(.ARM.exidx.text.APM_MINI_LEDToggle), (8 bytes).
    Removing board.o(.text.APM_MINI_PBInit), (108 bytes).
    Removing board.o(.ARM.exidx.text.APM_MINI_PBInit), (8 bytes).
    Removing board.o(.text.APM_MINI_PBGetState), (32 bytes).
    Removing board.o(.ARM.exidx.text.APM_MINI_PBGetState), (8 bytes).
    Removing board.o(.text.APM_MINI_PB_Led_Isr), (64 bytes).
    Removing board.o(.ARM.exidx.text.APM_MINI_PB_Led_Isr), (8 bytes).
    Removing board.o(.text.APM_MINI_COMInit), (256 bytes).
    Removing board.o(.ARM.exidx.text.APM_MINI_COMInit), (8 bytes).
    Removing board.o(.rodata.GPIO_CLK), (8 bytes).
    Removing board.o(.data.BUTTON_PORT), (8 bytes).
    Removing board.o(.rodata.BUTTON_PIN), (4 bytes).
    Removing board.o(.rodata.BUTTON_CLK), (8 bytes).
    Removing board.o(.data.COM_USART), (8 bytes).
    Removing board.o(.data.COM_TX_PORT), (8 bytes).
    Removing board.o(.data.COM_RX_PORT), (8 bytes).
    Removing board.o(.rodata.COM_USART_CLK), (8 bytes).
    Removing board.o(.rodata.COM_TX_PORT_CLK), (8 bytes).
    Removing board.o(.rodata.COM_RX_PORT_CLK), (8 bytes).
    Removing board.o(.rodata.COM_TX_PIN), (4 bytes).
    Removing board.o(.rodata.COM_RX_PIN), (4 bytes).
    Removing board.o(.rodata.COM_TX_PIN_SOURCE), (2 bytes).
    Removing board.o(.rodata.COM_RX_PIN_SOURCE), (2 bytes).
    Removing board.o(.rodata.COM_TX_AF), (2 bytes).
    Removing board.o(.rodata.COM_RX_AF), (2 bytes).
    Removing main.o(.text), (0 bytes).
    Removing main.o(.ARM.exidx.text.main), (8 bytes).
    Removing main.o(.text.Delay), (24 bytes).
    Removing main.o(.ARM.exidx.text.Delay), (8 bytes).
    Removing main.o(.ARM.use_no_argv), (4 bytes).
    Removing apm32f0xx_int.o(.text), (0 bytes).
    Removing apm32f0xx_int.o(.ARM.exidx.text.NMI_Handler), (8 bytes).
    Removing apm32f0xx_int.o(.ARM.exidx.text.HardFault_Handler), (8 bytes).
    Removing apm32f0xx_int.o(.ARM.exidx.text.SVC_Handler), (8 bytes).
    Removing apm32f0xx_int.o(.ARM.exidx.text.PendSV_Handler), (8 bytes).
    Removing apm32f0xx_int.o(.ARM.exidx.text.SysTick_Handler), (8 bytes).

380 unused section(s) (total 7804 bytes) removed from the image.

==============================================================================

Image Symbol Table

    Local Symbols

    Symbol Name                              Value     Ov Type        Size  Object(Section)

    ../clib/division.s                       0x00000000   Number         0  aeabi_sdivfast.o ABSOLUTE
    ../clib/division.s                       0x00000000   Number         0  aeabi_sdivfast_div0.o ABSOLUTE
    ../clib/microlib/division.c              0x00000000   Number         0  uidiv.o ABSOLUTE
    ../clib/microlib/division.c              0x00000000   Number         0  uidiv_div0.o ABSOLUTE
    ../clib/microlib/division.c              0x00000000   Number         0  idiv_div0.o ABSOLUTE
    ../clib/microlib/division.c              0x00000000   Number         0  idiv0.o ABSOLUTE
    ../clib/microlib/init/entry.s            0x00000000   Number         0  entry.o ABSOLUTE
    ../clib/microlib/init/entry.s            0x00000000   Number         0  entry2.o ABSOLUTE
    ../clib/microlib/init/entry.s            0x00000000   Number         0  entry5.o ABSOLUTE
    ../clib/microlib/init/entry.s            0x00000000   Number         0  entry7a.o ABSOLUTE
    ../clib/microlib/init/entry.s            0x00000000   Number         0  entry7b.o ABSOLUTE
    ../clib/microlib/init/entry.s            0x00000000   Number         0  entry8a.o ABSOLUTE
    ../clib/microlib/init/entry.s            0x00000000   Number         0  entry8b.o ABSOLUTE
    ../clib/microlib/init/entry.s            0x00000000   Number         0  entry9a.o ABSOLUTE
    ../clib/microlib/init/entry.s            0x00000000   Number         0  entry9b.o ABSOLUTE
    ../clib/microlib/init/entry.s            0x00000000   Number         0  entry10a.o ABSOLUTE
    ../clib/microlib/init/entry.s            0x00000000   Number         0  entry10b.o ABSOLUTE
    ../clib/microlib/init/entry.s            0x00000000   Number         0  entry11a.o ABSOLUTE
    ../clib/microlib/init/entry.s            0x00000000   Number         0  entry11b.o ABSOLUTE
    ..\..\..\..\..\Library\Device\Geehy\APM32F0xx\Source\arm\startup_apm32f030.s 0x00000000   Number         0  startup_apm32f030.o ABSOLUTE
    Board.c                                  0x00000000   Number         0  board.o ABSOLUTE
    apm32f0xx_eint.c                         0x00000000   Number         0  apm32f0xx_eint.o ABSOLUTE
    apm32f0xx_gpio.c                         0x00000000   Number         0  apm32f0xx_gpio.o ABSOLUTE
    apm32f0xx_int.c                          0x00000000   Number         0  apm32f0xx_int.o ABSOLUTE
    apm32f0xx_misc.c                         0x00000000   Number         0  apm32f0xx_misc.o ABSOLUTE
    apm32f0xx_rcm.c                          0x00000000   Number         0  apm32f0xx_rcm.o ABSOLUTE
    apm32f0xx_usart.c                        0x00000000   Number         0  apm32f0xx_usart.o ABSOLUTE
    dc.s                                     0x00000000   Number         0  dc.o ABSOLUTE
    handlers.s                               0x00000000   Number         0  handlers.o ABSOLUTE
    init.s                                   0x00000000   Number         0  init.o ABSOLUTE
    main.c                                   0x00000000   Number         0  main.o ABSOLUTE
    system_apm32f0xx.c                       0x00000000   Number         0  system_apm32f0xx.o ABSOLUTE
    RESET                                    0x08000000   Section      184  startup_apm32f030.o(RESET)
    .ARM.Collect$$$$00000000                 0x080000b8   Section        0  entry.o(.ARM.Collect$$$$00000000)
    .ARM.Collect$$$$00000001                 0x080000b8   Section        4  entry2.o(.ARM.Collect$$$$00000001)
    .ARM.Collect$$$$00000004                 0x080000bc   Section        4  entry5.o(.ARM.Collect$$$$00000004)
    .ARM.Collect$$$$00000008                 0x080000c0   Section        0  entry7b.o(.ARM.Collect$$$$00000008)
    .ARM.Collect$$$$0000000A                 0x080000c0   Section        0  entry8b.o(.ARM.Collect$$$$0000000A)
    .ARM.Collect$$$$0000000B                 0x080000c0   Section        8  entry9a.o(.ARM.Collect$$$$0000000B)
    __lit__00000000                          0x080000c8   Data           4  entry2.o(.ARM.Collect$$$$00002712)
    .ARM.Collect$$$$0000000D                 0x080000c8   Section        0  entry10a.o(.ARM.Collect$$$$0000000D)
    .ARM.Collect$$$$0000000F                 0x080000c8   Section        0  entry11a.o(.ARM.Collect$$$$0000000F)
    .ARM.Collect$$$$00002712                 0x080000c8   Section        4  entry2.o(.ARM.Collect$$$$00002712)
    .text                                    0x080000cc   Section       28  startup_apm32f030.o(.text)
    .text                                    0x080000e8   Section       36  init.o(.text)
    [Anonymous Symbol]                       0x0800010c   Section        0  board.o(.text.APM_MINI_LEDToggle)
    __arm_cp.3_0                             0x08000120   Number         4  board.o(.text.APM_MINI_LEDToggle)
    __arm_cp.3_1                             0x08000124   Number         4  board.o(.text.APM_MINI_LEDToggle)
    [Anonymous Symbol]                       0x08000128   Section        0  apm32f0xx_gpio.o(.text.GPIO_ClearBit)
    [Anonymous Symbol]                       0x0800012c   Section        0  apm32f0xx_gpio.o(.text.GPIO_Config)
    [Anonymous Symbol]                       0x0800019e   Section        0  apm32f0xx_gpio.o(.text.GPIO_SetBit)
    [Anonymous Symbol]                       0x080001a2   Section        0  apm32f0xx_int.o(.text.HardFault_Handler)
    [Anonymous Symbol]                       0x080001a4   Section        0  apm32f0xx_int.o(.text.NMI_Handler)
    [Anonymous Symbol]                       0x080001a6   Section        0  apm32f0xx_int.o(.text.PendSV_Handler)
    [Anonymous Symbol]                       0x080001a8   Section        0  apm32f0xx_rcm.o(.text.RCM_EnableAHBPeriphClock)
    __arm_cp.47_0                            0x080001b4   Number         4  apm32f0xx_rcm.o(.text.RCM_EnableAHBPeriphClock)
    [Anonymous Symbol]                       0x080001b8   Section        0  apm32f0xx_int.o(.text.SVC_Handler)
    [Anonymous Symbol]                       0x080001ba   Section        0  apm32f0xx_int.o(.text.SysTick_Handler)
    [Anonymous Symbol]                       0x080001bc   Section        0  system_apm32f0xx.o(.text.SystemInit)
    __arm_cp.0_0                             0x08000290   Number         4  system_apm32f0xx.o(.text.SystemInit)
    __arm_cp.0_1                             0x08000294   Number         4  system_apm32f0xx.o(.text.SystemInit)
    __arm_cp.0_2                             0x08000298   Number         4  system_apm32f0xx.o(.text.SystemInit)
    __arm_cp.0_3                             0x0800029c   Number         4  system_apm32f0xx.o(.text.SystemInit)
    __arm_cp.0_4                             0x080002a0   Number         4  system_apm32f0xx.o(.text.SystemInit)
    [Anonymous Symbol]                       0x080002a4   Section        0  main.o(.text.main)
    __arm_cp.0_0                             0x080002fc   Number         4  main.o(.text.main)
    __arm_cp.0_1                             0x08000300   Number         4  main.o(.text.main)
    __arm_cp.0_2                             0x08000304   Number         4  main.o(.text.main)
    i.__scatterload_copy                     0x08000308   Section       14  handlers.o(i.__scatterload_copy)
    i.__scatterload_null                     0x08000316   Section        2  handlers.o(i.__scatterload_null)
    i.__scatterload_zeroinit                 0x08000318   Section       14  handlers.o(i.__scatterload_zeroinit)
    STACK                                    0x20000008   Section     1024  startup_apm32f030.o(STACK)

    Global Symbols

    Symbol Name                              Value     Ov Type        Size  Object(Section)

    BuildAttributes$$THM_ISAv3M$S$PE$A:L22$X:L11$S22$IEEE1$IW$~IW$USESV6$~STKCKD$USESV7$~SHL$OTIME$EBA8$MICROLIB$REQ8$PRES8$EABIv2 0x00000000   Number         0  anon$$obj.o ABSOLUTE
    __cpp_initialize__aeabi_                  - Undefined Weak Reference
    __cxa_finalize                            - Undefined Weak Reference
    __decompress                              - Undefined Weak Reference
    _clock_init                               - Undefined Weak Reference
    _microlib_exit                            - Undefined Weak Reference
    __Vectors_Size                           0x000000b8   Number         0  startup_apm32f030.o ABSOLUTE
    __Vectors                                0x08000000   Data           4  startup_apm32f030.o(RESET)
    __Vectors_End                            0x080000b8   Data           0  startup_apm32f030.o(RESET)
    __main                                   0x080000b9   Thumb Code     0  entry.o(.ARM.Collect$$$$00000000)
    _main_stk                                0x080000b9   Thumb Code     0  entry2.o(.ARM.Collect$$$$00000001)
    _main_scatterload                        0x080000bd   Thumb Code     0  entry5.o(.ARM.Collect$$$$00000004)
    __main_after_scatterload                 0x080000c1   Thumb Code     0  entry5.o(.ARM.Collect$$$$00000004)
    _main_clock                              0x080000c1   Thumb Code     0  entry7b.o(.ARM.Collect$$$$00000008)
    _main_cpp_init                           0x080000c1   Thumb Code     0  entry8b.o(.ARM.Collect$$$$0000000A)
    _main_init                               0x080000c1   Thumb Code     0  entry9a.o(.ARM.Collect$$$$0000000B)
    __rt_final_cpp                           0x080000c9   Thumb Code     0  entry10a.o(.ARM.Collect$$$$0000000D)
    __rt_final_exit                          0x080000c9   Thumb Code     0  entry11a.o(.ARM.Collect$$$$0000000F)
    Reset_Handler                            0x080000cd   Thumb Code     8  startup_apm32f030.o(.text)
    ADC1_IRQHandler                          0x080000df   Thumb Code     0  startup_apm32f030.o(.text)
    DMA1_CH1_IRQHandler                      0x080000df   Thumb Code     0  startup_apm32f030.o(.text)
    DMA1_CH2_3_IRQHandler                    0x080000df   Thumb Code     0  startup_apm32f030.o(.text)
    DMA1_CH4_5_IRQHandler                    0x080000df   Thumb Code     0  startup_apm32f030.o(.text)
    EINT0_1_IRQHandler                       0x080000df   Thumb Code     0  startup_apm32f030.o(.text)
    EINT2_3_IRQHandler                       0x080000df   Thumb Code     0  startup_apm32f030.o(.text)
    EINT4_15_IRQHandler                      0x080000df   Thumb Code     0  startup_apm32f030.o(.text)
    FLASH_IRQHandler                         0x080000df   Thumb Code     0  startup_apm32f030.o(.text)
    I2C1_IRQHandler                          0x080000df   Thumb Code     0  startup_apm32f030.o(.text)
    I2C2_IRQHandler                          0x080000df   Thumb Code     0  startup_apm32f030.o(.text)
    RCM_IRQHandler                           0x080000df   Thumb Code     0  startup_apm32f030.o(.text)
    RTC_IRQHandler                           0x080000df   Thumb Code     0  startup_apm32f030.o(.text)
    SPI1_IRQHandler                          0x080000df   Thumb Code     0  startup_apm32f030.o(.text)
    SPI2_IRQHandler                          0x080000df   Thumb Code     0  startup_apm32f030.o(.text)
    TMR14_IRQHandler                         0x080000df   Thumb Code     0  startup_apm32f030.o(.text)
    TMR15_IRQHandler                         0x080000df   Thumb Code     0  startup_apm32f030.o(.text)
    TMR16_IRQHandler                         0x080000df   Thumb Code     0  startup_apm32f030.o(.text)
    TMR17_IRQHandler                         0x080000df   Thumb Code     0  startup_apm32f030.o(.text)
    TMR1_BRK_UP_TRG_COM_IRQHandler           0x080000df   Thumb Code     0  startup_apm32f030.o(.text)
    TMR1_CC_IRQHandler                       0x080000df   Thumb Code     0  startup_apm32f030.o(.text)
    TMR3_IRQHandler                          0x080000df   Thumb Code     0  startup_apm32f030.o(.text)
    TMR6_IRQHandler                          0x080000df   Thumb Code     0  startup_apm32f030.o(.text)
    TMR7_IRQHandler                          0x080000df   Thumb Code     0  startup_apm32f030.o(.text)
    USART1_IRQHandler                        0x080000df   Thumb Code     0  startup_apm32f030.o(.text)
    USART2_IRQHandler                        0x080000df   Thumb Code     0  startup_apm32f030.o(.text)
    USART3_6_IRQHandler                      0x080000df   Thumb Code     0  startup_apm32f030.o(.text)
    WWDT_IRQHandler                          0x080000df   Thumb Code     0  startup_apm32f030.o(.text)
    __scatterload                            0x080000e9   Thumb Code    28  init.o(.text)
    __scatterload_rt2                        0x080000e9   Thumb Code     0  init.o(.text)
    APM_MINI_LEDToggle                       0x0800010d   Thumb Code    20  board.o(.text.APM_MINI_LEDToggle)
    GPIO_ClearBit                            0x08000129   Thumb Code     4  apm32f0xx_gpio.o(.text.GPIO_ClearBit)
    GPIO_Config                              0x0800012d   Thumb Code   114  apm32f0xx_gpio.o(.text.GPIO_Config)
    GPIO_SetBit                              0x0800019f   Thumb Code     4  apm32f0xx_gpio.o(.text.GPIO_SetBit)
    HardFault_Handler                        0x080001a3   Thumb Code     2  apm32f0xx_int.o(.text.HardFault_Handler)
    NMI_Handler                              0x080001a5   Thumb Code     2  apm32f0xx_int.o(.text.NMI_Handler)
    PendSV_Handler                           0x080001a7   Thumb Code     2  apm32f0xx_int.o(.text.PendSV_Handler)
    RCM_EnableAHBPeriphClock                 0x080001a9   Thumb Code    12  apm32f0xx_rcm.o(.text.RCM_EnableAHBPeriphClock)
    SVC_Handler                              0x080001b9   Thumb Code     2  apm32f0xx_int.o(.text.SVC_Handler)
    SysTick_Handler                          0x080001bb   Thumb Code     2  apm32f0xx_int.o(.text.SysTick_Handler)
    SystemInit                               0x080001bd   Thumb Code   212  system_apm32f0xx.o(.text.SystemInit)
    main                                     0x080002a5   Thumb Code    88  main.o(.text.main)
    __scatterload_copy                       0x08000309   Thumb Code    14  handlers.o(i.__scatterload_copy)
    __scatterload_null                       0x08000317   Thumb Code     2  handlers.o(i.__scatterload_null)
    __scatterload_zeroinit                   0x08000319   Thumb Code    14  handlers.o(i.__scatterload_zeroinit)
    GPIO_PIN                                 0x08000326   Data           4  board.o(.rodata.GPIO_PIN)
    Region$$Table$$Base                      0x0800032c   Number         0  anon$$obj.o(Region$$Table)
    Region$$Table$$Limit                     0x0800034c   Number         0  anon$$obj.o(Region$$Table)
    GPIO_PORT                                0x20000000   Data           8  board.o(.data.GPIO_PORT)
    __initial_sp                             0x20000408   Data           0  startup_apm32f030.o(STACK)



==============================================================================

Memory Map of the image

  Image Entry point : 0x080000b9

  Load Region LR_IROM1 (Base: 0x08000000, Size: 0x00000358, Max: 0x00010000, ABSOLUTE)

    Execution Region ER_IROM1 (Exec base: 0x08000000, Load base: 0x08000000, Size: 0x0000034c, Max: 0x00010000, ABSOLUTE)

    Exec Addr    Load Addr    Size         Type   Attr      Idx    E Section Name        Object

    0x08000000   0x08000000   0x000000b8   Data   RO           16    RESET               startup_apm32f030.o
    0x080000b8   0x080000b8   0x00000000   Code   RO          464  * .ARM.Collect$$$$00000000  mc_p.l(entry.o)
    0x080000b8   0x080000b8   0x00000004   Code   RO          473    .ARM.Collect$$$$00000001  mc_p.l(entry2.o)
    0x080000bc   0x080000bc   0x00000004   Code   RO          476    .ARM.Collect$$$$00000004  mc_p.l(entry5.o)
    0x080000c0   0x080000c0   0x00000000   Code   RO          478    .ARM.Collect$$$$00000008  mc_p.l(entry7b.o)
    0x080000c0   0x080000c0   0x00000000   Code   RO          480    .ARM.Collect$$$$0000000A  mc_p.l(entry8b.o)
    0x080000c0   0x080000c0   0x00000008   Code   RO          481    .ARM.Collect$$$$0000000B  mc_p.l(entry9a.o)
    0x080000c8   0x080000c8   0x00000000   Code   RO          483    .ARM.Collect$$$$0000000D  mc_p.l(entry10a.o)
    0x080000c8   0x080000c8   0x00000000   Code   RO          485    .ARM.Collect$$$$0000000F  mc_p.l(entry11a.o)
    0x080000c8   0x080000c8   0x00000004   Code   RO          474    .ARM.Collect$$$$00002712  mc_p.l(entry2.o)
    0x080000cc   0x080000cc   0x0000001c   Code   RO           17    .text               startup_apm32f030.o
    0x080000e8   0x080000e8   0x00000024   Code   RO          497    .text               mc_p.l(init.o)
    0x0800010c   0x0800010c   0x0000001c   Code   RO          400    .text.APM_MINI_LEDToggle  board.o
    0x08000128   0x08000128   0x00000004   Code   RO           66    .text.GPIO_ClearBit  apm32f0xx_gpio.o
    0x0800012c   0x0800012c   0x00000072   Code   RO           50    .text.GPIO_Config   apm32f0xx_gpio.o
    0x0800019e   0x0800019e   0x00000004   Code   RO           64    .text.GPIO_SetBit   apm32f0xx_gpio.o
    0x080001a2   0x080001a2   0x00000002   Code   RO          450    .text.HardFault_Handler  apm32f0xx_int.o
    0x080001a4   0x080001a4   0x00000002   Code   RO          448    .text.NMI_Handler   apm32f0xx_int.o
    0x080001a6   0x080001a6   0x00000002   Code   RO          454    .text.PendSV_Handler  apm32f0xx_int.o
    0x080001a8   0x080001a8   0x00000010   Code   RO          177    .text.RCM_EnableAHBPeriphClock  apm32f0xx_rcm.o
    0x080001b8   0x080001b8   0x00000002   Code   RO          452    .text.SVC_Handler   apm32f0xx_int.o
    0x080001ba   0x080001ba   0x00000002   Code   RO          456    .text.SysTick_Handler  apm32f0xx_int.o
    0x080001bc   0x080001bc   0x000000e8   Code   RO            2    .text.SystemInit    system_apm32f0xx.o
    0x080002a4   0x080002a4   0x00000064   Code   RO          436    .text.main          main.o
    0x08000308   0x08000308   0x0000000e   Code   RO          501    i.__scatterload_copy  mc_p.l(handlers.o)
    0x08000316   0x08000316   0x00000002   Code   RO          502    i.__scatterload_null  mc_p.l(handlers.o)
    0x08000318   0x08000318   0x0000000e   Code   RO          503    i.__scatterload_zeroinit  mc_p.l(handlers.o)
    0x08000326   0x08000326   0x00000004   Data   RO          411    .rodata.GPIO_PIN    board.o
    0x0800032a   0x0800032a   0x00000002   PAD
    0x0800032c   0x0800032c   0x00000020   Data   RO          500    Region$$Table       anon$$obj.o


    Execution Region RW_IRAM1 (Exec base: 0x20000000, Load base: 0x08000350, Size: 0x00000408, Max: 0x00002000, ABSOLUTE)

    Exec Addr    Load Addr    Size         Type   Attr      Idx    E Section Name        Object

    0x20000000   0x08000350   0x00000008   Data   RW          410    .data.GPIO_PORT     board.o
    0x20000008        -       0x00000400   Zero   RW           14    STACK               startup_apm32f030.o


==============================================================================

Image component sizes


      Code (inc. data)   RO Data    RW Data    ZI Data      Debug   Object Name

       122          0          0          0          0      10148   apm32f0xx_gpio.o
        10          0          0          0          0        773   apm32f0xx_int.o
        16          4          0          0          0      23161   apm32f0xx_rcm.o
        28          8          4          8          0      16856   board.o
       100         12          0          0          0       7212   main.o
        28          8        184          0       1024        800   startup_apm32f030.o
       232         20          0          0          0       8923   system_apm32f0xx.o

    ----------------------------------------------------------------------
       536         52        222          8       1024      67873   Object Totals
         0          0         32          0          0          0   (incl. Generated)
         0          0          2          0          0          0   (incl. Padding)

    ----------------------------------------------------------------------

      Code (inc. data)   RO Data    RW Data    ZI Data      Debug   Library Member Name

         0          0          0          0          0          0   entry.o
         0          0          0          0          0          0   entry10a.o
         0          0          0          0          0          0   entry11a.o
         8          4          0          0          0          0   entry2.o
         4          0          0          0          0          0   entry5.o
         0          0          0          0          0          0   entry7b.o
         0          0          0          0          0          0   entry8b.o
         8          4          0          0          0          0   entry9a.o
        30          0          0          0          0          0   handlers.o
        36          8          0          0          0         68   init.o

    ----------------------------------------------------------------------
        86         16          0          0          0         68   Library Totals
         0          0          0          0          0          0   (incl. Padding)

    ----------------------------------------------------------------------

      Code (inc. data)   RO Data    RW Data    ZI Data      Debug   Library Name

        86         16          0          0          0         68   mc_p.l

    ----------------------------------------------------------------------
        86         16          0          0          0         68   Library Totals

    ----------------------------------------------------------------------

==============================================================================


      Code (inc. data)   RO Data    RW Data    ZI Data      Debug   

       622         68        222          8       1024      67993   Grand Totals
       622         68        222          8       1024      67993   ELF Image Totals
       622         68        222          8          0          0   ROM Totals

==============================================================================

    Total RO  Size (Code + RO Data)                  844 (   0.82kB)
    Total RW  Size (RW Data + ZI Data)              1032 (   1.01kB)
    Total ROM Size (Code + RO Data + RW Data)        852 (   0.83kB)

==============================================================================

