C:/Users/roboter/Documents/GitHub/HardwareModules/STM32/STM32F429-Discovery/STM32F429I-Discovery_FW_V1.0.3/Libraries/STM32_USB_Device_Library/Core/src/usbd_ioreq.c:95:14:USBD_CtlSendData	8	static
C:/Users/roboter/Documents/GitHub/HardwareModules/STM32/STM32F429-Discovery/STM32F429I-Discovery_FW_V1.0.3/Libraries/STM32_USB_Device_Library/Core/src/usbd_ioreq.c:118:14:USBD_CtlContinueSendData	8	static
C:/Users/roboter/Documents/GitHub/HardwareModules/STM32/STM32F429-Discovery/STM32F429I-Discovery_FW_V1.0.3/Libraries/STM32_USB_Device_Library/Core/src/usbd_ioreq.c:138:14:USBD_CtlPrepareRx	8	static
C:/Users/roboter/Documents/GitHub/HardwareModules/STM32/STM32F429-Discovery/STM32F429I-Discovery_FW_V1.0.3/Libraries/STM32_USB_Device_Library/Core/src/usbd_ioreq.c:165:14:USBD_CtlContinueRx	8	static
C:/Users/roboter/Documents/GitHub/HardwareModules/STM32/STM32F429-Discovery/STM32F429I-Discovery_FW_V1.0.3/Libraries/STM32_USB_Device_Library/Core/src/usbd_ioreq.c:183:14:USBD_CtlSendStatus	8	static
C:/Users/roboter/Documents/GitHub/HardwareModules/STM32/STM32F429-Discovery/STM32F429I-Discovery_FW_V1.0.3/Libraries/STM32_USB_Device_Library/Core/src/usbd_ioreq.c:203:14:USBD_CtlReceiveStatus	8	static
C:/Users/roboter/Documents/GitHub/HardwareModules/STM32/STM32F429-Discovery/STM32F429I-Discovery_FW_V1.0.3/Libraries/STM32_USB_Device_Library/Core/src/usbd_ioreq.c:225:11:USBD_GetRxCount	0	static
