C:/PROJECTS/Hardware/STM32/32F746GDISCOVERY/CubeIde/LTDC_PicturesFromSDCard/Middlewares/Third_Party/FatFs/src/ff.c:623:7:ld_dword	0	static
C:/PROJECTS/Hardware/STM32/32F746GDISCOVERY/CubeIde/LTDC_PicturesFromSDCard/Middlewares/Third_Party/FatFs/src/ff.c:661:6:st_dword	0	static
C:/PROJECTS/Hardware/STM32/32F746GDISCOVERY/CubeIde/LTDC_PicturesFromSDCard/Middlewares/Third_Party/FatFs/src/ff.c:706:6:mem_set	0	static
C:/PROJECTS/Hardware/STM32/32F746GDISCOVERY/CubeIde/LTDC_PicturesFromSDCard/Middlewares/Third_Party/FatFs/src/ff.c:771:9:chk_lock	12	static
C:/PROJECTS/Hardware/STM32/32F746GDISCOVERY/CubeIde/LTDC_PicturesFromSDCard/Middlewares/Third_Party/FatFs/src/ff.c:808:6:inc_lock	20	static
C:/PROJECTS/Hardware/STM32/32F746GDISCOVERY/CubeIde/LTDC_PicturesFromSDCard/Middlewares/Third_Party/FatFs/src/ff.c:840:9:dec_lock	0	static
C:/PROJECTS/Hardware/STM32/32F746GDISCOVERY/CubeIde/LTDC_PicturesFromSDCard/Middlewares/Third_Party/FatFs/src/ff.c:863:6:clear_lock	0	static
C:/PROJECTS/Hardware/STM32/32F746GDISCOVERY/CubeIde/LTDC_PicturesFromSDCard/Middlewares/Third_Party/FatFs/src/ff.c:983:7:clust2sect	0	static
C:/PROJECTS/Hardware/STM32/32F746GDISCOVERY/CubeIde/LTDC_PicturesFromSDCard/Middlewares/Third_Party/FatFs/src/ff.c:1440:7:clmt_clust	0	static
C:/PROJECTS/Hardware/STM32/32F746GDISCOVERY/CubeIde/LTDC_PicturesFromSDCard/Middlewares/Third_Party/FatFs/src/ff.c:2546:7:get_achar	0	static
C:/PROJECTS/Hardware/STM32/32F746GDISCOVERY/CubeIde/LTDC_PicturesFromSDCard/Middlewares/Third_Party/FatFs/src/ff.c:2570:5:pattern_matching	32	static
C:/PROJECTS/Hardware/STM32/32F746GDISCOVERY/CubeIde/LTDC_PicturesFromSDCard/Middlewares/Third_Party/FatFs/src/ff.c:2904:5:get_ldnumber	8	static
C:/PROJECTS/Hardware/STM32/32F746GDISCOVERY/CubeIde/LTDC_PicturesFromSDCard/Middlewares/Third_Party/FatFs/src/ff.c:3216:9:validate	16	static
C:/PROJECTS/Hardware/STM32/32F746GDISCOVERY/CubeIde/LTDC_PicturesFromSDCard/Middlewares/Third_Party/FatFs/src/ff.c:883:9:sync_window	24	static
C:/PROJECTS/Hardware/STM32/32F746GDISCOVERY/CubeIde/LTDC_PicturesFromSDCard/Middlewares/Third_Party/FatFs/src/ff.c:693:6:mem_cpy.part.0	0	static
C:/PROJECTS/Hardware/STM32/32F746GDISCOVERY/CubeIde/LTDC_PicturesFromSDCard/Middlewares/Third_Party/FatFs/src/ff.c:1650:6:st_clust	0	static
C:/PROJECTS/Hardware/STM32/32F746GDISCOVERY/CubeIde/LTDC_PicturesFromSDCard/Middlewares/Third_Party/FatFs/src/ff.c:912:9:move_window	16	static
C:/PROJECTS/Hardware/STM32/32F746GDISCOVERY/CubeIde/LTDC_PicturesFromSDCard/Middlewares/Third_Party/FatFs/src/ff.c:2965:6:check_fs	8	static
C:/PROJECTS/Hardware/STM32/32F746GDISCOVERY/CubeIde/LTDC_PicturesFromSDCard/Middlewares/Third_Party/FatFs/src/ff.c:2993:9:find_volume	40	static
C:/PROJECTS/Hardware/STM32/32F746GDISCOVERY/CubeIde/LTDC_PicturesFromSDCard/Middlewares/Third_Party/FatFs/src/ff.c:1081:9:put_fat	32	static
C:/PROJECTS/Hardware/STM32/32F746GDISCOVERY/CubeIde/LTDC_PicturesFromSDCard/Middlewares/Third_Party/FatFs/src/ff.c:944:9:sync_fs	24	static
C:/PROJECTS/Hardware/STM32/32F746GDISCOVERY/CubeIde/LTDC_PicturesFromSDCard/Middlewares/Third_Party/FatFs/src/ff.c:2444:6:get_fileinfo.part.0.constprop.isra	24	static
C:/PROJECTS/Hardware/STM32/32F746GDISCOVERY/CubeIde/LTDC_PicturesFromSDCard/Middlewares/Third_Party/FatFs/src/ff.c:1632:7:ld_clust.isra	0	static
C:/PROJECTS/Hardware/STM32/32F746GDISCOVERY/CubeIde/LTDC_PicturesFromSDCard/Middlewares/Third_Party/FatFs/src/ff.c:1001:7:get_fat.isra	24	static
C:/PROJECTS/Hardware/STM32/32F746GDISCOVERY/CubeIde/LTDC_PicturesFromSDCard/Middlewares/Third_Party/FatFs/src/ff.c:1470:9:dir_sdi.constprop	24	static
C:/PROJECTS/Hardware/STM32/32F746GDISCOVERY/CubeIde/LTDC_PicturesFromSDCard/Middlewares/Third_Party/FatFs/src/ff.c:1271:9:remove_chain	24	static
C:/PROJECTS/Hardware/STM32/32F746GDISCOVERY/CubeIde/LTDC_PicturesFromSDCard/Middlewares/Third_Party/FatFs/src/ff.c:1351:7:create_chain	24	static
C:/PROJECTS/Hardware/STM32/32F746GDISCOVERY/CubeIde/LTDC_PicturesFromSDCard/Middlewares/Third_Party/FatFs/src/ff.c:1519:9:dir_next	32	static
C:/PROJECTS/Hardware/STM32/32F746GDISCOVERY/CubeIde/LTDC_PicturesFromSDCard/Middlewares/Third_Party/FatFs/src/ff.c:2813:9:follow_path	32	static
C:/PROJECTS/Hardware/STM32/32F746GDISCOVERY/CubeIde/LTDC_PicturesFromSDCard/Middlewares/Third_Party/FatFs/src/ff.c:2131:9:dir_read.constprop	16	static
C:/PROJECTS/Hardware/STM32/32F746GDISCOVERY/CubeIde/LTDC_PicturesFromSDCard/Middlewares/Third_Party/FatFs/src/ff.c:2292:9:dir_register	16	static
C:/PROJECTS/Hardware/STM32/32F746GDISCOVERY/CubeIde/LTDC_PicturesFromSDCard/Middlewares/Third_Party/FatFs/src/ff.c:3260:9:f_mount	32	static
C:/PROJECTS/Hardware/STM32/32F746GDISCOVERY/CubeIde/LTDC_PicturesFromSDCard/Middlewares/Third_Party/FatFs/src/ff.c:3308:9:f_open	96	static
C:/PROJECTS/Hardware/STM32/32F746GDISCOVERY/CubeIde/LTDC_PicturesFromSDCard/Middlewares/Third_Party/FatFs/src/ff.c:3511:9:f_read	64	static
C:/PROJECTS/Hardware/STM32/32F746GDISCOVERY/CubeIde/LTDC_PicturesFromSDCard/Middlewares/Third_Party/FatFs/src/ff.c:3611:9:f_write	56	static
C:/PROJECTS/Hardware/STM32/32F746GDISCOVERY/CubeIde/LTDC_PicturesFromSDCard/Middlewares/Third_Party/FatFs/src/ff.c:3732:9:f_sync	32	static
C:/PROJECTS/Hardware/STM32/32F746GDISCOVERY/CubeIde/LTDC_PicturesFromSDCard/Middlewares/Third_Party/FatFs/src/ff.c:3813:9:f_close	16	static
C:/PROJECTS/Hardware/STM32/32F746GDISCOVERY/CubeIde/LTDC_PicturesFromSDCard/Middlewares/Third_Party/FatFs/src/ff.c:4001:9:f_lseek	48	static
C:/PROJECTS/Hardware/STM32/32F746GDISCOVERY/CubeIde/LTDC_PicturesFromSDCard/Middlewares/Third_Party/FatFs/src/ff.c:4162:9:f_opendir	32	static
C:/PROJECTS/Hardware/STM32/32F746GDISCOVERY/CubeIde/LTDC_PicturesFromSDCard/Middlewares/Third_Party/FatFs/src/ff.c:4232:9:f_closedir	24	static
C:/PROJECTS/Hardware/STM32/32F746GDISCOVERY/CubeIde/LTDC_PicturesFromSDCard/Middlewares/Third_Party/FatFs/src/ff.c:4265:9:f_readdir	24	static
C:/PROJECTS/Hardware/STM32/32F746GDISCOVERY/CubeIde/LTDC_PicturesFromSDCard/Middlewares/Third_Party/FatFs/src/ff.c:4301:9:f_findnext	24	static
C:/PROJECTS/Hardware/STM32/32F746GDISCOVERY/CubeIde/LTDC_PicturesFromSDCard/Middlewares/Third_Party/FatFs/src/ff.c:4326:9:f_findfirst	16	static
C:/PROJECTS/Hardware/STM32/32F746GDISCOVERY/CubeIde/LTDC_PicturesFromSDCard/Middlewares/Third_Party/FatFs/src/ff.c:4353:9:f_stat	80	static
C:/PROJECTS/Hardware/STM32/32F746GDISCOVERY/CubeIde/LTDC_PicturesFromSDCard/Middlewares/Third_Party/FatFs/src/ff.c:4388:9:f_getfree	48	static
C:/PROJECTS/Hardware/STM32/32F746GDISCOVERY/CubeIde/LTDC_PicturesFromSDCard/Middlewares/Third_Party/FatFs/src/ff.c:4475:9:f_truncate	24	static
C:/PROJECTS/Hardware/STM32/32F746GDISCOVERY/CubeIde/LTDC_PicturesFromSDCard/Middlewares/Third_Party/FatFs/src/ff.c:4525:9:f_unlink	144	static
C:/PROJECTS/Hardware/STM32/32F746GDISCOVERY/CubeIde/LTDC_PicturesFromSDCard/Middlewares/Third_Party/FatFs/src/ff.c:4620:9:f_mkdir	104	static
C:/PROJECTS/Hardware/STM32/32F746GDISCOVERY/CubeIde/LTDC_PicturesFromSDCard/Middlewares/Third_Party/FatFs/src/ff.c:4717:9:f_rename	168	static
C:/PROJECTS/Hardware/STM32/32F746GDISCOVERY/CubeIde/LTDC_PicturesFromSDCard/Middlewares/Third_Party/FatFs/src/ff.c:5301:9:f_mkfs	72	static
