C:/PROJECTS/Hardware/STM32/32F746GDISCOVERY/CubeIde/LTDC_PicturesFromSDCard/Drivers/STM32F7xx_HAL_Driver/Src/stm32f7xx_hal_uart.c:3379:13:UART_EndRxTransfer	0	static,ignoring_inline_asm
C:/PROJECTS/Hardware/STM32/32F746GDISCOVERY/CubeIde/LTDC_PicturesFromSDCard/Drivers/STM32F7xx_HAL_Driver/Src/stm32f7xx_hal_uart.c:3782:13:UART_TxISR_8BIT.part.0	0	static,ignoring_inline_asm
C:/PROJECTS/Hardware/STM32/32F746GDISCOVERY/CubeIde/LTDC_PicturesFromSDCard/Drivers/STM32F7xx_HAL_Driver/Src/stm32f7xx_hal_uart.c:3782:13:UART_TxISR_8BIT	0	static
C:/PROJECTS/Hardware/STM32/32F746GDISCOVERY/CubeIde/LTDC_PicturesFromSDCard/Drivers/STM32F7xx_HAL_Driver/Src/stm32f7xx_hal_uart.c:3811:13:UART_TxISR_16BIT	0	static
C:/PROJECTS/Hardware/STM32/32F746GDISCOVERY/CubeIde/LTDC_PicturesFromSDCard/Drivers/STM32F7xx_HAL_Driver/Src/stm32f7xx_hal_uart.c:661:13:HAL_UART_MspInit	0	static
C:/PROJECTS/Hardware/STM32/32F746GDISCOVERY/CubeIde/LTDC_PicturesFromSDCard/Drivers/STM32F7xx_HAL_Driver/Src/stm32f7xx_hal_uart.c:676:13:HAL_UART_MspDeInit	0	static
C:/PROJECTS/Hardware/STM32/32F746GDISCOVERY/CubeIde/LTDC_PicturesFromSDCard/Drivers/STM32F7xx_HAL_Driver/Src/stm32f7xx_hal_uart.c:614:19:HAL_UART_DeInit	16	static
C:/PROJECTS/Hardware/STM32/32F746GDISCOVERY/CubeIde/LTDC_PicturesFromSDCard/Drivers/STM32F7xx_HAL_Driver/Src/stm32f7xx_hal_uart.c:1259:19:HAL_UART_Transmit_IT	0	static,ignoring_inline_asm
C:/PROJECTS/Hardware/STM32/32F746GDISCOVERY/CubeIde/LTDC_PicturesFromSDCard/Drivers/STM32F7xx_HAL_Driver/Src/stm32f7xx_hal_uart.c:1346:19:HAL_UART_Transmit_DMA	24	static,ignoring_inline_asm
C:/PROJECTS/Hardware/STM32/32F746GDISCOVERY/CubeIde/LTDC_PicturesFromSDCard/Drivers/STM32F7xx_HAL_Driver/Src/stm32f7xx_hal_uart.c:1449:19:HAL_UART_DMAPause	0	static,ignoring_inline_asm
C:/PROJECTS/Hardware/STM32/32F746GDISCOVERY/CubeIde/LTDC_PicturesFromSDCard/Drivers/STM32F7xx_HAL_Driver/Src/stm32f7xx_hal_uart.c:1479:19:HAL_UART_DMAResume	0	static,ignoring_inline_asm
C:/PROJECTS/Hardware/STM32/32F746GDISCOVERY/CubeIde/LTDC_PicturesFromSDCard/Drivers/STM32F7xx_HAL_Driver/Src/stm32f7xx_hal_uart.c:1510:19:HAL_UART_DMAStop	16	static,ignoring_inline_asm
C:/PROJECTS/Hardware/STM32/32F746GDISCOVERY/CubeIde/LTDC_PicturesFromSDCard/Drivers/STM32F7xx_HAL_Driver/Src/stm32f7xx_hal_uart.c:1585:19:HAL_UART_Abort	8	static,ignoring_inline_asm
C:/PROJECTS/Hardware/STM32/32F746GDISCOVERY/CubeIde/LTDC_PicturesFromSDCard/Drivers/STM32F7xx_HAL_Driver/Src/stm32f7xx_hal_uart.c:1682:19:HAL_UART_AbortTransmit	8	static,ignoring_inline_asm
C:/PROJECTS/Hardware/STM32/32F746GDISCOVERY/CubeIde/LTDC_PicturesFromSDCard/Drivers/STM32F7xx_HAL_Driver/Src/stm32f7xx_hal_uart.c:1735:19:HAL_UART_AbortReceive	8	static,ignoring_inline_asm
C:/PROJECTS/Hardware/STM32/32F746GDISCOVERY/CubeIde/LTDC_PicturesFromSDCard/Drivers/STM32F7xx_HAL_Driver/Src/stm32f7xx_hal_uart.c:2434:13:HAL_UART_TxCpltCallback	0	static
C:/PROJECTS/Hardware/STM32/32F746GDISCOVERY/CubeIde/LTDC_PicturesFromSDCard/Drivers/STM32F7xx_HAL_Driver/Src/stm32f7xx_hal_uart.c:3405:13:UART_DMATransmitCplt	8	static,ignoring_inline_asm
C:/PROJECTS/Hardware/STM32/32F746GDISCOVERY/CubeIde/LTDC_PicturesFromSDCard/Drivers/STM32F7xx_HAL_Driver/Src/stm32f7xx_hal_uart.c:2449:13:HAL_UART_TxHalfCpltCallback	0	static
C:/PROJECTS/Hardware/STM32/32F746GDISCOVERY/CubeIde/LTDC_PicturesFromSDCard/Drivers/STM32F7xx_HAL_Driver/Src/stm32f7xx_hal_uart.c:3439:13:UART_DMATxHalfCplt	8	static
C:/PROJECTS/Hardware/STM32/32F746GDISCOVERY/CubeIde/LTDC_PicturesFromSDCard/Drivers/STM32F7xx_HAL_Driver/Src/stm32f7xx_hal_uart.c:2464:13:HAL_UART_RxCpltCallback	0	static
C:/PROJECTS/Hardware/STM32/32F746GDISCOVERY/CubeIde/LTDC_PicturesFromSDCard/Drivers/STM32F7xx_HAL_Driver/Src/stm32f7xx_hal_uart.c:2479:13:HAL_UART_RxHalfCpltCallback	0	static
C:/PROJECTS/Hardware/STM32/32F746GDISCOVERY/CubeIde/LTDC_PicturesFromSDCard/Drivers/STM32F7xx_HAL_Driver/Src/stm32f7xx_hal_uart.c:2494:13:HAL_UART_ErrorCallback	0	static
C:/PROJECTS/Hardware/STM32/32F746GDISCOVERY/CubeIde/LTDC_PicturesFromSDCard/Drivers/STM32F7xx_HAL_Driver/Src/stm32f7xx_hal_uart.c:3556:13:UART_DMAError	8	static,ignoring_inline_asm
C:/PROJECTS/Hardware/STM32/32F746GDISCOVERY/CubeIde/LTDC_PicturesFromSDCard/Drivers/STM32F7xx_HAL_Driver/Src/stm32f7xx_hal_uart.c:3596:13:UART_DMAAbortOnError	8	static
C:/PROJECTS/Hardware/STM32/32F746GDISCOVERY/CubeIde/LTDC_PicturesFromSDCard/Drivers/STM32F7xx_HAL_Driver/Src/stm32f7xx_hal_uart.c:2509:13:HAL_UART_AbortCpltCallback	0	static
C:/PROJECTS/Hardware/STM32/32F746GDISCOVERY/CubeIde/LTDC_PicturesFromSDCard/Drivers/STM32F7xx_HAL_Driver/Src/stm32f7xx_hal_uart.c:1803:19:HAL_UART_Abort_IT	16	static,ignoring_inline_asm
C:/PROJECTS/Hardware/STM32/32F746GDISCOVERY/CubeIde/LTDC_PicturesFromSDCard/Drivers/STM32F7xx_HAL_Driver/Src/stm32f7xx_hal_uart.c:3669:13:UART_DMARxAbortCallback	8	static
C:/PROJECTS/Hardware/STM32/32F746GDISCOVERY/CubeIde/LTDC_PicturesFromSDCard/Drivers/STM32F7xx_HAL_Driver/Src/stm32f7xx_hal_uart.c:3619:13:UART_DMATxAbortCallback	8	static
C:/PROJECTS/Hardware/STM32/32F746GDISCOVERY/CubeIde/LTDC_PicturesFromSDCard/Drivers/STM32F7xx_HAL_Driver/Src/stm32f7xx_hal_uart.c:2524:13:HAL_UART_AbortTransmitCpltCallback	0	static
C:/PROJECTS/Hardware/STM32/32F746GDISCOVERY/CubeIde/LTDC_PicturesFromSDCard/Drivers/STM32F7xx_HAL_Driver/Src/stm32f7xx_hal_uart.c:1950:19:HAL_UART_AbortTransmit_IT	8	static,ignoring_inline_asm
C:/PROJECTS/Hardware/STM32/32F746GDISCOVERY/CubeIde/LTDC_PicturesFromSDCard/Drivers/STM32F7xx_HAL_Driver/Src/stm32f7xx_hal_uart.c:3721:13:UART_DMATxOnlyAbortCallback	8	static
C:/PROJECTS/Hardware/STM32/32F746GDISCOVERY/CubeIde/LTDC_PicturesFromSDCard/Drivers/STM32F7xx_HAL_Driver/Src/stm32f7xx_hal_uart.c:2539:13:HAL_UART_AbortReceiveCpltCallback	0	static
C:/PROJECTS/Hardware/STM32/32F746GDISCOVERY/CubeIde/LTDC_PicturesFromSDCard/Drivers/STM32F7xx_HAL_Driver/Src/stm32f7xx_hal_uart.c:2035:19:HAL_UART_AbortReceive_IT	8	static,ignoring_inline_asm
C:/PROJECTS/Hardware/STM32/32F746GDISCOVERY/CubeIde/LTDC_PicturesFromSDCard/Drivers/STM32F7xx_HAL_Driver/Src/stm32f7xx_hal_uart.c:3749:13:UART_DMARxOnlyAbortCallback	8	static
C:/PROJECTS/Hardware/STM32/32F746GDISCOVERY/CubeIde/LTDC_PicturesFromSDCard/Drivers/STM32F7xx_HAL_Driver/Src/stm32f7xx_hal_uart.c:2556:13:HAL_UARTEx_RxEventCallback	0	static
C:/PROJECTS/Hardware/STM32/32F746GDISCOVERY/CubeIde/LTDC_PicturesFromSDCard/Drivers/STM32F7xx_HAL_Driver/Src/stm32f7xx_hal_uart.c:2128:6:HAL_UART_IRQHandler	16	static,ignoring_inline_asm
C:/PROJECTS/Hardware/STM32/32F746GDISCOVERY/CubeIde/LTDC_PicturesFromSDCard/Drivers/STM32F7xx_HAL_Driver/Src/stm32f7xx_hal_uart.c:3868:13:UART_RxISR_8BIT	8	static,ignoring_inline_asm
C:/PROJECTS/Hardware/STM32/32F746GDISCOVERY/CubeIde/LTDC_PicturesFromSDCard/Drivers/STM32F7xx_HAL_Driver/Src/stm32f7xx_hal_uart.c:3956:13:UART_RxISR_16BIT	8	static,ignoring_inline_asm
C:/PROJECTS/Hardware/STM32/32F746GDISCOVERY/CubeIde/LTDC_PicturesFromSDCard/Drivers/STM32F7xx_HAL_Driver/Src/stm32f7xx_hal_uart.c:3518:13:UART_DMARxHalfCplt	8	static
C:/PROJECTS/Hardware/STM32/32F746GDISCOVERY/CubeIde/LTDC_PicturesFromSDCard/Drivers/STM32F7xx_HAL_Driver/Src/stm32f7xx_hal_uart.c:3457:13:UART_DMAReceiveCplt	8	static,ignoring_inline_asm
C:/PROJECTS/Hardware/STM32/32F746GDISCOVERY/CubeIde/LTDC_PicturesFromSDCard/Drivers/STM32F7xx_HAL_Driver/Src/stm32f7xx_hal_uart.c:2621:6:HAL_UART_ReceiverTimeout_Config	0	static
C:/PROJECTS/Hardware/STM32/32F746GDISCOVERY/CubeIde/LTDC_PicturesFromSDCard/Drivers/STM32F7xx_HAL_Driver/Src/stm32f7xx_hal_uart.c:2633:19:HAL_UART_EnableReceiverTimeout	0	static
C:/PROJECTS/Hardware/STM32/32F746GDISCOVERY/CubeIde/LTDC_PicturesFromSDCard/Drivers/STM32F7xx_HAL_Driver/Src/stm32f7xx_hal_uart.c:2664:19:HAL_UART_DisableReceiverTimeout	0	static
C:/PROJECTS/Hardware/STM32/32F746GDISCOVERY/CubeIde/LTDC_PicturesFromSDCard/Drivers/STM32F7xx_HAL_Driver/Src/stm32f7xx_hal_uart.c:2735:6:HAL_MultiProcessor_EnterMuteMode	0	static
C:/PROJECTS/Hardware/STM32/32F746GDISCOVERY/CubeIde/LTDC_PicturesFromSDCard/Drivers/STM32F7xx_HAL_Driver/Src/stm32f7xx_hal_uart.c:2745:19:HAL_HalfDuplex_EnableTransmitter	8	static,ignoring_inline_asm
C:/PROJECTS/Hardware/STM32/32F746GDISCOVERY/CubeIde/LTDC_PicturesFromSDCard/Drivers/STM32F7xx_HAL_Driver/Src/stm32f7xx_hal_uart.c:2768:19:HAL_HalfDuplex_EnableReceiver	8	static,ignoring_inline_asm
C:/PROJECTS/Hardware/STM32/32F746GDISCOVERY/CubeIde/LTDC_PicturesFromSDCard/Drivers/STM32F7xx_HAL_Driver/Src/stm32f7xx_hal_uart.c:2792:19:HAL_LIN_SendBreak	0	static
C:/PROJECTS/Hardware/STM32/32F746GDISCOVERY/CubeIde/LTDC_PicturesFromSDCard/Drivers/STM32F7xx_HAL_Driver/Src/stm32f7xx_hal_uart.c:2837:23:HAL_UART_GetState	0	static
C:/PROJECTS/Hardware/STM32/32F746GDISCOVERY/CubeIde/LTDC_PicturesFromSDCard/Drivers/STM32F7xx_HAL_Driver/Src/stm32f7xx_hal_uart.c:2853:10:HAL_UART_GetError	0	static
C:/PROJECTS/Hardware/STM32/32F746GDISCOVERY/CubeIde/LTDC_PicturesFromSDCard/Drivers/STM32F7xx_HAL_Driver/Src/stm32f7xx_hal_uart.c:2901:19:UART_SetConfig	16	static
C:/PROJECTS/Hardware/STM32/32F746GDISCOVERY/CubeIde/LTDC_PicturesFromSDCard/Drivers/STM32F7xx_HAL_Driver/Src/stm32f7xx_hal_uart.c:3045:6:UART_AdvFeatureConfig	8	static
C:/PROJECTS/Hardware/STM32/32F746GDISCOVERY/CubeIde/LTDC_PicturesFromSDCard/Drivers/STM32F7xx_HAL_Driver/Src/stm32f7xx_hal_uart.c:3190:19:UART_WaitOnFlagUntilTimeout	32	static
C:/PROJECTS/Hardware/STM32/32F746GDISCOVERY/CubeIde/LTDC_PicturesFromSDCard/Drivers/STM32F7xx_HAL_Driver/Src/stm32f7xx_hal_uart.c:1089:19:HAL_UART_Transmit	40	static
C:/PROJECTS/Hardware/STM32/32F746GDISCOVERY/CubeIde/LTDC_PicturesFromSDCard/Drivers/STM32F7xx_HAL_Driver/Src/stm32f7xx_hal_uart.c:1175:19:HAL_UART_Receive	40	static
C:/PROJECTS/Hardware/STM32/32F746GDISCOVERY/CubeIde/LTDC_PicturesFromSDCard/Drivers/STM32F7xx_HAL_Driver/Src/stm32f7xx_hal_uart.c:3119:19:UART_CheckIdleState	24	static,ignoring_inline_asm
C:/PROJECTS/Hardware/STM32/32F746GDISCOVERY/CubeIde/LTDC_PicturesFromSDCard/Drivers/STM32F7xx_HAL_Driver/Src/stm32f7xx_hal_uart.c:289:19:HAL_UART_Init	8	static
C:/PROJECTS/Hardware/STM32/32F746GDISCOVERY/CubeIde/LTDC_PicturesFromSDCard/Drivers/STM32F7xx_HAL_Driver/Src/stm32f7xx_hal_uart.c:364:19:HAL_HalfDuplex_Init	8	static
C:/PROJECTS/Hardware/STM32/32F746GDISCOVERY/CubeIde/LTDC_PicturesFromSDCard/Drivers/STM32F7xx_HAL_Driver/Src/stm32f7xx_hal_uart.c:439:19:HAL_LIN_Init	16	static
C:/PROJECTS/Hardware/STM32/32F746GDISCOVERY/CubeIde/LTDC_PicturesFromSDCard/Drivers/STM32F7xx_HAL_Driver/Src/stm32f7xx_hal_uart.c:538:19:HAL_MultiProcessor_Init	16	static
C:/PROJECTS/Hardware/STM32/32F746GDISCOVERY/CubeIde/LTDC_PicturesFromSDCard/Drivers/STM32F7xx_HAL_Driver/Src/stm32f7xx_hal_uart.c:2695:19:HAL_MultiProcessor_EnableMuteMode	0	static,ignoring_inline_asm
C:/PROJECTS/Hardware/STM32/32F746GDISCOVERY/CubeIde/LTDC_PicturesFromSDCard/Drivers/STM32F7xx_HAL_Driver/Src/stm32f7xx_hal_uart.c:2715:19:HAL_MultiProcessor_DisableMuteMode	0	static,ignoring_inline_asm
C:/PROJECTS/Hardware/STM32/32F746GDISCOVERY/CubeIde/LTDC_PicturesFromSDCard/Drivers/STM32F7xx_HAL_Driver/Src/stm32f7xx_hal_uart.c:3258:19:UART_Start_Receive_IT	0	static,ignoring_inline_asm
C:/PROJECTS/Hardware/STM32/32F746GDISCOVERY/CubeIde/LTDC_PicturesFromSDCard/Drivers/STM32F7xx_HAL_Driver/Src/stm32f7xx_hal_uart.c:1308:19:HAL_UART_Receive_IT	8	static,ignoring_inline_asm
C:/PROJECTS/Hardware/STM32/32F746GDISCOVERY/CubeIde/LTDC_PicturesFromSDCard/Drivers/STM32F7xx_HAL_Driver/Src/stm32f7xx_hal_uart.c:3307:19:UART_Start_Receive_DMA	16	static,ignoring_inline_asm
C:/PROJECTS/Hardware/STM32/32F746GDISCOVERY/CubeIde/LTDC_PicturesFromSDCard/Drivers/STM32F7xx_HAL_Driver/Src/stm32f7xx_hal_uart.c:1416:19:HAL_UART_Receive_DMA	8	static,ignoring_inline_asm
