BL51 BANKED LINKER/LOCATER V5.03                                                        07/12/2012  10:48:29  PAGE 1


BL51 BANKED LINKER/LOCATER V5.03, INVOKED BY:
E:\KEIL\C51\BIN\BL51.EXE send.obj TO send


MEMORY MODEL: SMALL


INPUT MODULES INCLUDED:
  send.obj (SEND)
  E:\KEIL\C51\LIB\C51S.LIB (?C_STARTUP)
  E:\KEIL\C51\LIB\C51S.LIB (?C?CLDOPTR)
  E:\KEIL\C51\LIB\C51S.LIB (?C_INIT)


LINK MAP OF MODULE:  send (SEND)


            TYPE    BASE      LENGTH    RELOCATION   SEGMENT NAME
            -----------------------------------------------------

            * * * * * * *   D A T A   M E M O R Y   * * * * * * *
            REG     0000H     0008H     ABSOLUTE     "REG BANK 0"
            DATA    0008H     0008H     UNIT         _DATA_GROUP_
                    0010H     0010H                  *** GAP ***
            DATA    0020H     0001H     BIT_ADDR     ?BA?SEND
            DATA    0021H     0034H     UNIT         ?DT?SEND
            IDATA   0055H     0001H     UNIT         ?STACK

            * * * * * * *   C O D E   M E M O R Y   * * * * * * *
            CODE    0000H     0003H     ABSOLUTE     
            CODE    0003H     008CH     UNIT         ?C_C51STARTUP
            CODE    008FH     005DH     UNIT         ?PR?_TX_MODE?SEND
            CODE    00ECH     0037H     UNIT         ?PR?MAIN?SEND
            CODE    0123H     002FH     UNIT         ?PR?_SPI_WRITE_BUF?SEND
            CODE    0152H     002DH     UNIT         ?C?LIB_CODE
            CODE    017FH     0028H     UNIT         ?C_INITSEG
            CODE    01A7H     0023H     UNIT         ?PR?CHECKACK?SEND
            CODE    01CAH     0019H     UNIT         ?PR?_SPI_RW?SEND
            CODE    01E3H     0013H     UNIT         ?PR?_DELAY_MS?SEND
            CODE    01F6H     0011H     UNIT         ?PR?_SPI_RW_REG?SEND
            CODE    0207H     000DH     UNIT         ?PR?_SPI_READ?SEND
            CODE    0214H     0009H     UNIT         ?PR?INIT_IO?SEND
            CODE    021DH     0005H     UNIT         ?CO?SEND



OVERLAY MAP OF MODULE:   send (SEND)


SEGMENT                           DATA_GROUP 
  +--> CALLED SEGMENT           START    LENGTH
-----------------------------------------------
?C_C51STARTUP                   -----    -----
  +--> ?PR?MAIN?SEND
  +--> ?C_INITSEG

?PR?MAIN?SEND                   -----    -----
  +--> ?PR?INIT_IO?SEND
BL51 BANKED LINKER/LOCATER V5.03                                                      07/12/2012  10:48:29  PAGE 2


  +--> ?PR?_TX_MODE?SEND
  +--> ?PR?CHECKACK?SEND
  +--> ?PR?_DELAY_MS?SEND

?PR?_TX_MODE?SEND               0008H    0003H
  +--> ?CO?SEND
  +--> ?PR?_SPI_WRITE_BUF?SEND
  +--> ?PR?_SPI_RW_REG?SEND

?PR?_SPI_WRITE_BUF?SEND         000BH    0005H
  +--> ?PR?_SPI_RW?SEND

?PR?_SPI_RW_REG?SEND            -----    -----
  +--> ?PR?_SPI_RW?SEND

?PR?CHECKACK?SEND               -----    -----
  +--> ?PR?_SPI_READ?SEND
  +--> ?PR?_SPI_RW_REG?SEND
  +--> ?PR?_SPI_RW?SEND

?PR?_SPI_READ?SEND              -----    -----
  +--> ?PR?_SPI_RW?SEND



SYMBOL TABLE OF MODULE:  send (SEND)

  VALUE           TYPE          NAME
  ----------------------------------

  -------         MODULE        SEND
  C:0000H         SYMBOL        _ICE_DUMMY_
  D:0090H         PUBLIC        P1
  D:00A0H         PUBLIC        P2
  B:0090H.0       PUBLIC        CE
  C:021DH         PUBLIC        TX_ADDRESS
  D:0021H         PUBLIC        flag
  D:0022H         PUBLIC        TX_BUF1
  B:0020H.6       PUBLIC        RX_DR
  B:0020H.5       PUBLIC        TX_DS
  C:00ECH         PUBLIC        main
  C:0207H         PUBLIC        _SPI_Read
  C:01A7H         PUBLIC        CheckACK
  C:01E3H         PUBLIC        _delay_ms
  B:0090H.4       PUBLIC        MISO
  B:0090H.3       PUBLIC        MOSI
  C:0123H         PUBLIC        _SPI_Write_Buf
  D:0020H         PUBLIC        sta
  D:0032H         PUBLIC        flag1
  D:0033H         PUBLIC        num
  C:01F6H         PUBLIC        _SPI_RW_Reg
  C:01CAH         PUBLIC        _SPI_RW
  B:0090H.2       PUBLIC        SCK
  B:0090H.1       PUBLIC        CSN
  D:0034H         PUBLIC        RX_BUF
  D:0044H         PUBLIC        k
  D:0045H         PUBLIC        TX_BUF
BL51 BANKED LINKER/LOCATER V5.03                                                      07/12/2012  10:48:29  PAGE 3


  B:0090H.5       PUBLIC        IRQ
  B:0020H.4       PUBLIC        MAX_RT
  C:0214H         PUBLIC        init_io
  C:008FH         PUBLIC        _TX_Mode
  B:00A0H.7       PUBLIC        key1
  -------         PROC          INIT_IO
  C:0214H         LINE#         156
  C:0214H         LINE#         157
  C:0214H         LINE#         158
  C:0216H         LINE#         159
  C:0218H         LINE#         160
  C:021AH         LINE#         161
  C:021CH         LINE#         163
  -------         ENDPROC       INIT_IO
  -------         PROC          _DELAY_MS
  D:0007H         SYMBOL        x
  -------         DO            
  D:0006H         SYMBOL        i
  D:0005H         SYMBOL        j
  -------         ENDDO         
  C:01E3H         LINE#         171
  C:01E3H         LINE#         172
  C:01E3H         LINE#         174
  C:01E5H         LINE#         175
  C:01EAH         LINE#         176
  C:01EAH         LINE#         177
  C:01ECH         LINE#         178
  C:01EEH         LINE#         179
  C:01F0H         LINE#         180
  C:01F2H         LINE#         181
  C:01F5H         LINE#         182
  -------         ENDPROC       _DELAY_MS
  -------         PROC          _SPI_RW
  D:0007H         SYMBOL        byte
  -------         DO            
  D:0006H         SYMBOL        i
  -------         ENDDO         
  C:01CAH         LINE#         192
  C:01CAH         LINE#         193
  C:01CAH         LINE#         195
  C:01CCH         LINE#         196
  C:01CCH         LINE#         197
  C:01D0H         LINE#         198
  C:01D4H         LINE#         199
  C:01D6H         LINE#         200
  C:01DCH         LINE#         201
  C:01DEH         LINE#         202
  C:01E2H         LINE#         203
  C:01E2H         LINE#         204
  -------         ENDPROC       _SPI_RW
  -------         PROC          _SPI_RW_REG
  D:0007H         SYMBOL        reg
  D:0005H         SYMBOL        value
  -------         DO            
  D:0004H         SYMBOL        status
  -------         ENDDO         
  C:01F6H         LINE#         213
BL51 BANKED LINKER/LOCATER V5.03                                                      07/12/2012  10:48:29  PAGE 4


  C:01F6H         LINE#         214
  C:01F6H         LINE#         216
  C:01F8H         LINE#         217
  C:01FDH         LINE#         218
  C:0202H         LINE#         219
  C:0204H         LINE#         220
  C:0206H         LINE#         221
  -------         ENDPROC       _SPI_RW_REG
  -------         PROC          _SPI_READ
  D:0007H         SYMBOL        reg
  -------         DO            
  D:0007H         SYMBOL        reg_val
  -------         ENDDO         
  C:0207H         LINE#         230
  C:0207H         LINE#         231
  C:0207H         LINE#         233
  C:0209H         LINE#         234
  C:020CH         LINE#         235
  C:0211H         LINE#         236
  C:0213H         LINE#         237
  C:0213H         LINE#         238
  -------         ENDPROC       _SPI_READ
  -------         PROC          _SPI_WRITE_BUF
  D:0007H         SYMBOL        reg
  D:000CH         SYMBOL        pBuf
  D:000FH         SYMBOL        bytes
  -------         DO            
  D:0005H         SYMBOL        status
  D:0004H         SYMBOL        i
  -------         ENDDO         
  C:0123H         LINE#         267
  C:0129H         LINE#         268
  C:0129H         LINE#         270
  C:012BH         LINE#         271
  C:0130H         LINE#         272
  C:0138H         LINE#         273
  C:014DH         LINE#         274
  C:014FH         LINE#         275
  C:0151H         LINE#         276
  -------         ENDPROC       _SPI_WRITE_BUF
  -------         PROC          _TX_MODE
  D:0008H         SYMBOL        BUF
  C:008FH         LINE#         307
  C:0095H         LINE#         308
  C:0095H         LINE#         309
  C:0097H         LINE#         310
  C:00A5H         LINE#         311
  C:00B3H         LINE#         312
  C:00C1H         LINE#         313
  C:00C8H         LINE#         314
  C:00CDH         LINE#         315
  C:00D4H         LINE#         316
  C:00DBH         LINE#         317
  C:00E2H         LINE#         318
  C:00E9H         LINE#         319
  C:00EBH         LINE#         320
  -------         ENDPROC       _TX_MODE
BL51 BANKED LINKER/LOCATER V5.03                                                      07/12/2012  10:48:29  PAGE 5


  -------         PROC          CHECKACK
  C:01A7H         LINE#         322
  C:01A7H         LINE#         323
  C:01A7H         LINE#         324
  C:01AEH         LINE#         325
  C:01B4H         LINE#         326
  C:01B4H         LINE#         327
  C:01BBH         LINE#         328
  C:01BDH         LINE#         329
  C:01C2H         LINE#         330
  C:01C4H         LINE#         331
  C:01C7H         LINE#         332
  C:01C7H         LINE#         334
  C:01C9H         LINE#         335
  -------         ENDPROC       CHECKACK
  -------         PROC          MAIN
  C:00ECH         LINE#         342
  C:00ECH         LINE#         343
  C:00ECH         LINE#         344
  C:00EFH         LINE#         347
  C:00EFH         LINE#         348
  C:00EFH         LINE#         349
  C:00F2H         LINE#         350
  C:00F2H         LINE#         351
  C:00F5H         LINE#         352
  C:010DH         LINE#         353
  C:010DH         LINE#         354
  C:0116H         LINE#         355
  C:011CH         LINE#         356
  C:0121H         LINE#         359
  -------         ENDPROC       MAIN
  -------         ENDMOD        SEND

  -------         MODULE        ?C?CLDOPTR
  C:0152H         PUBLIC        ?C?CLDOPTR
  -------         ENDMOD        ?C?CLDOPTR

Program Size: data=70.0 xdata=0 code=546
LINK/LOCATE RUN COMPLETE.  0 WARNING(S),  0 ERROR(S)
