C:/Users/roboter/Documents/GitHub/HardwareModules/STM32/STM32F429-Discovery/STM32F429I-Discovery_FW_V1.0.3/Libraries/STM32_USB_OTG_Driver/src/usb_core.c:168:13:USB_OTG_WritePacket	8	static
C:/Users/roboter/Documents/GitHub/HardwareModules/STM32/STM32F429-Discovery/STM32F429I-Discovery_FW_V1.0.3/Libraries/STM32_USB_OTG_Driver/src/usb_core.c:197:7:USB_OTG_ReadPacket	8	static
C:/Users/roboter/Documents/GitHub/HardwareModules/STM32/STM32F429-Discovery/STM32F429I-Discovery_FW_V1.0.3/Libraries/STM32_USB_OTG_Driver/src/usb_core.c:221:13:USB_OTG_SelectCore	16	static
C:/Users/roboter/Documents/GitHub/HardwareModules/STM32/STM32F429-Discovery/STM32F429I-Discovery_FW_V1.0.3/Libraries/STM32_USB_OTG_Driver/src/usb_core.c:323:13:USB_OTG_CoreInit	24	static
C:/Users/roboter/Documents/GitHub/HardwareModules/STM32/STM32F429-Discovery/STM32F429I-Discovery_FW_V1.0.3/Libraries/STM32_USB_OTG_Driver/src/usb_core.c:429:13:USB_OTG_EnableGlobalInt	0	static
C:/Users/roboter/Documents/GitHub/HardwareModules/STM32/STM32F429-Discovery/STM32F429I-Discovery_FW_V1.0.3/Libraries/STM32_USB_OTG_Driver/src/usb_core.c:447:13:USB_OTG_DisableGlobalInt	0	static
C:/Users/roboter/Documents/GitHub/HardwareModules/STM32/STM32F429-Discovery/STM32F429I-Discovery_FW_V1.0.3/Libraries/STM32_USB_OTG_Driver/src/usb_core.c:464:13:USB_OTG_FlushTxFifo	16	static
C:/Users/roboter/Documents/GitHub/HardwareModules/STM32/STM32F429-Discovery/STM32F429I-Discovery_FW_V1.0.3/Libraries/STM32_USB_OTG_Driver/src/usb_core.c:494:13:USB_OTG_FlushRxFifo	16	static
C:/Users/roboter/Documents/GitHub/HardwareModules/STM32/STM32F429-Discovery/STM32F429I-Discovery_FW_V1.0.3/Libraries/STM32_USB_OTG_Driver/src/usb_core.c:524:13:USB_OTG_SetCurrentMode	8	static
C:/Users/roboter/Documents/GitHub/HardwareModules/STM32/STM32F429-Discovery/STM32F429I-Discovery_FW_V1.0.3/Libraries/STM32_USB_OTG_Driver/src/usb_core.c:554:10:USB_OTG_GetMode	0	static
C:/Users/roboter/Documents/GitHub/HardwareModules/STM32/STM32F429-Discovery/STM32F429I-Discovery_FW_V1.0.3/Libraries/STM32_USB_OTG_Driver/src/usb_core.c:565:9:USB_OTG_IsDeviceMode	0	static
C:/Users/roboter/Documents/GitHub/HardwareModules/STM32/STM32F429-Discovery/STM32F429I-Discovery_FW_V1.0.3/Libraries/STM32_USB_OTG_Driver/src/usb_core.c:576:9:USB_OTG_IsHostMode	0	static
C:/Users/roboter/Documents/GitHub/HardwareModules/STM32/STM32F429-Discovery/STM32F429I-Discovery_FW_V1.0.3/Libraries/STM32_USB_OTG_Driver/src/usb_core.c:587:10:USB_OTG_ReadCoreItr	0	static
C:/Users/roboter/Documents/GitHub/HardwareModules/STM32/STM32F429-Discovery/STM32F429I-Discovery_FW_V1.0.3/Libraries/STM32_USB_OTG_Driver/src/usb_core.c:601:10:USB_OTG_ReadOtgItr	0	static
C:/Users/roboter/Documents/GitHub/HardwareModules/STM32/STM32F429-Discovery/STM32F429I-Discovery_FW_V1.0.3/Libraries/STM32_USB_OTG_Driver/src/usb_core.c:612:13:USB_OTG_CoreInitHost	24	static
C:/Users/roboter/Documents/GitHub/HardwareModules/STM32/STM32F429-Discovery/STM32F429I-Discovery_FW_V1.0.3/Libraries/STM32_USB_OTG_Driver/src/usb_core.c:716:9:USB_OTG_IsEvenFrame	0	static
C:/Users/roboter/Documents/GitHub/HardwareModules/STM32/STM32F429-Discovery/STM32F429I-Discovery_FW_V1.0.3/Libraries/STM32_USB_OTG_Driver/src/usb_core.c:727:6:USB_OTG_DriveVbus	16	static
C:/Users/roboter/Documents/GitHub/HardwareModules/STM32/STM32F429-Discovery/STM32F429I-Discovery_FW_V1.0.3/Libraries/STM32_USB_OTG_Driver/src/usb_core.c:756:13:USB_OTG_EnableHostInt	4	static
C:/Users/roboter/Documents/GitHub/HardwareModules/STM32/STM32F429-Discovery/STM32F429I-Discovery_FW_V1.0.3/Libraries/STM32_USB_OTG_Driver/src/usb_core.c:790:6:USB_OTG_InitFSLSPClkSel	0	static
C:/Users/roboter/Documents/GitHub/HardwareModules/STM32/STM32F429-Discovery/STM32F429I-Discovery_FW_V1.0.3/Libraries/STM32_USB_OTG_Driver/src/usb_core.c:805:10:USB_OTG_ReadHPRT0	0	static
C:/Users/roboter/Documents/GitHub/HardwareModules/STM32/STM32F429-Discovery/STM32F429I-Discovery_FW_V1.0.3/Libraries/STM32_USB_OTG_Driver/src/usb_core.c:823:10:USB_OTG_ReadHostAllChannels_intr	0	static
C:/Users/roboter/Documents/GitHub/HardwareModules/STM32/STM32F429-Discovery/STM32F429I-Discovery_FW_V1.0.3/Libraries/STM32_USB_OTG_Driver/src/usb_core.c:836:10:USB_OTG_ResetPort	16	static
C:/Users/roboter/Documents/GitHub/HardwareModules/STM32/STM32F429-Discovery/STM32F429I-Discovery_FW_V1.0.3/Libraries/STM32_USB_OTG_Driver/src/usb_core.c:857:13:USB_OTG_HC_Init	16	static
C:/Users/roboter/Documents/GitHub/HardwareModules/STM32/STM32F429-Discovery/STM32F429I-Discovery_FW_V1.0.3/Libraries/STM32_USB_OTG_Driver/src/usb_core.c:967:13:USB_OTG_HC_StartXfer	28	static
C:/Users/roboter/Documents/GitHub/HardwareModules/STM32/STM32F429-Discovery/STM32F429I-Discovery_FW_V1.0.3/Libraries/STM32_USB_OTG_Driver/src/usb_core.c:1084:13:USB_OTG_HC_Halt	0	static
C:/Users/roboter/Documents/GitHub/HardwareModules/STM32/STM32F429-Discovery/STM32F429I-Discovery_FW_V1.0.3/Libraries/STM32_USB_OTG_Driver/src/usb_core.c:1123:13:USB_OTG_HC_DoPing	0	static
C:/Users/roboter/Documents/GitHub/HardwareModules/STM32/STM32F429-Discovery/STM32F429I-Discovery_FW_V1.0.3/Libraries/STM32_USB_OTG_Driver/src/usb_core.c:1146:6:USB_OTG_StopHost	16	static
C:/Users/roboter/Documents/GitHub/HardwareModules/STM32/STM32F429-Discovery/STM32F429I-Discovery_FW_V1.0.3/Libraries/STM32_USB_OTG_Driver/src/usb_core.c:1178:6:USB_OTG_InitDevSpeed	0	static
C:/Users/roboter/Documents/GitHub/HardwareModules/STM32/STM32F429-Discovery/STM32F429I-Discovery_FW_V1.0.3/Libraries/STM32_USB_OTG_Driver/src/usb_core.c:1194:13:USB_OTG_CoreInitDev	24	static
C:/Users/roboter/Documents/GitHub/HardwareModules/STM32/STM32F429-Discovery/STM32F429I-Discovery_FW_V1.0.3/Libraries/STM32_USB_OTG_Driver/src/usb_core.c:1373:13:USB_OTG_EnableDevInt	4	static
C:/Users/roboter/Documents/GitHub/HardwareModules/STM32/STM32F429-Discovery/STM32F429I-Discovery_FW_V1.0.3/Libraries/STM32_USB_OTG_Driver/src/usb_core.c:1417:20:USB_OTG_GetDeviceSpeed	0	static
C:/Users/roboter/Documents/GitHub/HardwareModules/STM32/STM32F429-Discovery/STM32F429I-Discovery_FW_V1.0.3/Libraries/STM32_USB_OTG_Driver/src/usb_core.c:1448:14:USB_OTG_EP0Activate	0	static
C:/Users/roboter/Documents/GitHub/HardwareModules/STM32/STM32F429-Discovery/STM32F429I-Discovery_FW_V1.0.3/Libraries/STM32_USB_OTG_Driver/src/usb_core.c:1483:13:USB_OTG_EPActivate	8	static
C:/Users/roboter/Documents/GitHub/HardwareModules/STM32/STM32F429-Discovery/STM32F429I-Discovery_FW_V1.0.3/Libraries/STM32_USB_OTG_Driver/src/usb_core.c:1534:13:USB_OTG_EPDeactivate	0	static
C:/Users/roboter/Documents/GitHub/HardwareModules/STM32/STM32F429-Discovery/STM32F429I-Discovery_FW_V1.0.3/Libraries/STM32_USB_OTG_Driver/src/usb_core.c:1576:13:USB_OTG_EPStartXfer	28	static
C:/Users/roboter/Documents/GitHub/HardwareModules/STM32/STM32F429-Discovery/STM32F429I-Discovery_FW_V1.0.3/Libraries/STM32_USB_OTG_Driver/src/usb_core.c:1708:13:USB_OTG_EP0StartXfer	16	static
C:/Users/roboter/Documents/GitHub/HardwareModules/STM32/STM32F429-Discovery/STM32F429I-Discovery_FW_V1.0.3/Libraries/STM32_USB_OTG_Driver/src/usb_core.c:1809:13:USB_OTG_EPSetStall	0	static
C:/Users/roboter/Documents/GitHub/HardwareModules/STM32/STM32F429-Discovery/STM32F429I-Discovery_FW_V1.0.3/Libraries/STM32_USB_OTG_Driver/src/usb_core.c:1845:13:USB_OTG_EPClearStall	0	static
C:/Users/roboter/Documents/GitHub/HardwareModules/STM32/STM32F429-Discovery/STM32F429I-Discovery_FW_V1.0.3/Libraries/STM32_USB_OTG_Driver/src/usb_core.c:1878:10:USB_OTG_ReadDevAllOutEp_itr	0	static
C:/Users/roboter/Documents/GitHub/HardwareModules/STM32/STM32F429-Discovery/STM32F429I-Discovery_FW_V1.0.3/Libraries/STM32_USB_OTG_Driver/src/usb_core.c:1893:10:USB_OTG_ReadDevOutEP_itr	0	static
C:/Users/roboter/Documents/GitHub/HardwareModules/STM32/STM32F429-Discovery/STM32F429I-Discovery_FW_V1.0.3/Libraries/STM32_USB_OTG_Driver/src/usb_core.c:1907:10:USB_OTG_ReadDevAllInEPItr	0	static
C:/Users/roboter/Documents/GitHub/HardwareModules/STM32/STM32F429-Discovery/STM32F429I-Discovery_FW_V1.0.3/Libraries/STM32_USB_OTG_Driver/src/usb_core.c:1920:6:USB_OTG_EP0_OutStart	0	static
C:/Users/roboter/Documents/GitHub/HardwareModules/STM32/STM32F429-Discovery/STM32F429I-Discovery_FW_V1.0.3/Libraries/STM32_USB_OTG_Driver/src/usb_core.c:1949:6:USB_OTG_ActiveRemoteWakeup	8	static
C:/Users/roboter/Documents/GitHub/HardwareModules/STM32/STM32F429-Discovery/STM32F429I-Discovery_FW_V1.0.3/Libraries/STM32_USB_OTG_Driver/src/usb_core.c:1985:6:USB_OTG_UngateClock	0	static
C:/Users/roboter/Documents/GitHub/HardwareModules/STM32/STM32F429-Discovery/STM32F429I-Discovery_FW_V1.0.3/Libraries/STM32_USB_OTG_Driver/src/usb_core.c:2012:6:USB_OTG_StopDevice	16	static
C:/Users/roboter/Documents/GitHub/HardwareModules/STM32/STM32F429-Discovery/STM32F429I-Discovery_FW_V1.0.3/Libraries/STM32_USB_OTG_Driver/src/usb_core.c:2041:10:USB_OTG_GetEPStatus	0	static
C:/Users/roboter/Documents/GitHub/HardwareModules/STM32/STM32F429-Discovery/STM32F429I-Discovery_FW_V1.0.3/Libraries/STM32_USB_OTG_Driver/src/usb_core.c:2084:6:USB_OTG_SetEPStatus	8	static
