C:/Users/roboter/Documents/GitHub/HardwareModules/STM32/STM32F429-Discovery/STM32F429I-Discovery_FW_V1.0.3/Libraries/STM32_USB_OTG_Driver/src/usb_dcd.c:91:6:DCD_Init	8	static
C:/Users/roboter/Documents/GitHub/HardwareModules/STM32/STM32F429-Discovery/STM32F429I-Discovery_FW_V1.0.3/Libraries/STM32_USB_OTG_Driver/src/usb_dcd.c:155:10:DCD_EP_Open	8	static
C:/Users/roboter/Documents/GitHub/HardwareModules/STM32/STM32F429-Discovery/STM32F429I-Discovery_FW_V1.0.3/Libraries/STM32_USB_OTG_Driver/src/usb_dcd.c:194:10:DCD_EP_Close	8	static
C:/Users/roboter/Documents/GitHub/HardwareModules/STM32/STM32F429-Discovery/STM32F429I-Discovery_FW_V1.0.3/Libraries/STM32_USB_OTG_Driver/src/usb_dcd.c:221:12:DCD_EP_PrepareRx	8	static
C:/Users/roboter/Documents/GitHub/HardwareModules/STM32/STM32F429-Discovery/STM32F429I-Discovery_FW_V1.0.3/Libraries/STM32_USB_OTG_Driver/src/usb_dcd.c:261:11:DCD_EP_Tx	8	static
C:/Users/roboter/Documents/GitHub/HardwareModules/STM32/STM32F429-Discovery/STM32F429I-Discovery_FW_V1.0.3/Libraries/STM32_USB_OTG_Driver/src/usb_dcd.c:296:11:DCD_EP_Stall	8	static
C:/Users/roboter/Documents/GitHub/HardwareModules/STM32/STM32F429-Discovery/STM32F429I-Discovery_FW_V1.0.3/Libraries/STM32_USB_OTG_Driver/src/usb_dcd.c:323:11:DCD_EP_ClrStall	8	static
C:/Users/roboter/Documents/GitHub/HardwareModules/STM32/STM32F429-Discovery/STM32F429I-Discovery_FW_V1.0.3/Libraries/STM32_USB_OTG_Driver/src/usb_dcd.c:350:11:DCD_EP_Flush	8	static
C:/Users/roboter/Documents/GitHub/HardwareModules/STM32/STM32F429-Discovery/STM32F429I-Discovery_FW_V1.0.3/Libraries/STM32_USB_OTG_Driver/src/usb_dcd.c:372:7:DCD_EP_SetAddress	0	static
C:/Users/roboter/Documents/GitHub/HardwareModules/STM32/STM32F429-Discovery/STM32F429I-Discovery_FW_V1.0.3/Libraries/STM32_USB_OTG_Driver/src/usb_dcd.c:385:7:DCD_DevConnect	0	static
C:/Users/roboter/Documents/GitHub/HardwareModules/STM32/STM32F429-Discovery/STM32F429I-Discovery_FW_V1.0.3/Libraries/STM32_USB_OTG_Driver/src/usb_dcd.c:403:7:DCD_DevDisconnect	0	static
C:/Users/roboter/Documents/GitHub/HardwareModules/STM32/STM32F429-Discovery/STM32F429I-Discovery_FW_V1.0.3/Libraries/STM32_USB_OTG_Driver/src/usb_dcd.c:423:10:DCD_GetEPStatus	0	static
C:/Users/roboter/Documents/GitHub/HardwareModules/STM32/STM32F429-Discovery/STM32F429I-Discovery_FW_V1.0.3/Libraries/STM32_USB_OTG_Driver/src/usb_dcd.c:450:6:DCD_SetEPStatus	0	static
